Running Reinvestment arm...

=== Reinvestment Arm: A1N (AllGrid, depth 3) ===
  method             = AllGrid
  depth              = 3
  playouts (P)       = 800
  rollouts/visit (R) = 10
  retention_rate     = 0.2
  ucb_c              = 1.41
  epsilon            = 0.3
  risk_lambda        = 0  (ClusterValue 系以外では無効)
  noisy_tree         = true
  n_states           = 500
  num_threads        = 24
  seed               = 42
  start_index        = 0
  max_positions      = 200
  load_positions_dir = test_positions500
  output_dir         = reinvest_experiment/sweepN/P800/A1N/seed_42
  [loader] 1 batch files in test_positions500
  [loader] loaded 500 positions
  Sampled 500 / 500 positions (seed=42)
  Sliced to [0, 200) = 200 positions
Finding Shot...
Finding Shot...
Finding Shot...
Finding Shot...
Finding Shot...
Finding Shot...
Finding Shot...
Finding Shot...
Finding Shot...
Finding Shot...
Finding Shot...
Finding Shot...
Finding Shot...
Finding Shot...
Finding Shot...
Finding Shot...
Finding Shot...
Finding Shot...
Finding Shot...
Finding Shot...
Finding Shot...
Finding Shot...
Finding Shot...
Finding Shot...
Finding Shot...
Finding Shot...
Finding Shot...
Finding Shot...
Finding Shot...
Finding Shot...
Finding Shot...
Finding Shot...
Finding Shot...
Finding Shot...
Finding Shot...
Finding Shot...
Finding Shot...
Finding Shot...
Finding Shot...
Finding Shot...
Finding Shot...
Finding Shot...
Finding Shot...
Finding Shot...
Finding Shot...
Finding Shot...
Finding Shot...
Finding Shot...
Finding Shot...
Finding Shot...
Finding Shot...
Finding Shot...
Finding Shot...
Finding Shot...
Finding Shot...
Finding Shot...
Finding Shot...
Finding Shot...
Finding Shot...
Finding Shot...
Finding Shot...
Finding Shot...
Finding Shot...
Finding Shot...
Finding Shot...
Finding Shot...
Finding Shot...
Finding Shot...
Finding Shot...
Finding Shot...
Finding Shot...
Finding Shot...
Finding Shot...
Finding Shot...
Finding Shot...
Finding Shot...
Finding Shot...
Finding Shot...
Finding Shot...
Finding Shot...
Finding Shot...
Finding Shot...
Finding Shot...
Finding Shot...
Finding Shot...
Finding Shot...
Finding Shot...
Finding Shot...
Finding Shot...
Finding Shot...
Finding Shot...
Finding Shot...
Finding Shot...
Finding Shot...
Finding Shot...
Finding Shot...
Finding Shot...
Finding Shot...
Finding Shot...
Finding Shot...
Finding Shot...
Finding Shot...
Finding Shot...
Finding Shot...
Finding Shot...
Finding Shot...
Finding Shot...
Finding Shot...
Finding Shot...
Finding Shot...
Finding Shot...
Finding Shot...
Finding Shot...
Finding Shot...
Finding Shot...
Finding Shot...
Finding Shot...
Finding Shot...
Finding Shot...
Finding Shot...
Finding Shot...
Finding Shot...
Finding Shot...
Finding Shot...
Finding Shot...
Finding Shot...
Finding Shot...
Finding Shot...
Finding Shot...
Finding Shot...
Finding Shot...
Finding Shot...
Finding Shot...
Finding Shot...
Finding Shot...
Finding Shot...
Finding Shot...
Finding Shot...
Finding Shot...
Finding Shot...
Finding Shot...
Finding Shot...
Finding Shot...
Finding Shot...
Finding Shot...
Finding Shot...
Finding Shot...
Finding Shot...
Finding Shot...
Finding Shot...
Finding Shot...
Finding Shot...
Finding Shot...
Finding Shot...
Finding Shot...
Finding Shot...
Finding Shot...
Finding Shot...
Finding Shot...
Finding Shot...
Finding Shot...
Finding Shot...
Finding Shot...
Finding Shot...
Finding Shot...
Finding Shot...
Finding Shot...
Finding Shot...
Finding Shot...
Finding Shot...
Finding Shot...
Finding Shot...
Finding Shot...
Finding Shot...
Finding Shot...
Finding Shot...
Finding Shot...
Finding Shot...
Finding Shot...
Finding Shot...
Finding Shot...
Finding Shot...
Finding Shot...
Finding Shot...
Finding Shot...
[start 1/200] thread=15 global_idx=0 (g=7977,e=6,s=14) elapsed=1.2s
[start 2/200] thread=12 global_idx=1 (g=3926,e=6,s=11) elapsed=1.2s
Finding Shot...
Finding Shot...
Finding Shot...
Finding Shot...
[start 3/200] thread=16 global_idx=2 (g=3883,e=1,s=14) elapsed=1.2s
Finding Shot...
Finding Shot...
Finding Shot...
Finding Shot...
Finding Shot...
Finding Shot...
Finding Shot...
Finding Shot...
Finding Shot...
Finding Shot...
Finding Shot...
Finding Shot...
Finding Shot...
Finding Shot...
Finding Shot...
Finding Shot...
Finding Shot...
Finding Shot...
Finding Shot...
Finding Shot...
Finding Shot...
Finding Shot...
Finding Shot...
Finding Shot...
Finding Shot...
Finding Shot...
Finding Shot...
Finding Shot...
Finding Shot...
Finding Shot...
Finding Shot...
Finding Shot...
Finding Shot...
Finding Shot...
Finding Shot...
Finding Shot...
Finding Shot...
Finding Shot...
Finding Shot...
Finding Shot...
Finding Shot...
Finding Shot...
Finding Shot...
Finding Shot...
Finding Shot...
Finding Shot...
Finding Shot...
Finding Shot...
Finding Shot...
Finding Shot...
Finding Shot...
Finding Shot...
Finding Shot...
Finding Shot...
Finding Shot...
Finding Shot...
Finding Shot...
Finding Shot...
Finding Shot...
Finding Shot...
Finding Shot...
Finding Shot...
Finding Shot...
Finding Shot...
Finding Shot...
Finding Shot...
Finding Shot...
Finding Shot...
Finding Shot...
Finding Shot...
Finding Shot...
Finding Shot...
Finding Shot...
Finding Shot...
Finding Shot...
Finding Shot...
Finding Shot...
Finding Shot...
Finding Shot...
Finding Shot...
Finding Shot...
Finding Shot...
Finding Shot...
Finding Shot...
Finding Shot...
Finding Shot...
Finding Shot...
Finding Shot...
Finding Shot...
Finding Shot...
Finding Shot...
Finding Shot...
Finding Shot...
Finding Shot...
Finding Shot...
Finding Shot...
Finding Shot...
Finding Shot...
Finding Shot...
Finding Shot...
Finding Shot...
Finding Shot...
Finding Shot...
Finding Shot...
Finding Shot...
Finding Shot...
Finding Shot...
Finding Shot...
Finding Shot...
Finding Shot...
Finding Shot...
Finding Shot...
Finding Shot...
Finding Shot...
Finding Shot...
Finding Shot...
Finding Shot...
Finding Shot...
Finding Shot...
Finding Shot...
Finding Shot...
Finding Shot...
Finding Shot...
Finding Shot...
Finding Shot...
Finding Shot...
Finding Shot...
Finding Shot...
Finding Shot...
Finding Shot...
Finding Shot...
Finding Shot...
Finding Shot...
Finding Shot...
Finding Shot...
Finding Shot...
Finding Shot...
Finding Shot...
Finding Shot...
Finding Shot...
Finding Shot...
Finding Shot...
Finding Shot...
Finding Shot...
Finding Shot...
Finding Shot...
Finding Shot...
Finding Shot...
Finding Shot...
Finding Shot...
Finding Shot...
Finding Shot...
Finding Shot...
Finding Shot...
Finding Shot...
Finding Shot...
Finding Shot...
Finding Shot...
Finding Shot...
Finding Shot...
Finding Shot...
Finding Shot...
Finding Shot...
Finding Shot...
Finding Shot...
Finding Shot...
Finding Shot...
Finding Shot...
Finding Shot...
Finding Shot...
Finding Shot...
Finding Shot...
Finding Shot...
Finding Shot...
Finding Shot...
Finding Shot...
Finding Shot...
Finding Shot...
Finding Shot...
Finding Shot...
Finding Shot...
Finding Shot...
Finding Shot...
Finding Shot...
Finding Shot...
[start 4/200] thread=3 global_idx=3 (g=9222,e=7,s=5) elapsed=1.5s
Finding Shot...
[start 5/200] thread=10 global_idx=4 (g=7881,e=2,s=15) elapsed=1.5s
Finding Shot...
Finding Shot...
Finding Shot...
Finding Shot...
Finding Shot...
Finding Shot...
Finding Shot...
Finding Shot...
Finding Shot...
[start 6/200] thread=2 global_idx=5 (g=6406,e=1,s=10) elapsed=1.6s
[start 7/200] thread=8 global_idx=6 (g=8452,e=5,s=15) elapsed=1.6s
[start 8/200] thread=23 global_idx=7 (g=1028,e=6,s=15) elapsed=1.6s
[start 9/200] thread=14 global_idx=8 (g=2596,e=1,s=14) elapsed=1.6s
[start 10/200] thread=19 global_idx=9 (g=4748,e=1,s=3) elapsed=1.6s
[start 11/200] thread=18 global_idx=10 (g=9206,e=3,s=13) elapsed=1.6s
[start 12/200] thread=6 global_idx=11 (g=5859,e=1,s=6) elapsed=1.6s
[start 13/200] thread=20 global_idx=12 (g=6871,e=4,s=5) elapsed=1.6s
[start 14/200] thread=17 global_idx=13 (g=7163,e=3,s=13) elapsed=1.6s
[start 15/200] thread=5 global_idx=14 (g=5807,e=0,s=8) elapsed=1.6s
[start 16/200] thread=22 global_idx=15 (g=5567,e=2,s=15) elapsed=1.6s
[start 17/200] thread=1 global_idx=16 (g=2507,e=3,s=11) elapsed=1.6s
[start 18/200] thread=0 global_idx=17 (g=7006,e=3,s=15) elapsed=1.6s
[start 19/200] thread=4 global_idx=18 (g=1984,e=6,s=4) elapsed=1.6s
[start 20/200] thread=21 global_idx=19 (g=1845,e=7,s=14) elapsed=1.6s
[start 21/200] thread=9 global_idx=20 (g=5780,e=2,s=6) elapsed=1.6s
[start 22/200] thread=7 global_idx=21 (g=8645,e=7,s=5) elapsed=1.6s
[start 23/200] thread=11 global_idx=22 (g=6132,e=0,s=13) elapsed=1.6s
[start 24/200] thread=13 global_idx=23 (g=3339,e=4,s=10) elapsed=1.6s
[done 1/200] thread=10 global_idx=4 (g=7881,e=2,s=15) state_time=48.5s best_idx=86 sims=929 N=129 K=129 eta=9952.5s
[start 25/200] thread=10 global_idx=24 (g=3566,e=6,s=14) elapsed=50.0s
[done 2/200] thread=22 global_idx=15 (g=5567,e=2,s=15) state_time=57.7s best_idx=6 sims=929 N=129 K=129 eta=5865.9s
[start 26/200] thread=22 global_idx=25 (g=5523,e=3,s=9) elapsed=59.3s
[done 3/200] thread=23 global_idx=7 (g=1028,e=6,s=15) state_time=62.3s best_idx=0 sims=951 N=151 K=151 eta=4192.4s
[start 27/200] thread=23 global_idx=26 (g=7015,e=5,s=14) elapsed=63.8s
[done 4/200] thread=8 global_idx=6 (g=8452,e=5,s=15) state_time=64.8s best_idx=87 sims=953 N=153 K=153 eta=3252.0s
[start 28/200] thread=8 global_idx=27 (g=743,e=7,s=3) elapsed=66.4s
[done 5/200] thread=0 global_idx=17 (g=7006,e=3,s=15) state_time=67.5s best_idx=49 sims=945 N=145 K=145 eta=2693.7s
[start 29/200] thread=0 global_idx=28 (g=1014,e=4,s=15) elapsed=69.1s
[done 6/200] thread=0 global_idx=28 (g=1014,e=4,s=15) state_time=43.1s best_idx=10 sims=861 N=61 K=61 eta=3625.4s
[start 30/200] thread=0 global_idx=29 (g=3900,e=0,s=10) elapsed=112.1s
[done 7/200] thread=16 global_idx=2 (g=3883,e=1,s=14) state_time=127.6s best_idx=0 sims=2614 N=37 K=37 eta=3550.8s
[start 31/200] thread=16 global_idx=30 (g=4543,e=6,s=5) elapsed=128.8s
[done 8/200] thread=21 global_idx=19 (g=1845,e=7,s=14) state_time=325.7s best_idx=44 sims=4535 N=55 K=55 eta=7855.2s
[start 32/200] thread=21 global_idx=31 (g=9231,e=5,s=14) elapsed=327.3s
[done 9/200] thread=21 global_idx=31 (g=9231,e=5,s=14) state_time=823.8s best_idx=47 sims=9337 N=101 K=101 eta=24429.3s
[start 33/200] thread=21 global_idx=32 (g=1825,e=5,s=7) elapsed=1151.1s
[done 10/200] thread=10 global_idx=24 (g=3566,e=6,s=14) state_time=1567.9s best_idx=67 sims=15124 N=129 K=129 eta=30741.1s
[start 34/200] thread=10 global_idx=33 (g=4062,e=4,s=15) elapsed=1618.0s
[done 11/200] thread=10 global_idx=33 (g=4062,e=4,s=15) state_time=45.2s best_idx=49 sims=917 N=117 K=117 eta=28575.7s
[start 35/200] thread=10 global_idx=34 (g=9882,e=2,s=11) elapsed=1663.1s
[done 12/200] thread=15 global_idx=0 (g=7977,e=6,s=14) state_time=1960.7s best_idx=98 sims=19186 N=145 K=145 eta=30737.2s
[start 36/200] thread=15 global_idx=35 (g=2998,e=6,s=14) elapsed=1961.9s
[done 13/200] thread=14 global_idx=8 (g=2596,e=1,s=14) state_time=2018.2s best_idx=45 sims=19020 N=145 K=145 eta=29053.1s
[start 37/200] thread=14 global_idx=36 (g=1555,e=2,s=3) elapsed=2019.7s
[done 14/200] thread=23 global_idx=26 (g=7015,e=5,s=14) state_time=2065.6s best_idx=11 sims=19176 N=145 K=145 eta=28291.5s
[start 38/200] thread=23 global_idx=37 (g=4372,e=4,s=14) elapsed=2129.5s
[done 15/200] thread=18 global_idx=10 (g=9206,e=3,s=13) state_time=2255.6s best_idx=35 sims=27860 N=49 K=49 eta=27838.0s
[start 39/200] thread=18 global_idx=38 (g=3732,e=7,s=7) elapsed=2257.1s
[done 16/200] thread=23 global_idx=37 (g=4372,e=4,s=14) state_time=248.8s best_idx=1 sims=3776 N=49 K=49 eta=27350.5s
[start 40/200] thread=23 global_idx=39 (g=3858,e=5,s=5) elapsed=2378.3s
[done 17/200] thread=15 global_idx=35 (g=2998,e=6,s=14) state_time=2066.4s best_idx=38 sims=18852 N=145 K=145 eta=43363.8s
[start 41/200] thread=15 global_idx=40 (g=1938,e=0,s=14) elapsed=4028.3s
[done 18/200] thread=15 global_idx=40 (g=1938,e=0,s=14) state_time=823.7s best_idx=36 sims=8996 N=93 K=93 eta=49059.1s
[start 42/200] thread=15 global_idx=41 (g=9112,e=3,s=9) elapsed=4852.0s
[done 19/200] thread=17 global_idx=13 (g=7163,e=3,s=13) state_time=5217.8s best_idx=3 sims=56869 N=85 K=85 eta=49721.0s
[start 43/200] thread=17 global_idx=42 (g=4157,e=3,s=12) elapsed=5219.3s
[done 20/200] thread=11 global_idx=22 (g=6132,e=0,s=13) state_time=7011.7s best_idx=77 sims=74257 N=87 K=87 eta=63119.7s
[start 44/200] thread=11 global_idx=43 (g=7373,e=1,s=11) elapsed=7013.3s
[done 21/200] thread=1 global_idx=16 (g=2507,e=3,s=11) state_time=12156.4s best_idx=40 sims=175922 N=107 K=107 eta=103632.6s
[start 45/200] thread=1 global_idx=44 (g=7173,e=4,s=15) elapsed=12158.0s
[done 22/200] thread=1 global_idx=44 (g=7173,e=4,s=15) state_time=69.8s best_idx=4 sims=951 N=151 K=151 eta=98934.0s
[start 46/200] thread=1 global_idx=45 (g=196,e=4,s=4) elapsed=12227.8s
[done 23/200] thread=2 global_idx=5 (g=6406,e=1,s=10) state_time=12298.6s best_idx=6 sims=224872 N=59 K=59 eta=94658.0s
[start 47/200] thread=2 global_idx=46 (g=2630,e=2,s=14) elapsed=12300.2s
[done 24/200] thread=0 global_idx=29 (g=3900,e=0,s=10) state_time=12386.5s best_idx=40 sims=222670 N=55 K=55 eta=91656.9s
[start 48/200] thread=0 global_idx=47 (g=5731,e=2,s=10) elapsed=12498.7s
[done 25/200] thread=2 global_idx=46 (g=2630,e=2,s=14) state_time=324.8s best_idx=6 sims=4789 N=59 K=59 eta=88375.2s
[start 49/200] thread=2 global_idx=48 (g=9518,e=4,s=5) elapsed=12625.0s
[done 26/200] thread=13 global_idx=23 (g=3339,e=4,s=10) state_time=14115.5s best_idx=42 sims=236204 N=71 K=71 eta=94475.6s
[start 50/200] thread=13 global_idx=49 (g=8211,e=7,s=12) elapsed=14117.0s
[done 27/200] thread=10 global_idx=34 (g=9882,e=2,s=11) state_time=13400.2s best_idx=48 sims=185474 N=109 K=109 eta=96516.7s
[start 51/200] thread=10 global_idx=50 (g=5392,e=3,s=13) elapsed=15063.3s
[done 28/200] thread=17 global_idx=42 (g=4157,e=3,s=12) state_time=10645.9s best_idx=38 sims=129550 N=107 K=107 eta=97457.6s
[start 52/200] thread=17 global_idx=51 (g=4262,e=4,s=2) elapsed=15865.2s
[done 29/200] thread=12 global_idx=1 (g=3926,e=6,s=11) state_time=17284.0s best_idx=65 sims=210935 N=123 K=123 eta=101923.0s
[start 53/200] thread=12 global_idx=52 (g=6230,e=1,s=12) elapsed=17285.2s
[done 30/200] thread=5 global_idx=14 (g=5807,e=0,s=8) state_time=18992.3s best_idx=70 sims=366115 N=81 K=81 eta=107632.0s
[start 54/200] thread=5 global_idx=53 (g=3543,e=4,s=7) elapsed=18993.9s
[done 31/200] thread=22 global_idx=25 (g=5523,e=3,s=9) state_time=20397.1s best_idx=55 sims=301547 N=103 K=103 eta=111520.0s
[start 55/200] thread=22 global_idx=54 (g=1784,e=6,s=5) elapsed=20456.3s
[done 32/200] thread=0 global_idx=47 (g=5731,e=2,s=10) state_time=8639.2s best_idx=8 sims=203876 N=43 K=43 eta=110973.9s
[start 56/200] thread=0 global_idx=55 (g=4905,e=4,s=14) elapsed=21137.9s
[done 33/200] thread=11 global_idx=43 (g=7373,e=1,s=11) state_time=14343.5s best_idx=11 sims=192733 N=103 K=103 eta=108078.4s
[start 57/200] thread=11 global_idx=56 (g=3837,e=2,s=10) elapsed=21356.8s
[done 34/200] thread=0 global_idx=55 (g=4905,e=4,s=14) state_time=621.7s best_idx=37 sims=9647 N=101 K=101 eta=106237.9s
[start 58/200] thread=0 global_idx=57 (g=2854,e=0,s=15) elapsed=21759.6s
[done 35/200] thread=15 global_idx=41 (g=9112,e=3,s=9) state_time=16944.2s best_idx=37 sims=282604 N=75 K=75 eta=102753.4s
[start 59/200] thread=15 global_idx=58 (g=1221,e=1,s=10) elapsed=21796.2s
[done 36/200] thread=0 global_idx=57 (g=2854,e=0,s=15) state_time=36.6s best_idx=58 sims=903 N=103 K=103 eta=99293.9s
[start 60/200] thread=0 global_idx=59 (g=7301,e=6,s=14) elapsed=21796.2s
[done 37/200] thread=18 global_idx=38 (g=3732,e=7,s=7) state_time=19560.1s best_idx=17 sims=378163 N=49 K=49 eta=96113.9s
[start 61/200] thread=18 global_idx=60 (g=5248,e=0,s=3) elapsed=21817.3s
[done 38/200] thread=13 global_idx=49 (g=8211,e=7,s=12) state_time=8733.2s best_idx=2 sims=121860 N=79 K=79 eta=97414.4s
[start 62/200] thread=13 global_idx=61 (g=2545,e=3,s=15) elapsed=22850.3s
[done 39/200] thread=12 global_idx=52 (g=6230,e=1,s=12) state_time=5598.4s best_idx=35 sims=90975 N=49 K=49 eta=94468.2s
[start 63/200] thread=12 global_idx=62 (g=6335,e=1,s=11) elapsed=22883.6s
[done 40/200] thread=13 global_idx=61 (g=2545,e=3,s=15) state_time=39.2s best_idx=0 sims=861 N=61 K=61 eta=91557.9s
[start 64/200] thread=13 global_idx=63 (g=8275,e=4,s=5) elapsed=22889.5s
[done 41/200] thread=0 global_idx=59 (g=7301,e=6,s=14) state_time=1549.5s best_idx=3 sims=18690 N=145 K=145 eta=90535.8s
[start 65/200] thread=0 global_idx=64 (g=963,e=5,s=13) elapsed=23345.7s
[done 42/200] thread=9 global_idx=20 (g=5780,e=2,s=6) state_time=24152.3s best_idx=45 sims=445521 N=49 K=49 eta=90864.5s
[start 66/200] thread=9 global_idx=65 (g=176,e=5,s=11) elapsed=24153.8s
[done 43/200] thread=3 global_idx=3 (g=9222,e=7,s=5) state_time=24525.3s best_idx=8 sims=491557 N=37 K=37 eta=89551.5s
[start 67/200] thread=3 global_idx=66 (g=2199,e=1,s=13) elapsed=24526.9s
[done 44/200] thread=6 global_idx=11 (g=5859,e=1,s=6) state_time=24601.6s best_idx=32 sims=461152 N=65 K=65 eta=87229.6s
[start 68/200] thread=6 global_idx=67 (g=8298,e=3,s=11) elapsed=24603.2s
[done 45/200] thread=10 global_idx=50 (g=5392,e=3,s=13) state_time=10103.1s best_idx=87 sims=97226 N=135 K=135 eta=86684.2s
[start 69/200] thread=10 global_idx=68 (g=6729,e=2,s=14) elapsed=25166.4s
[done 46/200] thread=21 global_idx=32 (g=1825,e=5,s=7) state_time=24322.8s best_idx=53 sims=407952 N=77 K=77 eta=85282.4s
[start 70/200] thread=21 global_idx=69 (g=8119,e=5,s=4) elapsed=25474.0s
[done 47/200] thread=19 global_idx=9 (g=4748,e=1,s=3) state_time=26264.1s best_idx=35 sims=619852 N=49 K=49 eta=85503.2s
[start 71/200] thread=19 global_idx=70 (g=8189,e=0,s=14) elapsed=26265.7s
[done 48/200] thread=19 global_idx=70 (g=8189,e=0,s=14) state_time=251.4s best_idx=35 sims=4738 N=55 K=55 eta=83970.8s
[start 72/200] thread=19 global_idx=71 (g=9791,e=0,s=8) elapsed=26517.1s
[done 49/200] thread=10 global_idx=68 (g=6729,e=2,s=14) state_time=1672.3s best_idx=6 sims=16543 N=135 K=135 eta=82707.1s
[start 73/200] thread=10 global_idx=72 (g=5487,e=5,s=5) elapsed=26838.7s
[done 50/200] thread=16 global_idx=30 (g=4543,e=6,s=5) state_time=27286.9s best_idx=37 sims=520571 N=71 K=71 eta=82247.0s
[start 74/200] thread=16 global_idx=73 (g=4950,e=0,s=15) elapsed=27415.7s
[done 51/200] thread=16 global_idx=73 (g=4950,e=0,s=15) state_time=22.4s best_idx=46 sims=871 N=71 K=71 eta=80162.1s
[start 75/200] thread=16 global_idx=74 (g=9143,e=3,s=7) elapsed=27438.0s
[done 52/200] thread=0 global_idx=64 (g=963,e=5,s=13) state_time=5189.5s best_idx=32 sims=71376 N=89 K=89 eta=81215.6s
[start 76/200] thread=0 global_idx=75 (g=4517,e=4,s=13) elapsed=28535.2s
[done 53/200] thread=20 global_idx=12 (g=6871,e=4,s=5) state_time=29392.6s best_idx=55 sims=518497 N=71 K=71 eta=81527.1s
[start 77/200] thread=20 global_idx=76 (g=2994,e=5,s=10) elapsed=29394.1s
[done 54/200] thread=7 global_idx=21 (g=8645,e=7,s=5) state_time=30664.8s best_idx=43 sims=521245 N=71 K=71 eta=82912.9s
[start 78/200] thread=7 global_idx=77 (g=961,e=6,s=13) elapsed=30666.4s
[done 55/200] thread=12 global_idx=62 (g=6335,e=1,s=11) state_time=8256.8s best_idx=34 sims=145548 N=53 K=53 eta=82097.4s
[start 79/200] thread=12 global_idx=78 (g=1566,e=1,s=3) elapsed=31140.4s
[done 56/200] thread=4 global_idx=18 (g=1984,e=6,s=4) state_time=31592.4s best_idx=33 sims=570121 N=59 K=59 eta=81241.7s
[start 80/200] thread=4 global_idx=79 (g=1686,e=6,s=15) elapsed=31594.0s
[done 57/200] thread=4 global_idx=79 (g=1686,e=6,s=15) state_time=35.6s best_idx=0 sims=849 N=49 K=49 eta=79351.4s
[start 81/200] thread=4 global_idx=80 (g=1201,e=0,s=6) elapsed=31629.6s
[done 58/200] thread=3 global_idx=66 (g=2199,e=1,s=13) state_time=9120.2s best_idx=25 sims=98133 N=119 K=119 eta=82377.2s
[start 82/200] thread=3 global_idx=81 (g=5494,e=4,s=5) elapsed=33647.0s
[done 59/200] thread=8 global_idx=27 (g=743,e=7,s=3) state_time=33939.2s best_idx=21 sims=621241 N=55 K=55 eta=81267.5s
[start 83/200] thread=8 global_idx=82 (g=2492,e=4,s=15) elapsed=34005.5s
[done 60/200] thread=8 global_idx=82 (g=2492,e=4,s=15) state_time=43.7s best_idx=42 sims=875 N=75 K=75 eta=79448.2s
[start 84/200] thread=8 global_idx=83 (g=8959,e=1,s=11) elapsed=34049.2s
[done 61/200] thread=23 global_idx=39 (g=3858,e=5,s=5) state_time=31705.6s best_idx=1 sims=527625 N=75 K=75 eta=77666.7s
[start 85/200] thread=23 global_idx=84 (g=1671,e=0,s=15) elapsed=34083.9s
[done 62/200] thread=23 global_idx=84 (g=1671,e=0,s=15) state_time=47.8s best_idx=79 sims=917 N=117 K=117 eta=75970.6s
[start 86/200] thread=23 global_idx=85 (g=1385,e=7,s=11) elapsed=34131.7s
[done 63/200] thread=14 global_idx=36 (g=1555,e=2,s=3) state_time=33264.1s best_idx=21 sims=627867 N=55 K=55 eta=76728.4s
[start 87/200] thread=14 global_idx=86 (g=6872,e=1,s=14) elapsed=35283.9s
[done 64/200] thread=11 global_idx=56 (g=3837,e=2,s=10) state_time=14515.0s best_idx=39 sims=232041 N=71 K=71 eta=76227.7s
[start 88/200] thread=11 global_idx=87 (g=8785,e=1,s=4) elapsed=35871.9s
[done 65/200] thread=14 global_idx=86 (g=6872,e=1,s=14) state_time=1858.4s best_idx=84 sims=17313 N=135 K=135 eta=77141.6s
[start 89/200] thread=14 global_idx=88 (g=1835,e=0,s=15) elapsed=37142.3s
[done 66/200] thread=14 global_idx=88 (g=1835,e=0,s=15) state_time=27.8s best_idx=58 sims=869 N=69 K=69 eta=75466.6s
[start 90/200] thread=14 global_idx=89 (g=6216,e=7,s=8) elapsed=37170.1s
[done 67/200] thread=6 global_idx=67 (g=8298,e=3,s=11) state_time=12619.8s best_idx=36 sims=198845 N=119 K=119 eta=73890.4s
[start 91/200] thread=6 global_idx=90 (g=8471,e=6,s=5) elapsed=37223.0s
[done 68/200] thread=9 global_idx=65 (g=176,e=5,s=11) state_time=14924.9s best_idx=43 sims=198273 N=97 K=97 eta=75858.8s
[start 92/200] thread=9 global_idx=91 (g=256,e=3,s=12) elapsed=39078.8s
[done 69/200] thread=5 global_idx=53 (g=3543,e=4,s=7) state_time=20089.5s best_idx=42 sims=383726 N=55 K=55 eta=74201.7s
[start 93/200] thread=5 global_idx=92 (g=5778,e=2,s=9) elapsed=39083.4s
[done 70/200] thread=0 global_idx=75 (g=4517,e=4,s=13) state_time=10905.4s best_idx=2 sims=105555 N=123 K=123 eta=73246.9s
[start 94/200] thread=0 global_idx=93 (g=6320,e=4,s=15) elapsed=39440.6s
[done 71/200] thread=0 global_idx=93 (g=6320,e=4,s=15) state_time=38.8s best_idx=69 sims=903 N=103 K=103 eta=71730.2s
[start 95/200] thread=0 global_idx=94 (g=1638,e=4,s=11) elapsed=39479.4s
[done 72/200] thread=2 global_idx=48 (g=9518,e=4,s=5) state_time=27839.3s best_idx=45 sims=520440 N=71 K=71 eta=71936.6s
[start 96/200] thread=2 global_idx=95 (g=2310,e=6,s=15) elapsed=40464.3s
[done 73/200] thread=2 global_idx=95 (g=2310,e=6,s=15) state_time=37.9s best_idx=78 sims=935 N=135 K=135 eta=70462.8s
[start 97/200] thread=2 global_idx=96 (g=7921,e=5,s=4) elapsed=40502.2s
[done 74/200] thread=15 global_idx=58 (g=1221,e=1,s=10) state_time=18922.6s best_idx=66 sims=255016 N=113 K=113 eta=69331.9s
[start 98/200] thread=15 global_idx=97 (g=1361,e=1,s=12) elapsed=40718.7s
[done 75/200] thread=7 global_idx=77 (g=961,e=6,s=13) state_time=11516.9s best_idx=11 sims=109199 N=139 K=139 eta=70305.6s
[start 99/200] thread=7 global_idx=98 (g=5041,e=1,s=8) elapsed=42183.4s
[done 76/200] thread=1 global_idx=45 (g=196,e=4,s=4) state_time=30379.6s best_idx=43 sims=569056 N=49 K=49 eta=69517.3s
[start 100/200] thread=1 global_idx=99 (g=5033,e=7,s=5) elapsed=42607.4s
[done 77/200] thread=19 global_idx=71 (g=9791,e=0,s=8) state_time=17818.9s best_idx=48 sims=338925 N=55 K=55 eta=70822.5s
[start 101/200] thread=19 global_idx=100 (g=5022,e=1,s=15) elapsed=44336.0s
[done 78/200] thread=19 global_idx=100 (g=5022,e=1,s=15) state_time=42.0s best_idx=7 sims=889 N=89 K=89 eta=69411.8s
[start 102/200] thread=19 global_idx=101 (g=9907,e=7,s=9) elapsed=44378.0s
[done 79/200] thread=9 global_idx=91 (g=256,e=3,s=12) state_time=8268.2s best_idx=48 sims=113914 N=77 K=77 eta=72518.7s
[start 103/200] thread=9 global_idx=102 (g=8627,e=2,s=12) elapsed=47346.9s
[done 80/200] thread=15 global_idx=97 (g=1361,e=1,s=12) state_time=6828.9s best_idx=34 sims=103129 N=59 K=59 eta=71321.4s
[start 104/200] thread=15 global_idx=103 (g=1641,e=6,s=10) elapsed=47547.6s
[done 81/200] thread=23 global_idx=85 (g=1385,e=7,s=11) state_time=13595.8s best_idx=80 sims=189897 N=103 K=103 eta=70118.1s
[start 105/200] thread=23 global_idx=104 (g=7249,e=2,s=15) elapsed=47727.5s
[done 82/200] thread=23 global_idx=104 (g=7249,e=2,s=15) state_time=54.5s best_idx=57 sims=939 N=139 K=139 eta=68759.5s
[start 106/200] thread=23 global_idx=105 (g=4837,e=7,s=2) elapsed=47782.0s
[done 83/200] thread=8 global_idx=83 (g=8959,e=1,s=11) state_time=13950.3s best_idx=47 sims=188006 N=97 K=97 eta=67662.0s
[start 107/200] thread=8 global_idx=106 (g=1039,e=2,s=15) elapsed=47999.5s
[done 84/200] thread=8 global_idx=106 (g=1039,e=2,s=15) state_time=27.0s best_idx=35 sims=843 N=43 K=43 eta=66322.4s
[start 108/200] thread=8 global_idx=107 (g=7846,e=3,s=10) elapsed=48026.5s
[done 85/200] thread=20 global_idx=76 (g=2994,e=5,s=10) state_time=20414.5s best_idx=56 sims=271083 N=113 K=113 eta=67388.1s
[start 109/200] thread=20 global_idx=108 (g=5246,e=2,s=5) elapsed=49808.6s
[done 86/200] thread=22 global_idx=54 (g=1784,e=6,s=5) state_time=29465.0s best_idx=46 sims=519274 N=71 K=71 eta=66174.8s
[start 110/200] thread=22 global_idx=109 (g=4166,e=2,s=12) elapsed=49921.3s
[done 87/200] thread=13 global_idx=63 (g=8275,e=4,s=5) state_time=27442.9s best_idx=44 sims=517101 N=71 K=71 eta=65374.2s
[start 111/200] thread=13 global_idx=110 (g=6533,e=4,s=6) elapsed=50332.4s
[done 88/200] thread=0 global_idx=94 (g=1638,e=4,s=11) state_time=11725.2s best_idx=57 sims=192326 N=103 K=103 eta=65169.5s
[start 112/200] thread=0 global_idx=111 (g=5721,e=0,s=12) elapsed=51204.6s
[done 89/200] thread=16 global_idx=74 (g=9143,e=3,s=7) state_time=23974.8s best_idx=2 sims=412887 N=81 K=81 eta=64121.6s
[start 113/200] thread=16 global_idx=112 (g=4463,e=7,s=9) elapsed=51412.8s
[done 90/200] thread=17 global_idx=51 (g=4262,e=4,s=2) state_time=36952.0s best_idx=47 sims=685823 N=49 K=49 eta=64554.3s
[start 114/200] thread=17 global_idx=113 (g=5606,e=2,s=14) elapsed=52817.2s
[done 91/200] thread=17 global_idx=113 (g=5606,e=2,s=14) state_time=1810.2s best_idx=46 sims=17364 N=139 K=139 eta=65432.8s
[start 115/200] thread=17 global_idx=114 (g=1123,e=4,s=3) elapsed=54627.4s
[done 92/200] thread=18 global_idx=60 (g=5248,e=0,s=3) state_time=33501.7s best_idx=33 sims=626900 N=49 K=49 eta=64939.6s
[start 116/200] thread=18 global_idx=115 (g=8113,e=3,s=15) elapsed=55318.9s
[done 93/200] thread=18 global_idx=115 (g=8113,e=3,s=15) state_time=40.6s best_idx=33 sims=869 N=69 K=69 eta=63693.2s
[start 117/200] thread=18 global_idx=116 (g=716,e=6,s=7) elapsed=55359.5s
[done 94/200] thread=14 global_idx=89 (g=6216,e=7,s=8) state_time=18253.7s best_idx=1 sims=338054 N=55 K=55 eta=62499.2s
[start 118/200] thread=14 global_idx=117 (g=459,e=3,s=5) elapsed=55423.8s
[done 95/200] thread=4 global_idx=80 (g=1201,e=0,s=6) state_time=24611.2s best_idx=45 sims=453349 N=53 K=53 eta=62160.9s
[start 119/200] thread=4 global_idx=118 (g=9287,e=7,s=12) elapsed=56240.8s
[done 96/200] thread=10 global_idx=72 (g=5487,e=5,s=5) state_time=29638.9s best_idx=36 sims=517570 N=71 K=71 eta=61184.1s
[start 120/200] thread=10 global_idx=119 (g=5647,e=1,s=10) elapsed=56477.6s
[done 97/200] thread=22 global_idx=109 (g=4166,e=2,s=12) state_time=7665.4s best_idx=49 sims=111347 N=75 K=75 eta=61148.8s
[start 121/200] thread=22 global_idx=120 (g=4562,e=4,s=13) elapsed=57586.7s
[done 98/200] thread=21 global_idx=69 (g=8119,e=5,s=4) state_time=32986.2s best_idx=11 sims=577704 N=65 K=65 eta=60846.3s
[start 122/200] thread=21 global_idx=121 (g=6201,e=5,s=11) elapsed=58460.2s
[done 99/200] thread=9 global_idx=102 (g=8627,e=2,s=12) state_time=11542.4s best_idx=95 sims=137211 N=103 K=103 eta=60079.1s
[start 123/200] thread=9 global_idx=122 (g=9166,e=3,s=14) elapsed=58889.4s
[done 100/200] thread=5 global_idx=92 (g=5778,e=2,s=9) state_time=19958.8s best_idx=2 sims=306083 N=97 K=97 eta=59042.2s
[start 124/200] thread=5 global_idx=123 (g=8703,e=4,s=3) elapsed=59042.2s
[done 101/200] thread=19 global_idx=101 (g=9907,e=7,s=9) state_time=15312.8s best_idx=45 sims=277214 N=65 K=65 eta=58508.9s
[start 125/200] thread=19 global_idx=124 (g=1616,e=0,s=14) elapsed=59690.9s
[done 102/200] thread=19 global_idx=124 (g=1616,e=0,s=14) state_time=387.4s best_idx=33 sims=5269 N=69 K=69 eta=57722.2s
[start 126/200] thread=19 global_idx=125 (g=5809,e=3,s=9) elapsed=60078.2s
[done 103/200] thread=9 global_idx=122 (g=9166,e=3,s=14) state_time=1741.7s best_idx=64 sims=16023 N=139 K=139 eta=57099.1s
[start 127/200] thread=9 global_idx=126 (g=4651,e=6,s=5) elapsed=60631.0s
[done 104/200] thread=3 global_idx=81 (g=5494,e=4,s=5) state_time=27032.2s best_idx=6 sims=526802 N=75 K=75 eta=56011.6s
[start 128/200] thread=3 global_idx=127 (g=8894,e=2,s=15) elapsed=60679.2s
[done 105/200] thread=3 global_idx=127 (g=8894,e=2,s=15) state_time=31.9s best_idx=2 sims=879 N=79 K=79 eta=54929.1s
[start 129/200] thread=3 global_idx=128 (g=2369,e=6,s=9) elapsed=60711.1s
[done 106/200] thread=8 global_idx=107 (g=7846,e=3,s=10) state_time=12878.1s best_idx=44 sims=217598 N=65 K=65 eta=54009.7s
[start 130/200] thread=8 global_idx=129 (g=1083,e=7,s=15) elapsed=60904.6s
[done 107/200] thread=8 global_idx=129 (g=1083,e=7,s=15) state_time=44.6s best_idx=57 sims=903 N=103 K=103 eta=52974.6s
[start 131/200] thread=8 global_idx=130 (g=366,e=3,s=11) elapsed=60949.2s
[done 108/200] thread=7 global_idx=98 (g=5041,e=1,s=8) state_time=19461.7s best_idx=33 sims=340083 N=55 K=55 eta=52512.5s
[start 132/200] thread=7 global_idx=131 (g=6354,e=2,s=15) elapsed=61645.1s
[done 109/200] thread=7 global_idx=131 (g=6354,e=2,s=15) state_time=60.6s best_idx=109 sims=951 N=151 K=151 eta=51515.7s
[start 133/200] thread=7 global_idx=132 (g=9260,e=7,s=2) elapsed=61705.6s
[done 110/200] thread=0 global_idx=111 (g=5721,e=0,s=12) state_time=11312.2s best_idx=41 sims=161991 N=123 K=123 eta=51150.1s
[start 134/200] thread=0 global_idx=133 (g=6267,e=4,s=12) elapsed=62516.8s
[done 111/200] thread=4 global_idx=118 (g=9287,e=7,s=12) state_time=7351.4s best_idx=39 sims=109847 N=65 K=65 eta=50988.4s
[start 135/200] thread=4 global_idx=134 (g=1158,e=6,s=8) elapsed=63592.3s
[done 112/200] thread=2 global_idx=96 (g=7921,e=5,s=4) state_time=23659.2s best_idx=42 sims=564750 N=49 K=49 eta=50412.5s
[start 136/200] thread=2 global_idx=135 (g=6520,e=1,s=5) elapsed=64161.4s
[done 113/200] thread=6 global_idx=90 (g=8471,e=6,s=5) state_time=28176.0s best_idx=29 sims=529067 N=75 K=75 eta=50351.4s
[start 137/200] thread=6 global_idx=136 (g=2099,e=0,s=14) elapsed=65399.0s
[done 114/200] thread=11 global_idx=87 (g=8785,e=1,s=4) state_time=30058.8s best_idx=6 sims=566418 N=49 K=49 eta=49737.2s
[start 138/200] thread=11 global_idx=137 (g=4892,e=6,s=10) elapsed=65930.7s
[done 115/200] thread=6 global_idx=136 (g=2099,e=0,s=14) state_time=726.1s best_idx=1 sims=8590 N=91 K=91 eta=48875.1s
[start 139/200] thread=6 global_idx=138 (g=7859,e=3,s=14) elapsed=66125.1s
[done 116/200] thread=12 global_idx=78 (g=1566,e=1,s=3) state_time=35619.7s best_idx=48 sims=627446 N=59 K=59 eta=48343.5s
[start 140/200] thread=12 global_idx=139 (g=2084,e=7,s=10) elapsed=66760.1s
[done 117/200] thread=0 global_idx=133 (g=6267,e=4,s=12) state_time=4899.3s best_idx=2 sims=100912 N=55 K=55 eta=47825.2s
[start 141/200] thread=0 global_idx=140 (g=5335,e=1,s=14) elapsed=67416.2s
[done 118/200] thread=6 global_idx=138 (g=7859,e=3,s=14) state_time=1558.8s best_idx=33 sims=15374 N=129 K=129 eta=47034.6s
[start 142/200] thread=6 global_idx=141 (g=5272,e=2,s=4) elapsed=67683.9s
[done 119/200] thread=22 global_idx=120 (g=4562,e=4,s=13) state_time=10188.4s best_idx=76 sims=103175 N=129 K=129 eta=46132.6s
[start 143/200] thread=22 global_idx=142 (g=5472,e=3,s=13) elapsed=67775.1s
[done 120/200] thread=15 global_idx=103 (g=1641,e=6,s=10) state_time=21220.6s best_idx=67 sims=266435 N=113 K=113 eta=45845.5s
[start 144/200] thread=15 global_idx=143 (g=4526,e=5,s=9) elapsed=68768.2s
[done 121/200] thread=0 global_idx=140 (g=5335,e=1,s=14) state_time=1713.7s best_idx=85 sims=19865 N=145 K=145 eta=45134.4s
[start 145/200] thread=0 global_idx=144 (g=6392,e=2,s=5) elapsed=69129.9s
[done 122/200] thread=22 global_idx=142 (g=5472,e=3,s=13) state_time=3731.1s best_idx=38 sims=43601 N=69 K=69 eta=45717.1s
[start 146/200] thread=22 global_idx=145 (g=1255,e=4,s=13) elapsed=71506.2s
[done 123/200] thread=10 global_idx=119 (g=5647,e=1,s=10) state_time=15237.9s best_idx=0 sims=247729 N=91 K=91 eta=44895.1s
[start 147/200] thread=10 global_idx=146 (g=5259,e=3,s=8) elapsed=71715.6s
[done 124/200] thread=16 global_idx=112 (g=4463,e=7,s=9) state_time=20980.8s best_idx=33 sims=310892 N=103 K=103 eta=44370.3s
[start 148/200] thread=16 global_idx=147 (g=7905,e=3,s=15) elapsed=72393.6s
[done 125/200] thread=16 global_idx=147 (g=7905,e=3,s=15) state_time=43.0s best_idx=55 sims=903 N=103 K=103 eta=43462.0s
[start 149/200] thread=16 global_idx=148 (g=4159,e=5,s=11) elapsed=72436.7s
[done 126/200] thread=1 global_idx=99 (g=5033,e=7,s=5) state_time=30253.7s best_idx=34 sims=520524 N=71 K=71 eta=42791.4s
[start 150/200] thread=1 global_idx=149 (g=2788,e=5,s=13) elapsed=72861.0s
[done 127/200] thread=21 global_idx=121 (g=6201,e=5,s=11) state_time=15795.4s best_idx=63 sims=200788 N=107 K=107 eta=42682.3s
[start 151/200] thread=21 global_idx=150 (g=4360,e=7,s=4) elapsed=74255.6s
[done 128/200] thread=19 global_idx=125 (g=5809,e=3,s=9) state_time=14843.3s best_idx=44 sims=269725 N=53 K=53 eta=42143.3s
[start 152/200] thread=19 global_idx=151 (g=8248,e=7,s=13) elapsed=74921.5s
[done 129/200] thread=22 global_idx=145 (g=1255,e=4,s=13) state_time=5096.7s best_idx=67 sims=55373 N=91 K=91 eta=42161.3s
[start 153/200] thread=22 global_idx=152 (g=2081,e=5,s=9) elapsed=76602.9s
[done 130/200] thread=18 global_idx=116 (g=716,e=6,s=7) state_time=21489.2s best_idx=3 sims=392086 N=55 K=55 eta=41380.1s
[start 154/200] thread=18 global_idx=153 (g=1265,e=4,s=5) elapsed=76848.7s
[done 131/200] thread=8 global_idx=130 (g=366,e=3,s=11) state_time=17283.0s best_idx=78 sims=210664 N=119 K=119 eta=41206.3s
[start 155/200] thread=8 global_idx=154 (g=3677,e=7,s=15) elapsed=78232.2s
[done 132/200] thread=8 global_idx=154 (g=3677,e=7,s=15) state_time=33.8s best_idx=54 sims=875 N=75 K=75 eta=40318.8s
[start 156/200] thread=8 global_idx=155 (g=477,e=2,s=10) elapsed=78266.0s
[done 133/200] thread=3 global_idx=128 (g=2369,e=6,s=9) state_time=17638.4s best_idx=6 sims=294375 N=79 K=79 eta=39469.3s
[start 157/200] thread=3 global_idx=156 (g=8462,e=7,s=13) elapsed=78349.6s
[done 134/200] thread=13 global_idx=110 (g=6533,e=4,s=6) state_time=28194.4s best_idx=68 sims=471902 N=81 K=81 eta=38677.4s
[start 158/200] thread=13 global_idx=157 (g=3186,e=1,s=11) elapsed=78526.8s
[done 135/200] thread=19 global_idx=151 (g=8248,e=7,s=13) state_time=3665.3s best_idx=3 sims=42452 N=59 K=59 eta=37838.1s
[start 159/200] thread=19 global_idx=158 (g=8936,e=4,s=15) elapsed=78586.8s
[done 136/200] thread=19 global_idx=158 (g=8936,e=4,s=15) state_time=59.3s best_idx=4 sims=945 N=145 K=145 eta=37009.9s
[start 160/200] thread=19 global_idx=159 (g=966,e=6,s=3) elapsed=78646.1s
[done 137/200] thread=20 global_idx=108 (g=5246,e=2,s=5) state_time=31698.7s best_idx=36 sims=529638 N=75 K=75 eta=37481.4s
[start 161/200] thread=20 global_idx=160 (g=232,e=1,s=13) elapsed=81507.3s
[done 138/200] thread=1 global_idx=149 (g=2788,e=5,s=13) state_time=10232.8s best_idx=77 sims=92893 N=139 K=139 eta=37332.0s
[start 162/200] thread=1 global_idx=161 (g=3968,e=6,s=10) elapsed=83093.9s
[done 139/200] thread=4 global_idx=134 (g=1158,e=6,s=8) state_time=19653.7s best_idx=56 sims=344171 N=65 K=65 eta=36532.4s
[start 163/200] thread=4 global_idx=162 (g=2440,e=2,s=5) elapsed=83245.9s
[done 140/200] thread=15 global_idx=143 (g=4526,e=5,s=9) state_time=14563.3s best_idx=0 sims=283242 N=65 K=65 eta=35713.5s
[start 164/200] thread=15 global_idx=163 (g=1624,e=6,s=15) elapsed=83331.5s
[done 141/200] thread=15 global_idx=163 (g=1624,e=6,s=15) state_time=41.7s best_idx=45 sims=891 N=91 K=91 eta=34886.7s
[start 165/200] thread=15 global_idx=164 (g=9851,e=7,s=8) elapsed=83373.2s
[done 142/200] thread=11 global_idx=137 (g=4892,e=6,s=10) state_time=17700.5s best_idx=2 sims=249034 N=101 K=101 eta=34159.2s
[start 166/200] thread=11 global_idx=165 (g=9879,e=2,s=15) elapsed=83631.2s
[done 143/200] thread=11 global_idx=165 (g=9879,e=2,s=15) state_time=50.3s best_idx=45 sims=917 N=117 K=117 eta=33355.6s
[start 167/200] thread=11 global_idx=166 (g=9832,e=1,s=9) elapsed=83681.5s
[done 144/200] thread=14 global_idx=117 (g=459,e=3,s=5) state_time=28983.5s best_idx=39 sims=517934 N=71 K=71 eta=32825.1s
[start 168/200] thread=14 global_idx=167 (g=4221,e=2,s=14) elapsed=84407.3s
[done 145/200] thread=23 global_idx=105 (g=4837,e=7,s=2) state_time=37147.4s best_idx=45 sims=682448 N=49 K=49 eta=32214.6s
[start 169/200] thread=23 global_idx=168 (g=1999,e=2,s=5) elapsed=84929.4s
[done 146/200] thread=20 global_idx=160 (g=232,e=1,s=13) state_time=3900.9s best_idx=3 sims=45061 N=59 K=59 eta=31589.3s
[start 170/200] thread=20 global_idx=169 (g=99,e=4,s=13) elapsed=85408.2s
[done 147/200] thread=14 global_idx=167 (g=4221,e=2,s=14) state_time=1961.3s best_idx=18 sims=18234 N=145 K=145 eta=31139.7s
[start 171/200] thread=14 global_idx=170 (g=964,e=0,s=8) elapsed=86368.6s
[done 148/200] thread=3 global_idx=156 (g=8462,e=7,s=13) state_time=8449.0s best_idx=13 sims=95207 N=115 K=115 eta=30496.8s
[start 172/200] thread=3 global_idx=171 (g=6357,e=7,s=5) elapsed=86798.6s
[done 149/200] thread=20 global_idx=169 (g=99,e=4,s=13) state_time=2263.0s best_idx=10 sims=27560 N=57 K=57 eta=30008.3s
[start 173/200] thread=20 global_idx=172 (g=632,e=7,s=12) elapsed=87671.2s
[done 150/200] thread=16 global_idx=148 (g=4159,e=5,s=11) state_time=15636.3s best_idx=46 sims=195378 N=103 K=103 eta=29357.7s
[start 174/200] thread=16 global_idx=173 (g=3130,e=2,s=11) elapsed=88073.0s
[done 151/200] thread=17 global_idx=114 (g=1123,e=4,s=3) state_time=33460.2s best_idx=7 sims=621188 N=55 K=55 eta=28584.7s
[start 175/200] thread=17 global_idx=174 (g=2941,e=4,s=13) elapsed=88087.6s
[done 152/200] thread=12 global_idx=139 (g=2084,e=7,s=10) state_time=21656.6s best_idx=6 sims=273253 N=113 K=113 eta=27921.0s
[start 176/200] thread=12 global_idx=175 (g=6374,e=0,s=11) elapsed=88416.6s
[done 153/200] thread=13 global_idx=157 (g=3186,e=1,s=11) state_time=12075.0s best_idx=56 sims=169621 N=119 K=119 eta=27831.9s
[start 177/200] thread=13 global_idx=176 (g=156,e=7,s=14) elapsed=90601.9s
[done 154/200] thread=5 global_idx=123 (g=8703,e=4,s=3) state_time=31777.1s best_idx=11 sims=621799 N=49 K=49 eta=27127.8s
[start 178/200] thread=5 global_idx=177 (g=1570,e=1,s=4) elapsed=90819.3s
[done 155/200] thread=9 global_idx=126 (g=4651,e=6,s=5) state_time=30834.7s best_idx=5 sims=523007 N=71 K=71 eta=26554.6s
[start 179/200] thread=9 global_idx=178 (g=7117,e=6,s=12) elapsed=91465.7s
[done 156/200] thread=22 global_idx=152 (g=2081,e=5,s=9) state_time=14954.0s best_idx=45 sims=277883 N=53 K=53 eta=25823.7s
[start 180/200] thread=22 global_idx=179 (g=6164,e=7,s=6) elapsed=91556.9s
[done 157/200] thread=13 global_idx=176 (g=156,e=7,s=14) state_time=1992.8s best_idx=54 sims=18999 N=145 K=145 eta=25360.3s
[start 181/200] thread=13 global_idx=180 (g=4376,e=5,s=5) elapsed=92594.7s
[done 158/200] thread=10 global_idx=146 (g=5259,e=3,s=8) state_time=22478.6s best_idx=89 sims=377261 N=97 K=97 eta=25038.9s
[start 182/200] thread=10 global_idx=181 (g=4444,e=0,s=12) elapsed=94194.1s
[done 159/200] thread=8 global_idx=155 (g=477,e=2,s=10) state_time=16009.7s best_idx=1 sims=244713 N=81 K=81 eta=24310.1s
[start 183/200] thread=8 global_idx=182 (g=5083,e=5,s=6) elapsed=94275.7s
[done 160/200] thread=1 global_idx=161 (g=3968,e=6,s=10) state_time=11370.1s best_idx=28 sims=207163 N=49 K=49 eta=23616.0s
[start 184/200] thread=1 global_idx=183 (g=894,e=4,s=13) elapsed=94464.0s
[done 161/200] thread=2 global_idx=135 (g=6520,e=1,s=5) state_time=30696.6s best_idx=0 sims=523840 N=75 K=75 eta=22978.0s
[start 185/200] thread=2 global_idx=184 (g=8445,e=1,s=11) elapsed=94858.0s
[done 162/200] thread=0 global_idx=144 (g=6392,e=2,s=5) state_time=26197.5s best_idx=7 sims=523945 N=75 K=75 eta=22360.7s
[start 186/200] thread=0 global_idx=185 (g=7871,e=7,s=15) elapsed=95327.4s
[done 163/200] thread=0 global_idx=185 (g=7871,e=7,s=15) state_time=67.9s best_idx=59 sims=951 N=151 K=151 eta=21654.1s
[start 187/200] thread=0 global_idx=186 (g=8198,e=0,s=4) elapsed=95395.3s
[done 164/200] thread=20 global_idx=172 (g=632,e=7,s=12) state_time=7871.3s best_idx=56 sims=110443 N=81 K=81 eta=20972.7s
[start 188/200] thread=20 global_idx=187 (g=6829,e=6,s=13) elapsed=95542.5s
[done 165/200] thread=7 global_idx=132 (g=9260,e=7,s=2) state_time=35158.1s best_idx=18 sims=680657 N=49 K=49 eta=20546.8s
[start 189/200] thread=7 global_idx=188 (g=4702,e=2,s=8) elapsed=96863.7s
[done 166/200] thread=9 global_idx=178 (g=7117,e=6,s=12) state_time=5685.5s best_idx=34 sims=92337 N=49 K=49 eta=19898.4s
[start 190/200] thread=9 global_idx=189 (g=4058,e=3,s=5) elapsed=97151.3s
[done 167/200] thread=20 global_idx=187 (g=6829,e=6,s=13) state_time=2440.2s best_idx=44 sims=29395 N=53 K=53 eta=19361.9s
[start 191/200] thread=20 global_idx=190 (g=7591,e=4,s=13) elapsed=97982.7s
[done 168/200] thread=6 global_idx=141 (g=5272,e=2,s=4) state_time=30863.3s best_idx=3 sims=567353 N=53 K=53 eta=18770.9s
[start 192/200] thread=6 global_idx=191 (g=1445,e=7,s=8) elapsed=98547.2s
[done 169/200] thread=17 global_idx=174 (g=2941,e=4,s=13) state_time=10680.9s best_idx=29 sims=102570 N=125 K=125 eta=18117.3s
[start 193/200] thread=17 global_idx=192 (g=5373,e=5,s=13) elapsed=98768.5s
[done 170/200] thread=12 global_idx=175 (g=6374,e=0,s=11) state_time=12230.3s best_idx=59 sims=174306 N=113 K=113 eta=17761.2s
[start 194/200] thread=12 global_idx=193 (g=5423,e=3,s=9) elapsed=100647.0s
[done 171/200] thread=16 global_idx=173 (g=3130,e=2,s=11) state_time=13407.0s best_idx=78 sims=189270 N=91 K=91 eta=17210.1s
[start 195/200] thread=16 global_idx=194 (g=1644,e=5,s=15) elapsed=101480.0s
[done 172/200] thread=16 global_idx=194 (g=1644,e=5,s=15) state_time=58.0s best_idx=47 sims=935 N=135 K=135 eta=16529.4s
[start 196/200] thread=16 global_idx=195 (g=6839,e=5,s=3) elapsed=101537.9s
[done 173/200] thread=1 global_idx=183 (g=894,e=4,s=13) state_time=7731.5s best_idx=59 sims=81099 N=105 K=105 eta=15949.6s
[start 197/200] thread=1 global_idx=196 (g=1063,e=2,s=15) elapsed=102195.5s
[done 174/200] thread=1 global_idx=196 (g=1063,e=2,s=15) state_time=28.2s best_idx=35 sims=855 N=55 K=55 eta=15274.8s
[start 198/200] thread=1 global_idx=197 (g=3774,e=5,s=6) elapsed=102223.7s
[done 175/200] thread=10 global_idx=181 (g=4444,e=0,s=12) state_time=8619.6s best_idx=3 sims=117879 N=75 K=75 eta=14687.7s
[start 199/200] thread=10 global_idx=198 (g=7844,e=2,s=5) elapsed=102813.8s
[done 176/200] thread=20 global_idx=190 (g=7591,e=4,s=13) state_time=7007.6s best_idx=1 sims=74148 N=97 K=97 eta=14316.9s
[start 200/200] thread=20 global_idx=199 (g=5770,e=5,s=13) elapsed=104990.3s
[done 177/200] thread=14 global_idx=170 (g=964,e=0,s=8) state_time=18674.0s best_idx=44 sims=338917 N=63 K=63 eta=13649.6s
[done 178/200] thread=21 global_idx=150 (g=4360,e=7,s=4) state_time=31536.0s best_idx=44 sims=570205 N=59 K=59 eta=13075.4s
[done 179/200] thread=11 global_idx=166 (g=9832,e=1,s=9) state_time=22286.5s best_idx=2 sims=311488 N=103 K=103 eta=12432.0s
[done 180/200] thread=15 global_idx=164 (g=9851,e=7,s=8) state_time=22653.8s best_idx=53 sims=352635 N=81 K=81 eta=11780.8s
[done 181/200] thread=18 global_idx=153 (g=1265,e=4,s=5) state_time=29748.7s best_idx=0 sims=520088 N=71 K=71 eta=11189.8s
[done 182/200] thread=17 global_idx=192 (g=5373,e=5,s=13) state_time=8272.5s best_idx=51 sims=86503 N=107 K=107 eta=10586.5s
[done 183/200] thread=2 global_idx=184 (g=8445,e=1,s=11) state_time=14847.5s best_idx=85 sims=202874 N=103 K=103 eta=10191.2s
[done 184/200] thread=19 global_idx=159 (g=966,e=6,s=3) state_time=32012.9s best_idx=17 sims=624558 N=55 K=55 eta=9622.5s
[done 185/200] thread=23 global_idx=168 (g=1999,e=2,s=5) state_time=25756.5s best_idx=35 sims=501337 N=53 K=53 eta=8974.5s
[done 186/200] thread=7 global_idx=188 (g=4702,e=2,s=8) state_time=13983.8s best_idx=33 sims=335900 N=49 K=49 eta=8343.4s
[done 187/200] thread=20 global_idx=199 (g=5770,e=5,s=13) state_time=6103.4s best_idx=34 sims=65631 N=91 K=91 eta=7723.1s
[done 188/200] thread=22 global_idx=179 (g=6164,e=7,s=6) state_time=20354.2s best_idx=42 sims=451677 N=49 K=49 eta=7143.3s
[done 189/200] thread=4 global_idx=162 (g=2440,e=2,s=5) state_time=29075.4s best_idx=55 sims=520764 N=71 K=71 eta=6537.2s
[done 190/200] thread=3 global_idx=171 (g=6357,e=7,s=5) state_time=26033.9s best_idx=10 sims=524263 N=75 K=75 eta=5938.6s
[done 191/200] thread=6 global_idx=191 (g=1445,e=7,s=8) state_time=17796.3s best_idx=37 sims=349710 N=65 K=65 eta=5482.2s
[done 192/200] thread=13 global_idx=180 (g=4376,e=5,s=5) state_time=23965.5s best_idx=36 sims=519126 N=75 K=75 eta=4856.7s
[done 193/200] thread=5 global_idx=177 (g=1570,e=1,s=4) state_time=26257.5s best_idx=45 sims=564513 N=49 K=49 eta=4246.3s
[done 194/200] thread=12 global_idx=193 (g=5423,e=3,s=9) state_time=17747.8s best_idx=59 sims=308919 N=103 K=103 eta=3661.7s
[done 195/200] thread=8 global_idx=182 (g=5083,e=5,s=6) state_time=25083.2s best_idx=79 sims=475003 N=81 K=81 eta=3060.5s
[done 196/200] thread=9 global_idx=189 (g=4058,e=3,s=5) state_time=23869.0s best_idx=0 sims=524146 N=71 K=71 eta=2469.8s
[done 197/200] thread=0 global_idx=186 (g=8198,e=0,s=4) state_time=25809.5s best_idx=54 sims=571284 N=59 K=59 eta=1845.8s
[done 198/200] thread=1 global_idx=197 (g=3774,e=5,s=6) state_time=19843.7s best_idx=3 sims=461374 N=65 K=65 eta=1233.0s
[done 199/200] thread=10 global_idx=198 (g=7844,e=2,s=5) state_time=20908.0s best_idx=11 sims=521664 N=71 K=71 eta=621.7s
[done 200/200] thread=16 global_idx=195 (g=6839,e=5,s=3) state_time=24912.3s best_idx=44 sims=625305 N=55 K=55 eta=0.0s

=== Arm done: 200 states in 126450.2s ===
  [csv] wrote 200 records to reinvest_experiment/sweepN/P800/A1N/seed_42/reinvest_results_idx0.csv

=== Summary (A1N) ===
  valid cases        = 200 / 200
  avg actual_sims    = 235835  (min=843, max=685823)
  avg time           = 13643.42s
