Running Reinvestment arm...

=== Reinvestment Arm: A1N (AllGrid, depth 3) ===
  method             = AllGrid
  depth              = 3
  playouts (P)       = 800
  rollouts/visit (R) = 10
  retention_rate     = 0.2
  ucb_c              = 1.41
  epsilon            = 0.3
  risk_lambda        = 0  (ClusterValue 系以外では無効)
  noisy_tree         = true
  n_states           = 500
  num_threads        = 24
  seed               = 43
  start_index        = 0
  max_positions      = 200
  load_positions_dir = test_positions500
  output_dir         = reinvest_experiment/sweepN/P800/A1N/seed_43
  [loader] 1 batch files in test_positions500
  [loader] loaded 500 positions
  Sampled 500 / 500 positions (seed=43)
  Sliced to [0, 200) = 200 positions
Finding Shot...
Finding Shot...
Finding Shot...
Finding Shot...
Finding Shot...
Finding Shot...
Finding Shot...
Finding Shot...
Finding Shot...
Finding Shot...
Finding Shot...
Finding Shot...
Finding Shot...
Finding Shot...
Finding Shot...
Finding Shot...
Finding Shot...
Finding Shot...
Finding Shot...
Finding Shot...
Finding Shot...
Finding Shot...
Finding Shot...
Finding Shot...
Finding Shot...
Finding Shot...
Finding Shot...
Finding Shot...
Finding Shot...
Finding Shot...
Finding Shot...
Finding Shot...
Finding Shot...
Finding Shot...
Finding Shot...
Finding Shot...
Finding Shot...
Finding Shot...
Finding Shot...
Finding Shot...
Finding Shot...
Finding Shot...
Finding Shot...
Finding Shot...
Finding Shot...
Finding Shot...
Finding Shot...
Finding Shot...
Finding Shot...
Finding Shot...
Finding Shot...
Finding Shot...
Finding Shot...
Finding Shot...
Finding Shot...
Finding Shot...
Finding Shot...
Finding Shot...
Finding Shot...
Finding Shot...
Finding Shot...
Finding Shot...
Finding Shot...
Finding Shot...
Finding Shot...
Finding Shot...
Finding Shot...
Finding Shot...
Finding Shot...
Finding Shot...
Finding Shot...
Finding Shot...
Finding Shot...
Finding Shot...
Finding Shot...
Finding Shot...
Finding Shot...
Finding Shot...
Finding Shot...
Finding Shot...
Finding Shot...
Finding Shot...
Finding Shot...
Finding Shot...
Finding Shot...
Finding Shot...
Finding Shot...
Finding Shot...
Finding Shot...
Finding Shot...
Finding Shot...
Finding Shot...
Finding Shot...
Finding Shot...
Finding Shot...
Finding Shot...
Finding Shot...
Finding Shot...
Finding Shot...
Finding Shot...
Finding Shot...
Finding Shot...
Finding Shot...
Finding Shot...
Finding Shot...
Finding Shot...
Finding Shot...
Finding Shot...
Finding Shot...
Finding Shot...
Finding Shot...
Finding Shot...
Finding Shot...
Finding Shot...
Finding Shot...
Finding Shot...
Finding Shot...
Finding Shot...
Finding Shot...
Finding Shot...
Finding Shot...
Finding Shot...
Finding Shot...
Finding Shot...
Finding Shot...
Finding Shot...
Finding Shot...
Finding Shot...
Finding Shot...
Finding Shot...
Finding Shot...
Finding Shot...
Finding Shot...
Finding Shot...
Finding Shot...
Finding Shot...
Finding Shot...
Finding Shot...
Finding Shot...
Finding Shot...
Finding Shot...
Finding Shot...
Finding Shot...
Finding Shot...
Finding Shot...
Finding Shot...
Finding Shot...
Finding Shot...
Finding Shot...
Finding Shot...
Finding Shot...
Finding Shot...
Finding Shot...
Finding Shot...
Finding Shot...
Finding Shot...
Finding Shot...
Finding Shot...
Finding Shot...
Finding Shot...
Finding Shot...
Finding Shot...
Finding Shot...
Finding Shot...
Finding Shot...
Finding Shot...
Finding Shot...
Finding Shot...
Finding Shot...
Finding Shot...
Finding Shot...
Finding Shot...
Finding Shot...
Finding Shot...
Finding Shot...
Finding Shot...
Finding Shot...
Finding Shot...
Finding Shot...
Finding Shot...
Finding Shot...
Finding Shot...
Finding Shot...
Finding Shot...
Finding Shot...
Finding Shot...
Finding Shot...
Finding Shot...
Finding Shot...
Finding Shot...
Finding Shot...
Finding Shot...
Finding Shot...
Finding Shot...
Finding Shot...
Finding Shot...
Finding Shot...
Finding Shot...
[start Finding Shot...
1/200] thread=20 global_idx=0 (g=7977,e=6,s=14) elapsed=1.2s
[start 2/200] thread=8 global_idx=1 (g=3926,e=6,s=11) elapsed=1.2s
Finding Shot...
Finding Shot...
Finding Shot...
Finding Shot...
Finding Shot...
Finding Shot...
Finding Shot...
Finding Shot...
Finding Shot...
Finding Shot...
Finding Shot...
Finding Shot...
Finding Shot...
Finding Shot...
Finding Shot...
Finding Shot...
Finding Shot...
Finding Shot...
Finding Shot...
Finding Shot...
Finding Shot...
Finding Shot...
Finding Shot...
Finding Shot...
Finding Shot...
Finding Shot...
Finding Shot...
Finding Shot...
Finding Shot...
Finding Shot...
Finding Shot...
Finding Shot...
Finding Shot...
Finding Shot...
Finding Shot...
Finding Shot...
Finding Shot...
Finding Shot...
Finding Shot...
Finding Shot...
Finding Shot...
Finding Shot...
Finding Shot...
Finding Shot...
Finding Shot...
Finding Shot...
Finding Shot...
Finding Shot...
Finding Shot...
Finding Shot...
Finding Shot...
Finding Shot...
Finding Shot...
Finding Shot...
Finding Shot...
Finding Shot...
Finding Shot...
Finding Shot...
Finding Shot...
Finding Shot...
Finding Shot...
Finding Shot...
Finding Shot...
Finding Shot...
Finding Shot...
Finding Shot...
Finding Shot...
Finding Shot...
Finding Shot...
Finding Shot...
Finding Shot...
Finding Shot...
Finding Shot...
Finding Shot...
Finding Shot...
Finding Shot...
Finding Shot...
Finding Shot...
Finding Shot...
Finding Shot...
Finding Shot...
Finding Shot...
Finding Shot...
Finding Shot...
Finding Shot...
Finding Shot...
Finding Shot...
Finding Shot...
Finding Shot...
Finding Shot...
Finding Shot...
Finding Shot...
Finding Shot...
Finding Shot...
Finding Shot...
Finding Shot...
[start 3/200] thread=18 global_idx=2 (g=3883,e=1,s=14) elapsed=1.4s
[start 4/200] thread=10 global_idx=3 (g=9222,e=7,s=5) elapsed=1.4s
Finding Shot...
Finding Shot...
Finding Shot...
Finding Shot...
Finding Shot...
Finding Shot...
Finding Shot...
Finding Shot...
Finding Shot...
Finding Shot...
Finding Shot...
Finding Shot...
Finding Shot...
Finding Shot...
Finding Shot...
Finding Shot...
Finding Shot...
Finding Shot...
Finding Shot...
Finding Shot...
Finding Shot...
Finding Shot...
Finding Shot...
Finding Shot...
Finding Shot...
Finding Shot...
Finding Shot...
Finding Shot...
Finding Shot...
Finding Shot...
Finding Shot...
Finding Shot...
Finding Shot...
Finding Shot...
Finding Shot...
Finding Shot...
Finding Shot...
Finding Shot...
Finding Shot...
Finding Shot...
Finding Shot...
Finding Shot...
Finding Shot...
Finding Shot...
Finding Shot...
Finding Shot...
Finding Shot...
Finding Shot...
Finding Shot...
Finding Shot...
Finding Shot...
Finding Shot...
Finding Shot...
Finding Shot...
Finding Shot...
Finding Shot...
Finding Shot...
Finding Shot...
Finding Shot...
Finding Shot...
Finding Shot...
Finding Shot...
Finding Shot...
Finding Shot...
Finding Shot...
Finding Shot...
Finding Shot...
Finding Shot...
Finding Shot...
Finding Shot...
Finding Shot...
Finding Shot...
Finding Shot...
[start 5/200] thread=19 global_idx=4 (g=7881,e=2,s=15) elapsed=1.5s
Finding Shot...
Finding Shot...
[start 6/200] thread=7 global_idx=5 (g=6406,e=1,s=10) elapsed=1.5s
[start 7/200] thread=15 global_idx=6 (g=8452,e=5,s=15) elapsed=1.5s
Finding Shot...
Finding Shot...
Finding Shot...
Finding Shot...
Finding Shot...
Finding Shot...
Finding Shot...
Finding Shot...
Finding Shot...
Finding Shot...
[start 8/200] thread=6 global_idx=7 (g=1028,e=6,s=15) elapsed=1.6Finding Shot...
s
Finding Shot...
Finding Shot...
Finding Shot...
[start 9/200] thread=22 global_idx=8 (g=2596,e=1,s=14) elapsed=1.6s
[start 10/200] thread=0 global_idx=9 (g=4748,e=1,s=3) elapsed=1.6s
[start 11/200] thread=23 global_idx=10 (g=9206,e=3,s=13) elapsed=1.6s
[start 12/200] thread=9 global_idx=11 (g=5859,e=1,s=6) elapsed=1.6s
[start 13/200] thread=3 global_idx=12 (g=6871,e=4,s=5) elapsed=1.6s
[start 14/200] thread=2 global_idx=13 (g=7163,e=3,s=13) elapsed=1.6s
[start 15/200] thread=14 global_idx=14 (g=5807,e=0,s=8) elapsed=1.6s
[start 16/200] thread=21 global_idx=15 (g=5567,e=2,s=15) elapsed=1.6s
[start 17/200] thread=1 global_idx=16 (g=2507,e=3,s=11) elapsed=1.6s
[start 18/200] thread=13 global_idx=17 (g=7006,e=3,s=15) elapsed=1.6s
[start 19/200] thread=5 global_idx=18 (g=1984,e=6,s=4) elapsed=1.6s
[start 20/200] thread=17 global_idx=19 (g=1845,e=7,s=14) elapsed=1.6s
[start 21/200] thread=16 global_idx=20 (g=5780,e=2,s=6) elapsed=1.6s
[start 22/200] thread=12 global_idx=21 (g=8645,e=7,s=5) elapsed=1.6s
[start 23/200] thread=11 global_idx=22 (g=6132,e=0,s=13) elapsed=1.6s
[start 24/200] thread=4 global_idx=23 (g=3339,e=4,s=10) elapsed=1.6s
[done 1/200] thread=19 global_idx=4 (g=7881,e=2,s=15) state_time=49.1s best_idx=88 sims=929 N=129 K=129 eta=10068.8s
[start 25/200] thread=19 global_idx=24 (g=3566,e=6,s=14) elapsed=50.6s
[done 2/200] thread=21 global_idx=15 (g=5567,e=2,s=15) state_time=57.6s best_idx=34 sims=929 N=129 K=129 eta=5859.1s
[start 26/200] thread=21 global_idx=25 (g=5523,e=3,s=9) elapsed=59.2s
[done 3/200] thread=13 global_idx=17 (g=7006,e=3,s=15) state_time=58.0s best_idx=0 sims=945 N=145 K=145 eta=3913.4s
[start 27/200] thread=13 global_idx=26 (g=7015,e=5,s=14) elapsed=59.6s
[done 4/200] thread=6 global_idx=7 (g=1028,e=6,s=15) state_time=60.9s best_idx=1 sims=951 N=151 K=151 eta=3059.9s
[start 28/200] thread=6 global_idx=27 (g=743,e=7,s=3) elapsed=62.4s
[done 5/200] thread=15 global_idx=6 (g=8452,e=5,s=15) state_time=62.4s best_idx=87 sims=953 N=153 K=153 eta=2493.3s
[start 29/200] thread=15 global_idx=28 (g=1014,e=4,s=15) elapsed=63.9s
[done 6/200] thread=15 global_idx=28 (g=1014,e=4,s=15) state_time=41.6s best_idx=10 sims=861 N=61 K=61 eta=3412.0s
[start 30/200] thread=15 global_idx=29 (g=3900,e=0,s=10) elapsed=105.5s
[done 7/200] thread=18 global_idx=2 (g=3883,e=1,s=14) state_time=125.8s best_idx=0 sims=2614 N=37 K=37 eta=3508.5s
[start 31/200] thread=18 global_idx=30 (g=4543,e=6,s=5) elapsed=127.3s
[done 8/200] thread=17 global_idx=19 (g=1845,e=7,s=14) state_time=326.0s best_idx=48 sims=4535 N=55 K=55 eta=7862.7s
[start 32/200] thread=17 global_idx=31 (g=9231,e=5,s=14) elapsed=327.6s
[done 9/200] thread=17 global_idx=31 (g=9231,e=5,s=14) state_time=825.7s best_idx=49 sims=9337 N=101 K=101 eta=24476.3s
[start 33/200] thread=17 global_idx=32 (g=1825,e=5,s=7) elapsed=1153.3s
[done 10/200] thread=13 global_idx=26 (g=7015,e=5,s=14) state_time=1561.8s best_idx=11 sims=19176 N=145 K=145 eta=30807.2s
[start 34/200] thread=13 global_idx=33 (g=4062,e=4,s=15) elapsed=1621.4s
[done 11/200] thread=13 global_idx=33 (g=4062,e=4,s=15) state_time=35.6s best_idx=49 sims=917 N=117 K=117 eta=28470.5s
[start 35/200] thread=13 global_idx=34 (g=9882,e=2,s=11) elapsed=1657.0s
[done 12/200] thread=19 global_idx=24 (g=3566,e=6,s=14) state_time=1612.4s best_idx=69 sims=15124 N=129 K=129 eta=26053.5s
[start 36/200] thread=19 global_idx=35 (g=2998,e=6,s=14) elapsed=1663.0s
[done 13/200] thread=20 global_idx=0 (g=7977,e=6,s=14) state_time=1977.2s best_idx=39 sims=19186 N=145 K=145 eta=28459.5s
[start 37/200] thread=20 global_idx=36 (g=1555,e=2,s=3) elapsed=1978.5s
[done 14/200] thread=22 global_idx=8 (g=2596,e=1,s=14) state_time=2017.7s best_idx=45 sims=19020 N=145 K=145 eta=26827.1s
[start 38/200] thread=22 global_idx=37 (g=4372,e=4,s=14) elapsed=2019.2s
[done 15/200] thread=23 global_idx=10 (g=9206,e=3,s=13) state_time=2054.7s best_idx=11 sims=25529 N=49 K=49 eta=25360.4s
[start 39/200] thread=23 global_idx=38 (g=3732,e=7,s=7) elapsed=2056.3s
[done 16/200] thread=22 global_idx=37 (g=4372,e=4,s=14) state_time=249.4s best_idx=1 sims=3776 N=49 K=49 eta=26089.3s
[start 40/200] thread=22 global_idx=39 (g=3858,e=5,s=5) elapsed=2268.6s
[done 17/200] thread=19 global_idx=35 (g=2998,e=6,s=14) state_time=2068.5s best_idx=38 sims=18975 N=145 K=145 eta=40168.4s
[start 41/200] thread=19 global_idx=40 (g=1938,e=0,s=14) elapsed=3731.5s
[done 18/200] thread=2 global_idx=13 (g=7163,e=3,s=13) state_time=3976.0s best_idx=64 sims=44494 N=85 K=85 eta=40217.8s
[start 42/200] thread=2 global_idx=41 (g=9112,e=3,s=9) elapsed=3977.6s
[done 19/200] thread=19 global_idx=40 (g=1938,e=0,s=14) state_time=821.1s best_idx=36 sims=8996 N=93 K=93 eta=43369.5s
[start 43/200] thread=19 global_idx=42 (g=4157,e=3,s=12) elapsed=4552.6s
[done 20/200] thread=11 global_idx=22 (g=6132,e=0,s=13) state_time=7216.8s best_idx=18 sims=76237 N=87 K=87 eta=64965.2s
[start 44/200] thread=11 global_idx=43 (g=7373,e=1,s=11) elapsed=7218.4s
[done 21/200] thread=1 global_idx=16 (g=2507,e=3,s=11) state_time=12055.0s best_idx=40 sims=175566 N=107 K=107 eta=102768.2s
[start 45/200] thread=1 global_idx=44 (g=7173,e=4,s=15) elapsed=12056.6s
[done 22/200] thread=1 global_idx=44 (g=7173,e=4,s=15) state_time=69.5s best_idx=4 sims=951 N=151 K=151 eta=98111.5s
[start 46/200] thread=1 global_idx=45 (g=196,e=4,s=4) elapsed=12126.1s
[done 23/200] thread=15 global_idx=29 (g=3900,e=0,s=10) state_time=12782.9s best_idx=40 sims=222834 N=55 K=55 eta=99184.8s
[start 47/200] thread=15 global_idx=46 (g=2630,e=2,s=14) elapsed=12888.4s
[done 24/200] thread=7 global_idx=5 (g=6406,e=1,s=10) state_time=12910.6s best_idx=6 sims=222247 N=59 K=59 eta=94689.0s
[start 48/200] thread=7 global_idx=47 (g=5731,e=2,s=10) elapsed=12912.1s
[done 25/200] thread=15 global_idx=46 (g=2630,e=2,s=14) state_time=325.9s best_idx=34 sims=4789 N=59 K=59 eta=92500.0s
[start 49/200] thread=15 global_idx=48 (g=9518,e=4,s=5) elapsed=13214.3s
[done 26/200] thread=19 global_idx=42 (g=4157,e=3,s=12) state_time=9657.6s best_idx=38 sims=120149 N=107 K=107 eta=95098.8s
[start 50/200] thread=19 global_idx=49 (g=8211,e=7,s=12) elapsed=14210.2s
[done 27/200] thread=4 global_idx=23 (g=3339,e=4,s=10) state_time=14790.7s best_idx=50 sims=238008 N=71 K=71 eta=94780.1s
[start 51/200] thread=4 global_idx=50 (g=5392,e=3,s=13) elapsed=14792.3s
[done 28/200] thread=13 global_idx=34 (g=9882,e=2,s=11) state_time=14353.2s best_idx=48 sims=199209 N=109 K=109 eta=98348.4s
[start 52/200] thread=13 global_idx=51 (g=4262,e=4,s=2) elapsed=16010.2s
[done 29/200] thread=8 global_idx=1 (g=3926,e=6,s=11) state_time=16136.9s best_idx=65 sims=207212 N=123 K=123 eta=95159.1s
[start 53/200] thread=8 global_idx=52 (g=6230,e=1,s=12) elapsed=16138.1s
[done 30/200] thread=21 global_idx=25 (g=5523,e=3,s=9) state_time=20619.3s best_idx=54 sims=302636 N=103 K=103 eta=117178.2s
[start 54/200] thread=21 global_idx=53 (g=3543,e=4,s=7) elapsed=20678.5s
[done 31/200] thread=2 global_idx=41 (g=9112,e=3,s=9) state_time=17025.7s best_idx=38 sims=284059 N=75 K=75 eta=114502.0s
[start 55/200] thread=2 global_idx=54 (g=1784,e=6,s=5) elapsed=21003.3s
[done 32/200] thread=11 global_idx=43 (g=7373,e=1,s=11) state_time=14378.6s best_idx=59 sims=192096 N=103 K=103 eta=113384.1s
[start 56/200] thread=11 global_idx=55 (g=4905,e=4,s=14) elapsed=21597.0s
[done 33/200] thread=23 global_idx=38 (g=3732,e=7,s=7) state_time=19620.4s best_idx=43 sims=378572 N=49 K=49 eta=109697.0s
[start 57/200] thread=23 global_idx=56 (g=3837,e=2,s=10) elapsed=21676.6s
[done 34/200] thread=8 global_idx=52 (g=6230,e=1,s=12) state_time=5650.6s best_idx=35 sims=91839 N=49 K=49 eta=106380.0s
[start 58/200] thread=8 global_idx=57 (g=2854,e=0,s=15) elapsed=21788.7s
[done 35/200] thread=8 global_idx=57 (g=2854,e=0,s=15) state_time=48.3s best_idx=58 sims=903 N=103 K=103 eta=102945.8s
[start 59/200] thread=8 global_idx=58 (g=1221,e=1,s=10) elapsed=21837.0s
[done 36/200] thread=11 global_idx=55 (g=4905,e=4,s=14) state_time=820.9s best_idx=39 sims=9647 N=101 K=101 eta=102126.0s
[start 60/200] thread=11 global_idx=59 (g=7301,e=6,s=14) elapsed=22417.9s
[done 37/200] thread=10 global_idx=3 (g=9222,e=7,s=5) state_time=22513.8s best_idx=9 sims=494229 N=37 K=37 eta=99188.8s
[start 61/200] thread=10 global_idx=60 (g=5248,e=0,s=3) elapsed=22515.2s
[done 38/200] thread=14 global_idx=14 (g=5807,e=0,s=8) state_time=23132.6s best_idx=29 sims=364605 N=81 K=81 eta=98624.5s
[start 62/200] thread=14 global_idx=61 (g=2545,e=3,s=15) elapsed=23134.1s
[done 39/200] thread=14 global_idx=61 (g=2545,e=3,s=15) state_time=39.0s best_idx=0 sims=861 N=61 K=61 eta=95663.4s
[start 63/200] thread=14 global_idx=62 (g=6335,e=1,s=11) elapsed=23173.1s
[done 40/200] thread=19 global_idx=49 (g=8211,e=7,s=12) state_time=9069.0s best_idx=2 sims=122793 N=79 K=79 eta=93116.6s
[start 64/200] thread=19 global_idx=63 (g=8275,e=4,s=5) elapsed=23279.2s
[done 41/200] thread=7 global_idx=47 (g=5731,e=2,s=10) state_time=10554.4s best_idx=34 sims=203210 N=43 K=43 eta=91004.3s
[start 65/200] thread=7 global_idx=64 (g=963,e=5,s=13) elapsed=23466.5s
[done 42/200] thread=16 global_idx=20 (g=5780,e=2,s=6) state_time=23720.8s best_idx=35 sims=444258 N=49 K=49 eta=89241.4s
[start 66/200] thread=16 global_idx=65 (g=176,e=5,s=11) elapsed=23722.4s
[done 43/200] thread=4 global_idx=50 (g=5392,e=3,s=13) state_time=9613.8s best_idx=89 sims=90797 N=135 K=135 eta=89110.5s
[start 67/200] thread=4 global_idx=66 (g=2199,e=1,s=13) elapsed=24406.1s
[done 44/200] thread=11 global_idx=59 (g=7301,e=6,s=14) state_time=2051.5s best_idx=1 sims=18690 N=145 K=145 eta=86755.1s
[start 68/200] thread=11 global_idx=67 (g=8298,e=3,s=11) elapsed=24469.4s
[done 45/200] thread=17 global_idx=32 (g=1825,e=5,s=7) state_time=24705.6s best_idx=53 sims=411182 N=77 K=77 eta=89069.5s
[start 69/200] thread=17 global_idx=68 (g=6729,e=2,s=14) elapsed=25858.9s
[done 46/200] thread=9 global_idx=11 (g=5859,e=1,s=6) state_time=27331.5s best_idx=6 sims=461607 N=65 K=65 eta=91506.5s
[start 70/200] thread=9 global_idx=69 (g=8119,e=5,s=4) elapsed=27333.1s
[done 47/200] thread=17 global_idx=68 (g=6729,e=2,s=14) state_time=1756.9s best_idx=2 sims=16543 N=135 K=135 eta=89898.3s
[start 71/200] thread=17 global_idx=70 (g=8189,e=0,s=14) elapsed=27615.8s
[done 48/200] thread=17 global_idx=70 (g=8189,e=0,s=14) state_time=332.2s best_idx=34 sims=4738 N=55 K=55 eta=88502.0s
[start 72/200] thread=17 global_idx=71 (g=9791,e=0,s=8) elapsed=27948.0s
[done 49/200] thread=18 global_idx=30 (g=4543,e=6,s=5) state_time=29220.4s best_idx=45 sims=520579 N=71 K=71 eta=90438.8s
[start 73/200] thread=18 global_idx=72 (g=5487,e=5,s=5) elapsed=29347.7s
[done 50/200] thread=3 global_idx=12 (g=6871,e=4,s=5) state_time=29562.0s best_idx=43 sims=519292 N=71 K=71 eta=88690.7s
[start 74/200] thread=3 global_idx=73 (g=4950,e=0,s=15) elapsed=29563.6s
[done 51/200] thread=3 global_idx=73 (g=4950,e=0,s=15) state_time=29.7s best_idx=48 sims=871 N=71 K=71 eta=86458.7s
[start 75/200] thread=3 global_idx=74 (g=9143,e=3,s=7) elapsed=29593.2s
[done 52/200] thread=7 global_idx=64 (g=963,e=5,s=13) state_time=6419.5s best_idx=32 sims=71820 N=89 K=89 eta=85060.3s
[start 76/200] thread=7 global_idx=75 (g=4517,e=4,s=13) elapsed=29886.0s
[done 53/200] thread=6 global_idx=27 (g=743,e=7,s=3) state_time=30479.1s best_idx=6 sims=624859 N=55 K=55 eta=84709.5s
[start 77/200] thread=6 global_idx=76 (g=2994,e=5,s=10) elapsed=30541.5s
[done 54/200] thread=12 global_idx=21 (g=8645,e=7,s=5) state_time=30631.7s best_idx=2 sims=521289 N=71 K=71 eta=82823.3s
[start 78/200] thread=12 global_idx=77 (g=961,e=6,s=13) elapsed=30633.3s
[done 55/200] thread=14 global_idx=62 (g=6335,e=1,s=11) state_time=8242.7s best_idx=35 sims=145560 N=53 K=53 eta=82823.5s
[start 79/200] thread=14 global_idx=78 (g=1566,e=1,s=3) elapsed=31415.8s
[done 56/200] thread=5 global_idx=18 (g=1984,e=6,s=4) state_time=31703.6s best_idx=41 sims=571368 N=59 K=59 eta=81527.5s
[start 80/200] thread=5 global_idx=79 (g=1686,e=6,s=15) elapsed=31705.1s
[done 57/200] thread=5 global_idx=79 (g=1686,e=6,s=15) state_time=35.6s best_idx=0 sims=849 N=49 K=49 eta=79630.3s
[start 81/200] thread=5 global_idx=80 (g=1201,e=0,s=6) elapsed=31740.7s
[done 58/200] thread=0 global_idx=9 (g=4748,e=1,s=3) state_time=32456.7s best_idx=11 sims=617939 N=49 K=49 eta=79466.8s
[start 82/200] thread=0 global_idx=81 (g=5494,e=4,s=5) elapsed=32458.3s
[done 59/200] thread=22 global_idx=39 (g=3858,e=5,s=5) state_time=31657.3s best_idx=1 sims=525474 N=75 K=75 eta=81077.2s
[start 83/200] thread=22 global_idx=82 (g=2492,e=4,s=15) elapsed=33925.9s
[done 60/200] thread=22 global_idx=82 (g=2492,e=4,s=15) state_time=43.9s best_idx=42 sims=875 N=75 K=75 eta=79262.9s
[start 84/200] thread=22 global_idx=83 (g=8959,e=1,s=11) elapsed=33969.8s
[done 61/200] thread=4 global_idx=66 (g=2199,e=1,s=13) state_time=9588.4s best_idx=59 sims=93868 N=119 K=119 eta=77462.7s
[start 85/200] thread=4 global_idx=84 (g=1671,e=0,s=15) elapsed=33994.4s
[done 62/200] thread=4 global_idx=84 (g=1671,e=0,s=15) state_time=47.8s best_idx=77 sims=917 N=117 K=117 eta=75771.3s
[start 86/200] thread=4 global_idx=85 (g=1385,e=7,s=11) elapsed=34042.2s
[done 63/200] thread=20 global_idx=36 (g=1555,e=2,s=3) state_time=32137.0s best_idx=4 sims=627143 N=55 K=55 eta=74187.7s
[start 87/200] thread=20 global_idx=86 (g=6872,e=1,s=14) elapsed=34115.5s
[done 64/200] thread=20 global_idx=86 (g=6872,e=1,s=14) state_time=1730.7s best_idx=84 sims=17313 N=135 K=135 eta=76173.2s
[start 88/200] thread=20 global_idx=87 (g=8785,e=1,s=4) elapsed=35846.2s
[done 65/200] thread=23 global_idx=56 (g=3837,e=2,s=10) state_time=14611.1s best_idx=39 sims=230334 N=71 K=71 eta=75366.8s
[start 89/200] thread=23 global_idx=88 (g=1835,e=0,s=15) elapsed=36287.7s
[done 66/200] thread=23 global_idx=88 (g=1835,e=0,s=15) state_time=28.4s best_idx=56 sims=869 N=69 K=69 eta=73732.7s
[start 90/200] thread=23 global_idx=89 (g=6216,e=7,s=8) elapsed=36316.1s
[done 67/200] thread=16 global_idx=65 (g=176,e=5,s=11) state_time=14843.2s best_idx=84 sims=198752 N=97 K=97 eta=76555.6s
[start 91/200] thread=16 global_idx=90 (g=8471,e=6,s=5) elapsed=38565.6s
[done 68/200] thread=1 global_idx=45 (g=196,e=4,s=4) state_time=27359.1s best_idx=36 sims=568520 N=49 K=49 eta=76647.8s
[start 92/200] thread=1 global_idx=91 (g=256,e=3,s=12) elapsed=39485.2s
[done 69/200] thread=11 global_idx=67 (g=8298,e=3,s=11) state_time=16048.1s best_idx=38 sims=201934 N=119 K=119 eta=76924.5s
[start 93/200] thread=11 global_idx=92 (g=5778,e=2,s=9) elapsed=40517.5s
[done 70/200] thread=7 global_idx=75 (g=4517,e=4,s=13) state_time=10801.8s best_idx=73 sims=103153 N=123 K=123 eta=75563.2s
[start 94/200] thread=7 global_idx=93 (g=6320,e=4,s=15) elapsed=40687.9s
[done 71/200] thread=7 global_idx=93 (g=6320,e=4,s=15) state_time=38.5s best_idx=58 sims=903 N=103 K=103 eta=73995.8s
[start 95/200] thread=7 global_idx=94 (g=1638,e=4,s=11) elapsed=40726.4s
[done 72/200] thread=8 global_idx=58 (g=1221,e=1,s=10) state_time=19282.3s best_idx=47 sims=257710 N=113 K=113 eta=73101.0s
[start 96/200] thread=8 global_idx=95 (g=2310,e=6,s=15) elapsed=41119.3s
[done 73/200] thread=8 global_idx=95 (g=2310,e=6,s=15) state_time=51.1s best_idx=78 sims=935 N=135 K=135 eta=71625.3s
[start 97/200] thread=8 global_idx=96 (g=7921,e=5,s=4) elapsed=41170.4s
[done 74/200] thread=12 global_idx=77 (g=961,e=6,s=13) state_time=10740.9s best_idx=66 sims=103098 N=139 K=139 eta=70447.9s
[start 98/200] thread=12 global_idx=97 (g=1361,e=1,s=12) elapsed=41374.1s
[done 75/200] thread=21 global_idx=53 (g=3543,e=4,s=7) state_time=20888.0s best_idx=42 sims=384438 N=55 K=55 eta=69277.5s
[start 99/200] thread=21 global_idx=98 (g=5041,e=1,s=8) elapsed=41566.5s
[done 76/200] thread=15 global_idx=48 (g=9518,e=4,s=5) state_time=29395.5s best_idx=44 sims=519345 N=71 K=71 eta=69521.3s
[start 100/200] thread=15 global_idx=99 (g=5033,e=7,s=5) elapsed=42609.8s
[done 77/200] thread=1 global_idx=91 (g=256,e=3,s=12) state_time=7163.6s best_idx=48 sims=116930 N=77 K=77 eta=74517.0s
[start 101/200] thread=1 global_idx=100 (g=5022,e=1,s=15) elapsed=46648.8s
[done 78/200] thread=1 global_idx=100 (g=5022,e=1,s=15) state_time=33.6s best_idx=3 sims=889 N=89 K=89 eta=73016.1s
[start 102/200] thread=1 global_idx=101 (g=9907,e=7,s=9) elapsed=46682.4s
[done 79/200] thread=17 global_idx=71 (g=9791,e=0,s=8) state_time=18934.5s best_idx=48 sims=338717 N=55 K=55 eta=71807.4s
[start 103/200] thread=17 global_idx=102 (g=8627,e=2,s=12) elapsed=46882.5s
[done 80/200] thread=22 global_idx=83 (g=8959,e=1,s=11) state_time=13936.8s best_idx=64 sims=188561 N=97 K=97 eta=71859.9s
[start 104/200] thread=22 global_idx=103 (g=1641,e=6,s=10) elapsed=47906.6s
[done 81/200] thread=4 global_idx=85 (g=1385,e=7,s=11) state_time=13894.1s best_idx=80 sims=192509 N=103 K=103 eta=70424.8s
[start 105/200] thread=4 global_idx=104 (g=7249,e=2,s=15) elapsed=47936.2s
[done 82/200] thread=12 global_idx=97 (g=1361,e=1,s=12) state_time=6580.9s best_idx=1 sims=100356 N=59 K=59 eta=69008.5s
[start 106/200] thread=12 global_idx=105 (g=4837,e=7,s=2) elapsed=47955.1s
[done 83/200] thread=4 global_idx=104 (g=7249,e=2,s=15) state_time=55.2s best_idx=0 sims=939 N=139 K=139 eta=67650.5s
[start 107/200] thread=4 global_idx=106 (g=1039,e=2,s=15) elapsed=47991.4s
[done 84/200] thread=4 global_idx=106 (g=1039,e=2,s=15) state_time=27.5s best_idx=34 sims=843 N=43 K=43 eta=66311.8s
[start 108/200] thread=4 global_idx=107 (g=7846,e=3,s=10) elapsed=48018.9s
[done 85/200] thread=13 global_idx=51 (g=4262,e=4,s=2) state_time=34576.9s best_idx=44 sims=681869 N=49 K=49 eta=68441.4s
[start 109/200] thread=13 global_idx=108 (g=5246,e=2,s=5) elapsed=50587.1s
[done 86/200] thread=2 global_idx=54 (g=1784,e=6,s=5) state_time=29896.4s best_idx=44 sims=519638 N=71 K=71 eta=67471.8s
[start 110/200] thread=2 global_idx=109 (g=4166,e=2,s=12) elapsed=50899.8s
[done 87/200] thread=6 global_idx=76 (g=2994,e=5,s=10) state_time=20599.1s best_idx=45 sims=268356 N=113 K=113 eta=66424.0s
[start 111/200] thread=6 global_idx=110 (g=6533,e=4,s=6) elapsed=51140.6s
[done 88/200] thread=10 global_idx=60 (g=5248,e=0,s=3) state_time=28849.8s best_idx=34 sims=623441 N=49 K=49 eta=65373.8s
[start 112/200] thread=10 global_idx=111 (g=5721,e=0,s=12) elapsed=51365.1s
[done 89/200] thread=19 global_idx=63 (g=8275,e=4,s=5) state_time=29704.9s best_idx=44 sims=517281 N=71 K=71 eta=66081.2s
[start 113/200] thread=19 global_idx=112 (g=4463,e=7,s=9) elapsed=52984.0s
[done 90/200] thread=7 global_idx=94 (g=1638,e=4,s=11) state_time=13472.6s best_idx=59 sims=190777 N=103 K=103 eta=66243.2s
[start 114/200] thread=7 global_idx=113 (g=5606,e=2,s=14) elapsed=54199.0s
[done 91/200] thread=18 global_idx=72 (g=5487,e=5,s=5) state_time=25331.6s best_idx=0 sims=519751 N=71 K=71 eta=65495.0s
[start 115/200] thread=18 global_idx=114 (g=1123,e=4,s=3) elapsed=54679.3s
[done 92/200] thread=3 global_idx=74 (g=9143,e=3,s=7) state_time=25208.2s best_idx=74 sims=411735 N=81 K=81 eta=64332.2s
[start 116/200] thread=3 global_idx=115 (g=8113,e=3,s=15) elapsed=54801.5s
[done 93/200] thread=3 global_idx=115 (g=8113,e=3,s=15) state_time=40.5s best_idx=33 sims=869 N=69 K=69 eta=63097.7s
[start 117/200] thread=3 global_idx=116 (g=716,e=6,s=7) elapsed=54842.0s
[done 94/200] thread=23 global_idx=89 (g=6216,e=7,s=8) state_time=18739.3s best_idx=19 sims=337221 N=55 K=55 eta=62083.8s
[start 118/200] thread=23 global_idx=117 (g=459,e=3,s=5) elapsed=55055.4s
[done 95/200] thread=7 global_idx=113 (g=5606,e=2,s=14) state_time=1763.7s best_idx=46 sims=17364 N=139 K=139 eta=61853.6s
[start 119/200] thread=7 global_idx=118 (g=9287,e=7,s=12) elapsed=55962.7s
[done 96/200] thread=5 global_idx=80 (g=1201,e=0,s=6) state_time=24736.6s best_idx=3 sims=454327 N=53 K=53 eta=61183.8s
[start 120/200] thread=5 global_idx=119 (g=5647,e=1,s=10) elapsed=56477.3s
[done 97/200] thread=2 global_idx=109 (g=4166,e=2,s=12) state_time=7736.3s best_idx=49 sims=111726 N=75 K=75 eta=62263.0s
[start 121/200] thread=2 global_idx=120 (g=4562,e=4,s=13) elapsed=58636.0s
[done 98/200] thread=17 global_idx=102 (g=8627,e=2,s=12) state_time=11789.8s best_idx=82 sims=140022 N=103 K=103 eta=61067.2s
[start 122/200] thread=17 global_idx=121 (g=6201,e=5,s=11) elapsed=58672.4s
[done 99/200] thread=21 global_idx=98 (g=5041,e=1,s=8) state_time=19364.1s best_idx=1 sims=336105 N=55 K=55 eta=62161.5s
[start 123/200] thread=21 global_idx=122 (g=9166,e=3,s=14) elapsed=60930.6s
[done 100/200] thread=9 global_idx=69 (g=8119,e=5,s=4) state_time=33612.1s best_idx=11 sims=580787 N=65 K=65 eta=60945.2s
[start 124/200] thread=9 global_idx=123 (g=8703,e=4,s=3) elapsed=60945.2s
[done 101/200] thread=4 global_idx=107 (g=7846,e=3,s=10) state_time=13287.0s best_idx=39 sims=223154 N=65 K=65 eta=60091.9s
[start 125/200] thread=4 global_idx=124 (g=1616,e=0,s=14) elapsed=61305.9s
[done 102/200] thread=11 global_idx=92 (g=5778,e=2,s=9) state_time=21052.0s best_idx=2 sims=308605 N=97 K=97 eta=59155.0s
[start 126/200] thread=11 global_idx=125 (g=5809,e=3,s=9) elapsed=61569.5s
[done 103/200] thread=4 global_idx=124 (g=1616,e=0,s=14) state_time=386.8s best_idx=35 sims=5269 N=69 K=69 eta=58099.0s
[start 127/200] thread=4 global_idx=126 (g=4651,e=6,s=5) elapsed=61692.7s
[done 104/200] thread=1 global_idx=101 (g=9907,e=7,s=9) state_time=15488.3s best_idx=45 sims=277289 N=65 K=65 eta=57388.4s
[start 128/200] thread=1 global_idx=127 (g=8894,e=2,s=15) elapsed=62170.7s
[done 105/200] thread=1 global_idx=127 (g=8894,e=2,s=15) state_time=42.8s best_idx=2 sims=879 N=79 K=79 eta=56288.5s
[start 129/200] thread=1 global_idx=128 (g=2369,e=6,s=9) elapsed=62213.6s
[done 106/200] thread=21 global_idx=122 (g=9166,e=3,s=14) state_time=1734.2s best_idx=85 sims=16023 N=139 K=139 eta=55570.7s
[start 130/200] thread=21 global_idx=129 (g=1083,e=7,s=15) elapsed=62664.8s
[done 107/200] thread=21 global_idx=129 (g=1083,e=7,s=15) state_time=43.7s best_idx=57 sims=903 N=103 K=103 eta=54503.6s
[start 131/200] thread=21 global_idx=130 (g=366,e=3,s=11) elapsed=62708.5s
[done 108/200] thread=7 global_idx=118 (g=9287,e=7,s=12) state_time=6794.2s best_idx=38 sims=105625 N=65 K=65 eta=53459.6s
[start 132/200] thread=7 global_idx=131 (g=6354,e=2,s=15) elapsed=62756.9s
[done 109/200] thread=7 global_idx=131 (g=6354,e=2,s=15) state_time=58.7s best_idx=4 sims=951 N=151 K=151 eta=52442.4s
[start 133/200] thread=7 global_idx=132 (g=9260,e=7,s=2) elapsed=62815.6s
[done 110/200] thread=20 global_idx=87 (g=8785,e=1,s=4) state_time=27318.8s best_idx=2 sims=564301 N=49 K=49 eta=51680.5s
[start 134/200] thread=20 global_idx=133 (g=6267,e=4,s=12) elapsed=63165.0s
[done 111/200] thread=10 global_idx=111 (g=5721,e=0,s=12) state_time=12749.0s best_idx=41 sims=163301 N=123 K=123 eta=51406.8s
[start 135/200] thread=10 global_idx=134 (g=1158,e=6,s=8) elapsed=64114.1s
[done 112/200] thread=0 global_idx=81 (g=5494,e=4,s=5) state_time=31767.3s best_idx=6 sims=527384 N=75 K=75 eta=50463.0s
[start 136/200] thread=0 global_idx=135 (g=6520,e=1,s=5) elapsed=64225.6s
[done 113/200] thread=14 global_idx=78 (g=1566,e=1,s=3) state_time=35977.5s best_idx=40 sims=631085 N=59 K=59 eta=51886.9s
[start 137/200] thread=14 global_idx=136 (g=2099,e=0,s=14) elapsed=67393.3s
[done 114/200] thread=14 global_idx=136 (g=2099,e=0,s=14) state_time=728.0s best_idx=3 sims=8590 N=91 K=91 eta=51389.8s
[start 138/200] thread=14 global_idx=137 (g=4892,e=6,s=10) elapsed=68121.3s
[done 115/200] thread=2 global_idx=120 (g=4562,e=4,s=13) state_time=10106.1s best_idx=78 sims=95886 N=129 K=129 eta=50809.4s
[start 139/200] thread=2 global_idx=138 (g=7859,e=3,s=14) elapsed=68742.2s
[done 116/200] thread=16 global_idx=90 (g=8471,e=6,s=5) state_time=30918.8s best_idx=36 sims=527243 N=75 K=75 eta=50316.3s
[start 140/200] thread=16 global_idx=139 (g=2084,e=7,s=10) elapsed=69484.4s
[done 117/200] thread=22 global_idx=103 (g=1641,e=6,s=10) state_time=21587.6s best_idx=67 sims=268092 N=113 K=113 eta=49299.3s
[start 141/200] thread=22 global_idx=140 (g=5335,e=1,s=14) elapsed=69494.2s
[done 118/200] thread=20 global_idx=133 (g=6267,e=4,s=12) state_time=6744.9s best_idx=2 sims=103925 N=55 K=55 eta=48581.5s
[start 142/200] thread=20 global_idx=141 (g=5272,e=2,s=4) elapsed=69909.9s
[done 119/200] thread=2 global_idx=138 (g=7859,e=3,s=14) state_time=1556.1s best_idx=41 sims=15374 N=129 K=129 eta=47850.1s
[start 143/200] thread=2 global_idx=142 (g=5472,e=3,s=13) elapsed=70298.2s
[done 120/200] thread=22 global_idx=140 (g=5335,e=1,s=14) state_time=2234.4s best_idx=85 sims=19865 N=145 K=145 eta=47819.1s
[start 144/200] thread=22 global_idx=143 (g=4526,e=5,s=9) elapsed=71728.6s
[done 121/200] thread=15 global_idx=99 (g=5033,e=7,s=5) state_time=29602.5s best_idx=52 sims=519250 N=71 K=71 eta=47146.9s
[start 145/200] thread=15 global_idx=144 (g=6392,e=2,s=5) elapsed=72212.3s
[done 122/200] thread=8 global_idx=96 (g=7921,e=5,s=4) state_time=31054.8s best_idx=41 sims=565088 N=49 K=49 eta=46176.8s
[start 146/200] thread=8 global_idx=145 (g=1255,e=4,s=13) elapsed=72225.3s
[done 123/200] thread=5 global_idx=119 (g=5647,e=1,s=10) state_time=16927.9s best_idx=11 sims=248673 N=91 K=91 eta=45952.8s
[start 147/200] thread=5 global_idx=146 (g=5259,e=3,s=8) elapsed=73405.2s
[done 124/200] thread=2 global_idx=142 (g=5472,e=3,s=13) state_time=3578.0s best_idx=38 sims=40592 N=69 K=69 eta=45279.0s
[start 148/200] thread=2 global_idx=147 (g=7905,e=3,s=15) elapsed=73876.2s
[done 125/200] thread=2 global_idx=147 (g=7905,e=3,s=15) state_time=42.5s best_idx=56 sims=903 N=103 K=103 eta=44351.2s
[start 149/200] thread=2 global_idx=148 (g=4159,e=5,s=11) elapsed=73918.7s
[done 126/200] thread=17 global_idx=121 (g=6201,e=5,s=11) state_time=15550.8s best_idx=63 sims=196630 N=107 K=107 eta=43591.4s
[start 150/200] thread=17 global_idx=149 (g=2788,e=5,s=13) elapsed=74223.2s
[done 127/200] thread=19 global_idx=112 (g=4463,e=7,s=9) state_time=21625.9s best_idx=73 sims=314192 N=103 K=103 eta=42886.0s
[start 151/200] thread=19 global_idx=150 (g=4360,e=7,s=4) elapsed=74609.9s
[done 128/200] thread=3 global_idx=116 (g=716,e=6,s=7) state_time=21527.2s best_idx=33 sims=390225 N=55 K=55 eta=42957.6s
[start 152/200] thread=3 global_idx=151 (g=8248,e=7,s=13) elapsed=76369.1s
[done 129/200] thread=1 global_idx=128 (g=2369,e=6,s=9) state_time=14225.3s best_idx=42 sims=294265 N=79 K=79 eta=42071.0s
[start 153/200] thread=1 global_idx=152 (g=2081,e=5,s=9) elapsed=76438.8s
[done 130/200] thread=11 global_idx=125 (g=5809,e=3,s=9) state_time=15036.3s best_idx=45 sims=269488 N=53 K=53 eta=41249.3s
[start 154/200] thread=11 global_idx=153 (g=1265,e=4,s=5) elapsed=76605.8s
[done 131/200] thread=8 global_idx=145 (g=1255,e=4,s=13) state_time=5617.9s best_idx=69 sims=59071 N=91 K=91 eta=41001.4s
[start 155/200] thread=8 global_idx=154 (g=3677,e=7,s=15) elapsed=77843.2s
[done 132/200] thread=8 global_idx=154 (g=3677,e=7,s=15) state_time=39.6s best_idx=3 sims=875 N=75 K=75 eta=40121.4s
[start 156/200] thread=8 global_idx=155 (g=477,e=2,s=10) elapsed=77882.8s
[done 133/200] thread=3 global_idx=151 (g=8248,e=7,s=13) state_time=3479.3s best_idx=1 sims=40249 N=59 K=59 eta=40224.4s
[start 157/200] thread=3 global_idx=156 (g=8462,e=7,s=13) elapsed=79848.4s
[done 134/200] thread=13 global_idx=108 (g=5246,e=2,s=5) state_time=29423.3s best_idx=6 sims=527770 N=75 K=75 eta=39408.1s
[start 158/200] thread=13 global_idx=157 (g=3186,e=1,s=11) elapsed=80010.4s
[done 135/200] thread=21 global_idx=130 (g=366,e=3,s=11) state_time=17580.2s best_idx=43 sims=212257 N=119 K=119 eta=38657.5s
[start 159/200] thread=21 global_idx=158 (g=8936,e=4,s=15) elapsed=80288.7s
[done 136/200] thread=21 global_idx=158 (g=8936,e=4,s=15) state_time=59.9s best_idx=1 sims=945 N=145 K=145 eta=37811.1s
[start 160/200] thread=21 global_idx=159 (g=966,e=6,s=3) elapsed=80348.6s
[done 137/200] thread=6 global_idx=110 (g=6533,e=4,s=6) state_time=30473.4s best_idx=28 sims=473301 N=81 K=81 eta=37530.5s
[start 161/200] thread=6 global_idx=160 (g=232,e=1,s=13) elapsed=81614.0s
[done 138/200] thread=10 global_idx=134 (g=1158,e=6,s=8) state_time=17631.0s best_idx=53 sims=346251 N=65 K=65 eta=36726.1s
[start 162/200] thread=10 global_idx=161 (g=3968,e=6,s=10) elapsed=81745.1s
[done 139/200] thread=23 global_idx=117 (g=459,e=3,s=5) state_time=29802.9s best_idx=34 sims=518428 N=71 K=71 eta=37240.0s
[start 163/200] thread=23 global_idx=162 (g=2440,e=2,s=5) elapsed=84858.3s
[done 140/200] thread=17 global_idx=149 (g=2788,e=5,s=13) state_time=10769.8s best_idx=77 sims=99108 N=139 K=139 eta=36425.6s
[start 164/200] thread=17 global_idx=163 (g=1624,e=6,s=15) elapsed=84993.0s
[done 141/200] thread=17 global_idx=163 (g=1624,e=6,s=15) state_time=41.5s best_idx=2 sims=891 N=91 K=91 eta=35581.8s
[start 165/200] thread=17 global_idx=164 (g=9851,e=7,s=8) elapsed=85034.6s
[done 142/200] thread=12 global_idx=105 (g=4837,e=7,s=2) state_time=37324.6s best_idx=43 sims=682148 N=49 K=49 eta=34832.5s
[start 166/200] thread=12 global_idx=165 (g=9879,e=2,s=15) elapsed=85279.6s
[done 143/200] thread=12 global_idx=165 (g=9879,e=2,s=15) state_time=50.2s best_idx=45 sims=917 N=117 K=117 eta=34012.6s
[start 167/200] thread=12 global_idx=166 (g=9832,e=1,s=9) elapsed=85329.8s
[done 144/200] thread=6 global_idx=160 (g=232,e=1,s=13) state_time=3872.8s best_idx=7 sims=44360 N=59 K=59 eta=33244.9s
[start 168/200] thread=6 global_idx=167 (g=4221,e=2,s=14) elapsed=85486.8s
[done 145/200] thread=14 global_idx=137 (g=4892,e=6,s=10) state_time=17897.6s best_idx=2 sims=249046 N=101 K=101 eta=32627.9s
[start 169/200] thread=14 global_idx=168 (g=1999,e=2,s=5) elapsed=86018.9s
[done 146/200] thread=18 global_idx=114 (g=1123,e=4,s=3) state_time=32331.6s best_idx=42 sims=621595 N=55 K=55 eta=32182.1s
[start 170/200] thread=18 global_idx=169 (g=99,e=4,s=13) elapsed=87010.9s
[done 147/200] thread=6 global_idx=167 (g=4221,e=2,s=14) state_time=2037.4s best_idx=100 sims=18234 N=145 K=145 eta=31556.4s
[start 171/200] thread=6 global_idx=170 (g=964,e=0,s=8) elapsed=87524.2s
[done 148/200] thread=1 global_idx=152 (g=2081,e=5,s=9) state_time=11818.8s best_idx=45 sims=278787 N=53 K=53 eta=31009.4s
[start 172/200] thread=1 global_idx=171 (g=6357,e=7,s=5) elapsed=88257.7s
[done 149/200] thread=22 global_idx=143 (g=4526,e=5,s=9) state_time=16848.0s best_idx=0 sims=282539 N=65 K=65 eta=30318.2s
[start 173/200] thread=22 global_idx=172 (g=632,e=7,s=12) elapsed=88576.6s
[done 150/200] thread=18 global_idx=169 (g=99,e=4,s=13) state_time=1960.6s best_idx=48 sims=24066 N=57 K=57 eta=29657.2s
[start 174/200] thread=18 global_idx=173 (g=3130,e=2,s=11) elapsed=88971.5s
[done 151/200] thread=3 global_idx=156 (g=8462,e=7,s=13) state_time=9321.1s best_idx=93 sims=91733 N=115 K=115 eta=28935.8s
[start 175/200] thread=3 global_idx=174 (g=2941,e=4,s=13) elapsed=89169.5s
[done 152/200] thread=2 global_idx=148 (g=4159,e=5,s=11) state_time=16354.4s best_idx=48 sims=198451 N=103 K=103 eta=28507.3s
[start 176/200] thread=2 global_idx=175 (g=6374,e=0,s=11) elapsed=90273.1s
[done 153/200] thread=16 global_idx=139 (g=2084,e=7,s=10) state_time=21533.3s best_idx=2 sims=273617 N=113 K=113 eta=27959.7s
[start 177/200] thread=16 global_idx=176 (g=156,e=7,s=14) elapsed=91017.7s
[done 154/200] thread=4 global_idx=126 (g=4651,e=6,s=5) state_time=30274.0s best_idx=49 sims=520549 N=71 K=71 eta=27470.6s
[start 178/200] thread=4 global_idx=177 (g=1570,e=1,s=4) elapsed=91966.7s
[done 155/200] thread=13 global_idx=157 (g=3186,e=1,s=11) state_time=12449.7s best_idx=58 sims=171147 N=119 K=119 eta=26843.3s
[start 179/200] thread=13 global_idx=178 (g=7117,e=6,s=12) elapsed=92460.1s
[done 156/200] thread=10 global_idx=161 (g=3968,e=6,s=10) state_time=11296.2s best_idx=36 sims=208565 N=49 K=49 eta=26242.4s
[start 180/200] thread=10 global_idx=179 (g=6164,e=7,s=6) elapsed=93041.4s
[done 157/200] thread=16 global_idx=176 (g=156,e=7,s=14) state_time=2060.8s best_idx=55 sims=18999 N=145 K=145 eta=25492.8s
[start 181/200] thread=16 global_idx=180 (g=4376,e=5,s=5) elapsed=93078.5s
[done 158/200] thread=9 global_idx=123 (g=8703,e=4,s=3) state_time=32963.2s best_idx=35 sims=621240 N=49 K=49 eta=24963.0s
[start 182/200] thread=9 global_idx=181 (g=4444,e=0,s=12) elapsed=93908.4s
[done 159/200] thread=8 global_idx=155 (g=477,e=2,s=10) state_time=16320.7s best_idx=43 sims=243159 N=81 K=81 eta=24291.4s
[start 183/200] thread=8 global_idx=182 (g=5083,e=5,s=6) elapsed=94203.4s
[done 160/200] thread=0 global_idx=135 (g=6520,e=1,s=5) state_time=32241.7s best_idx=52 sims=527289 N=75 K=75 eta=24116.8s
[start 184/200] thread=0 global_idx=183 (g=894,e=4,s=13) elapsed=96467.2s
[done 161/200] thread=22 global_idx=172 (g=632,e=7,s=12) state_time=8126.8s best_idx=58 sims=111905 N=81 K=81 eta=23425.1s
[start 185/200] thread=22 global_idx=184 (g=8445,e=1,s=11) elapsed=96703.5s
[done 162/200] thread=13 global_idx=178 (g=7117,e=6,s=12) state_time=5740.4s best_idx=34 sims=93528 N=49 K=49 eta=23034.7s
[start 186/200] thread=13 global_idx=185 (g=7871,e=7,s=15) elapsed=98200.5s
[done 163/200] thread=13 global_idx=185 (g=7871,e=7,s=15) state_time=69.4s best_idx=57 sims=951 N=151 K=151 eta=22306.7s
[start 187/200] thread=13 global_idx=186 (g=8198,e=0,s=4) elapsed=98270.0s
[done 164/200] thread=7 global_idx=132 (g=9260,e=7,s=2) state_time=36154.3s best_idx=44 sims=681362 N=49 K=49 eta=21725.1s
[start 188/200] thread=7 global_idx=187 (g=6829,e=6,s=13) elapsed=98969.9s
[done 165/200] thread=5 global_idx=146 (g=5259,e=3,s=8) state_time=25804.0s best_idx=91 sims=376598 N=97 K=97 eta=21044.4s
[start 189/200] thread=5 global_idx=188 (g=4702,e=2,s=8) elapsed=99209.2s
[done 166/200] thread=3 global_idx=174 (g=2941,e=4,s=13) state_time=10898.7s best_idx=22 sims=104845 N=125 K=125 eta=20495.9s
[start 190/200] thread=3 global_idx=189 (g=4058,e=3,s=5) elapsed=100068.2s
[done 167/200] thread=20 global_idx=141 (g=5272,e=2,s=4) state_time=30404.0s best_idx=11 sims=568313 N=53 K=53 eta=19822.5s
[start 191/200] thread=20 global_idx=190 (g=7591,e=4,s=13) elapsed=100314.0s
[done 168/200] thread=7 global_idx=187 (g=6829,e=6,s=13) state_time=2503.2s best_idx=44 sims=30713 N=53 K=53 eta=19328.2s
[start 192/200] thread=7 global_idx=191 (g=1445,e=7,s=8) elapsed=101473.1s
[done 169/200] thread=18 global_idx=173 (g=3130,e=2,s=11) state_time=13143.9s best_idx=6 sims=187713 N=91 K=91 eta=18731.2s
[start 193/200] thread=18 global_idx=192 (g=5373,e=5,s=13) elapsed=102115.4s
[done 170/200] thread=9 global_idx=181 (g=4444,e=0,s=12) state_time=8590.0s best_idx=10 sims=118185 N=75 K=75 eta=18088.0s
[start 194/200] thread=9 global_idx=193 (g=5423,e=3,s=9) elapsed=102498.4s
[done 171/200] thread=2 global_idx=175 (g=6374,e=0,s=11) state_time=12714.3s best_idx=57 sims=178415 N=113 K=113 eta=17465.7s
[start 195/200] thread=2 global_idx=194 (g=1644,e=5,s=15) elapsed=102987.4s
[done 172/200] thread=15 global_idx=144 (g=6392,e=2,s=5) state_time=30814.6s best_idx=0 sims=524351 N=75 K=75 eta=16771.8s
[start 196/200] thread=15 global_idx=195 (g=6839,e=5,s=3) elapsed=103026.9s
[done 173/200] thread=2 global_idx=194 (g=1644,e=5,s=15) state_time=59.6s best_idx=25 sims=935 N=135 K=135 eta=16082.5s
[start 197/200] thread=2 global_idx=196 (g=1063,e=2,s=15) elapsed=103047.0s
[done 174/200] thread=2 global_idx=196 (g=1063,e=2,s=15) state_time=28.1s best_idx=34 sims=855 N=55 K=55 eta=15402.0s
[start 198/200] thread=2 global_idx=197 (g=3774,e=5,s=6) elapsed=103075.0s
[done 175/200] thread=0 global_idx=183 (g=894,e=4,s=13) state_time=7669.7s best_idx=60 sims=80995 N=105 K=105 eta=14876.7s
[start 199/200] thread=0 global_idx=198 (g=7844,e=2,s=5) elapsed=104137.0s
[done 176/200] thread=6 global_idx=170 (g=964,e=0,s=8) state_time=17749.3s best_idx=45 sims=339122 N=63 K=63 eta=14355.5s
[start 200/200] thread=6 global_idx=199 (g=5770,e=5,s=13) elapsed=105273.6s
[done 177/200] thread=19 global_idx=150 (g=4360,e=7,s=4) state_time=31820.6s best_idx=40 sims=573968 N=59 K=59 eta=13830.0s
[done 178/200] thread=20 global_idx=190 (g=7591,e=4,s=13) state_time=6623.4s best_idx=7 sims=73470 N=97 K=97 eta=13217.0s
[done 179/200] thread=11 global_idx=153 (g=1265,e=4,s=5) state_time=30348.4s best_idx=3 sims=519722 N=71 K=71 eta=12547.7s
[done 180/200] thread=17 global_idx=164 (g=9851,e=7,s=8) state_time=22800.3s best_idx=53 sims=352759 N=81 K=81 eta=11981.7s
[done 181/200] thread=12 global_idx=166 (g=9832,e=1,s=9) state_time=22596.7s best_idx=40 sims=311708 N=103 K=103 eta=11329.3s
[done 182/200] thread=18 global_idx=192 (g=5373,e=5,s=13) state_time=7660.2s best_idx=43 sims=87759 N=107 K=107 eta=10856.9s
[done 183/200] thread=6 global_idx=199 (g=5770,e=5,s=13) state_time=4727.0s best_idx=44 sims=64551 N=91 K=91 eta=10218.6s
[done 184/200] thread=22 global_idx=184 (g=8445,e=1,s=11) state_time=15093.0s best_idx=97 sims=201850 N=103 K=103 eta=9721.4s
[done 185/200] thread=14 global_idx=168 (g=1999,e=2,s=5) state_time=25872.4s best_idx=35 sims=500046 N=53 K=53 eta=9072.3s
[done 186/200] thread=23 global_idx=162 (g=2440,e=2,s=5) state_time=27875.1s best_idx=3 sims=520505 N=71 K=71 eta=8485.3s
[done 187/200] thread=21 global_idx=159 (g=966,e=6,s=3) state_time=32584.1s best_idx=20 sims=625462 N=55 K=55 eta=7850.9s
[done 188/200] thread=1 global_idx=171 (g=6357,e=7,s=5) state_time=25940.9s best_idx=2 sims=524486 N=75 K=75 eta=7289.3s
[done 189/200] thread=5 global_idx=188 (g=4702,e=2,s=8) state_time=15161.8s best_idx=33 sims=333821 N=49 K=49 eta=6656.5s
[done 190/200] thread=10 global_idx=179 (g=6164,e=7,s=6) state_time=21631.4s best_idx=42 sims=450394 N=49 K=49 eta=6035.4s
[done 191/200] thread=4 global_idx=177 (g=1570,e=1,s=4) state_time=26130.0s best_idx=45 sims=567503 N=49 K=49 eta=5564.8s
[done 192/200] thread=16 global_idx=180 (g=4376,e=5,s=5) state_time=25029.1s best_idx=47 sims=518732 N=75 K=75 eta=4921.1s
[done 193/200] thread=7 global_idx=191 (g=1445,e=7,s=8) state_time=17172.8s best_idx=36 sims=352449 N=65 K=65 eta=4303.2s
[done 194/200] thread=9 global_idx=193 (g=5423,e=3,s=9) state_time=16519.5s best_idx=59 sims=306757 N=103 K=103 eta=3681.0s
[done 195/200] thread=8 global_idx=182 (g=5083,e=5,s=6) state_time=25866.4s best_idx=79 sims=475770 N=81 K=81 eta=3078.7s
[done 196/200] thread=3 global_idx=189 (g=4058,e=3,s=5) state_time=22340.2s best_idx=3 sims=521079 N=71 K=71 eta=2498.1s
[done 197/200] thread=13 global_idx=186 (g=8198,e=0,s=4) state_time=24653.9s best_idx=55 sims=568847 N=59 K=59 eta=1871.9s
[done 198/200] thread=2 global_idx=197 (g=3774,e=5,s=6) state_time=20440.1s best_idx=7 sims=462523 N=65 K=65 eta=1247.6s
[done 199/200] thread=0 global_idx=198 (g=7844,e=2,s=5) state_time=20661.7s best_idx=1 sims=518126 N=71 K=71 eta=627.1s
[done 200/200] thread=15 global_idx=195 (g=6839,e=5,s=3) state_time=25162.0s best_idx=14 sims=623289 N=55 K=55 eta=0.0s

=== Arm done: 200 states in 128188.9s ===
  [csv] wrote 200 records to reinvest_experiment/sweepN/P800/A1N/seed_43/reinvest_results_idx0.csv

=== Summary (A1N) ===
  valid cases        = 200 / 200
  avg actual_sims    = 235758  (min=843, max=682148)
  avg time           = 13820.95s
