nohup: ignoring input
Running Score-Move referee...

=== Score-Move Referee ===
  n_states           = 500
  score_rollouts (K) = 200
  resample_first_shot= true (execution-uncertainty-aware)
  epsilon            = 0.3
  num_threads        = 64
  seed               = 42
  start_index        = 200
  max_positions      = 150
  load_positions_dir = test_positions500
  output_dir         = reinvest_experiment/run500/referee
  [loader] 1 batch files in test_positions500
  [loader] loaded 500 positions
  Sampled 500 / 500 positions (seed=42)
  Sliced to [200, 350) = 150 positions
  Generating candidate pools for 150 positions...
    [1/150] g=2435 e=0 s=1 -> 43 candidates
    [2/150] g=5303 e=2 s=0 -> 33 candidates
    [3/150] g=284 e=7 s=1 -> 39 candidates
    [4/150] g=9065 e=4 s=0 -> 33 candidates
    [5/150] g=7579 e=0 s=1 -> 43 candidates
    [6/150] g=5445 e=5 s=1 -> 39 candidates
    [7/150] g=9428 e=3 s=0 -> 33 candidates
    [8/150] g=7300 e=3 s=0 -> 33 candidates
    [9/150] g=8156 e=1 s=1 -> 39 candidates
    [10/150] g=8701 e=2 s=0 -> 33 candidates
    [11/150] g=1998 e=7 s=0 -> 33 candidates
    [12/150] g=2643 e=7 s=1 -> 43 candidates
    [13/150] g=4833 e=5 s=0 -> 33 candidates
    [14/150] g=6085 e=3 s=0 -> 33 candidates
    [15/150] g=3377 e=1 s=1 -> 39 candidates
    [16/150] g=3950 e=3 s=1 -> 43 candidates
    [17/150] g=5322 e=5 s=0 -> 33 candidates
    [18/150] g=6603 e=4 s=0 -> 33 candidates
    [19/150] g=6821 e=4 s=0 -> 33 candidates
    [20/150] g=4552 e=4 s=0 -> 33 candidates
    [21/150] g=1532 e=3 s=1 -> 43 candidates
    [22/150] g=5154 e=6 s=1 -> 43 candidates
    [23/150] g=3082 e=0 s=2 -> 33 candidates
    [24/150] g=4716 e=7 s=3 -> 33 candidates
    [25/150] g=2732 e=2 s=0 -> 33 candidates
    [26/150] g=7051 e=7 s=1 -> 43 candidates
    [27/150] g=5470 e=0 s=1 -> 43 candidates
    [28/150] g=7590 e=3 s=1 -> 43 candidates
    [29/150] g=3383 e=6 s=0 -> 33 candidates
    [30/150] g=1327 e=5 s=1 -> 43 candidates
    [31/150] g=2213 e=0 s=1 -> 43 candidates
    [32/150] g=9526 e=7 s=1 -> 43 candidates
    [33/150] g=9585 e=2 s=0 -> 33 candidates
    [34/150] g=2126 e=6 s=1 -> 43 candidates
    [35/150] g=5349 e=1 s=1 -> 39 candidates
    [36/150] g=7511 e=4 s=0 -> 33 candidates
    [37/150] g=6560 e=1 s=0 -> 33 candidates
    [38/150] g=2296 e=1 s=3 -> 43 candidates
    [39/150] g=2227 e=1 s=0 -> 33 candidates
    [40/150] g=1846 e=0 s=0 -> 33 candidates
    [41/150] g=7360 e=0 s=2 -> 49 candidates
    [42/150] g=2359 e=1 s=2 -> 49 candidates
    [43/150] g=9378 e=6 s=5 -> 53 candidates
    [44/150] g=1936 e=0 s=4 -> 49 candidates
    [45/150] g=2919 e=3 s=5 -> 59 candidates
    [46/150] g=8484 e=6 s=2 -> 49 candidates
    [47/150] g=8492 e=3 s=3 -> 55 candidates
    [48/150] g=8250 e=2 s=4 -> 59 candidates
    [49/150] g=69 e=5 s=5 -> 55 candidates
    [50/150] g=8029 e=7 s=5 -> 49 candidates
    [51/150] g=3941 e=1 s=3 -> 55 candidates
    [52/150] g=9258 e=3 s=4 -> 49 candidates
    [53/150] g=3481 e=1 s=2 -> 49 candidates
    [54/150] g=8790 e=2 s=5 -> 49 candidates
    [55/150] g=8205 e=1 s=3 -> 55 candidates
    [56/150] g=2133 e=7 s=4 -> 53 candidates
    [57/150] g=9945 e=2 s=3 -> 55 candidates
    [58/150] g=7226 e=1 s=5 -> 59 candidates
    [59/150] g=368 e=6 s=2 -> 49 candidates
    [60/150] g=2628 e=1 s=5 -> 49 candidates
    [61/150] g=8575 e=6 s=3 -> 55 candidates
    [62/150] g=9731 e=3 s=5 -> 61 candidates
    [63/150] g=2742 e=6 s=2 -> 49 candidates
    [64/150] g=4917 e=5 s=4 -> 45 candidates
    [65/150] g=9700 e=3 s=3 -> 59 candidates
    [66/150] g=3228 e=6 s=2 -> 49 candidates
    [67/150] g=6781 e=0 s=5 -> 65 candidates
    [68/150] g=7332 e=3 s=3 -> 49 candidates
    [69/150] g=244 e=4 s=4 -> 65 candidates
    [70/150] g=8134 e=3 s=2 -> 49 candidates
    [71/150] g=95 e=3 s=6 -> 53 candidates
    [72/150] g=5208 e=6 s=9 -> 49 candidates
    [73/150] g=9141 e=4 s=8 -> 65 candidates
    [74/150] g=4339 e=6 s=6 -> 43 candidates
    [75/150] g=2703 e=4 s=8 -> 81 candidates
    [76/150] g=2049 e=6 s=9 -> 49 candidates
    [77/150] g=464 e=2 s=8 -> 65 candidates
    [78/150] g=5456 e=7 s=9 -> 43 candidates
    [79/150] g=2594 e=0 s=8 -> 53 candidates
    [80/150] g=4434 e=2 s=7 -> 57 candidates
    [81/150] g=7280 e=3 s=8 -> 71 candidates
    [82/150] g=4139 e=3 s=11 -> 43 candidates
    [83/150] g=3380 e=3 s=9 -> 63 candidates
    [84/150] g=4680 e=5 s=8 -> 55 candidates
    [85/150] g=3218 e=7 s=8 -> 55 candidates
    [86/150] g=8311 e=1 s=9 -> 59 candidates
    [87/150] g=4268 e=6 s=10 -> 57 candidates
    [88/150] g=4506 e=4 s=6 -> 49 candidates
    [89/150] g=722 e=3 s=9 -> 49 candidates
    [90/150] g=8636 e=4 s=7 -> 53 candidates
    [91/150] g=5832 e=6 s=7 -> 69 candidates
    [92/150] g=7901 e=3 s=6 -> 65 candidates
    [93/150] g=6255 e=6 s=6 -> 53 candidates
    [94/150] g=6016 e=1 s=9 -> 85 candidates
    [95/150] g=9499 e=6 s=8 -> 49 candidates
    [96/150] g=7303 e=5 s=7 -> 53 candidates
    [97/150] g=5203 e=3 s=7 -> 47 candidates
    [98/150] g=8478 e=6 s=6 -> 53 candidates
    [99/150] g=9796 e=3 s=6 -> 55 candidates
    [100/150] g=683 e=3 s=7 -> 71 candidates
    [101/150] g=2726 e=2 s=8 -> 55 candidates
    [102/150] g=6629 e=5 s=9 -> 43 candidates
    [103/150] g=4696 e=5 s=11 -> 53 candidates
    [104/150] g=2277 e=1 s=8 -> 55 candidates
    [105/150] g=1865 e=3 s=7 -> 55 candidates
    [106/150] g=5332 e=3 s=10 -> 43 candidates
    [107/150] g=6945 e=4 s=7 -> 75 candidates
    [108/150] g=9501 e=0 s=11 -> 81 candidates
    [109/150] g=977 e=6 s=10 -> 61 candidates
    [110/150] g=1228 e=0 s=11 -> 71 candidates
    [111/150] g=8219 e=0 s=14 -> 55 candidates
    [112/150] g=4456 e=4 s=12 -> 97 candidates
    [113/150] g=4153 e=2 s=14 -> 61 candidates
    [114/150] g=1759 e=1 s=14 -> 49 candidates
    [115/150] g=9824 e=0 s=13 -> 79 candidates
    [116/150] g=713 e=2 s=12 -> 55 candidates
    [117/150] g=6477 e=0 s=14 -> 63 candidates
    [118/150] g=3395 e=3 s=14 -> 43 candidates
    [119/150] g=6777 e=6 s=13 -> 69 candidates
    [120/150] g=3213 e=1 s=13 -> 59 candidates
    [121/150] g=996 e=0 s=13 -> 53 candidates
    [122/150] g=9056 e=0 s=12 -> 55 candidates
    [123/150] g=5757 e=6 s=13 -> 53 candidates
    [124/150] g=4462 e=2 s=13 -> 81 candidates
    [125/150] g=7071 e=0 s=14 -> 59 candidates
    [126/150] g=6191 e=5 s=14 -> 43 candidates
    [127/150] g=8075 e=7 s=14 -> 55 candidates
    [128/150] g=1243 e=4 s=12 -> 55 candidates
    [129/150] g=6930 e=3 s=12 -> 65 candidates
    [130/150] g=8964 e=0 s=13 -> 107 candidates
    [131/150] g=9257 e=2 s=12 -> 43 candidates
    [132/150] g=2334 e=0 s=13 -> 43 candidates
    [133/150] g=1006 e=4 s=12 -> 53 candidates
    [134/150] g=1836 e=0 s=12 -> 55 candidates
    [135/150] g=7475 e=0 s=12 -> 55 candidates
    [136/150] g=4540 e=5 s=12 -> 59 candidates
    [137/150] g=7569 e=0 s=14 -> 43 candidates
    [138/150] g=3856 e=1 s=13 -> 53 candidates
    [139/150] g=660 e=4 s=14 -> 65 candidates
    [140/150] g=6160 e=6 s=14 -> 55 candidates
    [141/150] g=177 e=0 s=12 -> 55 candidates
    [142/150] g=418 e=1 s=14 -> 43 candidates
    [143/150] g=7767 e=2 s=14 -> 79 candidates
    [144/150] g=3374 e=0 s=14 -> 43 candidates
    [145/150] g=4344 e=5 s=12 -> 69 candidates
    [146/150] g=4069 e=5 s=14 -> 49 candidates
    [147/150] g=6316 e=1 s=14 -> 71 candidates
    [148/150] g=6184 e=2 s=12 -> 65 candidates
    [149/150] g=6345 e=0 s=14 -> 55 candidates
    [150/150] g=9117 e=2 s=13 -> 69 candidates
  Total candidate-scoring jobs: 7766 (K=200 rollouts each)
Finding Shot...
Finding Shot...
Finding Shot...
Finding Shot...
Finding Shot...
Finding Shot...
Finding Shot...
Finding Shot...
Finding Shot...
Finding Shot...
Finding Shot...
Finding Shot...
Finding Shot...
Finding Shot...
Finding Shot...
Finding Shot...
Finding Shot...
Finding Shot...
Finding Shot...
Finding Shot...
Finding Shot...
Finding Shot...
Finding Shot...
Finding Shot...
Finding Shot...
Finding Shot...
Finding Shot...
Finding Shot...
Finding Shot...
Finding Shot...
Finding Shot...
Finding Shot...
Finding Shot...
Finding Shot...
Finding Shot...
Finding Shot...
Finding Shot...
Finding Shot...
Finding Shot...
Finding Shot...
Finding Shot...
Finding Shot...
Finding Shot...
Finding Shot...
Finding Shot...
Finding Shot...
Finding Shot...
Finding Shot...
Finding Shot...
Finding Shot...
Finding Shot...
Finding Shot...
Finding Shot...
Finding Shot...
Finding Shot...
Finding Shot...
Finding Shot...
Finding Shot...
Finding Shot...
Finding Shot...
Finding Shot...
Finding Shot...
Finding Shot...
Finding Shot...
Finding Shot...
Finding Shot...
Finding Shot...
Finding Shot...
Finding Shot...
Finding Shot...
Finding Shot...
Finding Shot...
Finding Shot...
Finding Shot...
Finding Shot...
Finding Shot...
Finding Shot...
Finding Shot...
Finding Shot...
Finding Shot...
Finding Shot...
Finding Shot...
Finding Shot...
Finding Shot...
Finding Shot...
Finding Shot...
Finding Shot...
Finding Shot...
Finding Shot...
Finding Shot...
Finding Shot...
Finding Shot...
Finding Shot...
Finding Shot...
Finding Shot...
Finding Shot...
Finding Shot...
Finding Shot...
Finding Shot...
Finding Shot...
Finding Shot...
Finding Shot...
Finding Shot...
Finding Shot...
Finding Shot...
Finding Shot...
Finding Shot...
Finding Shot...
Finding Shot...
Finding Shot...
Finding Shot...
Finding Shot...
Finding Shot...
Finding Shot...
Finding Shot...
Finding Shot...
Finding Shot...
Finding Shot...
Finding Shot...
Finding Shot...
Finding Shot...
Finding Shot...
Finding Shot...
Finding Shot...
Finding Shot...
Finding Shot...
Finding Shot...
Finding Shot...
Finding Shot...
Finding Shot...
Finding Shot...
Finding Shot...
Finding Shot...
Finding Shot...
Finding Shot...
Finding Shot...
Finding Shot...
Finding Shot...
Finding Shot...
Finding Shot...
Finding Shot...
Finding Shot...
Finding Shot...
Finding Shot...
Finding Shot...
Finding Shot...
Finding Shot...
Finding Shot...
Finding Shot...
Finding Shot...
Finding Shot...
Finding Shot...
Finding Shot...
Finding Shot...
Finding Shot...
Finding Shot...
Finding Shot...
Finding Shot...
Finding Shot...
Finding Shot...
Finding Shot...
Finding Shot...
Finding Shot...
Finding Shot...
Finding Shot...
Finding Shot...
Finding Shot...
Finding Shot...
Finding Shot...
Finding Shot...
Finding Shot...
Finding Shot...
Finding Shot...
Finding Shot...
Finding Shot...
Finding Shot...
Finding Shot...
Finding Shot...
Finding Shot...
Finding Shot...
Finding Shot...
Finding Shot...
Finding Shot...
Finding Shot...
Finding Shot...
Finding Shot...
Finding Shot...
Finding Shot...
Finding Shot...
Finding Shot...
Finding Shot...
Finding Shot...
Finding Shot...
Finding Shot...
Finding Shot...
Finding Shot...
Finding Shot...
Finding Shot...
Finding Shot...
Finding Shot...
Finding Shot...
Finding Shot...
Finding Shot...
Finding Shot...
Finding Shot...
Finding Shot...
Finding Shot...
Finding Shot...
Finding Shot...
Finding Shot...
Finding Shot...
Finding Shot...
Finding Shot...
Finding Shot...
Finding Shot...
Finding Shot...
Finding Shot...
Finding Shot...
Finding Shot...
Finding Shot...
Finding Shot...
Finding Shot...
Finding Shot...
Finding Shot...
Finding Shot...
Finding Shot...
Finding Shot...
Finding Shot...
Finding Shot...
Finding Shot...
Finding Shot...
Finding Shot...
Finding Shot...
Finding Shot...
Finding Shot...
Finding Shot...
Finding Shot...
Finding Shot...
Finding Shot...
Finding Shot...
Finding Shot...
Finding Shot...
Finding Shot...
Finding Shot...
Finding Shot...
Finding Shot...
Finding Shot...
Finding Shot...
Finding Shot...
Finding Shot...
Finding Shot...
Finding Shot...
Finding Shot...
Finding Shot...
Finding Shot...
Finding Shot...
Finding Shot...
Finding Shot...
Finding Shot...
Finding Shot...
Finding Shot...
Finding Shot...
Finding Shot...
Finding Shot...
Finding Shot...
Finding Shot...
Finding Shot...
Finding Shot...
Finding Shot...
Finding Shot...
Finding Shot...
Finding Shot...
Finding Shot...
Finding Shot...
Finding Shot...
Finding Shot...
Finding Shot...
Finding Shot...
Finding Shot...
Finding Shot...
Finding Shot...
Finding Shot...
Finding Shot...
Finding Shot...
Finding Shot...
Finding Shot...
Finding Shot...
Finding Shot...
Finding Shot...
Finding Shot...
Finding Shot...
Finding Shot...
Finding Shot...
Finding Shot...
Finding Shot...
Finding Shot...
Finding Shot...
Finding Shot...
Finding Shot...
Finding Shot...
Finding Shot...
Finding Shot...
Finding Shot...
Finding Shot...
Finding Shot...
Finding Shot...
Finding Shot...
Finding Shot...
Finding Shot...
Finding Shot...
Finding Shot...
Finding Shot...
Finding Shot...
Finding Shot...
Finding Shot...
Finding Shot...
Finding Shot...
Finding Shot...
Finding Shot...
Finding Shot...
Finding Shot...
Finding Shot...
Finding Shot...
Finding Shot...
Finding Shot...
Finding Shot...
Finding Shot...
Finding Shot...
Finding Shot...
Finding Shot...
Finding Shot...
Finding Shot...
Finding Shot...
Finding Shot...
Finding Shot...
Finding Shot...
Finding Shot...
Finding Shot...
Finding Shot...
Finding Shot...
Finding Shot...
Finding Shot...
Finding Shot...
Finding Shot...
Finding Shot...
Finding Shot...
Finding Shot...
Finding Shot...
Finding Shot...
Finding Shot...
Finding Shot...
Finding Shot...
Finding Shot...
Finding Shot...
Finding Shot...
Finding Shot...
Finding Shot...
Finding Shot...
Finding Shot...
Finding Shot...
Finding Shot...
Finding Shot...
Finding Shot...
Finding Shot...
Finding Shot...
Finding Shot...
Finding Shot...
Finding Shot...
Finding Shot...
Finding Shot...
Finding Shot...
Finding Shot...
Finding Shot...
Finding Shot...
Finding Shot...
Finding Shot...
Finding Shot...
Finding Shot...
Finding Shot...
Finding Shot...
Finding Shot...
Finding Shot...
Finding Shot...
Finding Shot...
Finding Shot...
Finding Shot...
Finding Shot...
Finding Shot...
Finding Shot...
Finding Shot...
Finding Shot...
Finding Shot...
Finding Shot...
Finding Shot...
Finding Shot...
Finding Shot...
Finding Shot...
Finding Shot...
Finding Shot...
Finding Shot...
Finding Shot...
Finding Shot...
Finding Shot...
Finding Shot...
Finding Shot...
Finding Shot...
Finding Shot...
Finding Shot...
Finding Shot...
Finding Shot...
Finding Shot...
Finding Shot...
Finding Shot...
Finding Shot...
Finding Shot...
Finding Shot...
Finding Shot...
Finding Shot...
Finding Shot...
Finding Shot...
Finding Shot...
Finding Shot...
Finding Shot...
Finding Shot...
Finding Shot...
Finding Shot...
Finding Shot...
Finding Shot...
Finding Shot...
Finding Shot...
Finding Shot...
Finding Shot...
Finding Shot...
Finding Shot...
Finding Shot...
Finding Shot...
Finding Shot...
Finding Shot...
Finding Shot...
Finding Shot...
Finding Shot...
Finding Shot...
Finding Shot...
Finding Shot...
Finding Shot...
Finding Shot...
Finding Shot...
Finding Shot...
Finding Shot...
Finding Shot...
Finding Shot...
Finding Shot...
Finding Shot...
Finding Shot...
Finding Shot...
Finding Shot...
Finding Shot...
Finding Shot...
Finding Shot...
Finding Shot...
Finding Shot...
Finding Shot...
Finding Shot...
Finding Shot...
Finding Shot...
Finding Shot...
Finding Shot...
Finding Shot...
Finding Shot...
Finding Shot...
Finding Shot...
Finding Shot...
Finding Shot...
Finding Shot...
Finding Shot...
Finding Shot...
Finding Shot...
Finding Shot...
Finding Shot...
Finding Shot...
Finding Shot...
Finding Shot...
Finding Shot...
Finding Shot...
Finding Shot...
Finding Shot...
Finding Shot...
Finding Shot...
Finding Shot...
Finding Shot...
Finding Shot...
Finding Shot...
Finding Shot...
Finding Shot...
Finding Shot...
Finding Shot...
Finding Shot...
Finding Shot...
Finding Shot...
Finding Shot...
Finding Shot...
Finding Shot...
Finding Shot...
Finding Shot...
Finding Shot...
Finding Shot...
Finding Shot...
Finding Shot...
Finding Shot...
Finding Shot...
Finding Shot...
Finding Shot...
Finding Shot...
Finding Shot...
Finding Shot...
Finding Shot...
Finding Shot...
Finding Shot...
Finding Shot...
Finding Shot...
Finding Shot...
Finding Shot...
Finding Shot...
Finding Shot...
Finding Shot...
Finding Shot...
Finding Shot...
Finding Shot...
Finding Shot...
Finding Shot...
Finding Shot...
Finding Shot...
Finding Shot...
Finding Shot...
Finding Shot...
Finding Shot...
Finding Shot...
Finding Shot...
Finding Shot...
Finding Shot...
Finding Shot...
Finding Shot...
Finding Shot...
Finding Shot...
Finding Shot...
Finding Shot...
Finding Shot...
Finding Shot...
Finding Shot...
Finding Shot...
Finding Shot...
Finding Shot...
Finding Shot...
Finding Shot...
Finding Shot...
Finding Shot...
Finding Shot...
Finding Shot...
Finding Shot...
Finding Shot...
Finding Shot...
Finding Shot...
Finding Shot...
Finding Shot...
Finding Shot...
Finding Shot...
Finding Shot...
Finding Shot...
Finding Shot...
Finding Shot...
Finding Shot...
Finding Shot...
Finding Shot...
Finding Shot...
Finding Shot...
Finding Shot...
Finding Shot...
Finding Shot...
Finding Shot...
Finding Shot...
Finding Shot...
Finding Shot...
Finding Shot...
Finding Shot...
Finding Shot...
Finding Shot...
Finding Shot...
Finding Shot...
Finding Shot...
Finding Shot...
Finding Shot...
Finding Shot...
Finding Shot...
Finding Shot...
Finding Shot...
Finding Shot...
Finding Shot...
Finding Shot...
Finding Shot...
Finding Shot...
Finding Shot...
Finding Shot...
Finding Shot...
Finding Shot...
Finding Shot...
Finding Shot...
Finding Shot...
Finding Shot...
Finding Shot...
Finding Shot...
Finding Shot...
Finding Shot...
Finding Shot...
Finding Shot...
Finding Shot...
Finding Shot...
Finding Shot...
Finding Shot...
Finding Shot...
Finding Shot...
Finding Shot...
Finding Shot...
Finding Shot...
Finding Shot...
Finding Shot...
Finding Shot...
Finding Shot...
Finding Shot...
Finding Shot...
Finding Shot...
Finding Shot...
Finding Shot...
Finding Shot...
Finding Shot...
Finding Shot...
Finding Shot...
Finding Shot...
Finding Shot...
Finding Shot...
Finding Shot...
Finding Shot...
Finding Shot...
Finding Shot...
Finding Shot...
Finding Shot...
Finding Shot...
Finding Shot...
Finding Shot...
Finding Shot...
Finding Shot...
Finding Shot...
Finding Shot...
Finding Shot...
Finding Shot...
Finding Shot...
Finding Shot...
Finding Shot...
Finding Shot...
Finding Shot...
Finding Shot...
Finding Shot...
Finding Shot...
Finding Shot...
Finding Shot...
Finding Shot...
Finding Shot...
Finding Shot...
Finding Shot...
Finding Shot...
Finding Shot...
Finding Shot...
Finding Shot...
Finding Shot...
Finding Shot...
Finding Shot...
Finding Shot...
Finding Shot...
Finding Shot...
Finding Shot...
Finding Shot...
Finding Shot...
Finding Shot...
Finding Shot...
Finding Shot...
Finding Shot...
Finding Shot...
Finding Shot...
Finding Shot...
Finding Shot...
Finding Shot...
Finding Shot...
Finding Shot...
Finding Shot...
Finding Shot...
Finding Shot...
Finding Shot...
Finding Shot...
Finding Shot...
Finding Shot...
Finding Shot...
Finding Shot...
Finding Shot...
Finding Shot...
Finding Shot...
Finding Shot...
Finding Shot...
Finding Shot...
Finding Shot...
Finding Shot...
Finding Shot...
Finding Shot...
Finding Shot...
Finding Shot...
Finding Shot...
Finding Shot...
Finding Shot...
Finding Shot...
Finding Shot...
Finding Shot...
Finding Shot...
Finding Shot...
Finding Shot...
Finding Shot...
Finding Shot...
Finding Shot...
Finding Shot...
Finding Shot...
Finding Shot...
Finding Shot...
Finding Shot...
Finding Shot...
Finding Shot...
Finding Shot...
Finding Shot...
Finding Shot...
Finding Shot...
Finding Shot...
Finding Shot...
Finding Shot...
Finding Shot...
Finding Shot...
Finding Shot...
Finding Shot...
Finding Shot...
Finding Shot...
Finding Shot...
Finding Shot...
Finding Shot...
Finding Shot...
Finding Shot...
Finding Shot...
Finding Shot...
Finding Shot...
Finding Shot...
Finding Shot...
Finding Shot...
Finding Shot...
Finding Shot...
Finding Shot...
Finding Shot...
Finding Shot...
Finding Shot...
Finding Shot...
Finding Shot...
Finding Shot...
Finding Shot...
Finding Shot...
Finding Shot...
Finding Shot...
Finding Shot...
Finding Shot...
Finding Shot...
Finding Shot...
Finding Shot...
Finding Shot...
Finding Shot...
Finding Shot...
Finding Shot...
Finding Shot...
Finding Shot...
Finding Shot...
Finding Shot...
Finding Shot...
Finding Shot...
Finding Shot...
Finding Shot...
Finding Shot...
Finding Shot...
Finding Shot...
Finding Shot...
Finding Shot...
Finding Shot...
Finding Shot...
Finding Shot...
Finding Shot...
Finding Shot...
Finding Shot...
Finding Shot...
Finding Shot...
Finding Shot...
Finding Shot...
Finding Shot...
Finding Shot...
Finding Shot...
Finding Shot...
Finding Shot...
Finding Shot...
Finding Shot...
Finding Shot...
Finding Shot...
Finding Shot...
Finding Shot...
Finding Shot...
Finding Shot...
Finding Shot...
Finding Shot...
Finding Shot...
Finding Shot...
Finding Shot...
Finding Shot...
Finding Shot...
Finding Shot...
Finding Shot...
Finding Shot...
Finding Shot...
Finding Shot...
Finding Shot...
Finding Shot...
Finding Shot...
Finding Shot...
Finding Shot...
Finding Shot...
Finding Shot...
Finding Shot...
Finding Shot...
Finding Shot...
Finding Shot...
Finding Shot...
Finding Shot...
Finding Shot...
Finding Shot...
Finding Shot...
Finding Shot...
Finding Shot...
Finding Shot...
Finding Shot...
Finding Shot...
Finding Shot...
Finding Shot...
Finding Shot...
Finding Shot...
Finding Shot...
Finding Shot...
Finding Shot...
Finding Shot...
Finding Shot...
Finding Shot...
Finding Shot...
Finding Shot...
Finding Shot...
Finding Shot...
Finding Shot...
Finding Shot...
Finding Shot...
Finding Shot...
Finding Shot...
Finding Shot...
Finding Shot...
Finding Shot...
Finding Shot...
Finding Shot...
Finding Shot...
Finding Shot...
Finding Shot...
Finding Shot...
Finding Shot...
Finding Shot...
Finding Shot...
Finding Shot...
Finding Shot...
Finding Shot...
Finding Shot...
Finding Shot...
Finding Shot...
Finding Shot...
Finding Shot...
Finding Shot...
Finding Shot...
Finding Shot...
Finding Shot...
Finding Shot...
Finding Shot...
Finding Shot...
Finding Shot...
Finding Shot...
Finding Shot...
Finding Shot...
Finding Shot...
Finding Shot...
Finding Shot...
Finding Shot...
Finding Shot...
Finding Shot...
Finding Shot...
Finding Shot...
Finding Shot...
Finding Shot...
Finding Shot...
Finding Shot...
Finding Shot...
Finding Shot...
Finding Shot...
Finding Shot...
Finding Shot...
Finding Shot...
Finding Shot...
Finding Shot...
Finding Shot...
Finding Shot...
Finding Shot...
Finding Shot...
Finding Shot...
Finding Shot...
Finding Shot...
Finding Shot...
Finding Shot...
Finding Shot...
Finding Shot...
Finding Shot...
Finding Shot...
Finding Shot...
Finding Shot...
Finding Shot...
Finding Shot...
Finding Shot...
Finding Shot...
Finding Shot...
Finding Shot...
Finding Shot...
Finding Shot...
Finding Shot...
Finding Shot...
Finding Shot...
Finding Shot...
Finding Shot...
Finding Shot...
Finding Shot...
Finding Shot...
Finding Shot...
Finding Shot...
Finding Shot...
Finding Shot...
Finding Shot...
Finding Shot...
Finding Shot...
Finding Shot...
Finding Shot...
Finding Shot...
Finding Shot...
Finding Shot...
Finding Shot...
Finding Shot...
Finding Shot...
Finding Shot...
Finding Shot...
Finding Shot...
Finding Shot...
Finding Shot...
Finding Shot...
Finding Shot...
Finding Shot...
Finding Shot...
Finding Shot...
Finding Shot...
Finding Shot...
Finding Shot...
Finding Shot...
Finding Shot...
Finding Shot...
Finding Shot...
Finding Shot...
Finding Shot...
Finding Shot...
Finding Shot...
Finding Shot...
Finding Shot...
Finding Shot...
Finding Shot...
Finding Shot...
Finding Shot...
Finding Shot...
Finding Shot...
Finding Shot...
Finding Shot...
Finding Shot...
Finding Shot...
Finding Shot...
Finding Shot...
Finding Shot...
Finding Shot...
Finding Shot...
Finding Shot...
Finding Shot...
Finding Shot...
Finding Shot...
Finding Shot...
Finding Shot...
Finding Shot...
Finding Shot...
Finding Shot...
Finding Shot...
Finding Shot...
Finding Shot...
Finding Shot...
Finding Shot...
Finding Shot...
Finding Shot...
Finding Shot...
Finding Shot...
Finding Shot...
Finding Shot...
Finding Shot...
Finding Shot...
Finding Shot...
[25/7766] elapsed=1000.6s eta=309840.4s
[50/7766] elapsed=1078.2s eta=166388.3s
[75/7766] elapsed=1997.6s eta=204849.6s
[100/7766] elapsed=2016.3s eta=154573.1s
[125/7766] elapsed=2177.5s eta=133103.5s
[150/7766] elapsed=3032.4s eta=153963.7s
[175/7766] elapsed=3074.4s eta=133360.5s
[200/7766] elapsed=3994.1s eta=151097.6s
[225/7766] elapsed=4039.1s eta=135373.1s
[250/7766] elapsed=4249.7s eta=127764.3s
[275/7766] elapsed=5096.2s eta=138821.0s
[300/7766] elapsed=5157.5s eta=128352.4s
[325/7766] elapsed=5941.2s eta=136025.5s
[350/7766] elapsed=6185.3s eta=131058.7s
[375/7766] elapsed=6296.5s eta=124099.1s
[400/7766] elapsed=7150.8s eta=131682.2s
[425/7766] elapsed=7204.4s eta=124440.5s
[450/7766] elapsed=7462.3s eta=121320.6s
[475/7766] elapsed=8266.4s eta=126885.1s
[500/7766] elapsed=8351.6s eta=121365.1s
[525/7766] elapsed=9107.6s eta=125615.2s
[550/7766] elapsed=9299.1s eta=122003.8s
[575/7766] elapsed=9464.0s eta=118357.9s
[600/7766] elapsed=10332.0s eta=123398.5s
[625/7766] elapsed=10387.4s eta=118682.8s
[650/7766] elapsed=11052.3s eta=120997.6s
[675/7766] elapsed=11420.8s eta=119977.5s
[700/7766] elapsed=11549.7s eta=116585.8s
[725/7766] elapsed=12423.3s eta=120652.1s
[750/7766] elapsed=12456.6s eta=116526.9s
[775/7766] elapsed=12815.6s eta=115605.3s
[800/7766] elapsed=13414.6s eta=116807.3s
[825/7766] elapsed=13464.6s eta=113282.5s
[850/7766] elapsed=14032.0s eta=114170.9s
[875/7766] elapsed=14275.5s eta=112425.6s
[900/7766] elapsed=14651.4s eta=111773.7s
[925/7766] elapsed=15266.3s eta=112904.9s
[950/7766] elapsed=15525.4s eta=111390.9s
[975/7766] elapsed=15918.3s eta=110872.7s
[1000/7766] elapsed=16300.7s eta=110290.4s
[1025/7766] elapsed=16583.0s eta=109059.2s
[1050/7766] elapsed=17326.0s eta=110820.2s
[1075/7766] elapsed=17538.3s eta=109161.4s
[1100/7766] elapsed=17840.2s eta=108111.7s
[1125/7766] elapsed=18357.9s eta=108368.7s
[1150/7766] elapsed=18582.9s eta=106908.3s
[1175/7766] elapsed=19300.9s eta=108265.5s
[1200/7766] elapsed=19406.5s eta=106186.1s
[1225/7766] elapsed=19799.5s eta=105721.2s
[1250/7766] elapsed=20347.1s eta=106065.5s
[1275/7766] elapsed=20634.9s eta=105051.7s
[1300/7766] elapsed=20915.7s eta=104031.5s
[1325/7766] elapsed=21443.0s eta=104237.4s
[1350/7766] elapsed=21784.9s eta=103534.7s
[1375/7766] elapsed=22289.1s eta=103599.7s
[1400/7766] elapsed=22536.4s eta=102476.2s
[1425/7766] elapsed=22876.4s eta=101796.1s
[1450/7766] elapsed=23445.6s eta=102125.8s
[1475/7766] elapsed=23652.4s eta=100879.6s
[1500/7766] elapsed=24290.8s eta=101470.8s
[1525/7766] elapsed=24545.1s eta=100449.7s
[1550/7766] elapsed=24771.4s eta=99341.4s
[1575/7766] elapsed=25262.3s eta=99301.0s
[1600/7766] elapsed=25336.1s eta=97638.9s
[1625/7766] elapsed=25588.0s eta=96698.9s
[1650/7766] elapsed=26095.7s eta=96728.0s
[1675/7766] elapsed=26186.5s eta=95225.2s
[1700/7766] elapsed=26715.8s eta=95328.2s
[1725/7766] elapsed=26863.5s eta=94076.8s
[1750/7766] elapsed=27292.4s eta=93823.5s
[1775/7766] elapsed=27745.4s eta=93646.6s
[1800/7766] elapsed=27840.7s eta=92276.6s
[1825/7766] elapsed=28411.5s eta=92489.0s
[1850/7766] elapsed=28654.9s eta=91633.7s
[1875/7766] elapsed=28702.9s eta=90180.6s
[1900/7766] elapsed=29362.6s eta=90653.1s
[1925/7766] elapsed=29416.1s eta=89257.0s
[1950/7766] elapsed=29738.4s eta=88696.6s
[1975/7766] elapsed=30113.3s eta=88296.8s
[2000/7766] elapsed=30149.0s eta=86919.6s
[2025/7766] elapsed=30916.1s eta=87648.9s
[2050/7766] elapsed=30986.8s eta=86400.2s
[2075/7766] elapsed=31120.2s eta=85351.7s
[2100/7766] elapsed=31750.6s eta=85666.1s
[2125/7766] elapsed=31959.5s eta=84839.2s
[2150/7766] elapsed=32431.3s eta=84713.6s
[2175/7766] elapsed=32650.4s eta=83930.4s
[2200/7766] elapsed=32703.2s eta=82739.2s
[2225/7766] elapsed=33390.7s eta=83154.1s
[2250/7766] elapsed=33555.7s eta=82263.6s
[2275/7766] elapsed=33599.8s eta=81097.2s
[2300/7766] elapsed=34241.2s eta=81375.0s
[2325/7766] elapsed=34383.4s eta=80464.5s
[2350/7766] elapsed=35019.8s eta=80709.5s
[2375/7766] elapsed=35153.2s eta=79794.0s
[2400/7766] elapsed=35226.7s eta=78761.1s
[2425/7766] elapsed=35833.1s eta=78921.4s
[2450/7766] elapsed=36131.1s eta=78397.1s
[2475/7766] elapsed=36530.1s eta=78093.2s
[2500/7766] elapsed=36735.3s eta=77379.2s
[2525/7766] elapsed=36887.4s eta=76565.2s
[2550/7766] elapsed=37443.3s eta=76589.9s
[2575/7766] elapsed=37662.1s eta=75923.9s
[2600/7766] elapsed=37772.8s eta=75051.7s
[2625/7766] elapsed=38239.5s eta=74891.1s
[2650/7766] elapsed=38492.3s eta=74312.0s
[2675/7766] elapsed=39096.8s eta=74408.1s
[2700/7766] elapsed=39239.8s eta=73625.6s
[2725/7766] elapsed=39493.7s eta=73059.7s
[2750/7766] elapsed=40043.4s eta=73039.1s
[2775/7766] elapsed=40209.3s eta=72318.9s
[2800/7766] elapsed=40672.2s eta=72135.1s
[2825/7766] elapsed=41095.5s eta=71877.1s
[2850/7766] elapsed=41197.2s eta=71061.6s
[2875/7766] elapsed=41650.1s eta=70855.9s
[2900/7766] elapsed=41866.0s eta=70248.2s
[2925/7766] elapsed=42198.6s eta=69840.4s
[2950/7766] elapsed=42679.0s eta=69675.3s
[2975/7766] elapsed=42797.3s eta=68921.6s
[3000/7766] elapsed=43287.4s eta=68769.2s
[3025/7766] elapsed=43583.8s eta=68307.7s
[3050/7766] elapsed=43812.7s eta=67744.5s
[3075/7766] elapsed=44260.6s eta=67520.8s
[3100/7766] elapsed=44418.8s eta=66857.5s
[3125/7766] elapsed=44664.3s eta=66331.8s
[3150/7766] elapsed=44811.4s eta=65666.5s
[3175/7766] elapsed=44865.8s eta=64875.2s
[3200/7766] elapsed=45249.0s eta=64564.7s
[3225/7766] elapsed=45358.5s eta=63867.6s
[3250/7766] elapsed=45562.5s eta=63310.9s
[3275/7766] elapsed=45921.1s eta=62971.6s
[3300/7766] elapsed=46016.9s eta=62276.2s
[3325/7766] elapsed=46446.5s eta=62035.8s
[3350/7766] elapsed=46538.9s eta=61348.0s
[3375/7766] elapsed=46645.4s eta=60687.4s
[3400/7766] elapsed=46905.8s eta=60232.6s
[3425/7766] elapsed=47013.4s eta=59586.9s
[3450/7766] elapsed=47343.6s eta=59227.6s
[3475/7766] elapsed=47476.8s eta=58625.3s
[3500/7766] elapsed=47596.2s eta=58013.0s
[3525/7766] elapsed=47827.4s eta=57542.2s
[3550/7766] elapsed=48006.4s eta=57012.7s
[3575/7766] elapsed=48104.7s eta=56393.5s
[3600/7766] elapsed=48466.6s eta=56086.6s
[3625/7766] elapsed=48589.6s eta=55506.0s
[3650/7766] elapsed=48832.7s eta=55067.3s
[3675/7766] elapsed=49083.2s eta=54639.2s
[3700/7766] elapsed=49189.9s eta=54055.7s
[3725/7766] elapsed=49285.6s eta=53466.6s
[3750/7766] elapsed=49397.9s eta=52901.9s
[3775/7766] elapsed=49648.3s eta=52489.1s
[3800/7766] elapsed=49771.3s eta=51945.6s
[3825/7766] elapsed=50101.5s eta=51620.9s
[3850/7766] elapsed=50192.6s eta=51053.1s
[3875/7766] elapsed=50325.0s eta=50532.8s
[3900/7766] elapsed=50654.3s eta=50212.7s
[3925/7766] elapsed=50740.7s eta=49654.8s
[3950/7766] elapsed=50858.3s eta=49133.0s
[3975/7766] elapsed=51101.4s eta=48736.0s
[4000/7766] elapsed=51130.9s eta=48139.8s
[4025/7766] elapsed=51384.9s eta=47759.3s
[4050/7766] elapsed=51735.0s eta=47468.5s
[4075/7766] elapsed=51782.6s eta=46903.0s
[4100/7766] elapsed=51964.2s eta=46463.6s
[4125/7766] elapsed=52176.0s eta=46054.1s
[4150/7766] elapsed=52413.2s eta=45669.0s
[4175/7766] elapsed=52581.4s eta=45226.3s
[4200/7766] elapsed=52807.4s eta=44836.0s
[4225/7766] elapsed=53053.0s eta=44464.0s
[4250/7766] elapsed=53329.1s eta=44118.8s
[4275/7766] elapsed=53639.8s eta=43802.7s
[4300/7766] elapsed=53866.8s eta=43419.1s
[4325/7766] elapsed=54091.6s eta=43035.6s
[4350/7766] elapsed=54410.0s eta=42727.5s
[4375/7766] elapsed=54610.9s eta=42328.1s
[4400/7766] elapsed=54779.9s eta=41906.6s
[4425/7766] elapsed=54988.1s eta=41517.6s
[4450/7766] elapsed=55185.4s eta=41122.4s
[4475/7766] elapsed=55400.0s eta=40742.2s
[4500/7766] elapsed=55540.7s eta=40310.2s
[4525/7766] elapsed=55791.7s eta=39960.4s
[4550/7766] elapsed=55988.4s eta=39573.4s
[4575/7766] elapsed=56166.8s eta=39175.6s
[4600/7766] elapsed=56433.1s eta=38840.7s
[4625/7766] elapsed=56696.2s eta=38504.4s
[4650/7766] elapsed=56956.7s eta=38167.1s
[4675/7766] elapsed=57196.0s eta=37816.7s
[4700/7766] elapsed=57438.5s eta=37469.5s
[4725/7766] elapsed=57673.6s eta=37118.6s
[4750/7766] elapsed=57916.2s eta=36773.7s
[4775/7766] elapsed=58095.1s eta=36390.1s
[4800/7766] elapsed=58295.1s eta=36021.5s
[4825/7766] elapsed=58525.9s eta=35673.5s
[4850/7766] elapsed=58715.3s eta=35301.8s
[4875/7766] elapsed=58786.8s eta=34862.1s
[4900/7766] elapsed=58939.1s eta=34473.4s
[4925/7766] elapsed=59005.8s eta=34037.7s
[4950/7766] elapsed=59330.8s eta=33752.6s
[4975/7766] elapsed=59471.3s eta=33363.7s
[5000/7766] elapsed=59560.2s eta=32948.7s
[5025/7766] elapsed=59926.6s eta=32688.3s
[5050/7766] elapsed=60011.0s eta=32275.2s
[5075/7766] elapsed=60086.1s eta=31860.4s
[5100/7766] elapsed=60353.5s eta=31549.5s
[5125/7766] elapsed=60686.8s eta=31273.0s
[5150/7766] elapsed=60886.5s eta=30928.0s
[5175/7766] elapsed=61058.2s eta=30570.4s
[5200/7766] elapsed=61190.3s eta=30195.1s
[5225/7766] elapsed=61343.5s eta=29832.3s
[5250/7766] elapsed=61453.5s eta=29450.9s
[5275/7766] elapsed=61639.6s eta=29107.9s
[5300/7766] elapsed=61767.1s eta=28739.2s
[5325/7766] elapsed=61825.7s eta=28341.1s
[5350/7766] elapsed=61960.4s eta=27980.6s
[5375/7766] elapsed=62015.0s eta=27586.6s
[5400/7766] elapsed=62057.8s eta=27190.5s
[5425/7766] elapsed=62106.5s eta=26800.2s
[5450/7766] elapsed=62375.2s eta=26506.6s
[5475/7766] elapsed=62414.2s eta=26117.1s
[5500/7766] elapsed=62476.9s eta=25740.5s
[5525/7766] elapsed=62538.7s eta=25366.4s
[5550/7766] elapsed=62597.4s eta=24993.8s
[5575/7766] elapsed=62657.3s eta=24624.6s
[5600/7766] elapsed=62689.8s eta=24247.5s
[5625/7766] elapsed=62708.2s eta=23868.2s
[5650/7766] elapsed=62747.9s eta=23499.9s
[5675/7766] elapsed=62841.7s eta=23154.6s
[5700/7766] elapsed=62873.0s eta=22788.7s
[5725/7766] elapsed=62978.0s eta=22452.1s
[5750/7766] elapsed=63054.7s eta=22107.5s
[5775/7766] elapsed=63079.4s eta=21747.4s
[5800/7766] elapsed=63121.9s eta=21396.2s
[5825/7766] elapsed=63137.1s eta=21038.5s
[5850/7766] elapsed=63183.6s eta=20694.0s
[5875/7766] elapsed=63205.1s eta=20344.0s
[5900/7766] elapsed=63296.9s eta=20019.0s
[5925/7766] elapsed=63332.4s eta=19678.5s
[5950/7766] elapsed=63361.9s eta=19338.7s
[5975/7766] elapsed=63456.3s eta=19021.0s
[6000/7766] elapsed=63479.7s eta=18684.2s
[6025/7766] elapsed=63573.1s eta=18370.2s
[6050/7766] elapsed=63599.1s eta=18039.0s
[6075/7766] elapsed=63708.8s eta=17733.6s
[6100/7766] elapsed=63788.9s eta=17421.7s
[6125/7766] elapsed=63819.1s eta=17098.3s
[6150/7766] elapsed=63885.7s eta=16786.9s
[6175/7766] elapsed=63943.7s eta=16475.2s
[6200/7766] elapsed=64023.8s eta=16171.2s
[6225/7766] elapsed=64084.8s eta=15864.2s
[6250/7766] elapsed=64126.1s eta=15554.4s
[6275/7766] elapsed=64163.3s eta=15245.8s
[6300/7766] elapsed=64183.9s eta=14935.5s
[6325/7766] elapsed=64222.6s eta=14631.6s
[6350/7766] elapsed=64247.1s eta=14326.6s
[6375/7766] elapsed=64274.5s eta=14024.5s
[6400/7766] elapsed=64315.2s eta=13727.3s
[6425/7766] elapsed=64467.4s eta=13455.4s
[6450/7766] elapsed=64493.7s eta=13158.7s
[6475/7766] elapsed=64534.8s eta=12867.1s
[6500/7766] elapsed=64702.0s eta=12601.9s
[6525/7766] elapsed=64739.4s eta=12312.9s
[6550/7766] elapsed=64903.3s eta=12049.2s
[6575/7766] elapsed=64930.3s eta=11761.5s
[6600/7766] elapsed=64983.0s eta=11480.3s
[6625/7766] elapsed=65117.7s eta=11215.0s
[6650/7766] elapsed=65164.2s eta=10935.8s
[6675/7766] elapsed=65226.9s eta=10661.1s
[6700/7766] elapsed=65300.1s eta=10389.5s
[6725/7766] elapsed=65327.3s eta=10112.4s
[6750/7766] elapsed=65481.6s eta=9856.2s
[6775/7766] elapsed=65513.4s eta=9582.8s
[6800/7766] elapsed=65643.2s eta=9325.2s
[6825/7766] elapsed=65703.3s eta=9058.9s
[6850/7766] elapsed=65752.1s eta=8792.5s
[6875/7766] elapsed=65903.5s eta=8541.1s
[6900/7766] elapsed=65931.0s eta=8274.8s
[6925/7766] elapsed=66003.0s eta=8015.7s
[6950/7766] elapsed=66038.7s eta=7753.6s
[6975/7766] elapsed=66093.4s eta=7495.3s
[7000/7766] elapsed=66153.9s eta=7239.1s
[7025/7766] elapsed=66193.2s eta=6982.1s
[7050/7766] elapsed=66225.6s eta=6725.9s
[7075/7766] elapsed=66255.9s eta=6471.1s
[7100/7766] elapsed=66281.1s eta=6217.4s
[7125/7766] elapsed=66314.8s eta=5966.0s
[7150/7766] elapsed=66341.7s eta=5715.6s
[7175/7766] elapsed=66441.5s eta=5472.7s
[7200/7766] elapsed=66524.5s eta=5229.6s
[7225/7766] elapsed=66551.1s eta=4983.3s
[7250/7766] elapsed=66588.9s eta=4739.3s
[7275/7766] elapsed=66612.7s eta=4495.8s
[7300/7766] elapsed=66633.4s eta=4253.6s
[7325/7766] elapsed=66669.6s eta=4013.8s
[7350/7766] elapsed=66705.3s eta=3775.4s
[7375/7766] elapsed=66724.5s eta=3537.5s
[7400/7766] elapsed=66906.6s eta=3309.2s
[7425/7766] elapsed=66932.2s eta=3073.9s
[7450/7766] elapsed=66965.1s eta=2840.4s
[7475/7766] elapsed=66998.9s eta=2608.3s
[7500/7766] elapsed=67022.5s eta=2377.1s
[7525/7766] elapsed=67067.0s eta=2147.9s
[7550/7766] elapsed=67089.0s eta=1919.4s
[7575/7766] elapsed=67125.6s eta=1692.5s
[7600/7766] elapsed=67323.7s eta=1470.5s
[7625/7766] elapsed=67344.1s eta=1245.3s
[7650/7766] elapsed=67385.0s eta=1021.8s
[7675/7766] elapsed=67403.6s eta=799.2s
[7700/7766] elapsed=67514.5s eta=578.7s
[7725/7766] elapsed=67537.5s eta=358.5s
[7750/7766] elapsed=67551.0s eta=139.5s
[7766/7766] elapsed=67636.9s eta=0.0s

=== Scored 7766 candidates in 67636.9s ===
Wrote reinvest_experiment/run500/referee/score_move_qtable_idx200.csv (7766 rows)
