nohup: ignoring input
Running Score-Move referee...

=== Score-Move Referee ===
  n_states           = 500
  score_rollouts (K) = 200
  resample_first_shot= true (execution-uncertainty-aware)
  epsilon            = 0.3
  num_threads        = 64
  seed               = 42
  start_index        = 350
  max_positions      = 150
  load_positions_dir = test_positions500
  output_dir         = reinvest_experiment/run500/referee
  [loader] 1 batch files in test_positions500
  [loader] loaded 500 positions
  Sampled 500 / 500 positions (seed=42)
  Sliced to [350, 500) = 150 positions
  Generating candidate pools for 150 positions...
    [1/150] g=2226 e=1 s=6 -> 65 candidates
    [2/150] g=645 e=7 s=7 -> 49 candidates
    [3/150] g=8983 e=2 s=8 -> 71 candidates
    [4/150] g=1331 e=4 s=6 -> 49 candidates
    [5/150] g=7750 e=7 s=10 -> 49 candidates
    [6/150] g=2543 e=0 s=9 -> 55 candidates
    [7/150] g=8679 e=7 s=9 -> 59 candidates
    [8/150] g=5602 e=5 s=8 -> 49 candidates
    [9/150] g=3063 e=4 s=6 -> 69 candidates
    [10/150] g=440 e=4 s=6 -> 59 candidates
    [11/150] g=1032 e=5 s=6 -> 49 candidates
    [12/150] g=938 e=6 s=6 -> 69 candidates
    [13/150] g=4912 e=2 s=10 -> 61 candidates
    [14/150] g=6473 e=3 s=10 -> 49 candidates
    [15/150] g=8184 e=6 s=9 -> 75 candidates
    [16/150] g=4767 e=1 s=6 -> 49 candidates
    [17/150] g=7967 e=4 s=6 -> 49 candidates
    [18/150] g=2140 e=6 s=6 -> 55 candidates
    [19/150] g=6866 e=6 s=10 -> 71 candidates
    [20/150] g=33 e=6 s=6 -> 49 candidates
    [21/150] g=965 e=5 s=6 -> 49 candidates
    [22/150] g=679 e=6 s=11 -> 75 candidates
    [23/150] g=8496 e=6 s=8 -> 55 candidates
    [24/150] g=5943 e=4 s=8 -> 61 candidates
    [25/150] g=5903 e=2 s=8 -> 49 candidates
    [26/150] g=6148 e=6 s=6 -> 49 candidates
    [27/150] g=67 e=4 s=10 -> 49 candidates
    [28/150] g=2672 e=0 s=11 -> 59 candidates
    [29/150] g=4467 e=0 s=8 -> 59 candidates
    [30/150] g=2516 e=5 s=8 -> 55 candidates
    [31/150] g=7892 e=3 s=13 -> 75 candidates
    [32/150] g=1789 e=6 s=12 -> 49 candidates
    [33/150] g=2748 e=6 s=14 -> 65 candidates
    [34/150] g=5555 e=0 s=12 -> 65 candidates
    [35/150] g=5662 e=6 s=14 -> 49 candidates
    [36/150] g=5064 e=7 s=14 -> 65 candidates
    [37/150] g=3882 e=7 s=13 -> 79 candidates
    [38/150] g=7024 e=4 s=13 -> 65 candidates
    [39/150] g=1439 e=6 s=14 -> 65 candidates
    [40/150] g=5803 e=1 s=12 -> 61 candidates
    [41/150] g=3151 e=1 s=13 -> 55 candidates
    [42/150] g=7510 e=6 s=12 -> 61 candidates
    [43/150] g=2961 e=4 s=12 -> 61 candidates
    [44/150] g=7703 e=0 s=12 -> 49 candidates
    [45/150] g=254 e=6 s=14 -> 55 candidates
    [46/150] g=5034 e=2 s=14 -> 61 candidates
    [47/150] g=9062 e=0 s=13 -> 79 candidates
    [48/150] g=3846 e=3 s=14 -> 61 candidates
    [49/150] g=4217 e=3 s=14 -> 55 candidates
    [50/150] g=2421 e=6 s=14 -> 67 candidates
    [51/150] g=4734 e=4 s=14 -> 49 candidates
    [52/150] g=3881 e=4 s=14 -> 49 candidates
    [53/150] g=4125 e=2 s=12 -> 55 candidates
    [54/150] g=7391 e=1 s=14 -> 59 candidates
    [55/150] g=9591 e=2 s=12 -> 61 candidates
    [56/150] g=8696 e=2 s=13 -> 61 candidates
    [57/150] g=5837 e=5 s=13 -> 75 candidates
    [58/150] g=9771 e=3 s=12 -> 55 candidates
    [59/150] g=8752 e=6 s=14 -> 61 candidates
    [60/150] g=4267 e=0 s=14 -> 55 candidates
    [61/150] g=3709 e=0 s=7 -> 43 candidates
    [62/150] g=3843 e=6 s=11 -> 49 candidates
    [63/150] g=4701 e=5 s=7 -> 39 candidates
    [64/150] g=21 e=2 s=8 -> 39 candidates
    [65/150] g=5183 e=3 s=7 -> 49 candidates
    [66/150] g=9433 e=4 s=7 -> 39 candidates
    [67/150] g=9564 e=1 s=7 -> 47 candidates
    [68/150] g=7115 e=2 s=8 -> 43 candidates
    [69/150] g=4322 e=6 s=10 -> 75 candidates
    [70/150] g=4491 e=1 s=9 -> 39 candidates
    [71/150] g=819 e=3 s=9 -> 43 candidates
    [72/150] g=9201 e=0 s=11 -> 37 candidates
    [73/150] g=6067 e=1 s=11 -> 43 candidates
    [74/150] g=1620 e=4 s=6 -> 49 candidates
    [75/150] g=8361 e=7 s=7 -> 39 candidates
    [76/150] g=6403 e=1 s=8 -> 39 candidates
    [77/150] g=5988 e=5 s=11 -> 49 candidates
    [78/150] g=5193 e=6 s=6 -> 45 candidates
    [79/150] g=3024 e=4 s=9 -> 51 candidates
    [80/150] g=2361 e=3 s=11 -> 37 candidates
    [81/150] g=9865 e=5 s=13 -> 53 candidates
    [82/150] g=8317 e=2 s=12 -> 61 candidates
    [83/150] g=6537 e=2 s=14 -> 39 candidates
    [84/150] g=3642 e=3 s=13 -> 43 candidates
    [85/150] g=3098 e=1 s=14 -> 39 candidates
    [86/150] g=2170 e=0 s=14 -> 37 candidates
    [87/150] g=5040 e=1 s=13 -> 49 candidates
    [88/150] g=1376 e=2 s=13 -> 37 candidates
    [89/150] g=1277 e=5 s=14 -> 71 candidates
    [90/150] g=3397 e=5 s=12 -> 39 candidates
    [91/150] g=2571 e=6 s=12 -> 43 candidates
    [92/150] g=6257 e=4 s=13 -> 51 candidates
    [93/150] g=7400 e=3 s=13 -> 45 candidates
    [94/150] g=7403 e=0 s=12 -> 43 candidates
    [95/150] g=4811 e=5 s=13 -> 45 candidates
    [96/150] g=5202 e=4 s=13 -> 39 candidates
    [97/150] g=4076 e=2 s=14 -> 43 candidates
    [98/150] g=1989 e=4 s=14 -> 43 candidates
    [99/150] g=5846 e=4 s=14 -> 45 candidates
    [100/150] g=8608 e=3 s=12 -> 45 candidates
    [101/150] g=3045 e=2 s=9 -> 71 candidates
    [102/150] g=5235 e=3 s=8 -> 87 candidates
    [103/150] g=6131 e=1 s=7 -> 91 candidates
    [104/150] g=4532 e=1 s=7 -> 91 candidates
    [105/150] g=3292 e=1 s=9 -> 75 candidates
    [106/150] g=9633 e=1 s=10 -> 87 candidates
    [107/150] g=5313 e=3 s=6 -> 81 candidates
    [108/150] g=2130 e=6 s=7 -> 87 candidates
    [109/150] g=9218 e=5 s=10 -> 107 candidates
    [110/150] g=8265 e=7 s=10 -> 97 candidates
    [111/150] g=7644 e=2 s=9 -> 83 candidates
    [112/150] g=157 e=5 s=8 -> 81 candidates
    [113/150] g=5808 e=2 s=8 -> 91 candidates
    [114/150] g=8545 e=3 s=11 -> 103 candidates
    [115/150] g=8266 e=2 s=8 -> 97 candidates
    [116/150] g=6112 e=0 s=9 -> 97 candidates
    [117/150] g=9280 e=6 s=11 -> 95 candidates
    [118/150] g=6350 e=2 s=6 -> 81 candidates
    [119/150] g=6128 e=3 s=9 -> 83 candidates
    [120/150] g=1966 e=3 s=10 -> 113 candidates
    [121/150] g=4424 e=7 s=11 -> 119 candidates
    [122/150] g=8076 e=2 s=10 -> 91 candidates
    [123/150] g=3453 e=4 s=8 -> 87 candidates
    [124/150] g=803 e=0 s=9 -> 95 candidates
    [125/150] g=2184 e=0 s=11 -> 107 candidates
    [126/150] g=6874 e=3 s=13 -> 101 candidates
    [127/150] g=4963 e=7 s=12 -> 71 candidates
    [128/150] g=153 e=3 s=14 -> 123 candidates
    [129/150] g=4218 e=1 s=14 -> 97 candidates
    [130/150] g=7559 e=5 s=13 -> 117 candidates
    [131/150] g=1556 e=4 s=14 -> 87 candidates
    [132/150] g=3490 e=3 s=13 -> 107 candidates
    [133/150] g=6731 e=2 s=14 -> 129 candidates
    [134/150] g=4185 e=2 s=14 -> 87 candidates
    [135/150] g=7344 e=3 s=13 -> 91 candidates
    [136/150] g=3529 e=5 s=12 -> 87 candidates
    [137/150] g=7293 e=1 s=13 -> 103 candidates
    [138/150] g=3407 e=2 s=12 -> 97 candidates
    [139/150] g=8160 e=6 s=13 -> 125 candidates
    [140/150] g=8793 e=3 s=13 -> 107 candidates
    [141/150] g=2330 e=3 s=14 -> 145 candidates
    [142/150] g=4096 e=6 s=12 -> 97 candidates
    [143/150] g=858 e=1 s=13 -> 119 candidates
    [144/150] g=7433 e=0 s=13 -> 129 candidates
    [145/150] g=5784 e=1 s=12 -> 93 candidates
    [146/150] g=7848 e=5 s=13 -> 103 candidates
    [147/150] g=4599 e=4 s=13 -> 99 candidates
    [148/150] g=3073 e=7 s=14 -> 129 candidates
    [149/150] g=8359 e=0 s=13 -> 111 candidates
    [150/150] g=1464 e=1 s=14 -> 133 candidates
  Total candidate-scoring jobs: 10320 (K=200 rollouts each)
Finding Shot...
Finding Shot...
Finding Shot...
Finding Shot...
Finding Shot...
Finding Shot...
Finding Shot...
Finding Shot...
Finding Shot...
Finding Shot...
Finding Shot...
Finding Shot...
Finding Shot...
Finding Shot...
Finding Shot...
Finding Shot...
Finding Shot...
Finding Shot...
Finding Shot...
Finding Shot...
Finding Shot...
Finding Shot...
Finding Shot...
Finding Shot...
Finding Shot...
Finding Shot...
Finding Shot...
Finding Shot...
Finding Shot...
Finding Shot...
Finding Shot...
Finding Shot...
Finding Shot...
Finding Shot...
Finding Shot...
Finding Shot...
Finding Shot...
Finding Shot...
Finding Shot...
Finding Shot...
Finding Shot...
Finding Shot...
Finding Shot...
Finding Shot...
Finding Shot...
Finding Shot...
Finding Shot...
Finding Shot...
Finding Shot...
Finding Shot...
Finding Shot...
Finding Shot...
Finding Shot...
Finding Shot...
Finding Shot...
Finding Shot...
Finding Shot...
Finding Shot...
Finding Shot...
Finding Shot...
Finding Shot...
Finding Shot...
Finding Shot...
Finding Shot...
Finding Shot...
Finding Shot...
Finding Shot...
Finding Shot...
Finding Shot...
Finding Shot...
Finding Shot...
Finding Shot...
Finding Shot...
Finding Shot...
Finding Shot...
Finding Shot...
Finding Shot...
Finding Shot...
Finding Shot...
Finding Shot...
Finding Shot...
Finding Shot...
Finding Shot...
Finding Shot...
Finding Shot...
Finding Shot...
Finding Shot...
Finding Shot...
Finding Shot...
Finding Shot...
Finding Shot...
Finding Shot...
Finding Shot...
Finding Shot...
Finding Shot...
Finding Shot...
Finding Shot...
Finding Shot...
Finding Shot...
Finding Shot...
Finding Shot...
Finding Shot...
Finding Shot...
Finding Shot...
Finding Shot...
Finding Shot...
Finding Shot...
Finding Shot...
Finding Shot...
Finding Shot...
Finding Shot...
Finding Shot...
Finding Shot...
Finding Shot...
Finding Shot...
Finding Shot...
Finding Shot...
Finding Shot...
Finding Shot...
Finding Shot...
Finding Shot...
Finding Shot...
Finding Shot...
Finding Shot...
Finding Shot...
Finding Shot...
Finding Shot...
Finding Shot...
Finding Shot...
Finding Shot...
Finding Shot...
Finding Shot...
Finding Shot...
Finding Shot...
Finding Shot...
Finding Shot...
Finding Shot...
Finding Shot...
Finding Shot...
Finding Shot...
Finding Shot...
Finding Shot...
Finding Shot...
Finding Shot...
Finding Shot...
Finding Shot...
Finding Shot...
Finding Shot...
Finding Shot...
Finding Shot...
Finding Shot...
Finding Shot...
Finding Shot...
Finding Shot...
Finding Shot...
Finding Shot...
Finding Shot...
Finding Shot...
Finding Shot...
Finding Shot...
Finding Shot...
Finding Shot...
Finding Shot...
Finding Shot...
Finding Shot...
Finding Shot...
Finding Shot...
Finding Shot...
Finding Shot...
Finding Shot...
Finding Shot...
Finding Shot...
Finding Shot...
Finding Shot...
Finding Shot...
Finding Shot...
Finding Shot...
Finding Shot...
Finding Shot...
Finding Shot...
Finding Shot...
Finding Shot...
Finding Shot...
Finding Shot...
Finding Shot...
Finding Shot...
Finding Shot...
Finding Shot...
Finding Shot...
Finding Shot...
Finding Shot...
Finding Shot...
Finding Shot...
Finding Shot...
Finding Shot...
Finding Shot...
Finding Shot...
Finding Shot...
Finding Shot...
Finding Shot...
Finding Shot...
Finding Shot...
Finding Shot...
Finding Shot...
Finding Shot...
Finding Shot...
Finding Shot...
Finding Shot...
Finding Shot...
Finding Shot...
Finding Shot...
Finding Shot...
Finding Shot...
Finding Shot...
Finding Shot...
Finding Shot...
Finding Shot...
Finding Shot...
Finding Shot...
Finding Shot...
Finding Shot...
Finding Shot...
Finding Shot...
Finding Shot...
Finding Shot...
Finding Shot...
Finding Shot...
Finding Shot...
Finding Shot...
Finding Shot...
Finding Shot...
Finding Shot...
Finding Shot...
Finding Shot...
Finding Shot...
Finding Shot...
Finding Shot...
Finding Shot...
Finding Shot...
Finding Shot...
Finding Shot...
Finding Shot...
Finding Shot...
Finding Shot...
Finding Shot...
Finding Shot...
Finding Shot...
Finding Shot...
Finding Shot...
Finding Shot...
Finding Shot...
Finding Shot...
Finding Shot...
Finding Shot...
Finding Shot...
Finding Shot...
Finding Shot...
Finding Shot...
Finding Shot...
Finding Shot...
Finding Shot...
Finding Shot...
Finding Shot...
Finding Shot...
Finding Shot...
Finding Shot...
Finding Shot...
Finding Shot...
Finding Shot...
Finding Shot...
Finding Shot...
Finding Shot...
Finding Shot...
Finding Shot...
Finding Shot...
Finding Shot...
Finding Shot...
Finding Shot...
Finding Shot...
Finding Shot...
Finding Shot...
Finding Shot...
Finding Shot...
Finding Shot...
Finding Shot...
Finding Shot...
Finding Shot...
Finding Shot...
Finding Shot...
Finding Shot...
Finding Shot...
Finding Shot...
Finding Shot...
Finding Shot...
Finding Shot...
Finding Shot...
Finding Shot...
Finding Shot...
Finding Shot...
Finding Shot...
Finding Shot...
Finding Shot...
Finding Shot...
Finding Shot...
Finding Shot...
Finding Shot...
Finding Shot...
Finding Shot...
Finding Shot...
Finding Shot...
Finding Shot...
Finding Shot...
Finding Shot...
Finding Shot...
Finding Shot...
Finding Shot...
Finding Shot...
Finding Shot...
Finding Shot...
Finding Shot...
Finding Shot...
Finding Shot...
Finding Shot...
Finding Shot...
Finding Shot...
Finding Shot...
Finding Shot...
Finding Shot...
Finding Shot...
Finding Shot...
Finding Shot...
Finding Shot...
Finding Shot...
Finding Shot...
Finding Shot...
Finding Shot...
Finding Shot...
Finding Shot...
Finding Shot...
Finding Shot...
Finding Shot...
Finding Shot...
Finding Shot...
Finding Shot...
Finding Shot...
Finding Shot...
Finding Shot...
Finding Shot...
Finding Shot...
Finding Shot...
Finding Shot...
Finding Shot...
Finding Shot...
Finding Shot...
Finding Shot...
Finding Shot...
Finding Shot...
Finding Shot...
Finding Shot...
Finding Shot...
Finding Shot...
Finding Shot...
Finding Shot...
Finding Shot...
Finding Shot...
Finding Shot...
Finding Shot...
Finding Shot...
Finding Shot...
Finding Shot...
Finding Shot...
Finding Shot...
Finding Shot...
Finding Shot...
Finding Shot...
Finding Shot...
Finding Shot...
Finding Shot...
Finding Shot...
Finding Shot...
Finding Shot...
Finding Shot...
Finding Shot...
Finding Shot...
Finding Shot...
Finding Shot...
Finding Shot...
Finding Shot...
Finding Shot...
Finding Shot...
Finding Shot...
Finding Shot...
Finding Shot...
Finding Shot...
Finding Shot...
Finding Shot...
Finding Shot...
Finding Shot...
Finding Shot...
Finding Shot...
Finding Shot...
Finding Shot...
Finding Shot...
Finding Shot...
Finding Shot...
Finding Shot...
Finding Shot...
Finding Shot...
Finding Shot...
Finding Shot...
Finding Shot...
Finding Shot...
Finding Shot...
Finding Shot...
Finding Shot...
Finding Shot...
Finding Shot...
Finding Shot...
Finding Shot...
Finding Shot...
Finding Shot...
Finding Shot...
Finding Shot...
Finding Shot...
Finding Shot...
Finding Shot...
Finding Shot...
Finding Shot...
Finding Shot...
Finding Shot...
Finding Shot...
Finding Shot...
Finding Shot...
Finding Shot...
Finding Shot...
Finding Shot...
Finding Shot...
Finding Shot...
Finding Shot...
Finding Shot...
Finding Shot...
Finding Shot...
Finding Shot...
Finding Shot...
Finding Shot...
Finding Shot...
Finding Shot...
Finding Shot...
Finding Shot...
Finding Shot...
Finding Shot...
Finding Shot...
Finding Shot...
Finding Shot...
Finding Shot...
Finding Shot...
Finding Shot...
Finding Shot...
Finding Shot...
Finding Shot...
Finding Shot...
Finding Shot...
Finding Shot...
Finding Shot...
Finding Shot...
Finding Shot...
Finding Shot...
Finding Shot...
Finding Shot...
Finding Shot...
Finding Shot...
Finding Shot...
Finding Shot...
Finding Shot...
Finding Shot...
Finding Shot...
Finding Shot...
Finding Shot...
Finding Shot...
Finding Shot...
Finding Shot...
Finding Shot...
Finding Shot...
Finding Shot...
Finding Shot...
Finding Shot...
Finding Shot...
Finding Shot...
Finding Shot...
Finding Shot...
Finding Shot...
Finding Shot...
Finding Shot...
Finding Shot...
Finding Shot...
Finding Shot...
Finding Shot...
Finding Shot...
Finding Shot...
Finding Shot...
Finding Shot...
Finding Shot...
Finding Shot...
Finding Shot...
Finding Shot...
Finding Shot...
Finding Shot...
Finding Shot...
Finding Shot...
Finding Shot...
Finding Shot...
Finding Shot...
Finding Shot...
Finding Shot...
Finding Shot...
Finding Shot...
Finding Shot...
Finding Shot...
Finding Shot...
Finding Shot...
Finding Shot...
Finding Shot...
Finding Shot...
Finding Shot...
Finding Shot...
Finding Shot...
Finding Shot...
Finding Shot...
Finding Shot...
Finding Shot...
Finding Shot...
Finding Shot...
Finding Shot...
Finding Shot...
Finding Shot...
Finding Shot...
Finding Shot...
Finding Shot...
Finding Shot...
Finding Shot...
Finding Shot...
Finding Shot...
Finding Shot...
Finding Shot...
Finding Shot...
Finding Shot...
Finding Shot...
Finding Shot...
Finding Shot...
Finding Shot...
Finding Shot...
Finding Shot...
Finding Shot...
Finding Shot...
Finding Shot...
Finding Shot...
Finding Shot...
Finding Shot...
Finding Shot...
Finding Shot...
Finding Shot...
Finding Shot...
Finding Shot...
Finding Shot...
Finding Shot...
Finding Shot...
Finding Shot...
Finding Shot...
Finding Shot...
Finding Shot...
Finding Shot...
Finding Shot...
Finding Shot...
Finding Shot...
Finding Shot...
Finding Shot...
Finding Shot...
Finding Shot...
Finding Shot...
Finding Shot...
Finding Shot...
Finding Shot...
Finding Shot...
Finding Shot...
Finding Shot...
Finding Shot...
Finding Shot...
Finding Shot...
Finding Shot...
Finding Shot...
Finding Shot...
Finding Shot...
Finding Shot...
Finding Shot...
Finding Shot...
Finding Shot...
Finding Shot...
Finding Shot...
Finding Shot...
Finding Shot...
Finding Shot...
Finding Shot...
Finding Shot...
Finding Shot...
Finding Shot...
Finding Shot...
Finding Shot...
Finding Shot...
Finding Shot...
Finding Shot...
Finding Shot...
Finding Shot...
Finding Shot...
Finding Shot...
Finding Shot...
Finding Shot...
Finding Shot...
Finding Shot...
Finding Shot...
Finding Shot...
Finding Shot...
Finding Shot...
Finding Shot...
Finding Shot...
Finding Shot...
Finding Shot...
Finding Shot...
Finding Shot...
Finding Shot...
Finding Shot...
Finding Shot...
Finding Shot...
Finding Shot...
Finding Shot...
Finding Shot...
Finding Shot...
Finding Shot...
Finding Shot...
Finding Shot...
Finding Shot...
Finding Shot...
Finding Shot...
Finding Shot...
Finding Shot...
Finding Shot...
Finding Shot...
Finding Shot...
Finding Shot...
Finding Shot...
Finding Shot...
Finding Shot...
Finding Shot...
Finding Shot...
Finding Shot...
Finding Shot...
Finding Shot...
Finding Shot...
Finding Shot...
Finding Shot...
Finding Shot...
Finding Shot...
Finding Shot...
Finding Shot...
Finding Shot...
Finding Shot...
Finding Shot...
Finding Shot...
Finding Shot...
Finding Shot...
Finding Shot...
Finding Shot...
Finding Shot...
Finding Shot...
Finding Shot...
Finding Shot...
Finding Shot...
Finding Shot...
Finding Shot...
Finding Shot...
Finding Shot...
Finding Shot...
Finding Shot...
Finding Shot...
Finding Shot...
Finding Shot...
Finding Shot...
Finding Shot...
Finding Shot...
Finding Shot...
Finding Shot...
Finding Shot...
Finding Shot...
Finding Shot...
Finding Shot...
Finding Shot...
Finding Shot...
Finding Shot...
Finding Shot...
Finding Shot...
Finding Shot...
Finding Shot...
Finding Shot...
Finding Shot...
Finding Shot...
Finding Shot...
Finding Shot...
Finding Shot...
Finding Shot...
Finding Shot...
Finding Shot...
Finding Shot...
Finding Shot...
Finding Shot...
Finding Shot...
Finding Shot...
Finding Shot...
Finding Shot...
Finding Shot...
Finding Shot...
Finding Shot...
Finding Shot...
Finding Shot...
Finding Shot...
Finding Shot...
Finding Shot...
Finding Shot...
Finding Shot...
Finding Shot...
Finding Shot...
Finding Shot...
Finding Shot...
Finding Shot...
Finding Shot...
Finding Shot...
Finding Shot...
Finding Shot...
Finding Shot...
Finding Shot...
Finding Shot...
Finding Shot...
Finding Shot...
Finding Shot...
Finding Shot...
Finding Shot...
Finding Shot...
Finding Shot...
Finding Shot...
Finding Shot...
Finding Shot...
Finding Shot...
Finding Shot...
Finding Shot...
Finding Shot...
Finding Shot...
Finding Shot...
Finding Shot...
Finding Shot...
Finding Shot...
Finding Shot...
Finding Shot...
Finding Shot...
Finding Shot...
Finding Shot...
Finding Shot...
Finding Shot...
Finding Shot...
Finding Shot...
Finding Shot...
Finding Shot...
Finding Shot...
Finding Shot...
Finding Shot...
Finding Shot...
Finding Shot...
Finding Shot...
Finding Shot...
Finding Shot...
Finding Shot...
Finding Shot...
Finding Shot...
Finding Shot...
Finding Shot...
Finding Shot...
Finding Shot...
Finding Shot...
Finding Shot...
Finding Shot...
Finding Shot...
Finding Shot...
Finding Shot...
Finding Shot...
Finding Shot...
Finding Shot...
Finding Shot...
Finding Shot...
Finding Shot...
Finding Shot...
Finding Shot...
Finding Shot...
Finding Shot...
Finding Shot...
Finding Shot...
Finding Shot...
Finding Shot...
Finding Shot...
Finding Shot...
Finding Shot...
Finding Shot...
Finding Shot...
Finding Shot...
Finding Shot...
Finding Shot...
Finding Shot...
Finding Shot...
Finding Shot...
Finding Shot...
Finding Shot...
Finding Shot...
Finding Shot...
Finding Shot...
Finding Shot...
Finding Shot...
Finding Shot...
Finding Shot...
Finding Shot...
Finding Shot...
Finding Shot...
Finding Shot...
Finding Shot...
Finding Shot...
Finding Shot...
Finding Shot...
Finding Shot...
Finding Shot...
Finding Shot...
Finding Shot...
Finding Shot...
Finding Shot...
Finding Shot...
Finding Shot...
Finding Shot...
Finding Shot...
Finding Shot...
Finding Shot...
Finding Shot...
Finding Shot...
Finding Shot...
Finding Shot...
Finding Shot...
Finding Shot...
Finding Shot...
Finding Shot...
Finding Shot...
Finding Shot...
Finding Shot...
Finding Shot...
Finding Shot...
Finding Shot...
Finding Shot...
Finding Shot...
Finding Shot...
Finding Shot...
Finding Shot...
Finding Shot...
Finding Shot...
Finding Shot...
Finding Shot...
Finding Shot...
Finding Shot...
Finding Shot...
Finding Shot...
Finding Shot...
Finding Shot...
Finding Shot...
Finding Shot...
Finding Shot...
Finding Shot...
Finding Shot...
Finding Shot...
Finding Shot...
Finding Shot...
Finding Shot...
Finding Shot...
Finding Shot...
Finding Shot...
Finding Shot...
Finding Shot...
Finding Shot...
Finding Shot...
Finding Shot...
Finding Shot...
Finding Shot...
Finding Shot...
Finding Shot...
Finding Shot...
Finding Shot...
Finding Shot...
Finding Shot...
Finding Shot...
Finding Shot...
Finding Shot...
Finding Shot...
Finding Shot...
Finding Shot...
Finding Shot...
Finding Shot...
Finding Shot...
Finding Shot...
Finding Shot...
Finding Shot...
Finding Shot...
Finding Shot...
Finding Shot...
Finding Shot...
Finding Shot...
Finding Shot...
Finding Shot...
Finding Shot...
Finding Shot...
Finding Shot...
Finding Shot...
Finding Shot...
Finding Shot...
Finding Shot...
Finding Shot...
Finding Shot...
Finding Shot...
Finding Shot...
Finding Shot...
Finding Shot...
Finding Shot...
Finding Shot...
Finding Shot...
Finding Shot...
Finding Shot...
Finding Shot...
Finding Shot...
Finding Shot...
Finding Shot...
Finding Shot...
Finding Shot...
Finding Shot...
Finding Shot...
Finding Shot...
Finding Shot...
Finding Shot...
Finding Shot...
Finding Shot...
Finding Shot...
Finding Shot...
Finding Shot...
Finding Shot...
Finding Shot...
Finding Shot...
Finding Shot...
Finding Shot...
Finding Shot...
Finding Shot...
Finding Shot...
Finding Shot...
Finding Shot...
Finding Shot...
Finding Shot...
Finding Shot...
Finding Shot...
Finding Shot...
Finding Shot...
Finding Shot...
Finding Shot...
Finding Shot...
Finding Shot...
Finding Shot...
Finding Shot...
Finding Shot...
Finding Shot...
Finding Shot...
Finding Shot...
Finding Shot...
Finding Shot...
Finding Shot...
Finding Shot...
Finding Shot...
Finding Shot...
Finding Shot...
Finding Shot...
Finding Shot...
Finding Shot...
Finding Shot...
Finding Shot...
Finding Shot...
Finding Shot...
Finding Shot...
Finding Shot...
Finding Shot...
Finding Shot...
Finding Shot...
Finding Shot...
Finding Shot...
Finding Shot...
Finding Shot...
Finding Shot...
Finding Shot...
Finding Shot...
Finding Shot...
Finding Shot...
Finding Shot...
Finding Shot...
Finding Shot...
Finding Shot...
Finding Shot...
Finding Shot...
Finding Shot...
Finding Shot...
Finding Shot...
Finding Shot...
Finding Shot...
Finding Shot...
Finding Shot...
Finding Shot...
Finding Shot...
Finding Shot...
Finding Shot...
Finding Shot...
Finding Shot...
[25/10320] elapsed=720.5s eta=296708.3s
[50/10320] elapsed=739.7s eta=151940.1s
[75/10320] elapsed=1302.1s eta=177864.6s
[100/10320] elapsed=1334.2s eta=136356.9s
[125/10320] elapsed=1370.2s eta=111754.2s
[150/10320] elapsed=1940.2s eta=131545.8s
[175/10320] elapsed=1983.0s eta=114954.5s
[200/10320] elapsed=2370.5s eta=119944.9s
[225/10320] elapsed=2584.6s eta=115963.0s
[250/10320] elapsed=2645.4s eta=106556.1s
[275/10320] elapsed=2812.6s eta=102736.3s
[300/10320] elapsed=3063.0s eta=102303.4s
[325/10320] elapsed=3196.5s eta=98303.3s
[350/10320] elapsed=3471.7s eta=98893.9s
[375/10320] elapsed=3562.2s eta=94468.7s
[400/10320] elapsed=3780.5s eta=93756.7s
[425/10320] elapsed=4072.5s eta=94818.3s
[450/10320] elapsed=4340.7s eta=95207.0s
[475/10320] elapsed=4647.7s eta=96329.5s
[500/10320] elapsed=4837.4s eta=95007.3s
[525/10320] elapsed=5159.5s eta=96262.1s
[550/10320] elapsed=5460.7s eta=97002.6s
[575/10320] elapsed=5636.9s eta=95534.0s
[600/10320] elapsed=5962.6s eta=96593.5s
[625/10320] elapsed=6241.9s eta=96824.2s
[650/10320] elapsed=6562.1s eta=97624.5s
[675/10320] elapsed=6711.0s eta=95892.1s
[700/10320] elapsed=6904.5s eta=94887.6s
[725/10320] elapsed=7006.5s eta=92727.0s
[750/10320] elapsed=7174.6s eta=91547.8s
[775/10320] elapsed=7318.1s eta=90130.3s
[800/10320] elapsed=7470.2s eta=88895.4s
[825/10320] elapsed=7746.8s eta=89158.6s
[850/10320] elapsed=7835.6s eta=87297.7s
[875/10320] elapsed=8083.5s eta=87255.8s
[900/10320] elapsed=8467.1s eta=88622.6s
[925/10320] elapsed=8598.6s eta=87333.5s
[950/10320] elapsed=9133.2s eta=90082.0s
[975/10320] elapsed=9227.2s eta=88439.5s
[1000/10320] elapsed=9472.8s eta=88286.1s
[1025/10320] elapsed=9755.6s eta=88466.3s
[1050/10320] elapsed=9912.3s eta=87511.2s
[1075/10320] elapsed=10070.7s eta=86608.1s
[1100/10320] elapsed=10239.8s eta=85828.4s
[1125/10320] elapsed=10645.8s eta=87011.3s
[1150/10320] elapsed=10873.1s eta=86701.1s
[1175/10320] elapsed=11150.2s eta=86781.8s
[1200/10320] elapsed=11257.5s eta=85557.2s
[1225/10320] elapsed=11363.6s eta=84368.6s
[1250/10320] elapsed=11531.3s eta=83671.2s
[1275/10320] elapsed=11839.0s eta=83987.4s
[1300/10320] elapsed=11962.6s eta=83002.2s
[1325/10320] elapsed=12114.1s eta=82239.1s
[1350/10320] elapsed=12465.2s eta=82824.5s
[1375/10320] elapsed=12585.9s eta=81876.7s
[1400/10320] elapsed=12700.5s eta=80920.6s
[1425/10320] elapsed=13026.3s eta=81311.8s
[1450/10320] elapsed=13337.0s eta=81585.8s
[1475/10320] elapsed=13448.5s eta=80645.5s
[1500/10320] elapsed=13685.6s eta=80471.4s
[1525/10320] elapsed=13751.4s eta=79307.4s
[1550/10320] elapsed=13883.6s eta=78554.4s
[1575/10320] elapsed=14008.4s eta=77780.2s
[1600/10320] elapsed=14339.8s eta=78152.0s
[1625/10320] elapsed=14512.6s eta=77653.4s
[1650/10320] elapsed=14590.6s eta=76667.2s
[1675/10320] elapsed=14798.2s eta=76376.3s
[1700/10320] elapsed=14931.1s eta=75709.3s
[1725/10320] elapsed=15056.6s eta=75021.2s
[1750/10320] elapsed=15090.5s eta=73900.4s
[1775/10320] elapsed=15140.0s eta=72885.2s
[1800/10320] elapsed=15282.8s eta=72338.6s
[1825/10320] elapsed=15304.1s eta=71237.7s
[1850/10320] elapsed=15344.1s eta=70251.1s
[1875/10320] elapsed=15368.9s eta=69221.5s
[1900/10320] elapsed=15548.6s eta=68904.8s
[1925/10320] elapsed=15604.6s eta=68052.1s
[1950/10320] elapsed=15636.8s eta=67117.9s
[1975/10320] elapsed=15673.1s eta=66223.8s
[2000/10320] elapsed=15699.0s eta=65307.9s
[2025/10320] elapsed=15730.3s eta=64435.8s
[2050/10320] elapsed=15763.8s eta=63593.5s
[2075/10320] elapsed=15798.8s eta=62776.4s
[2100/10320] elapsed=15926.0s eta=62338.9s
[2125/10320] elapsed=15946.4s eta=61496.7s
[2150/10320] elapsed=16077.0s eta=61092.6s
[2175/10320] elapsed=16094.0s eta=60269.4s
[2200/10320] elapsed=16129.3s eta=59531.6s
[2225/10320] elapsed=16179.2s eta=58863.1s
[2250/10320] elapsed=16208.1s eta=58133.1s
[2275/10320] elapsed=16251.9s eta=57471.1s
[2300/10320] elapsed=16424.6s eta=57271.8s
[2325/10320] elapsed=16455.4s eta=56585.4s
[2350/10320] elapsed=16503.2s eta=55970.4s
[2375/10320] elapsed=16587.4s eta=55489.3s
[2400/10320] elapsed=16625.5s eta=54864.0s
[2425/10320] elapsed=16817.4s eta=54752.0s
[2450/10320] elapsed=16856.2s eta=54146.2s
[2475/10320] elapsed=16980.8s eta=53824.1s
[2500/10320] elapsed=17062.9s eta=53372.7s
[2525/10320] elapsed=17101.7s eta=52795.2s
[2550/10320] elapsed=17183.3s eta=52358.5s
[2575/10320] elapsed=17234.9s eta=51838.6s
[2600/10320] elapsed=17275.2s eta=51294.2s
[2625/10320] elapsed=17301.4s eta=50717.7s
[2650/10320] elapsed=17345.6s eta=50204.1s
[2675/10320] elapsed=17368.2s eta=49637.2s
[2700/10320] elapsed=17470.7s eta=49306.3s
[2725/10320] elapsed=17511.4s eta=48807.0s
[2750/10320] elapsed=17535.0s eta=48269.2s
[2775/10320] elapsed=17599.6s eta=47851.9s
[2800/10320] elapsed=17621.2s eta=47325.6s
[2825/10320] elapsed=17671.4s eta=46883.9s
[2850/10320] elapsed=17687.6s eta=46360.0s
[2875/10320] elapsed=17715.6s eta=45875.8s
[2900/10320] elapsed=17763.0s eta=45448.9s
[2925/10320] elapsed=17780.8s eta=44953.5s
[2950/10320] elapsed=17823.8s eta=44529.2s
[2975/10320] elapsed=17848.7s eta=44066.9s
[3000/10320] elapsed=17875.0s eta=43615.1s
[3025/10320] elapsed=17922.1s eta=43220.3s
[3050/10320] elapsed=17938.0s eta=42757.1s
[3075/10320] elapsed=18106.4s eta=42660.5s
[3100/10320] elapsed=18137.7s eta=42243.4s
[3125/10320] elapsed=18177.9s eta=41852.7s
[3150/10320] elapsed=18195.5s eta=41416.3s
[3175/10320] elapsed=18391.9s eta=41389.0s
[3200/10320] elapsed=18411.4s eta=40965.4s
[3225/10320] elapsed=18441.6s eta=40571.6s
[3250/10320] elapsed=18568.5s eta=40393.7s
[3275/10320] elapsed=18594.8s eta=40000.2s
[3300/10320] elapsed=18707.7s eta=39796.3s
[3325/10320] elapsed=18731.7s eta=39407.0s
[3350/10320] elapsed=18767.0s eta=39046.5s
[3375/10320] elapsed=18937.7s eta=38969.5s
[3400/10320] elapsed=18961.6s eta=38592.4s
[3425/10320] elapsed=18984.1s eta=38217.5s
[3450/10320] elapsed=19026.5s eta=37887.5s
[3475/10320] elapsed=19049.9s eta=37524.2s
[3500/10320] elapsed=19088.4s eta=37195.2s
[3525/10320] elapsed=19120.5s eta=36857.7s
[3550/10320] elapsed=19420.4s eta=37035.6s
[3575/10320] elapsed=19670.5s eta=37112.6s
[3600/10320] elapsed=19696.5s eta=36766.8s
[3625/10320] elapsed=20218.7s eta=37341.8s
[3650/10320] elapsed=20272.6s eta=37046.1s
[3675/10320] elapsed=20296.5s eta=36699.5s
[3700/10320] elapsed=20774.9s eta=37170.3s
[3725/10320] elapsed=20872.1s eta=36953.4s
[3750/10320] elapsed=21019.4s eta=36826.0s
[3775/10320] elapsed=21452.9s eta=37194.6s
[3800/10320] elapsed=21485.7s eta=36864.9s
[3825/10320] elapsed=21958.6s eta=37286.6s
[3850/10320] elapsed=22002.8s eta=36976.1s
[3875/10320] elapsed=22048.7s eta=36672.0s
[3900/10320] elapsed=22385.9s eta=36850.7s
[3925/10320] elapsed=22412.6s eta=36516.9s
[3950/10320] elapsed=22733.8s eta=36661.9s
[3975/10320] elapsed=22848.1s eta=36470.8s
[4000/10320] elapsed=22894.6s eta=36173.5s
[4025/10320] elapsed=23170.7s eta=36238.4s
[4050/10320] elapsed=23205.5s eta=35925.6s
[4075/10320] elapsed=23350.1s eta=35784.4s
[4100/10320] elapsed=23486.5s eta=35630.7s
[4125/10320] elapsed=23930.0s eta=35938.5s
[4150/10320] elapsed=24111.9s eta=35848.4s
[4175/10320] elapsed=24170.5s eta=35575.5s
[4200/10320] elapsed=24571.9s eta=35804.8s
[4225/10320] elapsed=24665.6s eta=35582.7s
[4250/10320] elapsed=24783.6s eta=35396.9s
[4275/10320] elapsed=24934.5s eta=35258.2s
[4300/10320] elapsed=25361.6s eta=35506.3s
[4325/10320] elapsed=25412.5s eta=35224.9s
[4350/10320] elapsed=25553.8s eta=35070.3s
[4375/10320] elapsed=25791.5s eta=35047.0s
[4400/10320] elapsed=25823.3s eta=34744.1s
[4425/10320] elapsed=25888.3s eta=34488.4s
[4450/10320] elapsed=25955.5s eta=34237.9s
[4475/10320] elapsed=26005.5s eta=33966.9s
[4500/10320] elapsed=26155.9s eta=33828.3s
[4525/10320] elapsed=26195.7s eta=33547.9s
[4550/10320] elapsed=26215.4s eta=33244.6s
[4575/10320] elapsed=26268.0s eta=32985.7s
[4600/10320] elapsed=26350.6s eta=32766.4s
[4625/10320] elapsed=26366.5s eta=32466.5s
[4650/10320] elapsed=26402.5s eta=32194.0s
[4675/10320] elapsed=26446.1s eta=31933.3s
[4700/10320] elapsed=26520.5s eta=31711.8s
[4725/10320] elapsed=26576.7s eta=31470.2s
[4750/10320] elapsed=26612.1s eta=31206.2s
[4775/10320] elapsed=26681.7s eta=30984.3s
[4800/10320] elapsed=26698.8s eta=30703.7s
[4825/10320] elapsed=26718.9s eta=30429.1s
[4850/10320] elapsed=26779.9s eta=30203.3s
[4875/10320] elapsed=26940.6s eta=30090.5s
[4900/10320] elapsed=27004.7s eta=29870.5s
[4925/10320] elapsed=27090.3s eta=29675.5s
[4950/10320] elapsed=27152.5s eta=29456.4s
[4975/10320] elapsed=27169.6s eta=29190.3s
[5000/10320] elapsed=27265.2s eta=29010.2s
[5025/10320] elapsed=27307.9s eta=28775.2s
[5050/10320] elapsed=27453.0s eta=28648.9s
[5075/10320] elapsed=27484.6s eta=28405.2s
[5100/10320] elapsed=27560.6s eta=28209.1s
[5125/10320] elapsed=27627.8s eta=28005.2s
[5150/10320] elapsed=27652.0s eta=27759.4s
[5175/10320] elapsed=27671.0s eta=27510.6s
[5200/10320] elapsed=27720.6s eta=27294.1s
[5225/10320] elapsed=27747.9s eta=27057.5s
[5250/10320] elapsed=27792.3s eta=26839.4s
[5275/10320] elapsed=27814.2s eta=26601.5s
[5300/10320] elapsed=27976.5s eta=26498.5s
[5325/10320] elapsed=28022.7s eta=26286.0s
[5350/10320] elapsed=28324.0s eta=26312.2s
[5375/10320] elapsed=28471.4s eta=26193.7s
[5400/10320] elapsed=28559.0s eta=26020.5s
[5425/10320] elapsed=29157.4s eta=26308.9s
[5450/10320] elapsed=29260.8s eta=26146.8s
[5475/10320] elapsed=29871.2s eta=26434.0s
[5500/10320] elapsed=30123.9s eta=26399.5s
[5525/10320] elapsed=30201.8s eta=26211.4s
[5550/10320] elapsed=30738.7s eta=26418.7s
[5575/10320] elapsed=31059.6s eta=26435.5s
[5600/10320] elapsed=31444.5s eta=26503.3s
[5625/10320] elapsed=31714.8s eta=26471.3s
[5650/10320] elapsed=31941.4s eta=26401.1s
[5675/10320] elapsed=32185.8s eta=26344.1s
[5700/10320] elapsed=32304.0s eta=26183.2s
[5725/10320] elapsed=32537.5s eta=26115.3s
[5750/10320] elapsed=32767.5s eta=26043.1s
[5775/10320] elapsed=32919.3s eta=25907.9s
[5800/10320] elapsed=33099.2s eta=25794.6s
[5825/10320] elapsed=33312.9s eta=25706.7s
[5850/10320] elapsed=33879.5s eta=25887.4s
[5875/10320] elapsed=34055.1s eta=25765.9s
[5900/10320] elapsed=34313.9s eta=25706.4s
[5925/10320] elapsed=34758.4s eta=25782.8s
[5950/10320] elapsed=34847.5s eta=25593.9s
[5975/10320] elapsed=35397.1s eta=25740.6s
[6000/10320] elapsed=35504.6s eta=25563.3s
[6025/10320] elapsed=35617.5s eta=25390.4s
[6050/10320] elapsed=35987.7s eta=25399.6s
[6075/10320] elapsed=36125.0s eta=25242.9s
[6100/10320] elapsed=36504.0s eta=25253.6s
[6125/10320] elapsed=36711.6s eta=25143.7s
[6150/10320] elapsed=36802.9s eta=24954.1s
[6175/10320] elapsed=37130.1s eta=24923.8s
[6200/10320] elapsed=37375.9s eta=24836.9s
[6225/10320] elapsed=37473.5s eta=24651.3s
[6250/10320] elapsed=37803.3s eta=24617.5s
[6275/10320] elapsed=37908.1s eta=24436.4s
[6300/10320] elapsed=38278.4s eta=24425.3s
[6325/10320] elapsed=38491.4s eta=24312.0s
[6350/10320] elapsed=38660.6s eta=24170.5s
[6375/10320] elapsed=39280.1s eta=24307.5s
[6400/10320] elapsed=39386.9s eta=24124.5s
[6425/10320] elapsed=39648.6s eta=24036.0s
[6450/10320] elapsed=39959.1s eta=23975.5s
[6475/10320] elapsed=40161.8s eta=23849.0s
[6500/10320] elapsed=40310.2s eta=23690.0s
[6525/10320] elapsed=40506.7s eta=23559.1s
[6550/10320] elapsed=40718.9s eta=23436.7s
[6575/10320] elapsed=41350.4s eta=23552.5s
[6600/10320] elapsed=41438.7s eta=23356.3s
[6625/10320] elapsed=41682.0s eta=23247.6s
[6650/10320] elapsed=42135.7s eta=23253.8s
[6675/10320] elapsed=42292.2s eta=23094.4s
[6700/10320] elapsed=42528.6s eta=22978.1s
[6725/10320] elapsed=42770.2s eta=22863.8s
[6750/10320] elapsed=42878.0s eta=22677.7s
[6775/10320] elapsed=43080.9s eta=22542.0s
[6800/10320] elapsed=43213.0s eta=22369.1s
[6825/10320] elapsed=43359.4s eta=22203.8s
[6850/10320] elapsed=43587.3s eta=22080.0s
[6875/10320] elapsed=44104.2s eta=22100.2s
[6900/10320] elapsed=44243.6s eta=21929.5s
[6925/10320] elapsed=44721.7s eta=21924.9s
[6950/10320] elapsed=44845.8s eta=21745.4s
[6975/10320] elapsed=44958.5s eta=21560.8s
[7000/10320] elapsed=45379.0s eta=21522.6s
[7025/10320] elapsed=45636.6s eta=21405.4s
[7050/10320] elapsed=45823.3s eta=21254.2s
[7075/10320] elapsed=46110.4s eta=21148.8s
[7100/10320] elapsed=46429.2s eta=21056.6s
[7125/10320] elapsed=46648.8s eta=20918.3s
[7150/10320] elapsed=46762.0s eta=20732.2s
[7175/10320] elapsed=47031.4s eta=20615.1s
[7200/10320] elapsed=47199.6s eta=20453.2s
[7225/10320] elapsed=47410.1s eta=20309.2s
[7250/10320] elapsed=47646.5s eta=20175.8s
[7275/10320] elapsed=47793.7s eta=20004.4s
[7300/10320] elapsed=48017.2s eta=19864.7s
[7325/10320] elapsed=48204.8s eta=19709.7s
[7350/10320] elapsed=48653.6s eta=19660.0s
[7375/10320] elapsed=48808.6s eta=19490.3s
[7400/10320] elapsed=49027.4s eta=19345.9s
[7425/10320] elapsed=49441.7s eta=19277.3s
[7450/10320] elapsed=49505.6s eta=19071.3s
[7475/10320] elapsed=49927.9s eta=19002.7s
[7500/10320] elapsed=50022.1s eta=18808.3s
[7525/10320] elapsed=50122.1s eta=18616.8s
[7550/10320] elapsed=50411.8s eta=18495.5s
[7575/10320] elapsed=50511.1s eta=18304.0s
[7600/10320] elapsed=50647.5s eta=18126.5s
[7625/10320] elapsed=50785.8s eta=17949.9s
[7650/10320] elapsed=50870.7s eta=17754.9s
[7675/10320] elapsed=50961.5s eta=17562.6s
[7700/10320] elapsed=51045.6s eta=17368.7s
[7725/10320] elapsed=51107.2s eta=17168.1s
[7750/10320] elapsed=51239.2s eta=16991.6s
[7775/10320] elapsed=51308.8s eta=16795.0s
[7800/10320] elapsed=51364.5s eta=16594.7s
[7825/10320] elapsed=51442.9s eta=16402.5s
[7850/10320] elapsed=51483.1s eta=16199.1s
[7875/10320] elapsed=51546.7s eta=16004.0s
[7900/10320] elapsed=51617.8s eta=15812.0s
[7925/10320] elapsed=51651.5s eta=15609.5s
[7950/10320] elapsed=51705.4s eta=15414.1s
[7975/10320] elapsed=51750.9s eta=15217.0s
[8000/10320] elapsed=51798.0s eta=15021.4s
[8025/10320] elapsed=51852.2s eta=14828.8s
[8050/10320] elapsed=52060.8s eta=14680.5s
[8075/10320] elapsed=52103.9s eta=14485.9s
[8100/10320] elapsed=52273.1s eta=14326.7s
[8125/10320] elapsed=52360.0s eta=14145.2s
[8150/10320] elapsed=52381.5s eta=13947.0s
[8175/10320] elapsed=52399.9s eta=13749.0s
[8200/10320] elapsed=52482.1s eta=13568.6s
[8225/10320] elapsed=52497.6s eta=13371.7s
[8250/10320] elapsed=52659.2s eta=13212.7s
[8275/10320] elapsed=52688.5s eta=13020.9s
[8300/10320] elapsed=52804.1s eta=12851.1s
[8325/10320] elapsed=52851.6s eta=12665.3s
[8350/10320] elapsed=52888.5s eta=12477.9s
[8375/10320] elapsed=52969.3s eta=12301.5s
[8400/10320] elapsed=53016.0s eta=12117.9s
[8425/10320] elapsed=53057.3s eta=11934.0s
[8450/10320] elapsed=53138.5s eta=11759.6s
[8475/10320] elapsed=53154.4s eta=11571.7s
[8500/10320] elapsed=53214.1s eta=11394.1s
[8525/10320] elapsed=53252.9s eta=11212.8s
[8550/10320] elapsed=53270.8s eta=11028.0s
[8575/10320] elapsed=53434.2s eta=10873.8s
[8600/10320] elapsed=53458.3s eta=10691.7s
[8625/10320] elapsed=53627.7s eta=10539.0s
[8650/10320] elapsed=53748.1s eta=10376.8s
[8675/10320] elapsed=53793.1s eta=10200.5s
[8700/10320] elapsed=53942.5s eta=10044.5s
[8725/10320] elapsed=54032.4s eta=9877.6s
[8750/10320] elapsed=54081.6s eta=9703.8s
[8775/10320] elapsed=54191.7s eta=9541.4s
[8800/10320] elapsed=54265.3s eta=9373.1s
[8825/10320] elapsed=54350.1s eta=9207.2s
[8850/10320] elapsed=54522.2s eta=9056.2s
[8875/10320] elapsed=54586.4s eta=8887.6s
[8900/10320] elapsed=54765.0s eta=8737.8s
[8925/10320] elapsed=54849.4s eta=8573.1s
[8950/10320] elapsed=54934.2s eta=8408.9s
[8975/10320] elapsed=55107.8s eta=8258.5s
[9000/10320] elapsed=55186.7s eta=8094.1s
[9025/10320] elapsed=55293.2s eta=7934.0s
[9050/10320] elapsed=55419.6s eta=7777.1s
[9075/10320] elapsed=55484.0s eta=7611.9s
[9100/10320] elapsed=55609.1s eta=7455.3s
[9125/10320] elapsed=55663.3s eta=7289.6s
[9150/10320] elapsed=55750.1s eta=7128.7s
[9175/10320] elapsed=55869.8s eta=6972.3s
[9200/10320] elapsed=55908.7s eta=6806.3s
[9225/10320] elapsed=56016.7s eta=6649.1s
[9250/10320] elapsed=56102.2s eta=6489.7s
[9275/10320] elapsed=56193.2s eta=6331.2s
[9300/10320] elapsed=56267.8s eta=6171.3s
[9325/10320] elapsed=56444.5s eta=6022.8s
[9350/10320] elapsed=56503.5s eta=5861.9s
[9375/10320] elapsed=56648.6s eta=5710.2s
[9400/10320] elapsed=56778.1s eta=5557.0s
[9425/10320] elapsed=56821.8s eta=5395.8s
[9450/10320] elapsed=56985.4s eta=5246.3s
[9475/10320] elapsed=57070.1s eta=5089.6s
[9500/10320] elapsed=57174.9s eta=4935.1s
[9525/10320] elapsed=57346.5s eta=4786.4s
[9550/10320] elapsed=57425.8s eta=4630.1s
[9575/10320] elapsed=57544.1s eta=4477.3s
[9600/10320] elapsed=57659.7s eta=4324.5s
[9625/10320] elapsed=57771.4s eta=4171.5s
[9650/10320] elapsed=57898.9s eta=4019.9s
[9675/10320] elapsed=58080.8s eta=3872.1s
[9700/10320] elapsed=58180.8s eta=3718.8s
[9725/10320] elapsed=58387.8s eta=3572.3s
[9750/10320] elapsed=58445.2s eta=3416.8s
[9775/10320] elapsed=58507.7s eta=3262.1s
[9800/10320] elapsed=58666.0s eta=3112.9s
[9825/10320] elapsed=58731.6s eta=2959.0s
[9850/10320] elapsed=58835.1s eta=2807.4s
[9875/10320] elapsed=58899.0s eta=2654.2s
[9900/10320] elapsed=58948.5s eta=2500.8s
[9925/10320] elapsed=59078.3s eta=2351.2s
[9950/10320] elapsed=59120.7s eta=2198.5s
[9975/10320] elapsed=59190.6s eta=2047.2s
[10000/10320] elapsed=59256.9s eta=1896.2s
[10025/10320] elapsed=59323.6s eta=1745.7s
[10050/10320] elapsed=59406.8s eta=1596.0s
[10075/10320] elapsed=59472.9s eta=1446.2s
[10100/10320] elapsed=59618.9s eta=1298.6s
[10125/10320] elapsed=59674.4s eta=1149.3s
[10150/10320] elapsed=59810.3s eta=1001.7s
[10175/10320] elapsed=59904.1s eta=853.7s
[10200/10320] elapsed=59948.0s eta=705.3s
[10225/10320] elapsed=60041.3s eta=557.8s
[10250/10320] elapsed=60114.9s eta=410.5s
[10275/10320] elapsed=60191.9s eta=263.6s
[10300/10320] elapsed=60259.8s eta=117.0s
[10320/10320] elapsed=60289.1s eta=0.0s

=== Scored 10320 candidates in 60289.1s ===
Wrote reinvest_experiment/run500/referee/score_move_qtable_idx350.csv (10320 rows)
