Running Reinvestment arm...

=== Reinvestment Arm: A1N (AllGrid, depth 3) ===
  method             = AllGrid
  depth              = 3
  playouts (P)       = 100
  rollouts/visit (R) = 10
  retention_rate     = 0.2
  ucb_c              = 1.41
  epsilon            = 0.3
  risk_lambda        = 0  (ClusterValue 系以外では無効)
  noisy_tree         = true
  n_states           = 500
  num_threads        = 18
  seed               = 46
  start_index        = 0
  max_positions      = 200
  load_positions_dir = test_positions500
  output_dir         = reinvest_experiment/sweepN/P100/A1N/seed_46
  [loader] 1 batch files in test_positions500
  [loader] loaded 500 positions
  Sampled 500 / 500 positions (seed=46)
  Sliced to [0, 200) = 200 positions
Finding Shot...
Finding Shot...
Finding Shot...
Finding Shot...
Finding Shot...
Finding Shot...
Finding Shot...
Finding Shot...
Finding Shot...
Finding Shot...
Finding Shot...
Finding Shot...
Finding Shot...
Finding Shot...
Finding Shot...
Finding Shot...
Finding Shot...
Finding Shot...
Finding Shot...
Finding Shot...
Finding Shot...
Finding Shot...
Finding Shot...
Finding Shot...
Finding Shot...
Finding Shot...
Finding Shot...
Finding Shot...
Finding Shot...
Finding Shot...
Finding Shot...
Finding Shot...
Finding Shot...
Finding Shot...
Finding Shot...
Finding Shot...
Finding Shot...
Finding Shot...
Finding Shot...
Finding Shot...
Finding Shot...
Finding Shot...
Finding Shot...
Finding Shot...
Finding Shot...
Finding Shot...
Finding Shot...
Finding Shot...
Finding Shot...
Finding Shot...
Finding Shot...
Finding Shot...
Finding Shot...
Finding Shot...
Finding Shot...
Finding Shot...
Finding Shot...
Finding Shot...
Finding Shot...
Finding Shot...
Finding Shot...
Finding Shot...
Finding Shot...
Finding Shot...
Finding Shot...
Finding Shot...
Finding Shot...
Finding Shot...
Finding Shot...
Finding Shot...
Finding Shot...
Finding Shot...
Finding Shot...
Finding Shot...
Finding Shot...
Finding Shot...
Finding Shot...
Finding Shot...
Finding Shot...
Finding Shot...
Finding Shot...
Finding Shot...
Finding Shot...
Finding Shot...
Finding Shot...
Finding Shot...
Finding Shot...
Finding Shot...
Finding Shot...
Finding Shot...
Finding Shot...
Finding Shot...
Finding Shot...
Finding Shot...
Finding Shot...
Finding Shot...
Finding Shot...
Finding Shot...
Finding Shot...
Finding Shot...
Finding Shot...
Finding Shot...
Finding Shot...
Finding Shot...
Finding Shot...
Finding Shot...
Finding Shot...
Finding Shot...
Finding Shot...
Finding Shot...
Finding Shot...
Finding Shot...
Finding Shot...
Finding Shot...
Finding Shot...
Finding Shot...
Finding Shot...
Finding Shot...
Finding Shot...
Finding Shot...
Finding Shot...
Finding Shot...
Finding Shot...
Finding Shot...
Finding Shot...
Finding Shot...
Finding Shot...
Finding Shot...
Finding Shot...
Finding Shot...
Finding Shot...
Finding Shot...
Finding Shot...
Finding Shot...
Finding Shot...
Finding Shot...
Finding Shot...
Finding Shot...
Finding Shot...
Finding Shot...
Finding Shot...
Finding Shot...
Finding Shot...
Finding Shot...
Finding Shot...
Finding Shot...
Finding Shot...
Finding Shot...
Finding Shot...
Finding Shot...
Finding Shot...
Finding Shot...
Finding Shot...
Finding Shot...
Finding Shot...
Finding Shot...
Finding Shot...
Finding Shot...
Finding Shot...
Finding Shot...
Finding Shot...
Finding Shot...
Finding Shot...
Finding Shot...
Finding Shot...
Finding Shot...
Finding Shot...
Finding Shot...
Finding Shot...
Finding Shot...
Finding Shot...
Finding Shot...
Finding Shot...
Finding Shot...
Finding Shot...
Finding Shot...
Finding Shot...
Finding Shot...
Finding Shot...
Finding Shot...
Finding Shot...
Finding Shot...
Finding Shot...
Finding Shot...
Finding Shot...
Finding Shot...
Finding Shot...
Finding Shot...
Finding Shot...
Finding Shot...
Finding Shot...
Finding Shot...
Finding Shot...
Finding Shot...
Finding Shot...
Finding Shot...
Finding Shot...
Finding Shot...
Finding Shot...
Finding Shot...
Finding Shot...
Finding Shot...
Finding Shot...
Finding Shot...
Finding Shot...
Finding Shot...
Finding Shot...
Finding Shot...
Finding Shot...
Finding Shot...
Finding Shot...
Finding Shot...
Finding Shot...
Finding Shot...
Finding Shot...
Finding Shot...
Finding Shot...
Finding Shot...
Finding Shot...
Finding Shot...
Finding Shot...
Finding Shot...
Finding Shot...
Finding Shot...
Finding Shot...
Finding Shot...
Finding Shot...
Finding Shot...
Finding Shot...
Finding Shot...
Finding Shot...
Finding Shot...
Finding Shot...
Finding Shot...
Finding Shot...
Finding Shot...
Finding Shot...
Finding Shot...
Finding Shot...
Finding Shot...
Finding Shot...
Finding Shot...
Finding Shot...
Finding Shot...
Finding Shot...
Finding Shot...
Finding Shot...
Finding Shot...
Finding Shot...
Finding Shot...
Finding Shot...
Finding Shot...
Finding Shot...
Finding Shot...
Finding Shot...
Finding Shot...
Finding Shot...
Finding Shot...
Finding Shot...
Finding Shot...
Finding Shot...
Finding Shot...
Finding Shot...
Finding Shot...
Finding Shot...
Finding Shot...
Finding Shot...
Finding Shot...
Finding Shot...
Finding Shot...
Finding Shot...
Finding Shot...
Finding Shot...
Finding Shot...
[start 1/200] thread=7 global_idx=0 (g=7977,e=6,s=14) elapsed=1.8s
Finding Shot...
[start 2/200] thread=8 global_idx=1 (g=3926,e=6,s=11) elapsed=1.8s
Finding Shot...
Finding Shot...
Finding Shot...
Finding Shot...
Finding Shot...
[start 3/200] thread=12 global_idx=2 (g=3883,e=1,s=14) elapsed=1.8s
Finding Shot...
Finding Shot...
[start 4/200] thread=11 global_idx=3 (g=9222,e=7,s=5) elapsed=1.8s
Finding Shot...
Finding Shot...
[start 5/200] thread=15 global_idx=4 (g=7881,e=2,s=15) elapsed=1.8s
Finding Shot...
Finding Shot...
[start 6/200] thread=5 global_idx=5 (g=6406,e=1,s=10) elapsed=1.8s
[start 7/200] thread=4 global_idx=6 (g=8452,e=5,s=15) elapsed=1.8s
Finding Shot...
[start 8/200] thread=16 global_idx=7 (g=1028,e=6,s=15) elapsed=1.8s
[start 9/200] thread=10 global_idx=8 (g=2596,e=1,s=14) elapsed=1.8s
[start 10/200] thread=9 global_idx=9 (g=4748,e=1,s=3) elapsed=1.8s
Finding Shot...
[start 11/200] thread=0 global_idx=10 (g=9206,e=3,s=13) elapsed=1.8s
[start 12/200] thread=17 global_idx=11 (g=5859,e=1,s=6) elapsed=1.8s
[start 13/200] thread=1 global_idx=12 (g=6871,e=4,s=5) elapsed=1.8s
[start 14/200] thread=6 global_idx=13 (g=7163,e=3,s=13) elapsed=1.8s
[start 15/200] thread=3 global_idx=14 (g=5807,e=0,s=8) elapsed=1.8s
[start 16/200] thread=13 global_idx=15 (g=5567,e=2,s=15) elapsed=1.8s
[start 17/200] thread=2 global_idx=16 (g=2507,e=3,s=11) elapsed=1.9s
[start 18/200] thread=14 global_idx=17 (g=7006,e=3,s=15) elapsed=1.9s
[done 1/200] thread=15 global_idx=4 (g=7881,e=2,s=15) state_time=18.4s best_idx=88 sims=229 N=129 K=129 eta=4029.9s
[start 19/200] thread=15 global_idx=18 (g=1984,e=6,s=4) elapsed=20.3s
[done 2/200] thread=13 global_idx=15 (g=5567,e=2,s=15) state_time=23.3s best_idx=2 sims=229 N=129 K=129 eta=2487.6s
[start 20/200] thread=13 global_idx=19 (g=1845,e=7,s=14) elapsed=25.1s
[done 3/200] thread=4 global_idx=6 (g=8452,e=5,s=15) state_time=28.8s best_idx=0 sims=253 N=153 K=153 eta=2011.0s
[start 21/200] thread=4 global_idx=20 (g=5780,e=2,s=6) elapsed=30.6s
[done 4/200] thread=14 global_idx=17 (g=7006,e=3,s=15) state_time=30.2s best_idx=0 sims=245 N=145 K=145 eta=1569.6s
[start 22/200] thread=14 global_idx=21 (g=8645,e=7,s=5) elapsed=32.0s
[done 5/200] thread=16 global_idx=7 (g=1028,e=6,s=15) state_time=30.6s best_idx=0 sims=251 N=151 K=151 eta=1262.3s
[start 23/200] thread=16 global_idx=22 (g=6132,e=0,s=13) elapsed=32.4s
[done 6/200] thread=12 global_idx=2 (g=3883,e=1,s=14) state_time=102.8s best_idx=6 sims=1214 N=37 K=37 eta=3382.3s
[start 24/200] thread=12 global_idx=23 (g=3339,e=4,s=10) elapsed=104.6s
[done 7/200] thread=13 global_idx=19 (g=1845,e=7,s=14) state_time=306.2s best_idx=49 sims=3135 N=55 K=55 eta=9135.1s
[start 25/200] thread=13 global_idx=24 (g=3566,e=6,s=14) elapsed=331.3s
[done 8/200] thread=0 global_idx=10 (g=9206,e=3,s=13) state_time=708.9s best_idx=37 sims=7345 N=49 K=49 eta=17057.8s
[start 26/200] thread=0 global_idx=25 (g=5523,e=3,s=9) elapsed=710.7s
[done 9/200] thread=6 global_idx=13 (g=7163,e=3,s=13) state_time=1552.2s best_idx=65 sims=14536 N=85 K=85 eta=32980.3s
[start 27/200] thread=6 global_idx=26 (g=7015,e=5,s=14) elapsed=1554.0s
[done 10/200] thread=7 global_idx=0 (g=7977,e=6,s=14) state_time=1567.7s best_idx=34 sims=12170 N=145 K=145 eta=29819.7s
[start 28/200] thread=7 global_idx=27 (g=743,e=7,s=3) elapsed=1569.5s
[done 11/200] thread=10 global_idx=8 (g=2596,e=1,s=14) state_time=1571.7s best_idx=37 sims=12163 N=145 K=145 eta=27035.7s
[start 29/200] thread=10 global_idx=28 (g=1014,e=4,s=15) elapsed=1573.5s
[done 12/200] thread=10 global_idx=28 (g=1014,e=4,s=15) state_time=11.6s best_idx=10 sims=161 N=61 K=61 eta=24833.1s
[start 30/200] thread=10 global_idx=29 (g=3900,e=0,s=10) elapsed=1585.1s
[done 13/200] thread=13 global_idx=24 (g=3566,e=6,s=14) state_time=1322.2s best_idx=64 sims=10507 N=129 K=129 eta=23785.2s
[start 31/200] thread=13 global_idx=30 (g=4543,e=6,s=5) elapsed=1653.5s
[done 14/200] thread=16 global_idx=22 (g=6132,e=0,s=13) state_time=1720.2s best_idx=3 sims=15328 N=87 K=87 eta=23284.7s
[start 32/200] thread=16 global_idx=31 (g=9231,e=5,s=14) elapsed=1752.6s
[done 15/200] thread=5 global_idx=5 (g=6406,e=1,s=10) state_time=2238.8s best_idx=36 sims=30517 N=59 K=59 eta=27634.5s
[start 33/200] thread=5 global_idx=32 (g=1825,e=5,s=7) elapsed=2240.6s
[done 16/200] thread=16 global_idx=31 (g=9231,e=5,s=14) state_time=897.3s best_idx=44 sims=7844 N=101 K=101 eta=30474.5s
[start 34/200] thread=16 global_idx=33 (g=4062,e=4,s=15) elapsed=2650.0s
[done 17/200] thread=16 global_idx=33 (g=4062,e=4,s=15) state_time=20.1s best_idx=79 sims=217 N=117 K=117 eta=28742.6s
[start 35/200] thread=16 global_idx=34 (g=9882,e=2,s=11) elapsed=2670.1s
[done 18/200] thread=12 global_idx=23 (g=3339,e=4,s=10) state_time=2686.9s best_idx=51 sims=34503 N=71 K=71 eta=28224.8s
[start 36/200] thread=12 global_idx=35 (g=2998,e=6,s=14) elapsed=2791.5s
[done 19/200] thread=6 global_idx=26 (g=7015,e=5,s=14) state_time=1605.1s best_idx=3 sims=12005 N=145 K=145 eta=30095.2s
[start 37/200] thread=6 global_idx=36 (g=1555,e=2,s=3) elapsed=3159.2s
[done 20/200] thread=2 global_idx=16 (g=2507,e=3,s=11) state_time=3167.9s best_idx=8 sims=33296 N=107 K=107 eta=28527.6s
[start 38/200] thread=2 global_idx=37 (g=4372,e=4,s=14) elapsed=3169.7s
[done 21/200] thread=2 global_idx=37 (g=4372,e=4,s=14) state_time=231.4s best_idx=1 sims=2376 N=49 K=49 eta=28990.8s
[start 39/200] thread=2 global_idx=38 (g=3732,e=7,s=7) elapsed=3401.2s
[done 22/200] thread=11 global_idx=3 (g=9222,e=7,s=5) state_time=3731.8s best_idx=16 sims=61203 N=37 K=37 eta=30208.5s
[start 40/200] thread=11 global_idx=39 (g=3858,e=5,s=5) elapsed=3733.6s
[done 23/200] thread=8 global_idx=1 (g=3926,e=6,s=11) state_time=3781.5s best_idx=38 sims=35676 N=123 K=123 eta=29115.0s
[start 41/200] thread=8 global_idx=40 (g=1938,e=0,s=14) elapsed=3783.3s
[done 24/200] thread=4 global_idx=20 (g=5780,e=2,s=6) state_time=3766.2s best_idx=12 sims=57490 N=49 K=49 eta=27843.3s
[start 42/200] thread=4 global_idx=41 (g=9112,e=3,s=9) elapsed=3796.8s
[done 25/200] thread=10 global_idx=29 (g=3900,e=0,s=10) state_time=2280.5s best_idx=32 sims=30629 N=55 K=55 eta=27058.9s
[start 43/200] thread=10 global_idx=42 (g=4157,e=3,s=12) elapsed=3865.6s
[done 26/200] thread=3 global_idx=14 (g=5807,e=0,s=8) state_time=3896.3s best_idx=47 sims=50477 N=81 K=81 eta=26087.3s
[start 44/200] thread=3 global_idx=43 (g=7373,e=1,s=11) elapsed=3898.1s
[done 27/200] thread=17 global_idx=11 (g=5859,e=1,s=6) state_time=4368.5s best_idx=9 sims=60913 N=65 K=65 eta=28002.2s
[start 45/200] thread=17 global_idx=44 (g=7173,e=4,s=15) elapsed=4370.3s
[done 28/200] thread=12 global_idx=35 (g=2998,e=6,s=14) state_time=1600.2s best_idx=59 sims=11997 N=145 K=145 eta=26977.5s
[start 46/200] thread=12 global_idx=45 (g=196,e=4,s=4) elapsed=4391.7s
[done 29/200] thread=17 global_idx=44 (g=7173,e=4,s=15) state_time=30.4s best_idx=3 sims=251 N=151 K=151 eta=25948.6s
[start 47/200] thread=17 global_idx=46 (g=2630,e=2,s=14) elapsed=4400.6s
[done 30/200] thread=8 global_idx=40 (g=1938,e=0,s=14) state_time=901.7s best_idx=54 sims=7596 N=93 K=93 eta=26548.4s
[start 48/200] thread=8 global_idx=47 (g=5731,e=2,s=10) elapsed=4685.0s
[done 31/200] thread=17 global_idx=46 (g=2630,e=2,s=14) state_time=333.2s best_idx=2 sims=3389 N=59 K=59 eta=25807.3s
[start 49/200] thread=17 global_idx=48 (g=9518,e=4,s=5) elapsed=4733.9s
[done 32/200] thread=0 global_idx=25 (g=5523,e=3,s=9) state_time=4068.6s best_idx=24 sims=45315 N=103 K=103 eta=25091.5s
[start 50/200] thread=0 global_idx=49 (g=8211,e=7,s=12) elapsed=4779.3s
[done 33/200] thread=1 global_idx=12 (g=6871,e=4,s=5) state_time=4818.2s best_idx=1 sims=68676 N=71 K=71 eta=24392.6s
[start 51/200] thread=1 global_idx=50 (g=5392,e=3,s=13) elapsed=4820.1s
[done 34/200] thread=15 global_idx=18 (g=1984,e=6,s=4) state_time=4975.0s best_idx=45 sims=74342 N=59 K=59 eta=24388.6s
[start 52/200] thread=15 global_idx=51 (g=4262,e=4,s=2) elapsed=4995.2s
[done 35/200] thread=14 global_idx=21 (g=8645,e=7,s=5) state_time=5017.0s best_idx=35 sims=69721 N=71 K=71 eta=23802.6s
[start 53/200] thread=14 global_idx=52 (g=6230,e=1,s=12) elapsed=5049.0s
[done 36/200] thread=9 global_idx=9 (g=4748,e=1,s=3) state_time=5085.1s best_idx=39 sims=80036 N=49 K=49 eta=23173.6s
[start 54/200] thread=9 global_idx=53 (g=3543,e=4,s=7) elapsed=5086.9s
[done 37/200] thread=16 global_idx=34 (g=9882,e=2,s=11) state_time=3250.5s best_idx=46 sims=33215 N=109 K=109 eta=26082.6s
[start 55/200] thread=16 global_idx=54 (g=1784,e=6,s=5) elapsed=5920.6s
[done 38/200] thread=14 global_idx=52 (g=6230,e=1,s=12) state_time=1163.9s best_idx=35 sims=15190 N=49 K=49 eta=26486.9s
[start 56/200] thread=14 global_idx=55 (g=4905,e=4,s=14) elapsed=6213.0s
[done 39/200] thread=8 global_idx=47 (g=5731,e=2,s=10) state_time=1667.0s best_idx=29 sims=26233 N=43 K=43 eta=26222.5s
[start 57/200] thread=8 global_idx=56 (g=3837,e=2,s=10) elapsed=6352.0s
[done 40/200] thread=13 global_idx=30 (g=4543,e=6,s=5) state_time=4778.0s best_idx=36 sims=67809 N=71 K=71 eta=25726.3s
[start 58/200] thread=13 global_idx=57 (g=2854,e=0,s=15) elapsed=6431.6s
[done 41/200] thread=5 global_idx=32 (g=1825,e=5,s=7) state_time=4198.6s best_idx=54 sims=56012 N=77 K=77 eta=24971.5s
[start 59/200] thread=5 global_idx=58 (g=1221,e=1,s=10) elapsed=6439.2s
[done 42/200] thread=13 global_idx=57 (g=2854,e=0,s=15) state_time=18.0s best_idx=66 sims=203 N=103 K=103 eta=24262.6s
[start 60/200] thread=13 global_idx=59 (g=7301,e=6,s=14) elapsed=6449.5s
[done 43/200] thread=2 global_idx=38 (g=3732,e=7,s=7) state_time=3078.7s best_idx=9 sims=48873 N=49 K=49 eta=23659.0s
[start 61/200] thread=2 global_idx=60 (g=5248,e=0,s=3) elapsed=6479.9s
[done 44/200] thread=10 global_idx=42 (g=4157,e=3,s=12) state_time=2704.4s best_idx=79 sims=25866 N=107 K=107 eta=23293.6s
[start 62/200] thread=10 global_idx=61 (g=2545,e=3,s=15) elapsed=6570.0s
[done 45/200] thread=10 global_idx=61 (g=2545,e=3,s=15) state_time=9.9s best_idx=0 sims=161 N=61 K=61 eta=22664.1s
[start 63/200] thread=10 global_idx=62 (g=6335,e=1,s=11) elapsed=6579.9s
[done 46/200] thread=0 global_idx=49 (g=8211,e=7,s=12) state_time=1822.5s best_idx=52 sims=19704 N=79 K=79 eta=22101.9s
[start 64/200] thread=0 global_idx=63 (g=8275,e=4,s=5) elapsed=6601.9s
[done 47/200] thread=4 global_idx=41 (g=9112,e=3,s=9) state_time=2927.9s best_idx=37 sims=39796 N=75 K=75 eta=21891.2s
[start 65/200] thread=4 global_idx=64 (g=963,e=5,s=13) elapsed=6724.8s
[done 48/200] thread=3 global_idx=43 (g=7373,e=1,s=11) state_time=2861.1s best_idx=69 sims=30419 N=103 K=103 eta=21404.3s
[start 66/200] thread=3 global_idx=65 (g=176,e=5,s=11) elapsed=6759.2s
[done 49/200] thread=7 global_idx=27 (g=743,e=7,s=3) state_time=5437.0s best_idx=22 sims=81357 N=55 K=55 eta=21591.2s
[start 67/200] thread=7 global_idx=66 (g=2199,e=1,s=13) elapsed=7006.4s
[done 50/200] thread=14 global_idx=55 (g=4905,e=4,s=14) state_time=885.8s best_idx=11 sims=8154 N=101 K=101 eta=21296.2s
[start 68/200] thread=14 global_idx=67 (g=8298,e=3,s=11) elapsed=7098.7s
[done 51/200] thread=1 global_idx=50 (g=5392,e=3,s=13) state_time=2820.9s best_idx=34 sims=22319 N=135 K=135 eta=22323.8s
[start 69/200] thread=1 global_idx=68 (g=6729,e=2,s=14) elapsed=7641.0s
[done 52/200] thread=10 global_idx=62 (g=6335,e=1,s=11) state_time=1398.3s best_idx=37 sims=19735 N=53 K=53 eta=22707.3s
[start 70/200] thread=10 global_idx=69 (g=8119,e=5,s=4) elapsed=7978.2s
[done 53/200] thread=13 global_idx=59 (g=7301,e=6,s=14) state_time=1615.0s best_idx=0 sims=12151 N=145 K=145 eta=22367.6s
[start 71/200] thread=13 global_idx=70 (g=8189,e=0,s=14) elapsed=8064.5s
[done 54/200] thread=9 global_idx=53 (g=3543,e=4,s=7) state_time=3273.0s best_idx=33 sims=49613 N=55 K=55 eta=22602.5s
[start 72/200] thread=9 global_idx=71 (g=9791,e=0,s=8) elapsed=8359.8s
[done 55/200] thread=13 global_idx=70 (g=8189,e=0,s=14) state_time=329.3s best_idx=11 sims=3338 N=55 K=55 eta=22129.0s
[start 73/200] thread=13 global_idx=72 (g=5487,e=5,s=5) elapsed=8393.8s
[done 56/200] thread=6 global_idx=36 (g=1555,e=2,s=3) state_time=5278.7s best_idx=0 sims=80216 N=55 K=55 eta=21697.3s
[start 74/200] thread=6 global_idx=73 (g=4950,e=0,s=15) elapsed=8437.9s
[done 57/200] thread=6 global_idx=73 (g=4950,e=0,s=15) state_time=11.9s best_idx=46 sims=171 N=71 K=71 eta=21198.6s
[start 75/200] thread=6 global_idx=74 (g=9143,e=3,s=7) elapsed=8449.8s
[done 58/200] thread=4 global_idx=64 (g=963,e=5,s=13) state_time=1746.2s best_idx=6 sims=15586 N=89 K=89 eta=20739.3s
[start 76/200] thread=4 global_idx=75 (g=4517,e=4,s=13) elapsed=8471.0s
[done 59/200] thread=11 global_idx=39 (g=3858,e=5,s=5) state_time=5214.5s best_idx=66 sims=69523 N=75 K=75 eta=21384.6s
[start 77/200] thread=11 global_idx=76 (g=2994,e=5,s=10) elapsed=8948.2s
[done 60/200] thread=8 global_idx=56 (g=3837,e=2,s=10) state_time=2642.4s best_idx=32 sims=33332 N=71 K=71 eta=20987.1s
[start 78/200] thread=8 global_idx=77 (g=961,e=6,s=13) elapsed=8994.5s
[done 61/200] thread=12 global_idx=45 (g=196,e=4,s=4) state_time=4763.3s best_idx=45 sims=73543 N=49 K=49 eta=20861.4s
[start 79/200] thread=12 global_idx=78 (g=1566,e=1,s=3) elapsed=9155.0s
[done 62/200] thread=1 global_idx=68 (g=6729,e=2,s=14) state_time=1521.5s best_idx=87 sims=11702 N=135 K=135 eta=20393.9s
[start 80/200] thread=1 global_idx=79 (g=1686,e=6,s=15) elapsed=9162.5s
[done 63/200] thread=1 global_idx=79 (g=1686,e=6,s=15) state_time=9.4s best_idx=0 sims=149 N=49 K=49 eta=19945.1s
[start 81/200] thread=1 global_idx=80 (g=1201,e=0,s=6) elapsed=9171.8s
[done 64/200] thread=7 global_idx=66 (g=2199,e=1,s=13) state_time=2455.1s best_idx=0 sims=20103 N=119 K=119 eta=20105.7s
[start 82/200] thread=7 global_idx=81 (g=5494,e=4,s=5) elapsed=9461.5s
[done 65/200] thread=17 global_idx=48 (g=9518,e=4,s=5) state_time=4981.8s best_idx=38 sims=69678 N=71 K=71 eta=20178.7s
[start 83/200] thread=17 global_idx=82 (g=2492,e=4,s=15) elapsed=9715.6s
[done 66/200] thread=17 global_idx=82 (g=2492,e=4,s=15) state_time=13.0s best_idx=6 sims=175 N=75 K=75 eta=19752.1s
[start 84/200] thread=17 global_idx=83 (g=8959,e=1,s=11) elapsed=9728.6s
[done 67/200] thread=3 global_idx=65 (g=176,e=5,s=11) state_time=3020.9s best_idx=84 sims=31515 N=97 K=97 eta=19414.3s
[start 85/200] thread=3 global_idx=84 (g=1671,e=0,s=15) elapsed=9780.1s
[done 68/200] thread=3 global_idx=84 (g=1671,e=0,s=15) state_time=19.9s best_idx=47 sims=217 N=117 K=117 eta=19023.6s
[start 86/200] thread=3 global_idx=85 (g=1385,e=7,s=11) elapsed=9800.0s
[done 69/200] thread=5 global_idx=58 (g=1221,e=1,s=10) state_time=3968.0s best_idx=56 sims=40779 N=113 K=113 eta=19758.5s
[start 87/200] thread=5 global_idx=86 (g=6872,e=1,s=14) elapsed=10407.1s
[done 70/200] thread=14 global_idx=67 (g=8298,e=3,s=11) state_time=3558.0s best_idx=0 sims=34902 N=119 K=119 eta=19791.1s
[start 88/200] thread=14 global_idx=87 (g=8785,e=1,s=4) elapsed=10656.7s
[done 71/200] thread=15 global_idx=51 (g=4262,e=4,s=2) state_time=5801.1s best_idx=21 sims=88164 N=49 K=49 eta=19615.9s
[start 89/200] thread=15 global_idx=88 (g=1835,e=0,s=15) elapsed=10796.3s
[done 72/200] thread=15 global_idx=88 (g=1835,e=0,s=15) state_time=11.5s best_idx=55 sims=169 N=69 K=69 eta=19213.9s
[start 90/200] thread=15 global_idx=89 (g=6216,e=7,s=8) elapsed=10807.8s
[done 73/200] thread=16 global_idx=54 (g=1784,e=6,s=5) state_time=4919.0s best_idx=14 sims=68992 N=71 K=71 eta=18857.9s
[start 91/200] thread=16 global_idx=90 (g=8471,e=6,s=5) elapsed=10839.6s
[done 74/200] thread=4 global_idx=75 (g=4517,e=4,s=13) state_time=2539.6s best_idx=0 sims=20481 N=123 K=123 eta=18747.8s
[start 92/200] thread=4 global_idx=91 (g=256,e=3,s=12) elapsed=11010.6s
[done 75/200] thread=0 global_idx=63 (g=8275,e=4,s=5) state_time=4857.5s best_idx=36 sims=68126 N=71 K=71 eta=19099.0s
[start 93/200] thread=0 global_idx=92 (g=5778,e=2,s=9) elapsed=11459.4s
[done 76/200] thread=9 global_idx=71 (g=9791,e=0,s=8) state_time=3115.8s best_idx=34 sims=45140 N=55 K=55 eta=18723.5s
[start 94/200] thread=9 global_idx=93 (g=6320,e=4,s=15) elapsed=11475.7s
[done 77/200] thread=9 global_idx=93 (g=6320,e=4,s=15) state_time=16.8s best_idx=55 sims=203 N=103 K=103 eta=18358.0s
[start 95/200] thread=9 global_idx=94 (g=1638,e=4,s=11) elapsed=11492.4s
[done 78/200] thread=2 global_idx=60 (g=5248,e=0,s=3) state_time=5314.5s best_idx=11 sims=80850 N=49 K=49 eta=18447.5s
[start 96/200] thread=2 global_idx=95 (g=2310,e=6,s=15) elapsed=11794.3s
[done 79/200] thread=2 global_idx=95 (g=2310,e=6,s=15) state_time=22.1s best_idx=59 sims=235 N=135 K=135 eta=18098.6s
[start 97/200] thread=2 global_idx=96 (g=7921,e=5,s=4) elapsed=11816.5s
[done 80/200] thread=5 global_idx=86 (g=6872,e=1,s=14) state_time=1485.2s best_idx=69 sims=11711 N=135 K=135 eta=17838.6s
[start 98/200] thread=5 global_idx=97 (g=1361,e=1,s=12) elapsed=11892.4s
[done 81/200] thread=8 global_idx=77 (g=961,e=6,s=13) state_time=2910.4s best_idx=3 sims=23489 N=139 K=139 eta=17489.9s
[start 99/200] thread=8 global_idx=98 (g=5041,e=1,s=8) elapsed=11904.9s
[done 82/200] thread=6 global_idx=74 (g=9143,e=3,s=7) state_time=4135.8s best_idx=53 sims=55813 N=81 K=81 eta=18111.0s
[start 100/200] thread=6 global_idx=99 (g=5033,e=7,s=5) elapsed=12585.6s
[done 83/200] thread=3 global_idx=85 (g=1385,e=7,s=11) state_time=2843.9s best_idx=79 sims=30999 N=103 K=103 eta=17823.3s
[start 101/200] thread=3 global_idx=100 (g=5022,e=1,s=15) elapsed=12643.9s
[done 84/200] thread=17 global_idx=83 (g=8959,e=1,s=11) state_time=2918.4s best_idx=95 sims=30981 N=97 K=97 eta=17464.9s
[start 102/200] thread=17 global_idx=101 (g=9907,e=7,s=9) elapsed=12647.0s
[done 85/200] thread=3 global_idx=100 (g=5022,e=1,s=15) state_time=15.3s best_idx=37 sims=189 N=89 K=89 eta=17127.2s
[start 103/200] thread=3 global_idx=102 (g=8627,e=2,s=12) elapsed=12659.2s
[done 86/200] thread=11 global_idx=76 (g=2994,e=5,s=10) state_time=3972.1s best_idx=44 sims=41808 N=113 K=113 eta=17126.8s
[start 104/200] thread=11 global_idx=103 (g=1641,e=6,s=10) elapsed=12920.3s
[done 87/200] thread=4 global_idx=91 (g=256,e=3,s=12) state_time=1984.7s best_idx=46 sims=20917 N=77 K=77 eta=16878.9s
[start 105/200] thread=4 global_idx=104 (g=7249,e=2,s=15) elapsed=12995.3s
[done 88/200] thread=4 global_idx=104 (g=7249,e=2,s=15) state_time=24.0s best_idx=0 sims=239 N=139 K=139 eta=16570.0s
[start 106/200] thread=4 global_idx=105 (g=4837,e=7,s=2) elapsed=13019.3s
[done 89/200] thread=1 global_idx=80 (g=1201,e=0,s=6) state_time=3906.2s best_idx=44 sims=59013 N=53 K=53 eta=16310.8s
[start 107/200] thread=1 global_idx=106 (g=1039,e=2,s=15) elapsed=13078.1s
[done 90/200] thread=1 global_idx=106 (g=1039,e=2,s=15) state_time=8.6s best_idx=35 sims=143 N=43 K=43 eta=15994.8s
[start 108/200] thread=1 global_idx=107 (g=7846,e=3,s=10) elapsed=13086.7s
[done 91/200] thread=10 global_idx=69 (g=8119,e=5,s=4) state_time=5222.4s best_idx=2 sims=75674 N=65 K=65 eta=15811.7s
[start 109/200] thread=10 global_idx=108 (g=5246,e=2,s=5) elapsed=13200.6s
[done 92/200] thread=5 global_idx=97 (g=1361,e=1,s=12) state_time=1398.1s best_idx=0 sims=16733 N=59 K=59 eta=15601.8s
[start 110/200] thread=5 global_idx=109 (g=4166,e=2,s=12) elapsed=13290.4s
[done 93/200] thread=13 global_idx=72 (g=5487,e=5,s=5) state_time=4969.7s best_idx=48 sims=68698 N=71 K=71 eta=15375.2s
[start 111/200] thread=13 global_idx=110 (g=6533,e=4,s=6) elapsed=13363.5s
[done 94/200] thread=15 global_idx=89 (g=6216,e=7,s=8) state_time=3111.9s best_idx=48 sims=44840 N=55 K=55 eta=15696.7s
[start 112/200] thread=15 global_idx=111 (g=5721,e=0,s=12) elapsed=13919.7s
[done 95/200] thread=9 global_idx=94 (g=1638,e=4,s=11) state_time=2923.8s best_idx=81 sims=31026 N=103 K=103 eta=15933.7s
[start 113/200] thread=9 global_idx=112 (g=4463,e=7,s=9) elapsed=14416.2s
[done 96/200] thread=12 global_idx=78 (g=1566,e=1,s=3) state_time=5594.4s best_idx=32 sims=81843 N=59 K=59 eta=15978.6s
[start 114/200] thread=12 global_idx=113 (g=5606,e=2,s=14) elapsed=14749.4s
[done 97/200] thread=7 global_idx=81 (g=5494,e=4,s=5) state_time=5293.8s best_idx=43 sims=70593 N=75 K=75 eta=15668.0s
[start 115/200] thread=7 global_idx=114 (g=1123,e=4,s=3) elapsed=14755.3s
[done 98/200] thread=5 global_idx=109 (g=4166,e=2,s=12) state_time=1764.0s best_idx=47 sims=19387 N=75 K=75 eta=15668.9s
[start 116/200] thread=5 global_idx=115 (g=8113,e=3,s=15) elapsed=15054.4s
[done 99/200] thread=5 global_idx=115 (g=8113,e=3,s=15) state_time=12.2s best_idx=0 sims=169 N=69 K=69 eta=15371.0s
[start 117/200] thread=5 global_idx=116 (g=716,e=6,s=7) elapsed=15066.6s
[done 100/200] thread=8 global_idx=98 (g=5041,e=1,s=8) state_time=3255.1s best_idx=3 sims=45613 N=55 K=55 eta=15160.0s
[start 118/200] thread=8 global_idx=117 (g=459,e=3,s=5) elapsed=15160.0s
[done 101/200] thread=0 global_idx=92 (g=5778,e=2,s=9) state_time=3765.3s best_idx=29 sims=44835 N=97 K=97 eta=14923.2s
[start 119/200] thread=0 global_idx=118 (g=9287,e=7,s=12) elapsed=15224.7s
[done 102/200] thread=17 global_idx=101 (g=9907,e=7,s=9) state_time=2584.7s best_idx=45 sims=37390 N=65 K=65 eta=14634.4s
[start 120/200] thread=17 global_idx=119 (g=5647,e=1,s=10) elapsed=15231.7s
[done 103/200] thread=3 global_idx=102 (g=8627,e=2,s=12) state_time=2572.5s best_idx=58 sims=24251 N=103 K=103 eta=14344.5s
[start 121/200] thread=3 global_idx=120 (g=4562,e=4,s=13) elapsed=15231.7s
[done 104/200] thread=14 global_idx=87 (g=8785,e=1,s=4) state_time=4795.7s best_idx=40 sims=73464 N=49 K=49 eta=14263.8s
[start 122/200] thread=14 global_idx=121 (g=6201,e=5,s=11) elapsed=15452.4s
[done 105/200] thread=1 global_idx=107 (g=7846,e=3,s=10) state_time=2412.4s best_idx=37 sims=31931 N=65 K=65 eta=14022.9s
[start 123/200] thread=1 global_idx=122 (g=9166,e=3,s=14) elapsed=15499.0s
[done 106/200] thread=16 global_idx=90 (g=8471,e=6,s=5) state_time=5164.3s best_idx=68 sims=69913 N=75 K=75 eta=14192.1s
[start 124/200] thread=16 global_idx=123 (g=8703,e=4,s=3) elapsed=16003.9s
[done 107/200] thread=12 global_idx=113 (g=5606,e=2,s=14) state_time=1404.1s best_idx=46 sims=11016 N=139 K=139 eta=14040.0s
[start 125/200] thread=12 global_idx=124 (g=1616,e=0,s=14) elapsed=16153.5s
[done 108/200] thread=12 global_idx=124 (g=1616,e=0,s=14) state_time=388.8s best_idx=33 sims=3869 N=69 K=69 eta=14091.6s
[start 126/200] thread=12 global_idx=125 (g=5809,e=3,s=9) elapsed=16542.3s
[done 109/200] thread=2 global_idx=96 (g=7921,e=5,s=4) state_time=4872.4s best_idx=44 sims=73253 N=49 K=49 eta=13932.9s
[start 127/200] thread=2 global_idx=126 (g=4651,e=6,s=5) elapsed=16688.9s
[done 110/200] thread=0 global_idx=118 (g=9287,e=7,s=12) state_time=1513.9s best_idx=37 sims=17878 N=65 K=65 eta=13695.2s
[start 128/200] thread=0 global_idx=127 (g=8894,e=2,s=15) elapsed=16738.6s
[done 111/200] thread=0 global_idx=127 (g=8894,e=2,s=15) state_time=13.4s best_idx=2 sims=179 N=79 K=79 eta=13431.8s
[start 129/200] thread=0 global_idx=128 (g=2369,e=6,s=9) elapsed=16752.0s
[done 112/200] thread=1 global_idx=122 (g=9166,e=3,s=14) state_time=1418.5s best_idx=47 sims=10982 N=139 K=139 eta=13292.4s
[start 130/200] thread=1 global_idx=129 (g=1083,e=7,s=15) elapsed=16917.6s
[done 113/200] thread=1 global_idx=129 (g=1083,e=7,s=15) state_time=16.7s best_idx=57 sims=203 N=103 K=103 eta=13037.9s
[start 131/200] thread=1 global_idx=130 (g=366,e=3,s=11) elapsed=16934.3s
[done 114/200] thread=15 global_idx=111 (g=5721,e=0,s=12) state_time=3093.9s best_idx=39 sims=28116 N=123 K=123 eta=12834.8s
[start 132/200] thread=15 global_idx=131 (g=6354,e=2,s=15) elapsed=17013.6s
[done 115/200] thread=15 global_idx=131 (g=6354,e=2,s=15) state_time=23.5s best_idx=12 sims=251 N=151 K=151 eta=12592.6s
[start 133/200] thread=15 global_idx=132 (g=9260,e=7,s=2) elapsed=17037.1s
[done 116/200] thread=11 global_idx=103 (g=1641,e=6,s=10) state_time=4230.8s best_idx=99 sims=41581 N=113 K=113 eta=12419.7s
[start 134/200] thread=11 global_idx=133 (g=6267,e=4,s=12) elapsed=17151.1s
[done 117/200] thread=6 global_idx=99 (g=5033,e=7,s=5) state_time=4903.4s best_idx=45 sims=67661 N=71 K=71 eta=12406.7s
[start 135/200] thread=6 global_idx=134 (g=1158,e=6,s=8) elapsed=17489.0s
[done 118/200] thread=3 global_idx=120 (g=4562,e=4,s=13) state_time=2544.9s best_idx=0 sims=20399 N=129 K=129 eta=12353.3s
[start 136/200] thread=3 global_idx=135 (g=6520,e=1,s=5) elapsed=17776.7s
[done 119/200] thread=13 global_idx=110 (g=6533,e=4,s=6) state_time=4979.2s best_idx=40 sims=64307 N=81 K=81 eta=12485.3s
[start 137/200] thread=13 global_idx=136 (g=2099,e=0,s=14) elapsed=18342.6s
[done 120/200] thread=17 global_idx=119 (g=5647,e=1,s=10) state_time=3141.5s best_idx=60 sims=36693 N=91 K=91 eta=12248.8s
[start 138/200] thread=17 global_idx=137 (g=4892,e=6,s=10) elapsed=18373.2s
[done 121/200] thread=9 global_idx=112 (g=4463,e=7,s=9) state_time=4016.4s best_idx=54 sims=45740 N=103 K=103 eta=12034.5s
[start 139/200] thread=9 global_idx=138 (g=7859,e=3,s=14) elapsed=18432.6s
[done 122/200] thread=10 global_idx=108 (g=5246,e=2,s=5) state_time=5274.3s best_idx=45 sims=70420 N=75 K=75 eta=11811.8s
[start 140/200] thread=10 global_idx=139 (g=2084,e=7,s=10) elapsed=18474.9s
[done 123/200] thread=5 global_idx=116 (g=716,e=6,s=7) state_time=3409.0s best_idx=21 sims=50785 N=55 K=55 eta=11566.0s
[start 141/200] thread=5 global_idx=140 (g=5335,e=1,s=14) elapsed=18475.6s
[done 124/200] thread=11 global_idx=133 (g=6267,e=4,s=12) state_time=1367.8s best_idx=7 sims=16232 N=55 K=55 eta=11350.3s
[start 142/200] thread=11 global_idx=141 (g=5272,e=2,s=4) elapsed=18518.9s
[done 125/200] thread=14 global_idx=121 (g=6201,e=5,s=11) state_time=3142.5s best_idx=70 sims=31536 N=107 K=107 eta=11156.9s
[start 143/200] thread=14 global_idx=142 (g=5472,e=3,s=13) elapsed=18594.9s
[done 126/200] thread=4 global_idx=105 (g=4837,e=7,s=2) state_time=5787.8s best_idx=44 sims=87788 N=49 K=49 eta=11045.4s
[start 144/200] thread=4 global_idx=143 (g=4526,e=5,s=9) elapsed=18807.1s
[done 127/200] thread=12 global_idx=125 (g=5809,e=3,s=9) state_time=2317.0s best_idx=34 sims=34607 N=53 K=53 eta=10840.4s
[start 145/200] thread=12 global_idx=144 (g=6392,e=2,s=5) elapsed=18859.3s
[done 128/200] thread=13 global_idx=136 (g=2099,e=0,s=14) state_time=794.7s best_idx=1 sims=7190 N=91 K=91 eta=10764.8s
[start 146/200] thread=13 global_idx=145 (g=1255,e=4,s=13) elapsed=19137.4s
[done 129/200] thread=14 global_idx=142 (g=5472,e=3,s=13) state_time=1101.8s best_idx=22 sims=10250 N=69 K=69 eta=10840.8s
[start 147/200] thread=14 global_idx=146 (g=5259,e=3,s=8) elapsed=19696.7s
[done 130/200] thread=9 global_idx=138 (g=7859,e=3,s=14) state_time=1359.4s best_idx=67 sims=10900 N=129 K=129 eta=10657.2s
[start 148/200] thread=9 global_idx=147 (g=7905,e=3,s=15) elapsed=19792.0s
[done 131/200] thread=9 global_idx=147 (g=7905,e=3,s=15) state_time=13.5s best_idx=34 sims=203 N=103 K=103 eta=10431.9s
[start 149/200] thread=9 global_idx=148 (g=4159,e=5,s=11) elapsed=19805.5s
[done 132/200] thread=0 global_idx=128 (g=2369,e=6,s=9) state_time=3073.2s best_idx=19 sims=40931 N=79 K=79 eta=10213.0s
[start 150/200] thread=0 global_idx=149 (g=2788,e=5,s=13) elapsed=19825.2s
[done 133/200] thread=7 global_idx=114 (g=1123,e=4,s=3) state_time=5096.1s best_idx=17 sims=79151 N=55 K=55 eta=10000.4s
[start 151/200] thread=7 global_idx=150 (g=4360,e=7,s=4) elapsed=19851.5s
[done 134/200] thread=8 global_idx=117 (g=459,e=3,s=5) state_time=4951.6s best_idx=9 sims=68829 N=71 K=71 eta=9905.7s
[start 152/200] thread=8 global_idx=151 (g=8248,e=7,s=13) elapsed=20111.6s
[done 135/200] thread=5 global_idx=140 (g=5335,e=1,s=14) state_time=1658.7s best_idx=86 sims=12229 N=145 K=145 eta=9694.3s
[start 153/200] thread=5 global_idx=152 (g=2081,e=5,s=9) elapsed=20134.3s
[done 136/200] thread=1 global_idx=130 (g=366,e=3,s=11) state_time=3596.8s best_idx=78 sims=34172 N=119 K=119 eta=9661.7s
[start 154/200] thread=1 global_idx=153 (g=1265,e=4,s=5) elapsed=20531.1s
[done 137/200] thread=6 global_idx=134 (g=1158,e=6,s=8) state_time=3335.6s best_idx=61 sims=46591 N=65 K=65 eta=9576.3s
[start 155/200] thread=6 global_idx=154 (g=3677,e=7,s=15) elapsed=20824.6s
[done 138/200] thread=6 global_idx=154 (g=3677,e=7,s=15) state_time=12.5s best_idx=55 sims=175 N=75 K=75 eta=9361.6s
[start 156/200] thread=6 global_idx=155 (g=477,e=2,s=10) elapsed=20837.1s
[done 139/200] thread=13 global_idx=145 (g=1255,e=4,s=13) state_time=1728.3s best_idx=65 sims=15110 N=91 K=91 eta=9156.9s
[start 157/200] thread=13 global_idx=156 (g=8462,e=7,s=13) elapsed=20865.6s
[done 140/200] thread=8 global_idx=151 (g=8248,e=7,s=13) state_time=927.5s best_idx=53 sims=8892 N=59 K=59 eta=9016.8s
[start 158/200] thread=8 global_idx=157 (g=3186,e=1,s=11) elapsed=21039.1s
[done 141/200] thread=16 global_idx=123 (g=8703,e=4,s=3) state_time=5117.4s best_idx=35 sims=80100 N=49 K=49 eta=8838.0s
[start 159/200] thread=16 global_idx=158 (g=8936,e=4,s=15) elapsed=21121.3s
[done 142/200] thread=16 global_idx=158 (g=8936,e=4,s=15) state_time=26.4s best_idx=0 sims=245 N=145 K=145 eta=8637.8s
[start 160/200] thread=16 global_idx=159 (g=966,e=6,s=3) elapsed=21147.7s
[done 143/200] thread=2 global_idx=126 (g=4651,e=6,s=5) state_time=4969.5s best_idx=52 sims=68665 N=71 K=71 eta=8633.0s
[start 161/200] thread=2 global_idx=160 (g=232,e=1,s=13) elapsed=21658.3s
[done 144/200] thread=4 global_idx=143 (g=4526,e=5,s=9) state_time=2895.8s best_idx=56 sims=38905 N=65 K=65 eta=8440.0s
[start 162/200] thread=4 global_idx=161 (g=3968,e=6,s=10) elapsed=21702.9s
[done 145/200] thread=17 global_idx=137 (g=4892,e=6,s=10) state_time=3426.8s best_idx=52 sims=37800 N=101 K=101 eta=8269.0s
[start 163/200] thread=17 global_idx=162 (g=2440,e=2,s=5) elapsed=21800.0s
[done 146/200] thread=2 global_idx=160 (g=232,e=1,s=13) state_time=843.3s best_idx=53 sims=8458 N=59 K=59 eta=8322.5s
[start 164/200] thread=2 global_idx=163 (g=1624,e=6,s=15) elapsed=22501.6s
[done 147/200] thread=2 global_idx=163 (g=1624,e=6,s=15) state_time=12.0s best_idx=2 sims=191 N=91 K=91 eta=8117.1s
[start 165/200] thread=2 global_idx=164 (g=9851,e=7,s=8) elapsed=22513.6s
[done 148/200] thread=10 global_idx=139 (g=2084,e=7,s=10) state_time=4108.2s best_idx=83 sims=41124 N=113 K=113 eta=7934.6s
[start 166/200] thread=10 global_idx=165 (g=9879,e=2,s=15) elapsed=22583.1s
[done 149/200] thread=10 global_idx=165 (g=9879,e=2,s=15) state_time=20.5s best_idx=0 sims=217 N=117 K=117 eta=7736.8s
[start 167/200] thread=10 global_idx=166 (g=9832,e=1,s=9) elapsed=22603.6s
[done 150/200] thread=5 global_idx=152 (g=2081,e=5,s=9) state_time=2497.0s best_idx=46 sims=37295 N=53 K=53 eta=7543.7s
[start 168/200] thread=5 global_idx=167 (g=4221,e=2,s=14) elapsed=22631.2s
[done 151/200] thread=15 global_idx=132 (g=9260,e=7,s=2) state_time=5748.9s best_idx=3 sims=87454 N=49 K=49 eta=7394.1s
[start 169/200] thread=15 global_idx=168 (g=1999,e=2,s=5) elapsed=22786.0s
[done 152/200] thread=0 global_idx=149 (g=2788,e=5,s=13) state_time=3041.9s best_idx=2 sims=23021 N=139 K=139 eta=7221.2s
[start 170/200] thread=0 global_idx=169 (g=99,e=4,s=13) elapsed=22867.1s
[done 153/200] thread=3 global_idx=135 (g=6520,e=1,s=5) state_time=5193.1s best_idx=24 sims=69860 N=75 K=75 eta=7056.1s
[start 171/200] thread=3 global_idx=170 (g=964,e=0,s=8) elapsed=22969.8s
[done 154/200] thread=9 global_idx=148 (g=4159,e=5,s=11) state_time=3317.8s best_idx=47 sims=32194 N=103 K=103 eta=6906.9s
[start 172/200] thread=9 global_idx=171 (g=6357,e=7,s=5) elapsed=23123.3s
[done 155/200] thread=13 global_idx=156 (g=8462,e=7,s=13) state_time=2379.0s best_idx=13 sims=19395 N=115 K=115 eta=6748.4s
[start 173/200] thread=13 global_idx=172 (g=632,e=7,s=12) elapsed=23244.6s
[done 156/200] thread=11 global_idx=141 (g=5272,e=2,s=4) state_time=4922.6s best_idx=22 sims=73426 N=53 K=53 eta=6611.7s
[start 174/200] thread=11 global_idx=173 (g=3130,e=2,s=11) elapsed=23441.5s
[done 157/200] thread=0 global_idx=169 (g=99,e=4,s=13) state_time=730.6s best_idx=50 sims=7324 N=57 K=57 eta=6463.1s
[start 175/200] thread=0 global_idx=174 (g=2941,e=4,s=13) elapsed=23597.7s
[done 158/200] thread=4 global_idx=161 (g=3968,e=6,s=10) state_time=1942.2s best_idx=42 sims=28296 N=49 K=49 eta=6285.4s
[start 176/200] thread=4 global_idx=175 (g=6374,e=0,s=11) elapsed=23645.1s
[done 159/200] thread=6 global_idx=155 (g=477,e=2,s=10) state_time=2995.6s best_idx=3 sims=35796 N=81 K=81 eta=6145.6s
[start 177/200] thread=6 global_idx=176 (g=156,e=7,s=14) elapsed=23832.7s
[done 160/200] thread=12 global_idx=144 (g=6392,e=2,s=5) state_time=5160.6s best_idx=70 sims=69244 N=75 K=75 eta=6005.0s
[start 178/200] thread=12 global_idx=177 (g=1570,e=1,s=4) elapsed=24019.9s
[done 161/200] thread=5 global_idx=167 (g=4221,e=2,s=14) state_time=1619.3s best_idx=4 sims=12160 N=145 K=145 eta=5874.4s
[start 179/200] thread=5 global_idx=178 (g=7117,e=6,s=12) elapsed=24250.6s
[done 162/200] thread=14 global_idx=146 (g=5259,e=3,s=8) state_time=4614.6s best_idx=39 sims=53290 N=97 K=97 eta=5702.6s
[start 180/200] thread=14 global_idx=179 (g=6164,e=7,s=6) elapsed=24311.3s
[done 163/200] thread=8 global_idx=157 (g=3186,e=1,s=11) state_time=3630.8s best_idx=36 sims=33559 N=119 K=119 eta=5599.9s
[start 181/200] thread=8 global_idx=180 (g=4376,e=5,s=5) elapsed=24669.9s
[done 164/200] thread=7 global_idx=150 (g=4360,e=7,s=4) state_time=5063.4s best_idx=3 sims=74376 N=59 K=59 eta=5469.1s
[start 182/200] thread=7 global_idx=181 (g=4444,e=0,s=12) elapsed=24914.9s
[done 165/200] thread=13 global_idx=172 (g=632,e=7,s=12) state_time=2013.8s best_idx=41 sims=21511 N=81 K=81 eta=5357.9s
[start 183/200] thread=13 global_idx=182 (g=5083,e=5,s=6) elapsed=25258.4s
[done 166/200] thread=6 global_idx=176 (g=156,e=7,s=14) state_time=1571.3s best_idx=54 sims=11987 N=145 K=145 eta=5203.2s
[start 184/200] thread=6 global_idx=183 (g=894,e=4,s=13) elapsed=25404.1s
[done 167/200] thread=1 global_idx=153 (g=1265,e=4,s=5) state_time=4928.0s best_idx=35 sims=68852 N=71 K=71 eta=5030.8s
[start 185/200] thread=1 global_idx=184 (g=8445,e=1,s=11) elapsed=25459.1s
[done 168/200] thread=5 global_idx=178 (g=7117,e=6,s=12) state_time=1228.2s best_idx=34 sims=15176 N=49 K=49 eta=4853.1s
[start 186/200] thread=5 global_idx=185 (g=7871,e=7,s=15) elapsed=25478.8s
[done 169/200] thread=5 global_idx=185 (g=7871,e=7,s=15) state_time=29.3s best_idx=57 sims=251 N=151 K=151 eta=4679.0s
[start 187/200] thread=5 global_idx=186 (g=8198,e=0,s=4) elapsed=25508.1s
[done 170/200] thread=11 global_idx=173 (g=3130,e=2,s=11) state_time=2628.8s best_idx=40 sims=28810 N=91 K=91 eta=4600.6s
[start 188/200] thread=11 global_idx=187 (g=6829,e=6,s=13) elapsed=26070.3s
[done 171/200] thread=3 global_idx=170 (g=964,e=0,s=8) state_time=3261.5s best_idx=6 sims=45712 N=63 K=63 eta=4448.6s
[start 189/200] thread=3 global_idx=188 (g=4702,e=2,s=8) elapsed=26231.3s
[done 172/200] thread=0 global_idx=174 (g=2941,e=4,s=13) state_time=2765.8s best_idx=16 sims=21911 N=125 K=125 eta=4291.7s
[start 190/200] thread=0 global_idx=189 (g=4058,e=3,s=5) elapsed=26363.5s
[done 173/200] thread=16 global_idx=159 (g=966,e=6,s=3) state_time=5252.7s best_idx=12 sims=81341 N=55 K=55 eta=4120.3s
[start 191/200] thread=16 global_idx=190 (g=7591,e=4,s=13) elapsed=26400.3s
[done 174/200] thread=2 global_idx=164 (g=9851,e=7,s=8) state_time=3907.9s best_idx=60 sims=48817 N=81 K=81 eta=3948.0s
[start 192/200] thread=2 global_idx=191 (g=1445,e=7,s=8) elapsed=26421.5s
[done 175/200] thread=17 global_idx=162 (g=2440,e=2,s=5) state_time=4902.4s best_idx=19 sims=69105 N=71 K=71 eta=3814.6s
[start 193/200] thread=17 global_idx=192 (g=5373,e=5,s=13) elapsed=26702.4s
[done 176/200] thread=7 global_idx=181 (g=4444,e=0,s=12) state_time=1819.8s best_idx=69 sims=19593 N=75 K=75 eta=3645.6s
[start 194/200] thread=7 global_idx=193 (g=5423,e=3,s=9) elapsed=26734.7s
[done 177/200] thread=10 global_idx=166 (g=9832,e=1,s=9) state_time=4157.0s best_idx=57 sims=45875 N=103 K=103 eta=3477.4s
[start 195/200] thread=10 global_idx=194 (g=1644,e=5,s=15) elapsed=26760.7s
[done 178/200] thread=10 global_idx=194 (g=1644,e=5,s=15) state_time=25.0s best_idx=78 sims=235 N=135 K=135 eta=3310.6s
[start 196/200] thread=10 global_idx=195 (g=6839,e=5,s=3) elapsed=26785.7s
[done 179/200] thread=11 global_idx=187 (g=6829,e=6,s=13) state_time=795.8s best_idx=44 sims=7893 N=53 K=53 eta=3151.9s
[start 197/200] thread=11 global_idx=196 (g=1063,e=2,s=15) elapsed=26866.0s
[done 180/200] thread=11 global_idx=196 (g=1063,e=2,s=15) state_time=9.5s best_idx=35 sims=155 N=55 K=55 eta=2986.2s
[start 198/200] thread=11 global_idx=197 (g=3774,e=5,s=6) elapsed=26875.5s
[done 181/200] thread=15 global_idx=168 (g=1999,e=2,s=5) state_time=4090.3s best_idx=45 sims=63840 N=53 K=53 eta=2821.3s
[start 199/200] thread=15 global_idx=198 (g=7844,e=2,s=5) elapsed=26876.3s
[done 182/200] thread=4 global_idx=175 (g=6374,e=0,s=11) state_time=3417.6s best_idx=79 sims=33405 N=113 K=113 eta=2676.5s
[start 200/200] thread=4 global_idx=199 (g=5770,e=5,s=13) elapsed=27062.7s
[done 183/200] thread=6 global_idx=183 (g=894,e=4,s=13) state_time=1850.0s best_idx=2 sims=16523 N=105 K=105 eta=2531.8s
[done 184/200] thread=14 global_idx=179 (g=6164,e=7,s=6) state_time=3775.3s best_idx=40 sims=58310 N=49 K=49 eta=2442.3s
[done 185/200] thread=16 global_idx=190 (g=7591,e=4,s=13) state_time=1709.3s best_idx=0 sims=15474 N=97 K=97 eta=2279.2s
[done 186/200] thread=9 global_idx=171 (g=6357,e=7,s=5) state_time=5123.9s best_idx=44 sims=69531 N=75 K=75 eta=2126.1s
[done 187/200] thread=4 global_idx=199 (g=5770,e=5,s=13) state_time=1460.0s best_idx=32 sims=13798 N=91 K=91 eta=1982.9s
[done 188/200] thread=17 global_idx=192 (g=5373,e=5,s=13) state_time=1839.7s best_idx=7 sims=17169 N=107 K=107 eta=1821.8s
[done 189/200] thread=1 global_idx=184 (g=8445,e=1,s=11) state_time=3157.5s best_idx=71 sims=33491 N=103 K=103 eta=1665.5s
[done 190/200] thread=12 global_idx=177 (g=1570,e=1,s=4) state_time=4830.9s best_idx=7 sims=73920 N=49 K=49 eta=1518.5s
[done 191/200] thread=3 global_idx=188 (g=4702,e=2,s=8) state_time=2785.1s best_idx=4 sims=44188 N=49 K=49 eta=1367.3s
[done 192/200] thread=8 global_idx=180 (g=4376,e=5,s=5) state_time=4751.8s best_idx=24 sims=69817 N=75 K=75 eta=1225.9s
[done 193/200] thread=2 global_idx=191 (g=1445,e=7,s=8) state_time=3008.8s best_idx=37 sims=47131 N=65 K=65 eta=1067.4s
[done 194/200] thread=13 global_idx=182 (g=5083,e=5,s=6) state_time=4459.2s best_idx=78 sims=64078 N=81 K=81 eta=919.1s
[done 195/200] thread=5 global_idx=186 (g=8198,e=0,s=4) state_time=4440.3s best_idx=55 sims=74966 N=59 K=59 eta=767.9s
[done 196/200] thread=7 global_idx=193 (g=5423,e=3,s=9) state_time=3296.1s best_idx=36 sims=44900 N=103 K=103 eta=612.9s
[done 197/200] thread=0 global_idx=189 (g=4058,e=3,s=5) state_time=3981.2s best_idx=19 sims=68839 N=71 K=71 eta=462.1s
[done 198/200] thread=11 global_idx=197 (g=3774,e=5,s=6) state_time=3552.0s best_idx=16 sims=61742 N=65 K=65 eta=307.3s
[done 199/200] thread=15 global_idx=198 (g=7844,e=2,s=5) state_time=3837.8s best_idx=53 sims=68588 N=71 K=71 eta=154.3s
[done 200/200] thread=10 global_idx=195 (g=6839,e=5,s=3) state_time=4130.6s best_idx=17 sims=79253 N=55 K=55 eta=0.0s

=== Arm done: 200 states in 30916.3s ===
  [csv] wrote 200 records to reinvest_experiment/sweepN/P100/A1N/seed_46/reinvest_results_idx0.csv

=== Summary (A1N) ===
  valid cases        = 200 / 200
  avg actual_sims    = 33843  (min=143, max=88164)
  avg time           = 2630.81s
