Running Reinvestment arm...

=== Reinvestment Arm: A1N (AllGrid, depth 3) ===
  method             = AllGrid
  depth              = 3
  playouts (P)       = 400
  rollouts/visit (R) = 10
  retention_rate     = 0.2
  ucb_c              = 1.41
  epsilon            = 0.3
  risk_lambda        = 0  (ClusterValue 系以外では無効)
  noisy_tree         = true
  n_states           = 500
  num_threads        = 24
  seed               = 46
  start_index        = 0
  max_positions      = 200
  load_positions_dir = test_positions500
  output_dir         = reinvest_experiment/sweepN/P400/A1N/seed_46
  [loader] 1 batch files in test_positions500
  [loader] loaded 500 positions
  Sampled 500 / 500 positions (seed=46)
  Sliced to [0, 200) = 200 positions
Finding Shot...
Finding Shot...
Finding Shot...
Finding Shot...
Finding Shot...
Finding Shot...
Finding Shot...
Finding Shot...
Finding Shot...
Finding Shot...
Finding Shot...
Finding Shot...
Finding Shot...
Finding Shot...
Finding Shot...
Finding Shot...
Finding Shot...
Finding Shot...
Finding Shot...
Finding Shot...
Finding Shot...
Finding Shot...
Finding Shot...
Finding Shot...
Finding Shot...
Finding Shot...
Finding Shot...
Finding Shot...
Finding Shot...
Finding Shot...
Finding Shot...
Finding Shot...
Finding Shot...
Finding Shot...
Finding Shot...
Finding Shot...
Finding Shot...
Finding Shot...
Finding Shot...
Finding Shot...
Finding Shot...
Finding Shot...
Finding Shot...
Finding Shot...
Finding Shot...
Finding Shot...
Finding Shot...
Finding Shot...
Finding Shot...
Finding Shot...
Finding Shot...
Finding Shot...
Finding Shot...
Finding Shot...
Finding Shot...
Finding Shot...
Finding Shot...
Finding Shot...
Finding Shot...
Finding Shot...
Finding Shot...
Finding Shot...
Finding Shot...
Finding Shot...
Finding Shot...
Finding Shot...
Finding Shot...
Finding Shot...
Finding Shot...
Finding Shot...
Finding Shot...
Finding Shot...
Finding Shot...
Finding Shot...
Finding Shot...
Finding Shot...
Finding Shot...
Finding Shot...
Finding Shot...
Finding Shot...
Finding Shot...
Finding Shot...
Finding Shot...
Finding Shot...
Finding Shot...
Finding Shot...
Finding Shot...
Finding Shot...
Finding Shot...
Finding Shot...
Finding Shot...
Finding Shot...
Finding Shot...
Finding Shot...
Finding Shot...
Finding Shot...
Finding Shot...
Finding Shot...
Finding Shot...
Finding Shot...
Finding Shot...
Finding Shot...
Finding Shot...
Finding Shot...
Finding Shot...
Finding Shot...
Finding Shot...
Finding Shot...
Finding Shot...
Finding Shot...
Finding Shot...
Finding Shot...
Finding Shot...
Finding Shot...
Finding Shot...
Finding Shot...
Finding Shot...
Finding Shot...
Finding Shot...
Finding Shot...
Finding Shot...
Finding Shot...
Finding Shot...
Finding Shot...
Finding Shot...
Finding Shot...
Finding Shot...
Finding Shot...
Finding Shot...
Finding Shot...
Finding Shot...
Finding Shot...
Finding Shot...
Finding Shot...
Finding Shot...
Finding Shot...
Finding Shot...
Finding Shot...
Finding Shot...
Finding Shot...
Finding Shot...
Finding Shot...
Finding Shot...
Finding Shot...
Finding Shot...
Finding Shot...
Finding Shot...
Finding Shot...
Finding Shot...
Finding Shot...
Finding Shot...
Finding Shot...
Finding Shot...
Finding Shot...
Finding Shot...
Finding Shot...
Finding Shot...
Finding Shot...
Finding Shot...
Finding Shot...
Finding Shot...
Finding Shot...
Finding Shot...
Finding Shot...
Finding Shot...
Finding Shot...
Finding Shot...
Finding Shot...
Finding Shot...
Finding Shot...
Finding Shot...
Finding Shot...
Finding Shot...
Finding Shot...
Finding Shot...
Finding Shot...
Finding Shot...
Finding Shot...
Finding Shot...
Finding Shot...
Finding Shot...
Finding Shot...
Finding Shot...
Finding Shot...
Finding Shot...
Finding Shot...
Finding Shot...
Finding Shot...
Finding Shot...
Finding Shot...
Finding Shot...
Finding Shot...
Finding Shot...
Finding Shot...
Finding Shot...
Finding Shot...
Finding Shot...
Finding Shot...
Finding Shot...
Finding Shot...
Finding Shot...
Finding Shot...
Finding Shot...
Finding Shot...
Finding Shot...
Finding Shot...
Finding Shot...
Finding Shot...
Finding Shot...
Finding Shot...
Finding Shot...
Finding Shot...
Finding Shot...
Finding Shot...
Finding Shot...
Finding Shot...
Finding Shot...
Finding Shot...
Finding Shot...
Finding Shot...
Finding Shot...
Finding Shot...
Finding Shot...
Finding Shot...
Finding Shot...
Finding Shot...
Finding Shot...
Finding Shot...
Finding Shot...
Finding Shot...
Finding Shot...
Finding Shot...
Finding Shot...
Finding Shot...
Finding Shot...
Finding Shot...
Finding Shot...
Finding Shot...
Finding Shot...
Finding Shot...
Finding Shot...
Finding Shot...
Finding Shot...
Finding Shot...
Finding Shot...
Finding Shot...
Finding Shot...
Finding Shot...
Finding Shot...
Finding Shot...
Finding Shot...
Finding Shot...
Finding Shot...
Finding Shot...
Finding Shot...
Finding Shot...
Finding Shot...
Finding Shot...
Finding Shot...
Finding Shot...
Finding Shot...
Finding Shot...
Finding Shot...
Finding Shot...
Finding Shot...
Finding Shot...
Finding Shot...
Finding Shot...
Finding Shot...
Finding Shot...
Finding Shot...
Finding Shot...
Finding Shot...
Finding Shot...
Finding Shot...
Finding Shot...
Finding Shot...
Finding Shot...
Finding Shot...
Finding Shot...
Finding Shot...
Finding Shot...
Finding Shot...
Finding Shot...
Finding Shot...
Finding Shot...
Finding Shot...
Finding Shot...
Finding Shot...
Finding Shot...
Finding Shot...
Finding Shot...
Finding Shot...
Finding Shot...
Finding Shot...
Finding Shot...
Finding Shot...
Finding Shot...
Finding Shot...
Finding Shot...
Finding Shot...
Finding Shot...
Finding Shot...
Finding Shot...
Finding Shot...
Finding Shot...
Finding Shot...
Finding Shot...
Finding Shot...
Finding Shot...
Finding Shot...
Finding Shot...
Finding Shot...
Finding Shot...
Finding Shot...
Finding Shot...
Finding Shot...
Finding Shot...
Finding Shot...
Finding Shot...
Finding Shot...
Finding Shot...
Finding Shot...
Finding Shot...
Finding Shot...
Finding Shot...
Finding Shot...
Finding Shot...
Finding Shot...
Finding Shot...
Finding Shot...
Finding Shot...
Finding Shot...
Finding Shot...
Finding Shot...
Finding Shot...
Finding Shot...
Finding Shot...
[start 1/200] thread=10 global_idx=0 (g=7977,e=6,s=14) elapsed=1.4s
Finding Shot...
Finding Shot...
Finding Shot...
Finding Shot...
Finding Shot...
Finding Shot...
Finding Shot...
Finding Shot...
Finding Shot...
Finding Shot...
Finding Shot...
Finding Shot...
Finding Shot...
Finding Shot...
Finding Shot...
Finding Shot...
Finding Shot...
Finding Shot...
Finding Shot...
Finding Shot...
Finding Shot...
Finding Shot...
Finding Shot...
Finding Shot...
Finding Shot...
Finding Shot...
Finding Shot...
Finding Shot...
Finding Shot...
Finding Shot...
Finding Shot...
Finding Shot...
Finding Shot...
Finding Shot...
Finding Shot...
Finding Shot...
Finding Shot...
Finding Shot...
Finding Shot...
Finding Shot...
Finding Shot...
Finding Shot...
Finding Shot...
Finding Shot...
Finding Shot...
Finding Shot...
[start 2/200] thread=9 global_idx=1 (g=3926,e=6,s=11) elapsed=1.5s
[start 3/200] thread=3 global_idx=2 (g=3883,e=1,s=14) elapsed=1.5s
[start 4/200] thread=0 global_idx=3 (g=9222,e=7,s=5) elapsed=1.5s
[start 5/200] thread=6 global_idx=4 (g=7881,e=2,s=15) elapsed=1.5s
[start 6/200] thread=5 global_idx=5 (g=6406,e=1,s=10) elapsed=1.5s
[start 7/200] thread=8 global_idx=6 (g=8452,e=5,s=15) elapsed=1.5s
[start 8/200] thread=2 global_idx=7 (g=1028,e=6,s=15) elapsed=1.5s
[start 9/200] thread=15 global_idx=8 (g=2596,e=1,s=14) elapsed=1.5s
[start 10/200] thread=16 global_idx=9 (g=4748,e=1,s=3) elapsed=1.5s
[start 11/200] thread=7 global_idx=10 (g=9206,e=3,s=13) elapsed=1.5s
[start 12/200] thread=4 global_idx=11 (g=5859,e=1,s=6) elapsed=1.5s
[start 13/200] thread=1 global_idx=12 (g=6871,e=4,s=5) elapsed=1.5s
[start 14/200] thread=14 global_idx=13 (g=7163,e=3,s=13) elapsed=1.5s
[start 15/200] thread=17 global_idx=14 (g=5807,e=0,s=8) elapsed=1.5s
[start 16/200] thread=11 global_idx=15 (g=5567,e=2,s=15) elapsed=1.5s
[start 17/200] thread=23 global_idx=16 (g=2507,e=3,s=11) elapsed=1.5s
[start 18/200] thread=19 global_idx=17 (g=7006,e=3,s=15) elapsed=1.5s
[start 19/200] thread=22 global_idx=18 (g=1984,e=6,s=4) elapsed=1.5s
[start 20/200] thread=18 global_idx=19 (g=1845,e=7,s=14) elapsed=1.5s
[start 21/200] thread=13 global_idx=20 (g=5780,e=2,s=6) elapsed=1.5s
[start 22/200] thread=20 global_idx=21 (g=8645,e=7,s=5) elapsed=1.5s
[start 23/200] thread=21 global_idx=22 (g=6132,e=0,s=13) elapsed=1.5s
[start 24/200] thread=12 global_idx=23 (g=3339,e=4,s=10) elapsed=1.5s
[done 1/200] thread=6 global_idx=4 (g=7881,e=2,s=15) state_time=29.2s best_idx=86 sims=529 N=129 K=129 eta=6091.2s
[start 25/200] thread=6 global_idx=24 (g=3566,e=6,s=14) elapsed=30.6s
[done 2/200] thread=11 global_idx=15 (g=5567,e=2,s=15) state_time=33.3s best_idx=2 sims=529 N=129 K=129 eta=3446.0s
[start 26/200] thread=11 global_idx=25 (g=5523,e=3,s=9) elapsed=34.8s
[done 3/200] thread=2 global_idx=7 (g=1028,e=6,s=15) state_time=36.8s best_idx=1 sims=551 N=151 K=151 eta=2512.1s
[start 27/200] thread=2 global_idx=26 (g=7015,e=5,s=14) elapsed=38.3s
[done 4/200] thread=8 global_idx=6 (g=8452,e=5,s=15) state_time=37.9s best_idx=89 sims=553 N=153 K=153 eta=1929.6s
[start 28/200] thread=8 global_idx=27 (g=743,e=7,s=3) elapsed=39.4s
[done 5/200] thread=19 global_idx=17 (g=7006,e=3,s=15) state_time=39.1s best_idx=47 sims=545 N=145 K=145 eta=1582.4s
[start 29/200] thread=19 global_idx=28 (g=1014,e=4,s=15) elapsed=40.6s
[done 6/200] thread=19 global_idx=28 (g=1014,e=4,s=15) state_time=21.8s best_idx=10 sims=461 N=61 K=61 eta=2016.1s
[start 30/200] thread=19 global_idx=29 (g=3900,e=0,s=10) elapsed=62.4s
[done 7/200] thread=3 global_idx=2 (g=3883,e=1,s=14) state_time=102.6s best_idx=0 sims=1814 N=37 K=37 eta=2868.4s
[start 31/200] thread=3 global_idx=30 (g=4543,e=6,s=5) elapsed=104.0s
[done 8/200] thread=18 global_idx=19 (g=1845,e=7,s=14) state_time=269.6s best_idx=49 sims=3735 N=55 K=55 eta=6504.8s
[start 32/200] thread=18 global_idx=31 (g=9231,e=5,s=14) elapsed=271.0s
[done 9/200] thread=18 global_idx=31 (g=9231,e=5,s=14) state_time=718.2s best_idx=49 sims=8537 N=101 K=101 eta=20992.9s
[start 33/200] thread=18 global_idx=32 (g=1825,e=5,s=7) elapsed=989.2s
[done 10/200] thread=7 global_idx=10 (g=9206,e=3,s=13) state_time=1368.9s best_idx=34 sims=18469 N=49 K=49 eta=26037.3s
[start 34/200] thread=7 global_idx=33 (g=4062,e=4,s=15) elapsed=1370.4s
[done 11/200] thread=7 global_idx=33 (g=4062,e=4,s=15) state_time=27.9s best_idx=89 sims=517 N=117 K=117 eta=24024.7s
[start 35/200] thread=7 global_idx=34 (g=9882,e=2,s=11) elapsed=1398.3s
[done 12/200] thread=6 global_idx=24 (g=3566,e=6,s=14) state_time=1435.0s best_idx=67 sims=14324 N=129 K=129 eta=22961.6s
[start 36/200] thread=6 global_idx=35 (g=2998,e=6,s=14) elapsed=1465.6s
[done 13/200] thread=15 global_idx=8 (g=2596,e=1,s=14) state_time=1804.1s best_idx=45 sims=18220 N=145 K=145 eta=25972.2s
[start 37/200] thread=15 global_idx=36 (g=1555,e=2,s=3) elapsed=1805.6s
[done 14/200] thread=10 global_idx=0 (g=7977,e=6,s=14) state_time=1804.7s best_idx=39 sims=18386 N=145 K=145 eta=23994.4s
[start 38/200] thread=10 global_idx=37 (g=4372,e=4,s=14) elapsed=1806.0s
[done 15/200] thread=2 global_idx=26 (g=7015,e=5,s=14) state_time=1834.7s best_idx=11 sims=18376 N=145 K=145 eta=23100.1s
[start 39/200] thread=2 global_idx=38 (g=3732,e=7,s=7) elapsed=1873.0s
[done 16/200] thread=10 global_idx=37 (g=4372,e=4,s=14) state_time=197.5s best_idx=7 sims=2976 N=49 K=49 eta=23040.8s
[start 40/200] thread=10 global_idx=39 (g=3858,e=5,s=5) elapsed=2003.6s
[done 17/200] thread=14 global_idx=13 (g=7163,e=3,s=13) state_time=3116.9s best_idx=64 sims=34496 N=85 K=85 eta=33568.6s
[start 41/200] thread=14 global_idx=40 (g=1938,e=0,s=14) elapsed=3118.4s
[done 18/200] thread=6 global_idx=35 (g=2998,e=6,s=14) state_time=2254.1s best_idx=36 sims=18175 N=145 K=145 eta=37611.2s
[start 42/200] thread=6 global_idx=41 (g=9112,e=3,s=9) elapsed=3719.8s
[done 19/200] thread=14 global_idx=40 (g=1938,e=0,s=14) state_time=1024.4s best_idx=35 sims=8196 N=93 K=93 eta=39465.5s
[start 43/200] thread=14 global_idx=42 (g=4157,e=3,s=12) elapsed=4142.8s
[done 20/200] thread=21 global_idx=22 (g=6132,e=0,s=13) state_time=4214.9s best_idx=84 sims=42026 N=87 K=87 eta=37946.9s
[start 44/200] thread=21 global_idx=43 (g=7373,e=1,s=11) elapsed=4216.3s
[done 21/200] thread=5 global_idx=5 (g=6406,e=1,s=10) state_time=6946.3s best_idx=42 sims=113940 N=59 K=59 eta=59221.6s
[start 45/200] thread=5 global_idx=44 (g=7173,e=4,s=15) elapsed=6947.8s
[done 22/200] thread=19 global_idx=29 (g=3900,e=0,s=10) state_time=6889.3s best_idx=6 sims=113441 N=55 K=55 eta=56245.0s
[start 46/200] thread=19 global_idx=45 (g=196,e=4,s=4) elapsed=6951.6s
[done 23/200] thread=5 global_idx=44 (g=7173,e=4,s=15) state_time=40.1s best_idx=2 sims=551 N=151 K=151 eta=53776.3s
[start 47/200] thread=5 global_idx=46 (g=2630,e=2,s=14) elapsed=6987.9s
[done 24/200] thread=5 global_idx=46 (g=2630,e=2,s=14) state_time=266.5s best_idx=35 sims=3989 N=59 K=59 eta=53198.9s
[start 48/200] thread=5 global_idx=47 (g=5731,e=2,s=10) elapsed=7254.4s
[done 25/200] thread=23 global_idx=16 (g=2507,e=3,s=11) state_time=7660.9s best_idx=40 sims=102833 N=107 K=107 eta=53636.3s
[start 49/200] thread=23 global_idx=48 (g=9518,e=4,s=5) elapsed=7662.3s
[done 26/200] thread=12 global_idx=23 (g=3339,e=4,s=10) state_time=7670.4s best_idx=42 sims=122617 N=71 K=71 eta=51342.4s
[start 50/200] thread=12 global_idx=49 (g=8211,e=7,s=12) elapsed=7671.9s
[done 27/200] thread=9 global_idx=1 (g=3926,e=6,s=11) state_time=8989.1s best_idx=65 sims=114912 N=123 K=123 eta=57606.0s
[start 51/200] thread=9 global_idx=50 (g=5392,e=3,s=13) elapsed=8990.5s
[done 28/200] thread=7 global_idx=34 (g=9882,e=2,s=11) state_time=7916.5s best_idx=46 sims=102456 N=109 K=109 eta=57219.1s
[start 52/200] thread=7 global_idx=51 (g=4262,e=4,s=2) elapsed=9314.7s
[done 29/200] thread=14 global_idx=42 (g=4157,e=3,s=12) state_time=5925.3s best_idx=36 sims=76501 N=107 K=107 eta=59367.0s
[start 53/200] thread=14 global_idx=52 (g=6230,e=1,s=12) elapsed=10068.1s
[done 30/200] thread=11 global_idx=25 (g=5523,e=3,s=9) state_time=10998.3s best_idx=39 sims=159054 N=103 K=103 eta=62521.1s
[start 54/200] thread=11 global_idx=53 (g=3543,e=4,s=7) elapsed=11033.1s
[done 31/200] thread=17 global_idx=14 (g=5807,e=0,s=8) state_time=11463.9s best_idx=64 sims=185775 N=81 K=81 eta=62504.8s
[start 55/200] thread=17 global_idx=54 (g=1784,e=6,s=5) elapsed=11465.4s
[done 32/200] thread=21 global_idx=43 (g=7373,e=1,s=11) state_time=7264.1s best_idx=33 sims=101830 N=103 K=103 eta=60272.2s
[start 56/200] thread=21 global_idx=55 (g=4905,e=4,s=14) elapsed=11480.4s
[done 33/200] thread=2 global_idx=38 (g=3732,e=7,s=7) state_time=9813.0s best_idx=4 sims=191193 N=49 K=49 eta=59138.4s
[start 57/200] thread=2 global_idx=56 (g=3837,e=2,s=10) elapsed=11686.0s
[done 34/200] thread=13 global_idx=20 (g=5780,e=2,s=6) state_time=11810.2s best_idx=43 sims=225638 N=49 K=49 eta=57668.7s
[start 58/200] thread=13 global_idx=57 (g=2854,e=0,s=15) elapsed=11811.7s
[done 35/200] thread=13 global_idx=57 (g=2854,e=0,s=15) state_time=26.6s best_idx=68 sims=503 N=103 K=103 eta=55808.7s
[start 59/200] thread=13 global_idx=58 (g=1221,e=1,s=10) elapsed=11838.2s
[done 36/200] thread=0 global_idx=3 (g=9222,e=7,s=5) state_time=11968.9s best_idx=4 sims=245416 N=37 K=37 eta=54531.7s
[start 60/200] thread=0 global_idx=59 (g=7301,e=6,s=14) elapsed=11970.4s
[done 37/200] thread=12 global_idx=49 (g=8211,e=7,s=12) state_time=4372.3s best_idx=2 sims=65977 N=79 K=79 eta=53059.6s
[start 61/200] thread=12 global_idx=60 (g=5248,e=0,s=3) elapsed=12044.2s
[done 38/200] thread=5 global_idx=47 (g=5731,e=2,s=10) state_time=4799.5s best_idx=9 sims=101828 N=43 K=43 eta=51387.8s
[start 62/200] thread=5 global_idx=61 (g=2545,e=3,s=15) elapsed=12053.9s
[done 39/200] thread=5 global_idx=61 (g=2545,e=3,s=15) state_time=19.0s best_idx=0 sims=461 N=61 K=61 eta=49839.5s
[start 63/200] thread=5 global_idx=62 (g=6335,e=1,s=11) elapsed=12072.9s
[done 40/200] thread=21 global_idx=55 (g=4905,e=4,s=14) state_time=716.3s best_idx=34 sims=8847 N=101 K=101 eta=48787.0s
[start 64/200] thread=21 global_idx=63 (g=8275,e=4,s=5) elapsed=12196.8s
[done 41/200] thread=6 global_idx=41 (g=9112,e=3,s=9) state_time=8489.0s best_idx=11 sims=146973 N=75 K=75 eta=47346.3s
[start 65/200] thread=6 global_idx=64 (g=963,e=5,s=13) elapsed=12208.8s
[done 42/200] thread=14 global_idx=52 (g=6230,e=1,s=12) state_time=2673.9s best_idx=35 sims=48489 N=49 K=49 eta=47934.2s
[start 66/200] thread=14 global_idx=65 (g=176,e=5,s=11) elapsed=12742.0s
[done 43/200] thread=18 global_idx=32 (g=1825,e=5,s=7) state_time=11998.9s best_idx=33 sims=208217 N=77 K=77 eta=47421.8s
[start 67/200] thread=18 global_idx=66 (g=2199,e=1,s=13) elapsed=12988.1s
[done 44/200] thread=4 global_idx=11 (g=5859,e=1,s=6) state_time=13334.6s best_idx=40 sims=233834 N=65 K=65 eta=47282.2s
[start 68/200] thread=4 global_idx=67 (g=8298,e=3,s=11) elapsed=13336.0s
[done 45/200] thread=0 global_idx=59 (g=7301,e=6,s=14) state_time=1765.0s best_idx=1 sims=17890 N=145 K=145 eta=47310.8s
[start 69/200] thread=0 global_idx=68 (g=6729,e=2,s=14) elapsed=13735.4s
[done 46/200] thread=1 global_idx=12 (g=6871,e=4,s=5) state_time=14498.2s best_idx=35 sims=262421 N=71 K=71 eta=48542.4s
[start 70/200] thread=1 global_idx=69 (g=8119,e=5,s=4) elapsed=14499.7s
[done 47/200] thread=3 global_idx=30 (g=4543,e=6,s=5) state_time=14667.2s best_idx=38 sims=262612 N=71 K=71 eta=48085.1s
[start 71/200] thread=3 global_idx=70 (g=8189,e=0,s=14) elapsed=14771.2s
[done 48/200] thread=20 global_idx=21 (g=8645,e=7,s=5) state_time=14958.7s best_idx=45 sims=265409 N=71 K=71 eta=47373.9s
[start 72/200] thread=20 global_idx=71 (g=9791,e=0,s=8) elapsed=14960.2s
[done 49/200] thread=9 global_idx=50 (g=5392,e=3,s=13) state_time=5985.7s best_idx=54 sims=62915 N=135 K=135 eta=46151.2s
[start 73/200] thread=9 global_idx=72 (g=5487,e=5,s=5) elapsed=14976.2s
[done 50/200] thread=3 global_idx=70 (g=8189,e=0,s=14) state_time=274.8s best_idx=34 sims=3938 N=55 K=55 eta=45138.1s
[start 74/200] thread=3 global_idx=73 (g=4950,e=0,s=15) elapsed=15046.0s
[done 51/200] thread=3 global_idx=73 (g=4950,e=0,s=15) state_time=18.4s best_idx=48 sims=471 N=71 K=71 eta=44011.7s
[start 75/200] thread=3 global_idx=74 (g=9143,e=3,s=7) elapsed=15064.4s
[done 52/200] thread=0 global_idx=68 (g=6729,e=2,s=14) state_time=1499.0s best_idx=66 sims=15743 N=135 K=135 eta=43359.4s
[start 76/200] thread=0 global_idx=75 (g=4517,e=4,s=13) elapsed=15234.4s
[done 53/200] thread=22 global_idx=18 (g=1984,e=6,s=4) state_time=15487.8s best_idx=45 sims=288623 N=59 K=59 eta=42960.8s
[start 77/200] thread=22 global_idx=76 (g=2994,e=5,s=10) elapsed=15489.3s
[done 54/200] thread=6 global_idx=64 (g=963,e=5,s=13) state_time=3416.8s best_idx=32 sims=40634 N=89 K=89 eta=42246.9s
[start 78/200] thread=6 global_idx=77 (g=961,e=6,s=13) elapsed=15625.6s
[done 55/200] thread=5 global_idx=62 (g=6335,e=1,s=11) state_time=3729.7s best_idx=34 sims=74434 N=53 K=53 eta=41661.5s
[start 79/200] thread=5 global_idx=78 (g=1566,e=1,s=3) elapsed=15802.6s
[done 56/200] thread=16 global_idx=9 (g=4748,e=1,s=3) state_time=15889.7s best_idx=7 sims=312473 N=49 K=49 eta=40863.0s
[start 80/200] thread=16 global_idx=79 (g=1686,e=6,s=15) elapsed=15891.2s
[done 57/200] thread=16 global_idx=79 (g=1686,e=6,s=15) state_time=17.8s best_idx=0 sims=449 N=49 K=49 eta=39912.1s
[start 81/200] thread=16 global_idx=80 (g=1201,e=0,s=6) elapsed=15909.0s
[done 58/200] thread=8 global_idx=27 (g=743,e=7,s=3) state_time=16182.5s best_idx=23 sims=316667 N=55 K=55 eta=39715.6s
[start 82/200] thread=8 global_idx=81 (g=5494,e=4,s=5) elapsed=16221.9s
[done 59/200] thread=10 global_idx=39 (g=3858,e=5,s=5) state_time=15451.7s best_idx=59 sims=265664 N=75 K=75 eta=41715.1s
[start 83/200] thread=10 global_idx=82 (g=2492,e=4,s=15) elapsed=17455.3s
[done 60/200] thread=10 global_idx=82 (g=2492,e=4,s=15) state_time=22.3s best_idx=42 sims=475 N=75 K=75 eta=40780.9s
[start 84/200] thread=10 global_idx=83 (g=8959,e=1,s=11) elapsed=17477.5s
[done 61/200] thread=18 global_idx=66 (g=2199,e=1,s=13) state_time=4977.9s best_idx=18 sims=54766 N=119 K=119 eta=40939.1s
[start 85/200] thread=18 global_idx=84 (g=1671,e=0,s=15) elapsed=17966.1s
[done 62/200] thread=18 global_idx=84 (g=1671,e=0,s=15) state_time=26.9s best_idx=79 sims=517 N=117 K=117 eta=40048.8s
[start 86/200] thread=18 global_idx=85 (g=1385,e=7,s=11) elapsed=17992.9s
[done 63/200] thread=15 global_idx=36 (g=1555,e=2,s=3) state_time=16371.0s best_idx=24 sims=315381 N=55 K=55 eta=39526.9s
[start 87/200] thread=15 global_idx=86 (g=6872,e=1,s=14) elapsed=18176.6s
[done 64/200] thread=2 global_idx=56 (g=3837,e=2,s=10) state_time=7132.2s best_idx=39 sims=120693 N=71 K=71 eta=39988.8s
[start 88/200] thread=2 global_idx=87 (g=8785,e=1,s=4) elapsed=18818.3s
[done 65/200] thread=14 global_idx=65 (g=176,e=5,s=11) state_time=6953.3s best_idx=84 sims=104278 N=97 K=97 eta=40905.7s
[start 89/200] thread=14 global_idx=88 (g=1835,e=0,s=15) elapsed=19695.3s
[done 66/200] thread=14 global_idx=88 (g=1835,e=0,s=15) state_time=15.9s best_idx=55 sims=469 N=69 K=69 eta=40019.8s
[start 90/200] thread=14 global_idx=89 (g=6216,e=7,s=8) elapsed=19711.3s
[done 67/200] thread=15 global_idx=86 (g=6872,e=1,s=14) state_time=1681.4s best_idx=37 sims=16513 N=135 K=135 eta=39419.5s
[start 91/200] thread=15 global_idx=90 (g=8471,e=6,s=5) elapsed=19857.9s
[done 68/200] thread=11 global_idx=53 (g=3543,e=4,s=7) state_time=9586.6s best_idx=42 sims=193542 N=55 K=55 eta=40026.6s
[start 92/200] thread=11 global_idx=91 (g=256,e=3,s=12) elapsed=20619.8s
[done 69/200] thread=0 global_idx=75 (g=4517,e=4,s=13) state_time=5432.8s best_idx=62 sims=57731 N=123 K=123 eta=39237.7s
[start 93/200] thread=0 global_idx=92 (g=5778,e=2,s=9) elapsed=20667.2s
[done 70/200] thread=19 global_idx=45 (g=196,e=4,s=4) state_time=13981.3s best_idx=9 sims=285003 N=49 K=49 eta=38875.4s
[start 94/200] thread=19 global_idx=93 (g=6320,e=4,s=15) elapsed=20932.9s
[done 71/200] thread=19 global_idx=93 (g=6320,e=4,s=15) state_time=23.4s best_idx=39 sims=503 N=103 K=103 eta=38075.5s
[start 95/200] thread=19 global_idx=94 (g=1638,e=4,s=11) elapsed=20956.3s
[done 72/200] thread=13 global_idx=58 (g=1221,e=1,s=10) state_time=9754.1s best_idx=66 sims=137699 N=113 K=113 eta=38386.4s
[start 96/200] thread=13 global_idx=95 (g=2310,e=6,s=15) elapsed=21592.4s
[done 73/200] thread=13 global_idx=95 (g=2310,e=6,s=15) state_time=30.6s best_idx=75 sims=535 N=135 K=135 eta=37618.1s
[start 97/200] thread=13 global_idx=96 (g=7921,e=5,s=4) elapsed=21623.0s
[done 74/200] thread=4 global_idx=67 (g=8298,e=3,s=11) state_time=8414.7s best_idx=79 sims=111776 N=119 K=119 eta=37035.0s
[start 98/200] thread=4 global_idx=97 (g=1361,e=1,s=12) elapsed=21750.7s
[done 75/200] thread=6 global_idx=77 (g=961,e=6,s=13) state_time=6202.7s best_idx=37 sims=64849 N=139 K=139 eta=36380.4s
[start 99/200] thread=6 global_idx=98 (g=5041,e=1,s=8) elapsed=21828.3s
[done 76/200] thread=23 global_idx=48 (g=9518,e=4,s=5) state_time=14244.3s best_idx=48 sims=265838 N=71 K=71 eta=35742.4s
[start 100/200] thread=23 global_idx=99 (g=5033,e=7,s=5) elapsed=21906.6s
[done 77/200] thread=20 global_idx=71 (g=9791,e=0,s=8) state_time=8919.2s best_idx=48 sims=173509 N=55 K=55 eta=38145.0s
[start 101/200] thread=20 global_idx=100 (g=5022,e=1,s=15) elapsed=23879.4s
[done 78/200] thread=20 global_idx=100 (g=5022,e=1,s=15) state_time=23.9s best_idx=39 sims=489 N=89 K=89 eta=37387.2s
[start 102/200] thread=20 global_idx=101 (g=9907,e=7,s=9) elapsed=23903.3s
[done 79/200] thread=18 global_idx=85 (g=1385,e=7,s=11) state_time=6637.3s best_idx=79 sims=102214 N=103 K=103 eta=37724.8s
[start 103/200] thread=18 global_idx=102 (g=8627,e=2,s=12) elapsed=24630.2s
[done 80/200] thread=10 global_idx=83 (g=8959,e=1,s=11) state_time=7209.8s best_idx=43 sims=102261 N=97 K=97 eta=37031.0s
[start 104/200] thread=10 global_idx=103 (g=1641,e=6,s=10) elapsed=24687.3s
[done 81/200] thread=4 global_idx=97 (g=1361,e=1,s=12) state_time=3301.5s best_idx=46 sims=54331 N=59 K=59 eta=36805.1s
[start 105/200] thread=4 global_idx=104 (g=7249,e=2,s=15) elapsed=25052.2s
[done 82/200] thread=11 global_idx=91 (g=256,e=3,s=12) state_time=4452.8s best_idx=46 sims=64867 N=77 K=77 eta=36080.0s
[start 106/200] thread=11 global_idx=105 (g=4837,e=7,s=2) elapsed=25072.6s
[done 83/200] thread=4 global_idx=104 (g=7249,e=2,s=15) state_time=31.8s best_idx=0 sims=539 N=139 K=139 eta=35359.4s
[start 107/200] thread=4 global_idx=106 (g=1039,e=2,s=15) elapsed=25084.0s
[done 84/200] thread=4 global_idx=106 (g=1039,e=2,s=15) state_time=14.5s best_idx=34 sims=443 N=43 K=43 eta=34659.8s
[start 108/200] thread=4 global_idx=107 (g=7846,e=3,s=10) elapsed=25098.5s
[done 85/200] thread=22 global_idx=76 (g=2994,e=5,s=10) state_time=9941.5s best_idx=45 sims=140865 N=113 K=113 eta=34406.3s
[start 109/200] thread=22 global_idx=108 (g=5246,e=2,s=5) elapsed=25430.8s
[done 86/200] thread=17 global_idx=54 (g=1784,e=6,s=5) state_time=14069.8s best_idx=44 sims=264143 N=71 K=71 eta=33849.0s
[start 110/200] thread=17 global_idx=109 (g=4166,e=2,s=12) elapsed=25535.2s
[done 87/200] thread=7 global_idx=51 (g=4262,e=4,s=2) state_time=16529.3s best_idx=0 sims=345398 N=49 K=49 eta=33567.6s
[start 111/200] thread=7 global_idx=110 (g=6533,e=4,s=6) elapsed=25844.1s
[done 88/200] thread=21 global_idx=63 (g=8275,e=4,s=5) state_time=13878.5s best_idx=46 sims=260693 N=71 K=71 eta=33186.7s
[start 112/200] thread=21 global_idx=111 (g=5721,e=0,s=12) elapsed=26075.3s
[done 89/200] thread=3 global_idx=74 (g=9143,e=3,s=7) state_time=11868.1s best_idx=75 sims=209939 N=81 K=81 eta=33590.0s
[start 113/200] thread=3 global_idx=112 (g=4463,e=7,s=9) elapsed=26932.5s
[done 90/200] thread=12 global_idx=60 (g=5248,e=0,s=3) state_time=15019.7s best_idx=35 sims=316429 N=49 K=49 eta=33078.1s
[start 114/200] thread=12 global_idx=113 (g=5606,e=2,s=14) elapsed=27063.9s
[done 91/200] thread=16 global_idx=80 (g=1201,e=0,s=6) state_time=11456.1s best_idx=7 sims=229749 N=53 K=53 eta=32778.0s
[start 115/200] thread=16 global_idx=114 (g=1123,e=4,s=3) elapsed=27365.1s
[done 92/200] thread=19 global_idx=94 (g=1638,e=4,s=11) state_time=6964.6s best_idx=57 sims=102768 N=103 K=103 eta=32776.7s
[start 116/200] thread=19 global_idx=115 (g=8113,e=3,s=15) elapsed=27920.9s
[done 93/200] thread=19 global_idx=115 (g=8113,e=3,s=15) state_time=21.2s best_idx=33 sims=469 N=69 K=69 eta=32148.4s
[start 117/200] thread=19 global_idx=116 (g=716,e=6,s=7) elapsed=27942.1s
[done 94/200] thread=14 global_idx=89 (g=6216,e=7,s=8) state_time=8493.0s best_idx=29 sims=171062 N=55 K=55 eta=31804.8s
[start 118/200] thread=14 global_idx=117 (g=459,e=3,s=5) elapsed=28204.3s
[done 95/200] thread=12 global_idx=113 (g=5606,e=2,s=14) state_time=1548.5s best_idx=46 sims=16564 N=139 K=139 eta=31624.2s
[start 119/200] thread=12 global_idx=118 (g=9287,e=7,s=12) elapsed=28612.4s
[done 96/200] thread=9 global_idx=72 (g=5487,e=5,s=5) state_time=13723.7s best_idx=52 sims=262375 N=71 K=71 eta=31091.6s
[start 120/200] thread=9 global_idx=119 (g=5647,e=1,s=10) elapsed=28700.0s
[done 97/200] thread=17 global_idx=109 (g=4166,e=2,s=12) state_time=3996.3s best_idx=49 sims=61388 N=75 K=75 eta=31358.2s
[start 121/200] thread=17 global_idx=120 (g=4562,e=4,s=13) elapsed=29531.5s
[done 98/200] thread=1 global_idx=69 (g=8119,e=5,s=4) state_time=15250.5s best_idx=33 sims=291769 N=65 K=65 eta=30964.5s
[start 122/200] thread=1 global_idx=121 (g=6201,e=5,s=11) elapsed=29750.2s
[done 99/200] thread=18 global_idx=102 (g=8627,e=2,s=12) state_time=5585.1s best_idx=89 sims=74023 N=103 K=103 eta=30825.7s
[start 123/200] thread=18 global_idx=122 (g=9166,e=3,s=14) elapsed=30215.3s
[done 100/200] thread=0 global_idx=92 (g=5778,e=2,s=9) state_time=9597.4s best_idx=72 sims=159218 N=97 K=97 eta=30264.6s
[start 124/200] thread=0 global_idx=123 (g=8703,e=4,s=3) elapsed=30264.6s
[done 101/200] thread=8 global_idx=81 (g=5494,e=4,s=5) state_time=14233.9s best_idx=24 sims=266561 N=75 K=75 eta=29852.7s
[start 125/200] thread=8 global_idx=124 (g=1616,e=0,s=14) elapsed=30455.8s
[done 102/200] thread=8 global_idx=124 (g=1616,e=0,s=14) state_time=310.7s best_idx=33 sims=4469 N=69 K=69 eta=29560.0s
[start 126/200] thread=8 global_idx=125 (g=5809,e=3,s=9) elapsed=30766.5s
[done 103/200] thread=6 global_idx=98 (g=5041,e=1,s=8) state_time=9075.4s best_idx=41 sims=172217 N=55 K=55 eta=29103.5s
[start 127/200] thread=6 global_idx=126 (g=4651,e=6,s=5) elapsed=30903.7s
[done 104/200] thread=20 global_idx=101 (g=9907,e=7,s=9) state_time=7358.5s best_idx=49 sims=139836 N=65 K=65 eta=28857.0s
[start 128/200] thread=20 global_idx=127 (g=8894,e=2,s=15) elapsed=31261.8s
[done 105/200] thread=20 global_idx=127 (g=8894,e=2,s=15) state_time=21.5s best_idx=2 sims=479 N=79 K=79 eta=28304.0s
[start 129/200] thread=20 global_idx=128 (g=2369,e=6,s=9) elapsed=31283.3s
[done 106/200] thread=4 global_idx=107 (g=7846,e=3,s=10) state_time=6449.9s best_idx=44 sims=116112 N=65 K=65 eta=27976.9s
[start 130/200] thread=4 global_idx=129 (g=1083,e=7,s=15) elapsed=31548.4s
[done 107/200] thread=4 global_idx=129 (g=1083,e=7,s=15) state_time=25.8s best_idx=59 sims=503 N=103 K=103 eta=27443.0s
[start 131/200] thread=4 global_idx=130 (g=366,e=3,s=11) elapsed=31574.3s
[done 108/200] thread=5 global_idx=78 (g=1566,e=1,s=3) state_time=15858.1s best_idx=32 sims=316896 N=59 K=59 eta=26970.2s
[start 132/200] thread=5 global_idx=131 (g=6354,e=2,s=15) elapsed=31660.7s
[done 109/200] thread=5 global_idx=131 (g=6354,e=2,s=15) state_time=34.2s best_idx=83 sims=551 N=151 K=151 eta=26460.9s
[start 133/200] thread=5 global_idx=132 (g=9260,e=7,s=2) elapsed=31695.0s
[done 110/200] thread=18 global_idx=122 (g=9166,e=3,s=14) state_time=1485.2s best_idx=59 sims=15223 N=139 K=139 eta=25936.8s
[start 134/200] thread=18 global_idx=133 (g=6267,e=4,s=12) elapsed=31700.5s
[done 111/200] thread=12 global_idx=118 (g=9287,e=7,s=12) state_time=3429.6s best_idx=38 sims=57558 N=65 K=65 eta=25691.3s
[start 135/200] thread=12 global_idx=134 (g=1158,e=6,s=8) elapsed=32042.0s
[done 112/200] thread=2 global_idx=87 (g=8785,e=1,s=4) state_time=14140.9s best_idx=3 sims=286465 N=49 K=49 eta=25896.5s
[start 136/200] thread=2 global_idx=135 (g=6520,e=1,s=5) elapsed=32959.2s
[done 113/200] thread=21 global_idx=111 (g=5721,e=0,s=12) state_time=7216.0s best_idx=34 sims=87673 N=123 K=123 eta=25631.3s
[start 137/200] thread=21 global_idx=136 (g=2099,e=0,s=14) elapsed=33291.2s
[done 114/200] thread=21 global_idx=136 (g=2099,e=0,s=14) state_time=630.1s best_idx=33 sims=7790 N=91 K=91 eta=25589.8s
[start 138/200] thread=21 global_idx=137 (g=4892,e=6,s=10) elapsed=33921.3s
[done 115/200] thread=15 global_idx=90 (g=8471,e=6,s=5) state_time=14327.2s best_idx=0 sims=265766 N=75 K=75 eta=25267.3s
[start 139/200] thread=15 global_idx=138 (g=7859,e=3,s=14) elapsed=34185.1s
[done 116/200] thread=18 global_idx=133 (g=6267,e=4,s=12) state_time=3266.2s best_idx=2 sims=55748 N=55 K=55 eta=25320.8s
[start 140/200] thread=18 global_idx=139 (g=2084,e=7,s=10) elapsed=34966.8s
[done 117/200] thread=10 global_idx=103 (g=1641,e=6,s=10) state_time=10637.7s best_idx=69 sims=141450 N=113 K=113 eta=25059.6s
[start 141/200] thread=10 global_idx=140 (g=5335,e=1,s=14) elapsed=35325.0s
[done 118/200] thread=17 global_idx=120 (g=4562,e=4,s=13) state_time=5894.2s best_idx=78 sims=60744 N=129 K=129 eta=24617.9s
[start 142/200] thread=17 global_idx=141 (g=5272,e=2,s=4) elapsed=35425.8s
[done 119/200] thread=15 global_idx=138 (g=7859,e=3,s=14) state_time=1377.4s best_idx=78 sims=14574 N=129 K=129 eta=24206.4s
[start 143/200] thread=15 global_idx=142 (g=5472,e=3,s=13) elapsed=35562.5s
[done 120/200] thread=13 global_idx=96 (g=7921,e=5,s=4) state_time=14198.2s best_idx=40 sims=284668 N=49 K=49 eta=23880.8s
[start 144/200] thread=13 global_idx=143 (g=4526,e=5,s=9) elapsed=35821.2s
[done 121/200] thread=23 global_idx=99 (g=5033,e=7,s=5) state_time=14110.0s best_idx=52 sims=262544 N=71 K=71 eta=23515.0s
[start 145/200] thread=23 global_idx=144 (g=6392,e=2,s=5) elapsed=36016.6s
[done 122/200] thread=9 global_idx=119 (g=5647,e=1,s=10) state_time=7867.3s best_idx=53 sims=129565 N=91 K=91 eta=23379.1s
[start 146/200] thread=9 global_idx=145 (g=1255,e=4,s=13) elapsed=36567.3s
[done 123/200] thread=3 global_idx=112 (g=4463,e=7,s=9) state_time=10385.5s best_idx=54 sims=161683 N=103 K=103 eta=23361.7s
[start 147/200] thread=3 global_idx=146 (g=5259,e=3,s=8) elapsed=37318.0s
[done 124/200] thread=8 global_idx=125 (g=5809,e=3,s=9) state_time=6552.8s best_idx=45 sims=134674 N=53 K=53 eta=22873.1s
[start 148/200] thread=8 global_idx=147 (g=7905,e=3,s=15) elapsed=37319.3s
[done 125/200] thread=10 global_idx=140 (g=5335,e=1,s=14) state_time=1997.0s best_idx=88 sims=19065 N=145 K=145 eta=22393.2s
[start 149/200] thread=10 global_idx=148 (g=4159,e=5,s=11) elapsed=37322.1s
[done 126/200] thread=8 global_idx=147 (g=7905,e=3,s=15) state_time=23.9s best_idx=56 sims=503 N=103 K=103 eta=21931.7s
[start 150/200] thread=8 global_idx=149 (g=2788,e=5,s=13) elapsed=37343.2s
[done 127/200] thread=15 global_idx=142 (g=5472,e=3,s=13) state_time=1885.3s best_idx=38 sims=23639 N=69 K=69 eta=21525.1s
[start 151/200] thread=15 global_idx=150 (g=4360,e=7,s=4) elapsed=37447.8s
[done 128/200] thread=1 global_idx=121 (g=6201,e=5,s=11) state_time=7998.0s best_idx=63 sims=108049 N=107 K=107 eta=21233.3s
[start 152/200] thread=1 global_idx=151 (g=8248,e=7,s=13) elapsed=37748.2s
[done 129/200] thread=19 global_idx=116 (g=716,e=6,s=7) state_time=10014.5s best_idx=34 sims=198156 N=55 K=55 eta=20890.8s
[start 153/200] thread=19 global_idx=152 (g=2081,e=5,s=9) elapsed=37956.6s
[done 130/200] thread=7 global_idx=110 (g=6533,e=4,s=6) state_time=13623.3s best_idx=7 sims=240782 N=81 K=81 eta=21251.7s
[start 154/200] thread=7 global_idx=153 (g=1265,e=4,s=5) elapsed=39467.4s
[done 131/200] thread=9 global_idx=145 (g=1255,e=4,s=13) state_time=3099.2s best_idx=69 sims=37054 N=91 K=91 eta=20893.0s
[start 155/200] thread=9 global_idx=154 (g=3677,e=7,s=15) elapsed=39666.5s
[done 132/200] thread=9 global_idx=154 (g=3677,e=7,s=15) state_time=18.4s best_idx=54 sims=475 N=75 K=75 eta=20443.7s
[start 156/200] thread=9 global_idx=155 (g=477,e=2,s=10) elapsed=39684.9s
[done 133/200] thread=1 global_idx=151 (g=8248,e=7,s=13) state_time=2083.7s best_idx=51 sims=26247 N=59 K=59 eta=20065.7s
[start 157/200] thread=1 global_idx=156 (g=8462,e=7,s=13) elapsed=39831.9s
[done 134/200] thread=20 global_idx=128 (g=2369,e=6,s=9) state_time=8680.9s best_idx=6 sims=151469 N=79 K=79 eta=19683.9s
[start 158/200] thread=20 global_idx=157 (g=3186,e=1,s=11) elapsed=39964.2s
[done 135/200] thread=4 global_idx=130 (g=366,e=3,s=11) state_time=8517.9s best_idx=76 sims=111904 N=119 K=119 eta=19303.6s
[start 159/200] thread=4 global_idx=158 (g=8936,e=4,s=15) elapsed=40092.1s
[done 136/200] thread=22 global_idx=108 (g=5246,e=2,s=5) state_time=14668.2s best_idx=44 sims=267289 N=75 K=75 eta=18870.1s
[start 160/200] thread=22 global_idx=159 (g=966,e=6,s=3) elapsed=40098.9s
[done 137/200] thread=4 global_idx=158 (g=8936,e=4,s=15) state_time=34.5s best_idx=1 sims=545 N=145 K=145 eta=18452.4s
[start 161/200] thread=4 global_idx=160 (g=232,e=1,s=13) elapsed=40126.7s
[done 138/200] thread=12 global_idx=134 (g=1158,e=6,s=8) state_time=8944.9s best_idx=56 sims=174744 N=65 K=65 eta=18414.4s
[start 162/200] thread=12 global_idx=161 (g=3968,e=6,s=10) elapsed=40986.9s
[done 139/200] thread=14 global_idx=117 (g=459,e=3,s=5) state_time=13309.2s best_idx=39 sims=261496 N=71 K=71 eta=18218.2s
[start 163/200] thread=14 global_idx=162 (g=2440,e=2,s=5) elapsed=41513.5s
[done 140/200] thread=4 global_idx=160 (g=232,e=1,s=13) state_time=2008.2s best_idx=7 sims=25337 N=59 K=59 eta=18057.8s
[start 164/200] thread=4 global_idx=163 (g=1624,e=6,s=15) elapsed=42134.8s
[done 141/200] thread=4 global_idx=163 (g=1624,e=6,s=15) state_time=22.6s best_idx=2 sims=491 N=91 K=91 eta=17640.3s
[start 165/200] thread=4 global_idx=164 (g=9851,e=7,s=8) elapsed=42157.4s
[done 142/200] thread=11 global_idx=105 (g=4837,e=7,s=2) state_time=17223.5s best_idx=46 sims=344457 N=49 K=49 eta=17275.9s
[start 166/200] thread=11 global_idx=165 (g=9879,e=2,s=15) elapsed=42296.1s
[done 143/200] thread=11 global_idx=165 (g=9879,e=2,s=15) state_time=28.7s best_idx=0 sims=517 N=117 K=117 eta=16870.7s
[start 167/200] thread=11 global_idx=166 (g=9832,e=1,s=9) elapsed=42324.8s
[done 144/200] thread=21 global_idx=137 (g=4892,e=6,s=10) state_time=8501.2s best_idx=74 sims=128444 N=101 K=101 eta=16497.6s
[start 168/200] thread=21 global_idx=167 (g=4221,e=2,s=14) elapsed=42422.5s
[done 145/200] thread=16 global_idx=114 (g=1123,e=4,s=3) state_time=15434.3s best_idx=43 sims=313157 N=55 K=55 eta=16234.3s
[start 169/200] thread=16 global_idx=168 (g=1999,e=2,s=5) elapsed=42799.4s
[done 146/200] thread=8 global_idx=149 (g=2788,e=5,s=13) state_time=5990.1s best_idx=77 sims=61596 N=139 K=139 eta=16027.4s
[start 170/200] thread=8 global_idx=169 (g=99,e=4,s=13) elapsed=43333.4s
[done 147/200] thread=13 global_idx=143 (g=4526,e=5,s=9) state_time=7940.2s best_idx=0 sims=144461 N=65 K=65 eta=15777.9s
[start 171/200] thread=13 global_idx=170 (g=964,e=0,s=8) elapsed=43761.4s
[done 148/200] thread=21 global_idx=167 (g=4221,e=2,s=14) state_time=1812.1s best_idx=5 sims=17434 N=145 K=145 eta=15541.9s
[start 172/200] thread=21 global_idx=171 (g=6357,e=7,s=5) elapsed=44234.6s
[done 149/200] thread=8 global_idx=169 (g=99,e=4,s=13) state_time=1336.9s best_idx=49 sims=18403 N=57 K=57 eta=15289.8s
[start 173/200] thread=8 global_idx=172 (g=632,e=7,s=12) elapsed=44670.3s
[done 150/200] thread=1 global_idx=156 (g=8462,e=7,s=13) state_time=4896.0s best_idx=63 sims=52810 N=115 K=115 eta=14909.3s
[start 174/200] thread=1 global_idx=173 (g=3130,e=2,s=11) elapsed=44727.9s
[done 151/200] thread=0 global_idx=123 (g=8703,e=4,s=3) state_time=14663.4s best_idx=39 sims=315064 N=49 K=49 eta=14579.3s
[start 175/200] thread=0 global_idx=174 (g=2941,e=4,s=13) elapsed=44928.0s
[done 152/200] thread=6 global_idx=126 (g=4651,e=6,s=5) state_time=14050.8s best_idx=0 sims=263495 N=71 K=71 eta=14196.1s
[start 176/200] thread=6 global_idx=175 (g=6374,e=0,s=11) elapsed=44954.5s
[done 153/200] thread=18 global_idx=139 (g=2084,e=7,s=10) state_time=10129.5s best_idx=93 sims=142790 N=113 K=113 eta=13853.1s
[start 177/200] thread=18 global_idx=176 (g=156,e=7,s=14) elapsed=45096.2s
[done 154/200] thread=19 global_idx=152 (g=2081,e=5,s=9) state_time=7260.3s best_idx=44 sims=141713 N=53 K=53 eta=13506.3s
[start 178/200] thread=19 global_idx=177 (g=1570,e=1,s=4) elapsed=45216.9s
[done 155/200] thread=10 global_idx=148 (g=4159,e=5,s=11) state_time=8338.3s best_idx=60 sims=105965 N=103 K=103 eta=13256.2s
[start 179/200] thread=10 global_idx=178 (g=7117,e=6,s=12) elapsed=45660.4s
[done 156/200] thread=12 global_idx=161 (g=3968,e=6,s=10) state_time=5301.7s best_idx=29 sims=107436 N=49 K=49 eta=13055.8s
[start 180/200] thread=12 global_idx=179 (g=6164,e=7,s=6) elapsed=46288.6s
[done 157/200] thread=18 global_idx=176 (g=156,e=7,s=14) state_time=1785.3s best_idx=58 sims=18199 N=145 K=145 eta=12840.2s
[start 181/200] thread=18 global_idx=180 (g=4376,e=5,s=5) elapsed=46881.6s
[done 158/200] thread=9 global_idx=155 (g=477,e=2,s=10) state_time=7527.6s best_idx=43 sims=126489 N=81 K=81 eta=12550.1s
[start 182/200] thread=9 global_idx=181 (g=4444,e=0,s=12) elapsed=47212.5s
[done 159/200] thread=20 global_idx=157 (g=3186,e=1,s=11) state_time=7474.1s best_idx=58 sims=100944 N=119 K=119 eta=12232.5s
[start 183/200] thread=20 global_idx=182 (g=5083,e=5,s=6) elapsed=47438.3s
[done 160/200] thread=2 global_idx=135 (g=6520,e=1,s=5) state_time=14845.4s best_idx=50 sims=265537 N=75 K=75 eta=11951.2s
[start 184/200] thread=2 global_idx=183 (g=894,e=4,s=13) elapsed=47804.7s
[done 161/200] thread=5 global_idx=132 (g=9260,e=7,s=2) state_time=16546.7s best_idx=46 sims=343349 N=49 K=49 eta=11685.9s
[start 185/200] thread=5 global_idx=184 (g=8445,e=1,s=11) elapsed=48241.7s
[done 162/200] thread=10 global_idx=178 (g=7117,e=6,s=12) state_time=2984.2s best_idx=3 sims=51135 N=49 K=49 eta=11410.5s
[start 186/200] thread=10 global_idx=185 (g=7871,e=7,s=15) elapsed=48644.6s
[done 163/200] thread=10 global_idx=185 (g=7871,e=7,s=15) state_time=40.5s best_idx=59 sims=551 N=151 K=151 eta=11051.2s
[start 187/200] thread=10 global_idx=186 (g=8198,e=0,s=4) elapsed=48685.1s
[done 164/200] thread=8 global_idx=172 (g=632,e=7,s=12) state_time=4261.2s best_idx=56 sims=64288 N=81 K=81 eta=10741.1s
[start 188/200] thread=8 global_idx=187 (g=6829,e=6,s=13) elapsed=48931.5s
[done 165/200] thread=3 global_idx=146 (g=5259,e=3,s=8) state_time=12367.4s best_idx=83 sims=193608 N=97 K=97 eta=10539.3s
[start 189/200] thread=3 global_idx=188 (g=4702,e=2,s=8) elapsed=49685.4s
[done 166/200] thread=17 global_idx=141 (g=5272,e=2,s=4) state_time=14315.5s best_idx=40 sims=287041 N=53 K=53 eta=10188.0s
[start 190/200] thread=17 global_idx=189 (g=4058,e=3,s=5) elapsed=49741.2s
[done 167/200] thread=0 global_idx=174 (g=2941,e=4,s=13) state_time=5299.7s best_idx=111 sims=57957 N=125 K=125 eta=9925.2s
[start 191/200] thread=0 global_idx=190 (g=7591,e=4,s=13) elapsed=50227.8s
[done 168/200] thread=8 global_idx=187 (g=6829,e=6,s=13) state_time=1427.0s best_idx=45 sims=19437 N=53 K=53 eta=9592.1s
[start 192/200] thread=8 global_idx=191 (g=1445,e=7,s=8) elapsed=50358.5s
[done 169/200] thread=23 global_idx=144 (g=6392,e=2,s=5) state_time=14733.8s best_idx=57 sims=265263 N=75 K=75 eta=9309.2s
[start 193/200] thread=23 global_idx=192 (g=5373,e=5,s=13) elapsed=50750.4s
[done 170/200] thread=9 global_idx=181 (g=4444,e=0,s=12) state_time=4186.7s best_idx=7 sims=63983 N=75 K=75 eta=9070.4s
[start 194/200] thread=9 global_idx=193 (g=5423,e=3,s=9) elapsed=51399.1s
[done 171/200] thread=1 global_idx=173 (g=3130,e=2,s=11) state_time=6782.0s best_idx=6 sims=99713 N=91 K=91 eta=8735.6s
[start 195/200] thread=1 global_idx=194 (g=1644,e=5,s=15) elapsed=51509.9s
[done 172/200] thread=1 global_idx=194 (g=1644,e=5,s=15) state_time=33.6s best_idx=87 sims=535 N=135 K=135 eta=8390.8s
[start 196/200] thread=1 global_idx=195 (g=6839,e=5,s=3) elapsed=51543.5s
[done 173/200] thread=2 global_idx=183 (g=894,e=4,s=13) state_time=3825.6s best_idx=58 sims=44328 N=105 K=105 eta=8057.9s
[start 197/200] thread=2 global_idx=196 (g=1063,e=2,s=15) elapsed=51630.3s
[done 174/200] thread=2 global_idx=196 (g=1063,e=2,s=15) state_time=15.4s best_idx=34 sims=455 N=55 K=55 eta=7717.2s
[start 198/200] thread=2 global_idx=197 (g=3774,e=5,s=6) elapsed=51645.7s
[done 175/200] thread=6 global_idx=175 (g=6374,e=0,s=11) state_time=6997.0s best_idx=46 sims=101484 N=113 K=113 eta=7421.6s
[start 199/200] thread=6 global_idx=198 (g=7844,e=2,s=5) elapsed=51951.5s
[done 176/200] thread=15 global_idx=150 (g=4360,e=7,s=4) state_time=14668.7s best_idx=49 sims=288713 N=59 K=59 eta=7106.8s
[start 200/200] thread=15 global_idx=199 (g=5770,e=5,s=13) elapsed=52116.6s
[done 177/200] thread=13 global_idx=170 (g=964,e=0,s=8) state_time=9069.3s best_idx=7 sims=173013 N=63 K=63 eta=6865.0s
[done 178/200] thread=4 global_idx=164 (g=9851,e=7,s=8) state_time=10687.9s best_idx=61 sims=180836 N=81 K=81 eta=6531.5s
[done 179/200] thread=7 global_idx=153 (g=1265,e=4,s=5) state_time=13473.7s best_idx=39 sims=263161 N=71 K=71 eta=6211.0s
[done 180/200] thread=11 global_idx=166 (g=9832,e=1,s=9) state_time=10888.5s best_idx=6 sims=162552 N=103 K=103 eta=5912.6s
[done 181/200] thread=0 global_idx=190 (g=7591,e=4,s=13) state_time=3537.1s best_idx=1 sims=43023 N=97 K=97 eta=5643.8s
[done 182/200] thread=16 global_idx=168 (g=1999,e=2,s=5) state_time=11428.6s best_idx=24 sims=251339 N=53 K=53 eta=5363.2s
[done 183/200] thread=15 global_idx=199 (g=5770,e=5,s=13) state_time=2759.3s best_idx=44 sims=37238 N=91 K=91 eta=5097.8s
[done 184/200] thread=23 global_idx=192 (g=5373,e=5,s=13) state_time=4136.6s best_idx=43 sims=48880 N=107 K=107 eta=4772.8s
[done 185/200] thread=5 global_idx=184 (g=8445,e=1,s=11) state_time=6804.0s best_idx=85 sims=110217 N=103 K=103 eta=4463.2s
[done 186/200] thread=14 global_idx=162 (g=2440,e=2,s=5) state_time=13573.4s best_idx=30 sims=262780 N=71 K=71 eta=4146.3s
[done 187/200] thread=22 global_idx=159 (g=966,e=6,s=3) state_time=15106.2s best_idx=19 sims=316047 N=55 K=55 eta=3837.8s
[done 188/200] thread=12 global_idx=179 (g=6164,e=7,s=6) state_time=10024.4s best_idx=0 sims=228334 N=49 K=49 eta=3594.4s
[done 189/200] thread=3 global_idx=188 (g=4702,e=2,s=8) state_time=7711.6s best_idx=1 sims=168650 N=49 K=49 eta=3340.6s
[done 190/200] thread=21 global_idx=171 (g=6357,e=7,s=5) state_time=13204.3s best_idx=28 sims=266671 N=75 K=75 eta=3023.1s
[done 191/200] thread=8 global_idx=191 (g=1445,e=7,s=8) state_time=7714.7s best_idx=2 sims=177459 N=65 K=65 eta=2736.4s
[done 192/200] thread=19 global_idx=177 (g=1570,e=1,s=4) state_time=12969.3s best_idx=0 sims=286998 N=49 K=49 eta=2424.4s
[done 193/200] thread=18 global_idx=180 (g=4376,e=5,s=5) state_time=11768.4s best_idx=48 sims=265826 N=75 K=75 eta=2127.2s
[done 194/200] thread=9 global_idx=193 (g=5423,e=3,s=9) state_time=7931.7s best_idx=11 sims=161968 N=103 K=103 eta=1835.0s
[done 195/200] thread=20 global_idx=182 (g=5083,e=5,s=6) state_time=11940.9s best_idx=63 sims=243305 N=81 K=81 eta=1522.5s
[done 196/200] thread=10 global_idx=186 (g=8198,e=0,s=4) state_time=12115.9s best_idx=29 sims=290489 N=59 K=59 eta=1240.8s
[done 197/200] thread=2 global_idx=197 (g=3774,e=5,s=6) state_time=9323.5s best_idx=3 sims=234460 N=65 K=65 eta=928.5s
[done 198/200] thread=17 global_idx=189 (g=4058,e=3,s=5) state_time=11363.7s best_idx=59 sims=265158 N=71 K=71 eta=617.2s
[done 199/200] thread=6 global_idx=198 (g=7844,e=2,s=5) state_time=10542.2s best_idx=45 sims=263417 N=71 K=71 eta=314.0s
[done 200/200] thread=1 global_idx=195 (g=6839,e=5,s=3) state_time=11310.5s best_idx=21 sims=314212 N=55 K=55 eta=0.0s

=== Arm done: 200 states in 62853.9s ===
  [csv] wrote 200 records to reinvest_experiment/sweepN/P400/A1N/seed_46/reinvest_results_idx0.csv

=== Summary (A1N) ===
  valid cases        = 200 / 200
  avg actual_sims    = 122054  (min=443, max=345398)
  avg time           = 6839.39s
