Running Reinvestment arm...

=== Reinvestment Arm: A9 (ClusterValue, depth 3) ===
  method             = ClusterValue
  depth              = 3
  playouts (P)       = 200
  rollouts/visit (R) = 10
  retention_rate     = 0.2
  ucb_c              = 1.41
  epsilon            = 0.3
  risk_lambda        = 0
  n_states           = 200
  num_threads        = 18
  seed               = 42
  start_index        = 50
  max_positions      = 150
  load_positions_dir = test_positions200
  output_dir         = reinvest_experiment/run200/A9/seed_42
  [loader] 1 batch files in test_positions200
  [loader] loaded 200 positions
  Sampled 200 / 200 positions (seed=42)
  Sliced to [50, 200) = 150 positions
Finding Shot...
Finding Shot...
Finding Shot...
Finding Shot...
Finding Shot...
Finding Shot...
Finding Shot...
Finding Shot...
Finding Shot...
Finding Shot...
Finding Shot...
Finding Shot...
Finding Shot...
Finding Shot...
Finding Shot...
Finding Shot...
Finding Shot...
Finding Shot...
Finding Shot...
Finding Shot...
Finding Shot...
Finding Shot...
Finding Shot...
Finding Shot...
Finding Shot...
Finding Shot...
Finding Shot...
Finding Shot...
Finding Shot...
Finding Shot...
Finding Shot...
Finding Shot...
Finding Shot...
Finding Shot...
Finding Shot...
Finding Shot...
Finding Shot...
Finding Shot...
Finding Shot...
Finding Shot...
Finding Shot...
Finding Shot...
Finding Shot...
Finding Shot...
Finding Shot...
Finding Shot...
Finding Shot...
Finding Shot...
Finding Shot...
Finding Shot...
Finding Shot...
Finding Shot...
Finding Shot...
Finding Shot...
Finding Shot...
Finding Shot...
Finding Shot...
Finding Shot...
Finding Shot...
Finding Shot...
Finding Shot...
Finding Shot...
Finding Shot...
Finding Shot...
Finding Shot...
Finding Shot...
Finding Shot...
Finding Shot...
Finding Shot...
Finding Shot...
Finding Shot...
Finding Shot...
Finding Shot...
Finding Shot...
Finding Shot...
Finding Shot...
Finding Shot...
Finding Shot...
Finding Shot...
Finding Shot...
Finding Shot...
Finding Shot...
Finding Shot...
Finding Shot...
Finding Shot...
Finding Shot...
Finding Shot...
Finding Shot...
Finding Shot...
Finding Shot...
Finding Shot...
Finding Shot...
Finding Shot...
Finding Shot...
Finding Shot...
Finding Shot...
Finding Shot...
Finding Shot...
Finding Shot...
Finding Shot...
Finding Shot...
Finding Shot...
Finding Shot...
Finding Shot...
Finding Shot...
Finding Shot...
Finding Shot...
Finding Shot...
Finding Shot...
Finding Shot...
Finding Shot...
Finding Shot...
Finding Shot...
Finding Shot...
Finding Shot...
Finding Shot...
Finding Shot...
Finding Shot...
Finding Shot...
Finding Shot...
Finding Shot...
Finding Shot...
[start 1/150] thread=3 global_idx=50 (g=5392,e=3,s=13) elapsed=1.4s
Finding Shot...
Finding Shot...
Finding Shot...
Finding Shot...
Finding Shot...
Finding Shot...
Finding Shot...
Finding Shot...
Finding Shot...
Finding Shot...
Finding Shot...
Finding Shot...
Finding Shot...
Finding Shot...
Finding Shot...
Finding Shot...
Finding Shot...
Finding Shot...
Finding Shot...
Finding Shot...
Finding Shot...
Finding Shot...
Finding Shot...
Finding Shot...
Finding Shot...
Finding Shot...
Finding Shot...
Finding Shot...
Finding Shot...
Finding Shot...
Finding Shot...
Finding Shot...
Finding Shot...
Finding Shot...
Finding Shot...
Finding Shot...
Finding Shot...
Finding Shot...
Finding Shot...
Finding Shot...
Finding Shot...
Finding Shot...
Finding Shot...
Finding Shot...
Finding Shot...
Finding Shot...
Finding Shot...
Finding Shot...
Finding Shot...
Finding Shot...
Finding Shot...
Finding Shot...
Finding Shot...
Finding Shot...
Finding Shot...
Finding Shot...
Finding Shot...
Finding Shot...
Finding Shot...
Finding Shot...
Finding Shot...
Finding Shot...
Finding Shot...
Finding Shot...
Finding Shot...
Finding Shot...
Finding Shot...
Finding Shot...
Finding Shot...
Finding Shot...
Finding Shot...
Finding Shot...
Finding Shot...
Finding Shot...
Finding Shot...
Finding Shot...
Finding Shot...
Finding Shot...
Finding Shot...
Finding Shot...
Finding Shot...
Finding Shot...
Finding Shot...
Finding Shot...
Finding Shot...
Finding Shot...
Finding Shot...
Finding Shot...
Finding Shot...
Finding Shot...
Finding Shot...
Finding Shot...
Finding Shot...
Finding Shot...
Finding Shot...
Finding Shot...
Finding Shot...
Finding Shot...
Finding Shot...
Finding Shot...
Finding Shot...
Finding Shot...
Finding Shot...
Finding Shot...
Finding Shot...
Finding Shot...
Finding Shot...
Finding Shot...
Finding Shot...
Finding Shot...
Finding Shot...
Finding Shot...
Finding Shot...
Finding Shot...
Finding Shot...
Finding Shot...
Finding Shot...
Finding Shot...
Finding Shot...
Finding Shot...
Finding Shot...
Finding Shot...
Finding Shot...
Finding Shot...
Finding Shot...
Finding Shot...
Finding Shot...
Finding Shot...
Finding Shot...
Finding Shot...
Finding Shot...
Finding Shot...
Finding Shot...
Finding Shot...
Finding Shot...
Finding Shot...
Finding Shot...
Finding Shot...
Finding Shot...
Finding Shot...
Finding Shot...
Finding Shot...
Finding Shot...
Finding Shot...
Finding Shot...
Finding Shot...
Finding Shot...
Finding Shot...
Finding Shot...
[start 2/150] thread=13 global_idx=51 (g=4262,e=4,s=2) elapsed=1.7s
[start 3/150] thread=4 global_idx=52 (g=6230,e=1,s=12) elapsed=1.7s
Finding Shot...
Finding Shot...
Finding Shot...
Finding Shot...
Finding Shot...
Finding Shot...
Finding Shot...
Finding Shot...
Finding Shot...
Finding Shot...
Finding Shot...
Finding Shot...
Finding Shot...
Finding Shot...
Finding Shot...
[start 4/150] thread=6 global_idx=53 (g=3543,e=4,s=7) elapsed=1.8s
[start 5/150] thread=14 global_idx=54 (g=1784,e=6,s=5) elapsed=1.8s
[start 6/150] thread=0 global_idx=55 (g=4905,e=4,s=14) elapsed=1.8s
[start 7/150] thread=12 global_idx=56 (g=3837,e=2,s=10) elapsed=1.8s
[start 8/150] thread=8 global_idx=57 (g=2854,e=0,s=15) elapsed=1.8s
Finding Shot...
[start 9/150] thread=5 global_idx=58 (g=1221,e=1,s=10) elapsed=1.8s
[start 10/150] thread=1 global_idx=59 (g=7301,e=6,s=14) elapsed=1.8s
[start 11/150] thread=16 global_idx=60 (g=5248,e=0,s=3) elapsed=1.8s
Finding Shot...
[start 12/150] thread=15 global_idx=61 (g=2545,e=3,s=15) elapsed=1.8s
[start 13/150] thread=17 global_idx=62 (g=6335,e=1,s=11) elapsed=1.8s
[start 14/150] thread=10 global_idx=63 (g=8275,e=4,s=5) elapsed=1.8s
[start 15/150] thread=9 global_idx=64 (g=963,e=5,s=13) elapsed=1.8s
[start 16/150] thread=11 global_idx=65 (g=176,e=5,s=11) elapsed=1.8s
[start 17/150] thread=2 global_idx=66 (g=2199,e=1,s=13) elapsed=1.8s
[start 18/150] thread=7 global_idx=67 (g=8298,e=3,s=11) elapsed=1.8s
[done 1/150] thread=15 global_idx=61 (g=2545,e=3,s=15) state_time=5.7s best_idx=0 sims=61 N=61 K=4 eta=1125.9s
[start 19/150] thread=15 global_idx=68 (g=6729,e=2,s=14) elapsed=7.6s
[done 2/150] thread=8 global_idx=57 (g=2854,e=0,s=15) state_time=11.7s best_idx=57 sims=103 N=103 K=4 eta=996.5s
[start 20/150] thread=8 global_idx=69 (g=8119,e=5,s=4) elapsed=13.5s
[done 3/150] thread=0 global_idx=55 (g=4905,e=4,s=14) state_time=199.4s best_idx=11 sims=2771 N=101 K=4 eta=9860.2s
[start 21/150] thread=0 global_idx=70 (g=8189,e=0,s=14) elapsed=201.2s
[done 4/150] thread=0 global_idx=70 (g=8189,e=0,s=14) state_time=100.8s best_idx=7 sims=1498 N=55 K=4 eta=11024.7s
[start 22/150] thread=0 global_idx=71 (g=9791,e=0,s=8) elapsed=302.0s
[done 5/150] thread=15 global_idx=68 (g=6729,e=2,s=14) state_time=316.1s best_idx=0 sims=3639 N=135 K=4 eta=9384.9s
[start 23/150] thread=15 global_idx=72 (g=5487,e=5,s=5) elapsed=323.6s
[done 6/150] thread=1 global_idx=59 (g=7301,e=6,s=14) state_time=355.3s best_idx=0 sims=3808 N=145 K=4 eta=8570.1s
[start 24/150] thread=1 global_idx=73 (g=4950,e=0,s=15) elapsed=357.1s
[done 7/150] thread=1 global_idx=73 (g=4950,e=0,s=15) state_time=7.3s best_idx=35 sims=71 N=71 K=4 eta=7444.5s
[start 25/150] thread=1 global_idx=74 (g=9143,e=3,s=7) elapsed=364.4s
[done 8/150] thread=9 global_idx=64 (g=963,e=5,s=13) state_time=827.2s best_idx=45 sims=9566 N=89 K=4 eta=14715.6s
[start 26/150] thread=9 global_idx=75 (g=4517,e=4,s=13) elapsed=829.0s
[done 9/150] thread=2 global_idx=66 (g=2199,e=1,s=13) state_time=1134.7s best_idx=76 sims=11945 N=119 K=4 eta=17805.4s
[start 27/150] thread=2 global_idx=76 (g=2994,e=5,s=10) elapsed=1136.5s
[done 10/150] thread=4 global_idx=52 (g=6230,e=1,s=12) state_time=1314.4s best_idx=34 sims=21097 N=49 K=4 eta=18426.4s
[start 28/150] thread=4 global_idx=77 (g=961,e=6,s=13) elapsed=1316.2s
[done 11/150] thread=3 global_idx=50 (g=5392,e=3,s=13) state_time=1774.9s best_idx=88 sims=17103 N=135 K=4 eta=22445.7s
[start 29/150] thread=3 global_idx=78 (g=1566,e=1,s=3) elapsed=1776.3s
[done 12/150] thread=9 global_idx=75 (g=4517,e=4,s=13) state_time=1341.2s best_idx=77 sims=14110 N=123 K=4 eta=24958.0s
[start 30/150] thread=9 global_idx=79 (g=1686,e=6,s=15) elapsed=2170.3s
[done 13/150] thread=9 global_idx=79 (g=1686,e=6,s=15) state_time=4.8s best_idx=0 sims=49 N=49 K=4 eta=22921.8s
[start 31/150] thread=9 global_idx=80 (g=1201,e=0,s=6) elapsed=2175.1s
[done 14/150] thread=17 global_idx=62 (g=6335,e=1,s=11) state_time=2298.9s best_idx=37 sims=36891 N=53 K=4 eta=22349.7s
[start 32/150] thread=17 global_idx=81 (g=5494,e=4,s=5) elapsed=2300.7s
[done 15/150] thread=4 global_idx=77 (g=961,e=6,s=13) state_time=1549.3s best_idx=89 sims=15446 N=139 K=4 eta=25789.1s
[start 33/150] thread=4 global_idx=82 (g=2492,e=4,s=15) elapsed=2865.5s
[done 16/150] thread=4 global_idx=82 (g=2492,e=4,s=15) state_time=8.1s best_idx=2 sims=75 N=75 K=4 eta=24066.2s
[start 34/150] thread=4 global_idx=83 (g=8959,e=1,s=11) elapsed=2873.6s
[done 17/150] thread=11 global_idx=65 (g=176,e=5,s=11) state_time=3130.8s best_idx=55 sims=43948 N=97 K=4 eta=24507.9s
[start 35/150] thread=11 global_idx=84 (g=1671,e=0,s=15) elapsed=3132.6s
[done 18/150] thread=11 global_idx=84 (g=1671,e=0,s=15) state_time=14.4s best_idx=76 sims=117 N=117 K=4 eta=23077.8s
[start 36/150] thread=11 global_idx=85 (g=1385,e=7,s=11) elapsed=3147.0s
[done 19/150] thread=7 global_idx=67 (g=8298,e=3,s=11) state_time=3352.2s best_idx=35 sims=46246 N=119 K=4 eta=23125.4s
[start 37/150] thread=7 global_idx=86 (g=6872,e=1,s=14) elapsed=3354.1s
[done 20/150] thread=12 global_idx=56 (g=3837,e=2,s=10) state_time=3621.5s best_idx=38 sims=55800 N=71 K=4 eta=23551.2s
[start 38/150] thread=12 global_idx=87 (g=8785,e=1,s=4) elapsed=3623.3s
[done 21/150] thread=7 global_idx=86 (g=6872,e=1,s=14) state_time=331.5s best_idx=85 sims=3766 N=135 K=4 eta=22639.7s
[start 39/150] thread=7 global_idx=88 (g=1835,e=0,s=15) elapsed=3685.5s
[done 22/150] thread=7 global_idx=88 (g=1835,e=0,s=15) state_time=6.3s best_idx=55 sims=69 N=69 K=4 eta=21479.9s
[start 40/150] thread=7 global_idx=89 (g=6216,e=7,s=8) elapsed=3691.9s
[done 23/150] thread=5 global_idx=58 (g=1221,e=1,s=10) state_time=4591.4s best_idx=44 sims=63812 N=113 K=4 eta=25362.3s
[start 41/150] thread=5 global_idx=90 (g=8471,e=6,s=5) elapsed=4593.2s
[done 24/150] thread=0 global_idx=71 (g=9791,e=0,s=8) state_time=5237.3s best_idx=38 sims=85506 N=55 K=4 eta=29081.7s
[start 42/150] thread=0 global_idx=91 (g=256,e=3,s=12) elapsed=5539.4s
[done 25/150] thread=2 global_idx=76 (g=2994,e=5,s=10) state_time=4610.8s best_idx=44 sims=64068 N=113 K=4 eta=28736.8s
[start 43/150] thread=2 global_idx=92 (g=5778,e=2,s=9) elapsed=5747.4s
[done 26/150] thread=4 global_idx=83 (g=8959,e=1,s=11) state_time=2875.0s best_idx=46 sims=42665 N=97 K=4 eta=27416.3s
[start 44/150] thread=4 global_idx=93 (g=6320,e=4,s=15) elapsed=5748.6s
[done 27/150] thread=4 global_idx=93 (g=6320,e=4,s=15) state_time=11.0s best_idx=64 sims=103 N=103 K=4 eta=26238.1s
[start 45/150] thread=4 global_idx=94 (g=1638,e=4,s=11) elapsed=5759.6s
[done 28/150] thread=6 global_idx=53 (g=3543,e=4,s=7) state_time=6058.8s best_idx=15 sims=99645 N=55 K=4 eta=26407.0s
[start 46/150] thread=6 global_idx=95 (g=2310,e=6,s=15) elapsed=6060.6s
[done 29/150] thread=6 global_idx=95 (g=2310,e=6,s=15) state_time=16.3s best_idx=55 sims=135 N=135 K=4 eta=25355.3s
[start 47/150] thread=6 global_idx=96 (g=7921,e=5,s=4) elapsed=6076.9s
[done 30/150] thread=11 global_idx=85 (g=1385,e=7,s=11) state_time=3395.2s best_idx=55 sims=46646 N=103 K=4 eta=26168.8s
[start 48/150] thread=11 global_idx=97 (g=1361,e=1,s=12) elapsed=6542.2s
[done 31/150] thread=0 global_idx=91 (g=256,e=3,s=12) state_time=1735.7s best_idx=50 sims=24229 N=77 K=4 eta=27926.8s
[start 49/150] thread=0 global_idx=98 (g=5041,e=1,s=8) elapsed=7275.0s
[done 32/150] thread=1 global_idx=74 (g=9143,e=3,s=7) state_time=6930.8s best_idx=35 sims=107404 N=81 K=4 eta=26901.2s
[start 50/150] thread=1 global_idx=99 (g=5033,e=7,s=5) elapsed=7295.2s
[done 33/150] thread=11 global_idx=97 (g=1361,e=1,s=12) state_time=1437.6s best_idx=46 sims=21925 N=59 K=4 eta=28292.0s
[start 51/150] thread=11 global_idx=100 (g=5022,e=1,s=15) elapsed=7979.8s
[done 34/150] thread=11 global_idx=100 (g=5022,e=1,s=15) state_time=10.6s best_idx=7 sims=89 N=89 K=4 eta=27261.2s
[start 52/150] thread=11 global_idx=101 (g=9907,e=7,s=9) elapsed=7990.4s
[done 35/150] thread=10 global_idx=63 (g=8275,e=4,s=5) state_time=8705.7s best_idx=45 sims=137237 N=71 K=4 eta=28610.2s
[start 53/150] thread=10 global_idx=102 (g=8627,e=2,s=12) elapsed=8707.5s
[done 36/150] thread=14 global_idx=54 (g=1784,e=6,s=5) state_time=8800.8s best_idx=11 sims=136601 N=71 K=4 eta=27874.9s
[start 54/150] thread=14 global_idx=103 (g=1641,e=6,s=10) elapsed=8802.6s
[done 37/150] thread=7 global_idx=89 (g=6216,e=7,s=8) state_time=5170.3s best_idx=2 sims=86288 N=55 K=4 eta=27065.6s
[start 55/150] thread=7 global_idx=104 (g=7249,e=2,s=15) elapsed=8862.2s
[done 38/150] thread=7 global_idx=104 (g=7249,e=2,s=15) state_time=13.8s best_idx=0 sims=139 N=139 K=4 eta=26160.7s
[start 56/150] thread=7 global_idx=105 (g=4837,e=7,s=2) elapsed=8875.9s
[done 39/150] thread=4 global_idx=94 (g=1638,e=4,s=11) state_time=3224.3s best_idx=69 sims=45524 N=103 K=4 eta=25569.6s
[start 57/150] thread=4 global_idx=106 (g=1039,e=2,s=15) elapsed=8983.9s
[done 40/150] thread=4 global_idx=106 (g=1039,e=2,s=15) state_time=4.3s best_idx=3 sims=43 N=43 K=4 eta=24717.5s
[start 58/150] thread=4 global_idx=107 (g=7846,e=3,s=10) elapsed=8988.2s
[done 41/150] thread=9 global_idx=80 (g=1201,e=0,s=6) state_time=6989.9s best_idx=7 sims=116993 N=53 K=4 eta=24365.3s
[start 59/150] thread=9 global_idx=108 (g=5246,e=2,s=5) elapsed=9164.9s
[done 42/150] thread=15 global_idx=72 (g=5487,e=5,s=5) state_time=8847.5s best_idx=0 sims=136610 N=71 K=4 eta=23582.8s
[start 60/150] thread=15 global_idx=109 (g=4166,e=2,s=12) elapsed=9171.1s
[done 43/150] thread=8 global_idx=69 (g=8119,e=5,s=4) state_time=9526.0s best_idx=10 sims=152023 N=65 K=4 eta=23737.7s
[start 61/150] thread=8 global_idx=110 (g=6533,e=4,s=6) elapsed=9539.4s
[done 44/150] thread=16 global_idx=60 (g=5248,e=0,s=3) state_time=9876.9s best_idx=17 sims=162675 N=49 K=4 eta=23798.7s
[start 62/150] thread=16 global_idx=111 (g=5721,e=0,s=12) elapsed=9878.7s
[done 45/150] thread=15 global_idx=109 (g=4166,e=2,s=12) state_time=1510.9s best_idx=49 sims=22721 N=75 K=4 eta=24924.7s
[start 63/150] thread=15 global_idx=112 (g=4463,e=7,s=9) elapsed=10682.0s
[done 46/150] thread=13 global_idx=51 (g=4262,e=4,s=2) state_time=10925.6s best_idx=36 sims=178331 N=49 K=4 eta=24705.4s
[start 64/150] thread=13 global_idx=113 (g=5606,e=2,s=14) elapsed=10927.4s
[done 47/150] thread=2 global_idx=92 (g=5778,e=2,s=9) state_time=5384.2s best_idx=70 sims=76776 N=97 K=4 eta=24394.7s
[start 65/150] thread=2 global_idx=114 (g=1123,e=4,s=3) elapsed=11131.6s
[done 48/150] thread=13 global_idx=113 (g=5606,e=2,s=14) state_time=326.1s best_idx=76 sims=3694 N=139 K=4 eta=23913.7s
[start 66/150] thread=13 global_idx=115 (g=8113,e=3,s=15) elapsed=11253.5s
[done 49/150] thread=13 global_idx=115 (g=8113,e=3,s=15) state_time=6.7s best_idx=0 sims=69 N=69 K=4 eta=23209.8s
[start 67/150] thread=13 global_idx=116 (g=716,e=6,s=7) elapsed=11260.2s
[done 50/150] thread=10 global_idx=102 (g=8627,e=2,s=12) state_time=2559.6s best_idx=89 sims=30607 N=103 K=4 eta=22534.1s
[start 68/150] thread=10 global_idx=117 (g=459,e=3,s=5) elapsed=11267.1s
[done 51/150] thread=17 global_idx=81 (g=5494,e=4,s=5) state_time=9028.7s best_idx=74 sims=139527 N=75 K=4 eta=21992.3s
[start 69/150] thread=17 global_idx=118 (g=9287,e=7,s=12) elapsed=11329.4s
[done 52/150] thread=3 global_idx=78 (g=1566,e=1,s=3) state_time=10363.8s best_idx=45 sims=165182 N=59 K=4 eta=22879.4s
[start 70/150] thread=3 global_idx=119 (g=5647,e=1,s=10) elapsed=12140.1s
[done 53/150] thread=4 global_idx=107 (g=7846,e=3,s=10) state_time=3189.6s best_idx=48 sims=53030 N=65 K=4 eta=22287.6s
[start 71/150] thread=4 global_idx=120 (g=4562,e=4,s=13) elapsed=12177.8s
[done 54/150] thread=0 global_idx=98 (g=5041,e=1,s=8) state_time=5146.3s best_idx=52 sims=85373 N=55 K=4 eta=22082.3s
[start 72/150] thread=0 global_idx=121 (g=6201,e=5,s=11) elapsed=12421.3s
[done 55/150] thread=11 global_idx=101 (g=9907,e=7,s=9) state_time=4465.9s best_idx=46 sims=71640 N=65 K=4 eta=21515.3s
[start 73/150] thread=11 global_idx=122 (g=9166,e=3,s=14) elapsed=12456.2s
[done 56/150] thread=12 global_idx=87 (g=8785,e=1,s=4) state_time=8955.4s best_idx=33 sims=146332 N=49 K=4 eta=21114.3s
[start 74/150] thread=12 global_idx=123 (g=8703,e=4,s=3) elapsed=12578.7s
[done 57/150] thread=16 global_idx=111 (g=5721,e=0,s=12) state_time=2843.1s best_idx=0 sims=33545 N=123 K=4 eta=20756.7s
[start 75/150] thread=16 global_idx=124 (g=1616,e=0,s=14) elapsed=12721.9s
[done 58/150] thread=17 global_idx=118 (g=9287,e=7,s=12) state_time=1450.9s best_idx=38 sims=22025 N=65 K=4 eta=20272.1s
[start 76/150] thread=17 global_idx=125 (g=5809,e=3,s=9) elapsed=12780.3s
[done 59/150] thread=11 global_idx=122 (g=9166,e=3,s=14) state_time=345.7s best_idx=55 sims=3698 N=139 K=4 eta=19745.3s
[start 77/150] thread=11 global_idx=126 (g=4651,e=6,s=5) elapsed=12801.9s
[done 60/150] thread=16 global_idx=124 (g=1616,e=0,s=14) state_time=105.5s best_idx=34 sims=1847 N=69 K=4 eta=19241.0s
[start 78/150] thread=16 global_idx=127 (g=8894,e=2,s=15) elapsed=12827.4s
[done 61/150] thread=16 global_idx=127 (g=8894,e=2,s=15) state_time=7.8s best_idx=2 sims=79 N=79 K=4 eta=18726.7s
[start 79/150] thread=16 global_idx=128 (g=2369,e=6,s=9) elapsed=12835.2s
[done 62/150] thread=5 global_idx=90 (g=8471,e=6,s=5) state_time=8843.2s best_idx=34 sims=137692 N=75 K=4 eta=19070.9s
[start 80/150] thread=5 global_idx=129 (g=1083,e=7,s=15) elapsed=13436.3s
[done 63/150] thread=5 global_idx=129 (g=1083,e=7,s=15) state_time=12.0s best_idx=0 sims=103 N=103 K=4 eta=18571.4s
[start 81/150] thread=5 global_idx=130 (g=366,e=3,s=11) elapsed=13448.3s
[done 64/150] thread=4 global_idx=120 (g=4562,e=4,s=13) state_time=1711.6s best_idx=76 sims=16194 N=129 K=4 eta=18663.8s
[start 82/150] thread=4 global_idx=131 (g=6354,e=2,s=15) elapsed=13889.3s
[done 65/150] thread=4 global_idx=131 (g=6354,e=2,s=15) state_time=19.9s best_idx=4 sims=151 N=151 K=4 eta=18189.0s
[start 83/150] thread=4 global_idx=132 (g=9260,e=7,s=2) elapsed=13909.2s
[done 66/150] thread=14 global_idx=103 (g=1641,e=6,s=10) state_time=5121.3s best_idx=69 sims=66867 N=113 K=4 eta=17721.3s
[start 84/150] thread=14 global_idx=133 (g=6267,e=4,s=12) elapsed=13923.9s
[done 67/150] thread=6 global_idx=96 (g=7921,e=5,s=4) state_time=9031.8s best_idx=19 sims=146518 N=49 K=4 eta=18716.7s
[start 85/150] thread=6 global_idx=134 (g=1158,e=6,s=8) elapsed=15108.7s
[done 68/150] thread=14 global_idx=133 (g=6267,e=4,s=12) state_time=1436.5s best_idx=11 sims=21825 N=55 K=4 eta=18522.8s
[start 86/150] thread=14 global_idx=135 (g=6520,e=1,s=5) elapsed=15360.3s
[done 69/150] thread=1 global_idx=99 (g=5033,e=7,s=5) state_time=8534.8s best_idx=35 sims=136336 N=71 K=4 eta=18583.1s
[start 87/150] thread=1 global_idx=136 (g=2099,e=0,s=14) elapsed=15830.0s
[done 70/150] thread=15 global_idx=112 (g=4463,e=7,s=9) state_time=5237.9s best_idx=55 sims=78756 N=103 K=4 eta=18194.1s
[start 88/150] thread=15 global_idx=137 (g=4892,e=6,s=10) elapsed=15919.9s
[done 71/150] thread=0 global_idx=121 (g=6201,e=5,s=11) state_time=3569.2s best_idx=63 sims=46512 N=107 K=4 eta=17792.3s
[start 89/150] thread=0 global_idx=138 (g=7859,e=3,s=14) elapsed=15990.5s
[done 72/150] thread=1 global_idx=136 (g=2099,e=0,s=14) state_time=167.9s best_idx=64 sims=2380 N=91 K=4 eta=17331.1s
[start 90/150] thread=1 global_idx=139 (g=2084,e=7,s=10) elapsed=15998.0s
[done 73/150] thread=0 global_idx=138 (g=7859,e=3,s=14) state_time=302.1s best_idx=87 sims=3467 N=129 K=4 eta=17185.4s
[start 91/150] thread=0 global_idx=140 (g=5335,e=1,s=14) elapsed=16292.6s
[done 74/150] thread=3 global_idx=119 (g=5647,e=1,s=10) state_time=4391.1s best_idx=1 sims=62170 N=91 K=4 eta=16977.9s
[start 92/150] thread=3 global_idx=141 (g=5272,e=2,s=4) elapsed=16531.2s
[done 75/150] thread=0 global_idx=140 (g=5335,e=1,s=14) state_time=361.4s best_idx=85 sims=3768 N=145 K=4 eta=16654.1s
[start 93/150] thread=0 global_idx=142 (g=5472,e=3,s=13) elapsed=16654.1s
[done 76/150] thread=17 global_idx=125 (g=5809,e=3,s=9) state_time=4119.4s best_idx=34 sims=68974 N=53 K=4 eta=16454.9s
[start 94/150] thread=17 global_idx=143 (g=4526,e=5,s=9) elapsed=16899.6s
[done 77/150] thread=0 global_idx=142 (g=5472,e=3,s=13) state_time=489.4s best_idx=16 sims=5841 N=69 K=4 eta=16252.9s
[start 95/150] thread=0 global_idx=144 (g=6392,e=2,s=5) elapsed=17143.4s
[done 78/150] thread=5 global_idx=130 (g=366,e=3,s=11) state_time=3718.6s best_idx=34 sims=48653 N=119 K=4 eta=15846.3s
[start 96/150] thread=5 global_idx=145 (g=1255,e=4,s=13) elapsed=17166.9s
[done 79/150] thread=13 global_idx=116 (g=716,e=6,s=7) state_time=6179.8s best_idx=12 sims=100044 N=55 K=4 eta=15673.9s
[start 97/150] thread=13 global_idx=146 (g=5259,e=3,s=8) elapsed=17440.0s
[done 80/150] thread=16 global_idx=128 (g=2369,e=6,s=9) state_time=4658.3s best_idx=73 sims=72989 N=79 K=4 eta=15306.8s
[start 98/150] thread=16 global_idx=147 (g=7905,e=3,s=15) elapsed=17493.5s
[done 81/150] thread=16 global_idx=147 (g=7905,e=3,s=15) state_time=9.6s best_idx=56 sims=103 N=103 K=4 eta=14910.0s
[start 99/150] thread=16 global_idx=148 (g=4159,e=5,s=11) elapsed=17503.0s
[done 82/150] thread=8 global_idx=110 (g=6533,e=4,s=6) state_time=7982.2s best_idx=9 sims=122943 N=81 K=4 eta=14530.2s
[start 100/150] thread=8 global_idx=149 (g=2788,e=5,s=13) elapsed=17521.7s
[done 83/150] thread=5 global_idx=145 (g=1255,e=4,s=13) state_time=944.2s best_idx=3 sims=10075 N=91 K=4 eta=14619.8s
[start 101/150] thread=5 global_idx=150 (g=4360,e=7,s=4) elapsed=18111.0s
[done 84/150] thread=9 global_idx=108 (g=5246,e=2,s=5) state_time=9006.3s best_idx=33 sims=138268 N=75 K=4 eta=14277.4s
[start 102/150] thread=9 global_idx=151 (g=8248,e=7,s=13) elapsed=18171.2s
[done 85/150] thread=9 global_idx=151 (g=8248,e=7,s=13) state_time=516.0s best_idx=46 sims=5993 N=59 K=4 eta=14290.2s
[start 103/150] thread=9 global_idx=152 (g=2081,e=5,s=9) elapsed=18687.2s
[done 86/150] thread=8 global_idx=149 (g=2788,e=5,s=13) state_time=1884.2s best_idx=55 sims=17942 N=139 K=4 eta=14441.6s
[start 104/150] thread=8 global_idx=153 (g=1265,e=4,s=5) elapsed=19405.9s
[done 87/150] thread=10 global_idx=117 (g=459,e=3,s=5) state_time=8358.6s best_idx=44 sims=135322 N=71 K=4 eta=14211.7s
[start 105/150] thread=10 global_idx=154 (g=3677,e=7,s=15) elapsed=19625.7s
[done 88/150] thread=10 global_idx=154 (g=3677,e=7,s=15) state_time=8.0s best_idx=3 sims=75 N=75 K=4 eta=13832.8s
[start 106/150] thread=10 global_idx=155 (g=477,e=2,s=10) elapsed=19633.6s
[done 89/150] thread=7 global_idx=105 (g=4837,e=7,s=2) state_time=10822.4s best_idx=29 sims=177620 N=49 K=4 eta=13501.1s
[start 107/150] thread=7 global_idx=156 (g=8462,e=7,s=13) elapsed=19698.3s
[done 90/150] thread=15 global_idx=137 (g=4892,e=6,s=10) state_time=4264.4s best_idx=58 sims=61659 N=101 K=4 eta=13456.2s
[start 108/150] thread=15 global_idx=157 (g=3186,e=1,s=11) elapsed=20184.3s
[done 91/150] thread=6 global_idx=134 (g=1158,e=6,s=8) state_time=5467.6s best_idx=24 sims=87913 N=65 K=4 eta=13340.7s
[start 109/150] thread=6 global_idx=158 (g=8936,e=4,s=15) elapsed=20576.3s
[done 92/150] thread=6 global_idx=158 (g=8936,e=4,s=15) state_time=15.6s best_idx=1 sims=145 N=145 K=4 eta=12981.9s
[start 110/150] thread=6 global_idx=159 (g=966,e=6,s=3) elapsed=20591.9s
[done 93/150] thread=16 global_idx=148 (g=4159,e=5,s=11) state_time=3546.4s best_idx=58 sims=46541 N=103 K=4 eta=12901.3s
[start 111/150] thread=16 global_idx=160 (g=232,e=1,s=13) elapsed=21049.4s
[done 94/150] thread=2 global_idx=114 (g=1123,e=4,s=3) state_time=10114.0s best_idx=33 sims=163164 N=55 K=4 eta=12656.9s
[start 112/150] thread=2 global_idx=161 (g=3968,e=6,s=10) elapsed=21245.5s
[done 95/150] thread=17 global_idx=143 (g=4526,e=5,s=9) state_time=4443.0s best_idx=34 sims=70355 N=65 K=4 eta=12356.2s
[start 113/150] thread=17 global_idx=162 (g=2440,e=2,s=5) elapsed=21342.6s
[done 96/150] thread=1 global_idx=139 (g=2084,e=7,s=10) state_time=5360.5s best_idx=82 sims=67232 N=113 K=4 eta=12014.1s
[start 114/150] thread=1 global_idx=163 (g=1624,e=6,s=15) elapsed=21358.5s
[done 97/150] thread=1 global_idx=163 (g=1624,e=6,s=15) state_time=10.3s best_idx=2 sims=91 N=91 K=4 eta=11675.7s
[start 115/150] thread=1 global_idx=164 (g=9851,e=7,s=8) elapsed=21368.8s
[done 98/150] thread=7 global_idx=156 (g=8462,e=7,s=13) state_time=1705.5s best_idx=11 sims=16724 N=115 K=4 eta=11357.1s
[start 116/150] thread=7 global_idx=165 (g=9879,e=2,s=15) elapsed=21403.8s
[done 99/150] thread=7 global_idx=165 (g=9879,e=2,s=15) state_time=14.3s best_idx=0 sims=117 N=117 K=4 eta=11033.6s
[start 117/150] thread=7 global_idx=166 (g=9832,e=1,s=9) elapsed=21418.1s
[done 100/150] thread=11 global_idx=126 (g=4651,e=6,s=5) state_time=8695.7s best_idx=46 sims=136726 N=71 K=4 eta=10748.8s
[start 118/150] thread=11 global_idx=167 (g=4221,e=2,s=14) elapsed=21497.6s
[done 101/150] thread=16 global_idx=160 (g=232,e=1,s=13) state_time=546.2s best_idx=11 sims=6359 N=59 K=4 eta=10477.1s
[start 119/150] thread=16 global_idx=168 (g=1999,e=2,s=5) elapsed=21595.6s
[done 102/150] thread=11 global_idx=167 (g=4221,e=2,s=14) state_time=340.6s best_idx=14 sims=3794 N=145 K=4 eta=10276.8s
[start 120/150] thread=11 global_idx=169 (g=99,e=4,s=13) elapsed=21838.1s
[done 103/150] thread=12 global_idx=123 (g=8703,e=4,s=3) state_time=9559.8s best_idx=35 sims=161272 N=49 K=4 eta=10102.0s
[start 121/150] thread=12 global_idx=170 (g=964,e=0,s=8) elapsed=22138.5s
[done 104/150] thread=11 global_idx=169 (g=99,e=4,s=13) state_time=355.2s best_idx=49 sims=4658 N=57 K=4 eta=9816.3s
[start 122/150] thread=11 global_idx=171 (g=6357,e=7,s=5) elapsed=22193.4s
[done 105/150] thread=9 global_idx=152 (g=2081,e=5,s=9) state_time=3978.9s best_idx=45 sims=68205 N=53 K=4 eta=9714.0s
[start 123/150] thread=9 global_idx=172 (g=632,e=7,s=12) elapsed=22666.1s
[done 106/150] thread=10 global_idx=155 (g=477,e=2,s=10) state_time=4071.5s best_idx=35 sims=59674 N=81 K=4 eta=9839.9s
[start 124/150] thread=10 global_idx=173 (g=3130,e=2,s=11) elapsed=23705.2s
[done 107/150] thread=15 global_idx=157 (g=3186,e=1,s=11) state_time=3675.7s best_idx=44 sims=47348 N=119 K=4 eta=9588.6s
[start 125/150] thread=15 global_idx=174 (g=2941,e=4,s=13) elapsed=23859.9s
[done 108/150] thread=13 global_idx=146 (g=5259,e=3,s=8) state_time=6652.5s best_idx=80 sims=95979 N=97 K=4 eta=9369.3s
[start 126/150] thread=13 global_idx=175 (g=6374,e=0,s=11) elapsed=24092.5s
[done 109/150] thread=9 global_idx=172 (g=632,e=7,s=12) state_time=1482.8s best_idx=36 sims=23252 N=81 K=4 eta=9083.5s
[start 127/150] thread=9 global_idx=176 (g=156,e=7,s=14) elapsed=24148.9s
[done 110/150] thread=2 global_idx=161 (g=3968,e=6,s=10) state_time=3114.6s best_idx=40 sims=52170 N=49 K=4 eta=8858.2s
[start 128/150] thread=2 global_idx=177 (g=1570,e=1,s=4) elapsed=24360.1s
[done 111/150] thread=14 global_idx=135 (g=6520,e=1,s=5) state_time=9010.9s best_idx=71 sims=137704 N=75 K=4 eta=8562.9s
[start 129/150] thread=14 global_idx=178 (g=7117,e=6,s=12) elapsed=24371.2s
[done 112/150] thread=9 global_idx=176 (g=156,e=7,s=14) state_time=363.6s best_idx=7 sims=3820 N=145 K=4 eta=8316.7s
[start 130/150] thread=9 global_idx=179 (g=6164,e=7,s=6) elapsed=24512.5s
[done 113/150] thread=4 global_idx=132 (g=9260,e=7,s=2) state_time=10984.5s best_idx=3 sims=177942 N=49 K=4 eta=8151.1s
[start 131/150] thread=4 global_idx=180 (g=4376,e=5,s=5) elapsed=24893.8s
[done 114/150] thread=15 global_idx=174 (g=2941,e=4,s=13) state_time=1547.7s best_idx=59 sims=15385 N=125 K=4 eta=8023.5s
[start 132/150] thread=15 global_idx=181 (g=4444,e=0,s=12) elapsed=25407.6s
[done 115/150] thread=0 global_idx=144 (g=6392,e=2,s=5) state_time=8426.6s best_idx=38 sims=137407 N=75 K=4 eta=7782.2s
[start 133/150] thread=0 global_idx=182 (g=5083,e=5,s=6) elapsed=25570.0s
[done 116/150] thread=3 global_idx=141 (g=5272,e=2,s=4) state_time=9094.1s best_idx=0 sims=147078 N=53 K=4 eta=7510.9s
[start 134/150] thread=3 global_idx=183 (g=894,e=4,s=13) elapsed=25625.3s
[done 117/150] thread=14 global_idx=178 (g=7117,e=6,s=12) state_time=1346.4s best_idx=37 sims=20856 N=49 K=4 eta=7253.7s
[start 135/150] thread=14 global_idx=184 (g=8445,e=1,s=11) elapsed=25717.6s
[done 118/150] thread=7 global_idx=166 (g=9832,e=1,s=9) state_time=5129.9s best_idx=58 sims=76707 N=103 K=4 eta=7199.5s
[start 136/150] thread=7 global_idx=185 (g=7871,e=7,s=15) elapsed=26548.0s
[done 119/150] thread=7 global_idx=185 (g=7871,e=7,s=15) state_time=20.5s best_idx=35 sims=151 N=151 K=4 eta=6921.2s
[start 137/150] thread=7 global_idx=186 (g=8198,e=0,s=4) elapsed=26568.5s
[done 120/150] thread=10 global_idx=173 (g=3130,e=2,s=11) state_time=3068.0s best_idx=0 sims=42972 N=91 K=4 eta=6693.3s
[start 138/150] thread=10 global_idx=187 (g=6829,e=6,s=13) elapsed=26773.1s
[done 121/150] thread=3 global_idx=183 (g=894,e=4,s=13) state_time=1262.5s best_idx=62 sims=13310 N=105 K=4 eta=6444.2s
[start 139/150] thread=3 global_idx=188 (g=4702,e=2,s=8) elapsed=26887.8s
[done 122/150] thread=15 global_idx=181 (g=4444,e=0,s=12) state_time=1657.1s best_idx=70 sims=24021 N=75 K=4 eta=6211.6s
[start 140/150] thread=15 global_idx=189 (g=4058,e=3,s=5) elapsed=27064.7s
[done 123/150] thread=13 global_idx=175 (g=6374,e=0,s=11) state_time=3057.6s best_idx=77 sims=44185 N=113 K=4 eta=5959.8s
[start 141/150] thread=13 global_idx=190 (g=7591,e=4,s=13) elapsed=27150.0s
[done 124/150] thread=10 global_idx=187 (g=6829,e=6,s=13) state_time=403.7s best_idx=49 sims=5247 N=53 K=4 eta=5698.4s
[start 142/150] thread=10 global_idx=191 (g=1445,e=7,s=8) elapsed=27176.8s
[done 125/150] thread=1 global_idx=164 (g=9851,e=7,s=8) state_time=5831.7s best_idx=0 sims=90208 N=81 K=4 eta=5440.1s
[start 143/150] thread=1 global_idx=192 (g=5373,e=5,s=13) elapsed=27200.4s
[done 126/150] thread=12 global_idx=170 (g=964,e=0,s=8) state_time=5186.0s best_idx=44 sims=86344 N=63 K=4 eta=5204.7s
[start 144/150] thread=12 global_idx=193 (g=5423,e=3,s=9) elapsed=27324.5s
[done 127/150] thread=5 global_idx=150 (g=4360,e=7,s=4) state_time=9359.3s best_idx=29 sims=147681 N=59 K=4 eta=4974.9s
[start 145/150] thread=5 global_idx=194 (g=1644,e=5,s=15) elapsed=27470.3s
[done 128/150] thread=5 global_idx=194 (g=1644,e=5,s=15) state_time=17.8s best_idx=0 sims=135 N=135 K=4 eta=4724.5s
[start 146/150] thread=5 global_idx=195 (g=6839,e=5,s=3) elapsed=27488.1s
[done 129/150] thread=8 global_idx=153 (g=1265,e=4,s=5) state_time=8326.9s best_idx=34 sims=136317 N=71 K=4 eta=4514.6s
[start 147/150] thread=8 global_idx=196 (g=1063,e=2,s=15) elapsed=27732.8s
[done 130/150] thread=8 global_idx=196 (g=1063,e=2,s=15) state_time=5.4s best_idx=34 sims=55 N=55 K=4 eta=4267.4s
[start 148/150] thread=8 global_idx=197 (g=3774,e=5,s=6) elapsed=27738.2s
[done 131/150] thread=13 global_idx=190 (g=7591,e=4,s=13) state_time=1122.6s best_idx=44 sims=11793 N=97 K=4 eta=4100.6s
[start 149/150] thread=13 global_idx=198 (g=7844,e=2,s=5) elapsed=28272.7s
[done 132/150] thread=1 global_idx=192 (g=5373,e=5,s=13) state_time=1219.2s best_idx=11 sims=12628 N=107 K=4 eta=3875.4s
[start 150/150] thread=1 global_idx=199 (g=5770,e=5,s=13) elapsed=28419.7s
[done 133/150] thread=1 global_idx=199 (g=5770,e=5,s=13) state_time=804.0s best_idx=49 sims=8885 N=91 K=4 eta=3735.4s
[done 134/150] thread=16 global_idx=168 (g=1999,e=2,s=5) state_time=7683.7s best_idx=45 sims=131376 N=53 K=4 eta=3496.0s
[done 135/150] thread=14 global_idx=184 (g=8445,e=1,s=11) state_time=3683.4s best_idx=45 sims=47789 N=103 K=4 eta=3266.8s
[done 136/150] thread=17 global_idx=162 (g=2440,e=2,s=5) state_time=8771.8s best_idx=45 sims=137937 N=71 K=4 eta=3100.0s
[done 137/150] thread=6 global_idx=159 (g=966,e=6,s=3) state_time=9841.9s best_idx=5 sims=163646 N=55 K=4 eta=2887.9s
[done 138/150] thread=11 global_idx=171 (g=6357,e=7,s=5) state_time=8514.3s best_idx=35 sims=138205 N=75 K=4 eta=2670.2s
[done 139/150] thread=9 global_idx=179 (g=6164,e=7,s=6) state_time=6819.5s best_idx=36 sims=115954 N=49 K=4 eta=2479.5s
[done 140/150] thread=3 global_idx=188 (g=4702,e=2,s=8) state_time=4578.8s best_idx=35 sims=83863 N=49 K=4 eta=2247.6s
[done 141/150] thread=12 global_idx=193 (g=5423,e=3,s=9) state_time=4621.2s best_idx=66 sims=77353 N=103 K=4 eta=2039.1s
[done 142/150] thread=10 global_idx=191 (g=1445,e=7,s=8) state_time=5001.8s best_idx=7 sims=87582 N=65 K=4 eta=1812.9s
[done 143/150] thread=4 global_idx=180 (g=4376,e=5,s=5) state_time=7552.7s best_idx=56 sims=137124 N=75 K=4 eta=1588.3s
[done 144/150] thread=2 global_idx=177 (g=1570,e=1,s=4) state_time=8169.7s best_idx=40 sims=145761 N=49 K=4 eta=1355.4s
[done 145/150] thread=0 global_idx=182 (g=5083,e=5,s=6) state_time=7275.2s best_idx=55 sims=123931 N=81 K=4 eta=1132.6s
[done 146/150] thread=8 global_idx=197 (g=3774,e=5,s=6) state_time=5944.9s best_idx=46 sims=119675 N=65 K=4 eta=922.8s
[done 147/150] thread=7 global_idx=186 (g=8198,e=0,s=4) state_time=7474.2s best_idx=14 sims=149029 N=59 K=4 eta=694.7s
[done 148/150] thread=15 global_idx=189 (g=4058,e=3,s=5) state_time=7023.8s best_idx=45 sims=137770 N=71 K=4 eta=460.7s
[done 149/150] thread=13 global_idx=198 (g=7844,e=2,s=5) state_time=6578.4s best_idx=48 sims=136438 N=71 K=4 eta=233.9s
[done 150/150] thread=5 global_idx=195 (g=6839,e=5,s=3) state_time=7707.3s best_idx=25 sims=162015 N=55 K=4 eta=0.0s

=== Arm done: 150 states in 35195.5s ===
  [csv] wrote 150 records to reinvest_experiment/run200/A9/seed_42/reinvest_results_idx50.csv
  [csv] wrote 12816 cluster-assign rows to reinvest_experiment/run200/A9/seed_42/cluster_table_idx50.csv

=== Summary (A9) ===
  valid cases        = 150 / 150
  avg actual_sims    = 60601  (min=43, max=178331)
  avg time           = 3838.22s
