Running Reinvestment arm...

=== Reinvestment Arm: A5 (RandomK, depth 3) ===
  method             = RandomK
  depth              = 3
  playouts (P)       = 200
  rollouts/visit (R) = 10
  retention_rate     = 0.2
  ucb_c              = 1.41
  epsilon            = 0.3
  risk_lambda        = 0  (ClusterValue 系以外では無効)
  n_states           = 200
  num_threads        = 12
  seed               = 46
  start_index        = 50
  max_positions      = 150
  load_positions_dir = test_positions200
  output_dir         = reinvest_experiment/run200/A5/seed_46
  [loader] 1 batch files in test_positions200
  [loader] loaded 200 positions
  Sampled 200 / 200 positions (seed=46)
  Sliced to [50, 200) = 150 positions
Finding Shot...
Finding Shot...
Finding Shot...
Finding Shot...
Finding Shot...
Finding Shot...
Finding Shot...
Finding Shot...
Finding Shot...
Finding Shot...
Finding Shot...
Finding Shot...
Finding Shot...
Finding Shot...
Finding Shot...
Finding Shot...
Finding Shot...
Finding Shot...
Finding Shot...
Finding Shot...
Finding Shot...
Finding Shot...
Finding Shot...
Finding Shot...
Finding Shot...
Finding Shot...
Finding Shot...
Finding Shot...
Finding Shot...
Finding Shot...
Finding Shot...
Finding Shot...
Finding Shot...
Finding Shot...
Finding Shot...
Finding Shot...
Finding Shot...
Finding Shot...
Finding Shot...
Finding Shot...
Finding Shot...
Finding Shot...
Finding Shot...
Finding Shot...
Finding Shot...
Finding Shot...
Finding Shot...
Finding Shot...
Finding Shot...
Finding Shot...
Finding Shot...
Finding Shot...
Finding Shot...
Finding Shot...
Finding Shot...
Finding Shot...
Finding Shot...
Finding Shot...
Finding Shot...
Finding Shot...
Finding Shot...
Finding Shot...
Finding Shot...
Finding Shot...
Finding Shot...
Finding Shot...
Finding Shot...
Finding Shot...
Finding Shot...
Finding Shot...
Finding Shot...
Finding Shot...
Finding Shot...
Finding Shot...
Finding Shot...
Finding Shot...
Finding Shot...
Finding Shot...
Finding Shot...
Finding Shot...
Finding Shot...
Finding Shot...
Finding Shot...
Finding Shot...
Finding Shot...
Finding Shot...
Finding Shot...
Finding Shot...
Finding Shot...
Finding Shot...
Finding Shot...
Finding Shot...
Finding Shot...
Finding Shot...
Finding Shot...
Finding Shot...
Finding Shot...
Finding Shot...
Finding Shot...
Finding Shot...
Finding Shot...
Finding Shot...
Finding Shot...
Finding Shot...
Finding Shot...
Finding Shot...
Finding Shot...
Finding Shot...
Finding Shot...
Finding Shot...
Finding Shot...
Finding Shot...
Finding Shot...
Finding Shot...
Finding Shot...
Finding Shot...
Finding Shot...
Finding Shot...
Finding Shot...
Finding Shot...
Finding Shot...
Finding Shot...
Finding Shot...
Finding Shot...
Finding Shot...
Finding Shot...
Finding Shot...
Finding Shot...
Finding Shot...
Finding Shot...
Finding Shot...
Finding Shot...
Finding Shot...
Finding Shot...
Finding Shot...
Finding Shot...
Finding Shot...
Finding Shot...
Finding Shot...
Finding Shot...
Finding Shot...
Finding Shot...
Finding Shot...
Finding Shot...
Finding Shot...
Finding Shot...
Finding Shot...
Finding Shot...
Finding Shot...
Finding Shot...
Finding Shot...
Finding Shot...
Finding Shot...
Finding Shot...
Finding Shot...
Finding Shot...
Finding Shot...
Finding Shot...
Finding Shot...
Finding Shot...
Finding Shot...
Finding Shot...
Finding Shot...
Finding Shot...
Finding Shot...
Finding Shot...
Finding Shot...
Finding Shot...
Finding Shot...
Finding Shot...
Finding Shot...
Finding Shot...
Finding Shot...
Finding Shot...
Finding Shot...
Finding Shot...
Finding Shot...
Finding Shot...
Finding Shot...
Finding Shot...
Finding Shot...
Finding Shot...
Finding Shot...
Finding Shot...
Finding Shot...
Finding Shot...
Finding Shot...
Finding Shot...
Finding Shot...
Finding Shot...
Finding Shot...
Finding Shot...
[start 1/150] thread=5 global_idx=50 (g=5392,e=3,s=13) elapsed=1.1s
[start 2/150] thread=2 global_idx=51 (g=4262,e=4,s=2) elapsed=1.1s
[start 3/150] thread=8 global_idx=52 (g=6230,e=1,s=12) elapsed=1.1s
[start 4/150] thread=9 global_idx=53 (g=3543,e=4,s=7) elapsed=1.1s
[start 5/150] thread=6 global_idx=54 (g=1784,e=6,s=5) elapsed=1.1s
[start 6/150] thread=3 global_idx=55 (g=4905,e=4,s=14) elapsed=1.1s
[start 7/150] thread=11 global_idx=56 (g=3837,e=2,s=10) elapsed=1.1s
[start 8/150] thread=10 global_idx=57 (g=2854,e=0,s=15) elapsed=1.1s
[start 9/150] thread=7 global_idx=58 (g=1221,e=1,s=10) elapsed=1.1s
[start 10/150] thread=4 global_idx=59 (g=7301,e=6,s=14) elapsed=1.1s
[start 11/150] thread=0 global_idx=60 (g=5248,e=0,s=3) elapsed=1.1s
[start 12/150] thread=1 global_idx=61 (g=2545,e=3,s=15) elapsed=1.1s
[done 1/150] thread=1 global_idx=61 (g=2545,e=3,s=15) state_time=3.3s best_idx=1 sims=61 N=61 K=13 eta=658.4s
[start 13/150] thread=1 global_idx=62 (g=6335,e=1,s=11) elapsed=4.4s
[done 2/150] thread=10 global_idx=57 (g=2854,e=0,s=15) state_time=6.6s best_idx=68 sims=103 N=103 K=21 eta=565.9s
[start 14/150] thread=10 global_idx=63 (g=8275,e=4,s=5) elapsed=7.6s
[done 3/150] thread=3 global_idx=55 (g=4905,e=4,s=14) state_time=118.5s best_idx=58 sims=1924 N=101 K=21 eta=5860.8s
[start 15/150] thread=3 global_idx=64 (g=963,e=5,s=13) elapsed=119.6s
[done 4/150] thread=4 global_idx=59 (g=7301,e=6,s=14) state_time=330.3s best_idx=46 sims=4492 N=145 K=29 eta=12096.6s
[start 16/150] thread=4 global_idx=65 (g=176,e=5,s=11) elapsed=331.4s
[done 5/150] thread=8 global_idx=52 (g=6230,e=1,s=12) state_time=876.2s best_idx=40 sims=21579 N=49 K=10 eta=25441.8s
[start 17/150] thread=8 global_idx=66 (g=2199,e=1,s=13) elapsed=877.3s
[done 6/150] thread=3 global_idx=64 (g=963,e=5,s=13) state_time=1074.7s best_idx=39 sims=17752 N=89 K=18 eta=28663.1s
[start 18/150] thread=3 global_idx=67 (g=8298,e=3,s=11) elapsed=1194.3s
[done 7/150] thread=1 global_idx=62 (g=6335,e=1,s=11) state_time=1305.5s best_idx=35 sims=35790 N=53 K=11 eta=26759.2s
[start 19/150] thread=1 global_idx=68 (g=6729,e=2,s=14) elapsed=1309.9s
[done 8/150] thread=5 global_idx=50 (g=5392,e=3,s=13) state_time=1578.9s best_idx=54 sims=22871 N=135 K=27 eta=28044.3s
[start 20/150] thread=5 global_idx=69 (g=8119,e=5,s=4) elapsed=1580.0s
[done 9/150] thread=1 global_idx=68 (g=6729,e=2,s=14) state_time=275.4s best_idx=0 sims=3810 N=135 K=27 eta=24836.6s
[start 21/150] thread=1 global_idx=70 (g=8189,e=0,s=14) elapsed=1585.3s
[done 10/150] thread=1 global_idx=70 (g=8189,e=0,s=14) state_time=38.5s best_idx=36 sims=672 N=55 K=11 eta=22733.4s
[start 22/150] thread=1 global_idx=71 (g=9791,e=0,s=8) elapsed=1623.8s
[done 11/150] thread=8 global_idx=66 (g=2199,e=1,s=13) state_time=1177.2s best_idx=78 sims=17651 N=119 K=24 eta=25961.4s
[start 23/150] thread=8 global_idx=72 (g=5487,e=5,s=5) elapsed=2054.5s
[done 12/150] thread=11 global_idx=56 (g=3837,e=2,s=10) state_time=2312.8s best_idx=44 sims=56911 N=71 K=15 eta=26610.0s
[start 24/150] thread=11 global_idx=73 (g=4950,e=0,s=15) elapsed=2313.9s
[done 13/150] thread=11 global_idx=73 (g=4950,e=0,s=15) state_time=4.1s best_idx=1 sims=71 N=71 K=15 eta=24428.2s
[start 25/150] thread=11 global_idx=74 (g=9143,e=3,s=7) elapsed=2318.0s
[done 14/150] thread=7 global_idx=58 (g=1221,e=1,s=10) state_time=2421.4s best_idx=79 sims=56144 N=113 K=23 eta=23532.3s
[start 26/150] thread=7 global_idx=75 (g=4517,e=4,s=13) elapsed=2422.4s
[done 15/150] thread=4 global_idx=65 (g=176,e=5,s=11) state_time=2310.6s best_idx=0 sims=48447 N=97 K=20 eta=23777.8s
[start 27/150] thread=4 global_idx=76 (g=2994,e=5,s=10) elapsed=2642.0s
[done 16/150] thread=9 global_idx=53 (g=3543,e=4,s=7) state_time=3310.7s best_idx=36 sims=95469 N=55 K=11 eta=27736.2s
[start 28/150] thread=9 global_idx=77 (g=961,e=6,s=13) elapsed=3311.8s
[done 17/150] thread=3 global_idx=67 (g=8298,e=3,s=11) state_time=2681.2s best_idx=69 sims=52000 N=119 K=24 eta=30319.9s
[start 29/150] thread=3 global_idx=78 (g=1566,e=1,s=3) elapsed=3875.5s
[done 18/150] thread=7 global_idx=75 (g=4517,e=4,s=13) state_time=1883.6s best_idx=95 sims=27380 N=123 K=25 eta=31577.6s
[start 30/150] thread=7 global_idx=79 (g=1686,e=6,s=15) elapsed=4306.0s
[done 19/150] thread=7 global_idx=79 (g=1686,e=6,s=15) state_time=2.7s best_idx=4 sims=49 N=49 K=10 eta=29707.4s
[start 31/150] thread=7 global_idx=80 (g=1201,e=0,s=6) elapsed=4308.7s
[done 20/150] thread=1 global_idx=71 (g=9791,e=0,s=8) state_time=2957.1s best_idx=3 sims=82679 N=55 K=11 eta=29776.2s
[start 32/150] thread=1 global_idx=81 (g=5494,e=4,s=5) elapsed=4581.0s
[done 21/150] thread=10 global_idx=63 (g=8275,e=4,s=5) state_time=4651.6s best_idx=49 sims=128239 N=71 K=15 eta=28621.2s
[start 33/150] thread=10 global_idx=82 (g=2492,e=4,s=15) elapsed=4659.3s
[done 22/150] thread=10 global_idx=82 (g=2492,e=4,s=15) state_time=4.5s best_idx=2 sims=75 N=75 K=15 eta=27134.6s
[start 34/150] thread=10 global_idx=83 (g=8959,e=1,s=11) elapsed=4663.8s
[done 23/150] thread=9 global_idx=77 (g=961,e=6,s=13) state_time=1403.6s best_idx=46 sims=20526 N=139 K=28 eta=26037.3s
[start 35/150] thread=9 global_idx=84 (g=1671,e=0,s=15) elapsed=4715.4s
[done 24/150] thread=9 global_idx=84 (g=1671,e=0,s=15) state_time=7.7s best_idx=78 sims=117 N=117 K=24 eta=24796.5s
[start 36/150] thread=9 global_idx=85 (g=1385,e=7,s=11) elapsed=4723.1s
[done 25/150] thread=6 global_idx=54 (g=1784,e=6,s=5) state_time=4892.9s best_idx=49 sims=130675 N=71 K=15 eta=24469.7s
[start 37/150] thread=6 global_idx=86 (g=6872,e=1,s=14) elapsed=4893.9s
[done 26/150] thread=6 global_idx=86 (g=6872,e=1,s=14) state_time=259.9s best_idx=127 sims=3541 N=135 K=27 eta=24579.9s
[start 38/150] thread=6 global_idx=87 (g=8785,e=1,s=4) elapsed=5153.8s
[done 27/150] thread=0 global_idx=60 (g=5248,e=0,s=3) state_time=5253.0s best_idx=32 sims=152593 N=49 K=10 eta=23935.2s
[start 39/150] thread=0 global_idx=88 (g=1835,e=0,s=15) elapsed=5254.1s
[done 28/150] thread=0 global_idx=88 (g=1835,e=0,s=15) state_time=4.0s best_idx=55 sims=69 N=69 K=14 eta=22910.3s
[start 40/150] thread=0 global_idx=89 (g=6216,e=7,s=8) elapsed=5258.1s
[done 29/150] thread=4 global_idx=76 (g=2994,e=5,s=10) state_time=3028.1s best_idx=39 sims=64668 N=113 K=23 eta=23657.9s
[start 41/150] thread=4 global_idx=90 (g=8471,e=6,s=5) elapsed=5670.1s
[done 30/150] thread=2 global_idx=51 (g=4262,e=4,s=2) state_time=5786.9s best_idx=34 sims=167791 N=49 K=10 eta=23151.9s
[start 42/150] thread=2 global_idx=91 (g=256,e=3,s=12) elapsed=5788.0s
[done 31/150] thread=11 global_idx=74 (g=9143,e=3,s=7) state_time=4012.6s best_idx=52 sims=103110 N=81 K=17 eta=24301.2s
[start 43/150] thread=11 global_idx=92 (g=5778,e=2,s=9) elapsed=6330.6s
[done 32/150] thread=2 global_idx=91 (g=256,e=3,s=12) state_time=1028.0s best_idx=36 sims=23443 N=77 K=16 eta=25134.1s
[start 44/150] thread=2 global_idx=93 (g=6320,e=4,s=15) elapsed=6816.0s
[done 33/150] thread=2 global_idx=93 (g=6320,e=4,s=15) state_time=6.3s best_idx=0 sims=103 N=103 K=21 eta=24188.4s
[start 45/150] thread=2 global_idx=94 (g=1638,e=4,s=11) elapsed=6822.4s
[done 34/150] thread=5 global_idx=69 (g=8119,e=5,s=4) state_time=5300.3s best_idx=40 sims=143483 N=65 K=13 eta=23473.9s
[start 46/150] thread=5 global_idx=95 (g=2310,e=6,s=15) elapsed=6880.3s
[done 35/150] thread=5 global_idx=95 (g=2310,e=6,s=15) state_time=8.9s best_idx=59 sims=135 N=135 K=27 eta=22636.0s
[start 47/150] thread=5 global_idx=96 (g=7921,e=5,s=4) elapsed=6889.2s
[done 36/150] thread=8 global_idx=72 (g=5487,e=5,s=5) state_time=4879.9s best_idx=2 sims=129002 N=71 K=15 eta=21958.9s
[start 48/150] thread=8 global_idx=97 (g=1361,e=1,s=12) elapsed=6934.4s
[done 37/150] thread=9 global_idx=85 (g=1385,e=7,s=11) state_time=2238.9s best_idx=79 sims=48266 N=103 K=21 eta=21262.4s
[start 49/150] thread=9 global_idx=98 (g=5041,e=1,s=8) elapsed=6962.0s
[done 38/150] thread=10 global_idx=83 (g=8959,e=1,s=11) state_time=2546.2s best_idx=51 sims=51112 N=97 K=20 eta=21250.3s
[start 50/150] thread=10 global_idx=99 (g=5033,e=7,s=5) elapsed=7209.9s
[done 39/150] thread=8 global_idx=97 (g=1361,e=1,s=12) state_time=1090.2s best_idx=32 sims=25442 N=59 K=12 eta=22839.3s
[start 51/150] thread=8 global_idx=100 (g=5022,e=1,s=15) elapsed=8024.6s
[done 40/150] thread=8 global_idx=100 (g=5022,e=1,s=15) state_time=5.7s best_idx=5 sims=89 N=89 K=18 eta=22083.4s
[start 52/150] thread=8 global_idx=101 (g=9907,e=7,s=9) elapsed=8030.3s
[done 41/150] thread=7 global_idx=80 (g=1201,e=0,s=6) state_time=3770.7s best_idx=3 sims=108788 N=53 K=11 eta=21479.4s
[start 53/150] thread=7 global_idx=102 (g=8627,e=2,s=12) elapsed=8079.4s
[done 42/150] thread=0 global_idx=89 (g=6216,e=7,s=8) state_time=2990.3s best_idx=51 sims=83130 N=55 K=11 eta=21210.1s
[start 54/150] thread=0 global_idx=103 (g=1641,e=6,s=10) elapsed=8248.4s
[done 43/150] thread=2 global_idx=94 (g=1638,e=4,s=11) state_time=2436.3s best_idx=0 sims=50903 N=103 K=21 eta=23039.0s
[start 55/150] thread=2 global_idx=104 (g=7249,e=2,s=15) elapsed=9258.7s
[done 44/150] thread=2 global_idx=104 (g=7249,e=2,s=15) state_time=9.6s best_idx=4 sims=139 N=139 K=28 eta=22328.1s
[start 56/150] thread=2 global_idx=105 (g=4837,e=7,s=2) elapsed=9268.3s
[done 45/150] thread=3 global_idx=78 (g=1566,e=1,s=3) state_time=5540.4s best_idx=2 sims=154707 N=59 K=12 eta=21970.3s
[start 57/150] thread=3 global_idx=106 (g=1039,e=2,s=15) elapsed=9415.8s
[done 46/150] thread=3 global_idx=106 (g=1039,e=2,s=15) state_time=2.4s best_idx=3 sims=43 N=43 K=9 eta=21293.3s
[start 58/150] thread=3 global_idx=107 (g=7846,e=3,s=10) elapsed=9418.2s
[done 47/150] thread=11 global_idx=92 (g=5778,e=2,s=9) state_time=3220.1s best_idx=0 sims=74725 N=97 K=20 eta=20930.1s
[start 59/150] thread=11 global_idx=108 (g=5246,e=2,s=5) elapsed=9550.6s
[done 48/150] thread=1 global_idx=81 (g=5494,e=4,s=5) state_time=5056.8s best_idx=69 sims=131645 N=75 K=15 eta=20480.2s
[start 60/150] thread=1 global_idx=109 (g=4166,e=2,s=12) elapsed=9637.7s
[done 49/150] thread=9 global_idx=98 (g=5041,e=1,s=8) state_time=2994.4s best_idx=43 sims=82426 N=55 K=11 eta=20522.3s
[start 61/150] thread=9 global_idx=110 (g=6533,e=4,s=6) elapsed=9956.4s
[done 50/150] thread=6 global_idx=87 (g=8785,e=1,s=4) state_time=4825.1s best_idx=36 sims=139545 N=49 K=10 eta=19957.8s
[start 62/150] thread=6 global_idx=111 (g=5721,e=0,s=12) elapsed=9978.9s
[done 51/150] thread=7 global_idx=102 (g=8627,e=2,s=12) state_time=2000.6s best_idx=44 sims=37033 N=103 K=21 eta=19567.1s
[start 63/150] thread=7 global_idx=112 (g=4463,e=7,s=9) elapsed=10080.0s
[done 52/150] thread=8 global_idx=101 (g=9907,e=7,s=9) state_time=2523.6s best_idx=37 sims=68071 N=65 K=13 eta=19890.0s
[start 64/150] thread=8 global_idx=113 (g=5606,e=2,s=14) elapsed=10553.9s
[done 53/150] thread=1 global_idx=109 (g=4166,e=2,s=12) state_time=966.7s best_idx=7 sims=22482 N=75 K=15 eta=19408.1s
[start 65/150] thread=1 global_idx=114 (g=1123,e=4,s=3) elapsed=10604.4s
[done 54/150] thread=8 global_idx=113 (g=5606,e=2,s=14) state_time=252.9s best_idx=33 sims=3609 N=139 K=28 eta=19212.1s
[start 66/150] thread=8 global_idx=115 (g=8113,e=3,s=15) elapsed=10806.8s
[done 55/150] thread=8 global_idx=115 (g=8113,e=3,s=15) state_time=4.1s best_idx=1 sims=69 N=69 K=14 eta=18673.4s
[start 67/150] thread=8 global_idx=116 (g=716,e=6,s=7) elapsed=10810.9s
[done 56/150] thread=4 global_idx=90 (g=8471,e=6,s=5) state_time=5154.1s best_idx=2 sims=133331 N=75 K=15 eta=18169.1s
[start 68/150] thread=4 global_idx=117 (g=459,e=3,s=5) elapsed=10824.1s
[done 57/150] thread=3 global_idx=107 (g=7846,e=3,s=10) state_time=1813.9s best_idx=47 sims=50055 N=65 K=13 eta=18326.1s
[start 69/150] thread=3 global_idx=118 (g=9287,e=7,s=12) elapsed=11232.1s
[done 58/150] thread=0 global_idx=103 (g=1641,e=6,s=10) state_time=3407.4s best_idx=72 sims=67987 N=113 K=23 eta=18488.5s
[start 70/150] thread=0 global_idx=119 (g=5647,e=1,s=10) elapsed=11655.8s
[done 59/150] thread=5 global_idx=96 (g=7921,e=5,s=4) state_time=4872.5s best_idx=33 sims=139221 N=49 K=10 eta=18140.9s
[start 71/150] thread=5 global_idx=120 (g=4562,e=4,s=13) elapsed=11761.7s
[done 60/150] thread=10 global_idx=99 (g=5033,e=7,s=5) state_time=4728.5s best_idx=35 sims=127516 N=71 K=15 eta=17907.6s
[start 72/150] thread=10 global_idx=121 (g=6201,e=5,s=11) elapsed=11938.4s
[done 61/150] thread=3 global_idx=118 (g=9287,e=7,s=12) state_time=1115.0s best_idx=42 sims=25581 N=65 K=13 eta=18014.7s
[start 73/150] thread=3 global_idx=122 (g=9166,e=3,s=14) elapsed=12347.1s
[done 62/150] thread=6 global_idx=111 (g=5721,e=0,s=12) state_time=2454.7s best_idx=104 sims=42397 N=123 K=25 eta=17647.7s
[start 74/150] thread=6 global_idx=123 (g=8703,e=4,s=3) elapsed=12433.6s
[done 63/150] thread=3 global_idx=122 (g=9166,e=3,s=14) state_time=266.1s best_idx=74 sims=3632 N=139 K=28 eta=17418.3s
[start 75/150] thread=3 global_idx=124 (g=1616,e=0,s=14) elapsed=12613.2s
[done 64/150] thread=3 global_idx=124 (g=1616,e=0,s=14) state_time=60.5s best_idx=36 sims=1041 N=69 K=14 eta=17030.3s
[start 76/150] thread=3 global_idx=125 (g=5809,e=3,s=9) elapsed=12673.7s
[done 65/150] thread=5 global_idx=120 (g=4562,e=4,s=13) state_time=1525.8s best_idx=1 sims=22256 N=129 K=26 eta=17376.0s
[start 77/150] thread=5 global_idx=126 (g=4651,e=6,s=5) elapsed=13287.5s
[done 66/150] thread=7 global_idx=112 (g=4463,e=7,s=9) state_time=3401.1s best_idx=56 sims=77762 N=103 K=21 eta=17157.8s
[start 78/150] thread=7 global_idx=127 (g=8894,e=2,s=15) elapsed=13481.1s
[done 67/150] thread=7 global_idx=127 (g=8894,e=2,s=15) state_time=4.8s best_idx=63 sims=79 N=79 K=16 eta=16706.5s
[start 79/150] thread=7 global_idx=128 (g=2369,e=6,s=9) elapsed=13486.0s
[done 68/150] thread=8 global_idx=116 (g=716,e=6,s=7) state_time=3377.2s best_idx=39 sims=95844 N=55 K=11 eta=17109.2s
[start 80/150] thread=8 global_idx=129 (g=1083,e=7,s=15) elapsed=14188.1s
[done 69/150] thread=8 global_idx=129 (g=1083,e=7,s=15) state_time=6.5s best_idx=1 sims=103 N=103 K=21 eta=16663.3s
[start 81/150] thread=8 global_idx=130 (g=366,e=3,s=11) elapsed=14194.6s
[done 70/150] thread=10 global_idx=121 (g=6201,e=5,s=11) state_time=2497.2s best_idx=89 sims=50286 N=107 K=22 eta=16497.8s
[start 82/150] thread=10 global_idx=131 (g=6354,e=2,s=15) elapsed=14435.6s
[done 71/150] thread=10 global_idx=131 (g=6354,e=2,s=15) state_time=10.5s best_idx=0 sims=151 N=151 K=31 eta=16073.8s
[start 83/150] thread=10 global_idx=132 (g=9260,e=7,s=2) elapsed=14446.1s
[done 72/150] thread=0 global_idx=119 (g=5647,e=1,s=10) state_time=2841.2s best_idx=22 sims=64473 N=91 K=19 eta=15705.0s
[start 84/150] thread=0 global_idx=133 (g=6267,e=4,s=12) elapsed=14497.0s
[done 73/150] thread=11 global_idx=108 (g=5246,e=2,s=5) state_time=5085.6s best_idx=47 sims=131824 N=75 K=15 eta=15438.3s
[start 85/150] thread=11 global_idx=134 (g=1158,e=6,s=8) elapsed=14636.3s
[done 74/150] thread=9 global_idx=110 (g=6533,e=4,s=6) state_time=4829.1s best_idx=61 sims=119161 N=81 K=17 eta=15185.1s
[start 86/150] thread=9 global_idx=135 (g=6520,e=1,s=5) elapsed=14785.5s
[done 75/150] thread=3 global_idx=125 (g=5809,e=3,s=9) state_time=2321.1s best_idx=42 sims=65373 N=53 K=11 eta=14994.8s
[start 87/150] thread=3 global_idx=136 (g=2099,e=0,s=14) elapsed=14994.8s
[done 76/150] thread=3 global_idx=136 (g=2099,e=0,s=14) state_time=115.4s best_idx=46 sims=1868 N=91 K=19 eta=14712.5s
[start 88/150] thread=3 global_idx=137 (g=4892,e=6,s=10) elapsed=15110.2s
[done 77/150] thread=2 global_idx=105 (g=4837,e=7,s=2) state_time=5890.1s best_idx=42 sims=167942 N=49 K=10 eta=14370.9s
[start 89/150] thread=2 global_idx=138 (g=7859,e=3,s=14) elapsed=15158.4s
[done 78/150] thread=0 global_idx=133 (g=6267,e=4,s=12) state_time=883.1s best_idx=40 sims=21748 N=55 K=11 eta=14196.9s
[start 90/150] thread=0 global_idx=139 (g=2084,e=7,s=10) elapsed=15380.0s
[done 79/150] thread=2 global_idx=138 (g=7859,e=3,s=14) state_time=245.6s best_idx=126 sims=3526 N=129 K=26 eta=13844.1s
[start 91/150] thread=2 global_idx=140 (g=5335,e=1,s=14) elapsed=15404.0s
[done 80/150] thread=4 global_idx=117 (g=459,e=3,s=5) state_time=4641.7s best_idx=34 sims=128047 N=71 K=15 eta=13532.6s
[start 92/150] thread=4 global_idx=141 (g=5272,e=2,s=4) elapsed=15465.8s
[done 81/150] thread=2 global_idx=140 (g=5335,e=1,s=14) state_time=313.0s best_idx=87 sims=4267 N=145 K=29 eta=13388.5s
[start 93/150] thread=2 global_idx=142 (g=5472,e=3,s=13) elapsed=15716.9s
[done 82/150] thread=1 global_idx=114 (g=1123,e=4,s=3) state_time=5385.7s best_idx=27 sims=153559 N=55 K=11 eta=13260.1s
[start 94/150] thread=1 global_idx=143 (g=4526,e=5,s=9) elapsed=15990.1s
[done 83/150] thread=2 global_idx=142 (g=5472,e=3,s=13) state_time=427.1s best_idx=4 sims=7164 N=69 K=14 eta=13031.9s
[start 95/150] thread=2 global_idx=144 (g=6392,e=2,s=5) elapsed=16144.1s
[done 84/150] thread=7 global_idx=128 (g=2369,e=6,s=9) state_time=2770.3s best_idx=73 sims=70773 N=79 K=16 eta=12772.8s
[start 96/150] thread=7 global_idx=145 (g=1255,e=4,s=13) elapsed=16256.2s
[done 85/150] thread=8 global_idx=130 (g=366,e=3,s=11) state_time=2750.4s best_idx=66 sims=53037 N=119 K=24 eta=12957.9s
[start 97/150] thread=8 global_idx=146 (g=5259,e=3,s=8) elapsed=16945.0s
[done 86/150] thread=7 global_idx=145 (g=1255,e=4,s=13) state_time=856.6s best_idx=7 sims=13541 N=91 K=19 eta=12735.2s
[start 98/150] thread=7 global_idx=147 (g=7905,e=3,s=15) elapsed=17112.9s
[done 87/150] thread=7 global_idx=147 (g=7905,e=3,s=15) state_time=6.4s best_idx=55 sims=103 N=103 K=21 eta=12396.7s
[start 99/150] thread=7 global_idx=148 (g=4159,e=5,s=11) elapsed=17119.3s
[done 88/150] thread=6 global_idx=123 (g=8703,e=4,s=3) state_time=5112.6s best_idx=8 sims=151474 N=49 K=10 eta=12362.1s
[start 100/150] thread=6 global_idx=149 (g=2788,e=5,s=13) elapsed=17546.2s
[done 89/150] thread=3 global_idx=137 (g=4892,e=6,s=10) state_time=2517.5s best_idx=2 sims=58380 N=101 K=21 eta=12081.9s
[start 101/150] thread=3 global_idx=150 (g=4360,e=7,s=4) elapsed=17627.7s
[done 90/150] thread=11 global_idx=134 (g=1158,e=6,s=8) state_time=3175.5s best_idx=58 sims=85314 N=65 K=13 eta=11874.5s
[start 102/150] thread=11 global_idx=151 (g=8248,e=7,s=13) elapsed=17811.8s
[done 91/150] thread=5 global_idx=126 (g=4651,e=6,s=5) state_time=4913.6s best_idx=42 sims=130264 N=71 K=15 eta=11800.7s
[start 103/150] thread=5 global_idx=152 (g=2081,e=5,s=9) elapsed=18201.1s
[done 92/150] thread=11 global_idx=151 (g=8248,e=7,s=13) state_time=554.5s best_idx=28 sims=9503 N=59 K=12 eta=11578.7s
[start 104/150] thread=11 global_idx=153 (g=1265,e=4,s=5) elapsed=18366.3s
[done 93/150] thread=1 global_idx=143 (g=4526,e=5,s=9) state_time=2574.0s best_idx=34 sims=68147 N=65 K=13 eta=11378.0s
[start 105/150] thread=1 global_idx=154 (g=3677,e=7,s=15) elapsed=18564.1s
[done 94/150] thread=1 global_idx=154 (g=3677,e=7,s=15) state_time=4.4s best_idx=55 sims=75 N=75 K=15 eta=11062.1s
[start 106/150] thread=1 global_idx=155 (g=477,e=2,s=10) elapsed=18568.5s
[done 95/150] thread=0 global_idx=139 (g=2084,e=7,s=10) state_time=3458.8s best_idx=82 sims=69266 N=113 K=23 eta=10906.7s
[start 107/150] thread=0 global_idx=156 (g=8462,e=7,s=13) elapsed=18838.8s
[done 96/150] thread=6 global_idx=149 (g=2788,e=5,s=13) state_time=1978.2s best_idx=58 sims=27742 N=139 K=28 eta=10982.5s
[start 108/150] thread=6 global_idx=157 (g=3186,e=1,s=11) elapsed=19524.5s
[done 97/150] thread=7 global_idx=148 (g=4159,e=5,s=11) state_time=2522.3s best_idx=37 sims=49727 N=103 K=21 eta=10732.0s
[start 109/150] thread=7 global_idx=158 (g=8936,e=4,s=15) elapsed=19641.6s
[done 98/150] thread=7 global_idx=158 (g=8936,e=4,s=15) state_time=10.2s best_idx=9 sims=145 N=145 K=29 eta=10427.4s
[start 110/150] thread=7 global_idx=159 (g=966,e=6,s=3) elapsed=19651.7s
[done 99/150] thread=9 global_idx=135 (g=6520,e=1,s=5) state_time=5009.0s best_idx=35 sims=130319 N=75 K=15 eta=10197.1s
[start 111/150] thread=9 global_idx=160 (g=232,e=1,s=13) elapsed=19794.5s
[done 100/150] thread=9 global_idx=160 (g=232,e=1,s=13) state_time=411.7s best_idx=1 sims=7002 N=59 K=12 eta=10103.1s
[start 112/150] thread=9 global_idx=161 (g=3968,e=6,s=10) elapsed=20206.1s
[done 101/150] thread=4 global_idx=141 (g=5272,e=2,s=4) state_time=4815.6s best_idx=10 sims=138006 N=53 K=11 eta=9839.5s
[start 113/150] thread=4 global_idx=162 (g=2440,e=2,s=5) elapsed=20281.4s
[done 102/150] thread=10 global_idx=132 (g=9260,e=7,s=2) state_time=5869.6s best_idx=44 sims=168317 N=49 K=10 eta=9560.3s
[start 114/150] thread=10 global_idx=163 (g=1624,e=6,s=15) elapsed=20315.7s
[done 103/150] thread=10 global_idx=163 (g=1624,e=6,s=15) state_time=5.6s best_idx=2 sims=91 N=91 K=19 eta=9272.8s
[start 115/150] thread=10 global_idx=164 (g=9851,e=7,s=8) elapsed=20321.3s
[done 104/150] thread=5 global_idx=152 (g=2081,e=5,s=9) state_time=2282.9s best_idx=11 sims=64992 N=53 K=11 eta=9060.2s
[start 116/150] thread=5 global_idx=165 (g=9879,e=2,s=15) elapsed=20484.0s
[done 105/150] thread=5 global_idx=165 (g=9879,e=2,s=15) state_time=7.9s best_idx=0 sims=117 N=117 K=24 eta=8782.2s
[start 117/150] thread=5 global_idx=166 (g=9832,e=1,s=9) elapsed=20491.9s
[done 106/150] thread=0 global_idx=156 (g=8462,e=7,s=13) state_time=1674.3s best_idx=61 sims=25621 N=115 K=23 eta=8514.9s
[start 118/150] thread=0 global_idx=167 (g=4221,e=2,s=14) elapsed=20513.1s
[done 107/150] thread=0 global_idx=167 (g=4221,e=2,s=14) state_time=283.3s best_idx=92 sims=3887 N=145 K=29 eta=8357.5s
[start 119/150] thread=0 global_idx=168 (g=1999,e=2,s=5) elapsed=20796.5s
[done 108/150] thread=2 global_idx=144 (g=6392,e=2,s=5) state_time=4790.1s best_idx=35 sims=128337 N=75 K=15 eta=8141.1s
[start 120/150] thread=2 global_idx=169 (g=99,e=4,s=13) elapsed=20934.1s
[done 109/150] thread=8 global_idx=146 (g=5259,e=3,s=8) state_time=4126.5s best_idx=63 sims=94220 N=97 K=20 eta=7926.0s
[start 121/150] thread=8 global_idx=170 (g=964,e=0,s=8) elapsed=21071.5s
[done 110/150] thread=1 global_idx=155 (g=477,e=2,s=10) state_time=2655.8s best_idx=1 sims=61587 N=81 K=17 eta=7717.9s
[start 122/150] thread=1 global_idx=171 (g=6357,e=7,s=5) elapsed=21224.3s
[done 111/150] thread=2 global_idx=169 (g=99,e=4,s=13) state_time=304.5s best_idx=6 sims=5291 N=57 K=12 eta=7462.2s
[start 123/150] thread=2 global_idx=172 (g=632,e=7,s=12) elapsed=21238.6s
[done 112/150] thread=6 global_idx=157 (g=3186,e=1,s=11) state_time=1969.0s best_idx=49 sims=42967 N=119 K=24 eta=7292.4s
[start 124/150] thread=6 global_idx=173 (g=3130,e=2,s=11) elapsed=21493.4s
[done 113/150] thread=9 global_idx=161 (g=3968,e=6,s=10) state_time=1840.8s best_idx=1 sims=51586 N=49 K=10 eta=7218.9s
[start 125/150] thread=9 global_idx=174 (g=2941,e=4,s=13) elapsed=22046.9s
[done 114/150] thread=2 global_idx=172 (g=632,e=7,s=12) state_time=1328.1s best_idx=41 sims=27891 N=81 K=17 eta=7126.3s
[start 126/150] thread=2 global_idx=175 (g=6374,e=0,s=11) elapsed=22566.7s
[done 115/150] thread=3 global_idx=150 (g=4360,e=7,s=4) state_time=5041.5s best_idx=44 sims=141206 N=59 K=12 eta=6899.3s
[start 127/150] thread=3 global_idx=176 (g=156,e=7,s=14) elapsed=22669.1s
[done 116/150] thread=3 global_idx=176 (g=156,e=7,s=14) state_time=313.9s best_idx=98 sims=4301 N=145 K=29 eta=6736.4s
[start 128/150] thread=3 global_idx=177 (g=1570,e=1,s=4) elapsed=22983.0s
[done 117/150] thread=11 global_idx=153 (g=1265,e=4,s=5) state_time=4631.5s best_idx=36 sims=126988 N=71 K=15 eta=6486.5s
[start 129/150] thread=11 global_idx=178 (g=7117,e=6,s=12) elapsed=22997.7s
[done 118/150] thread=6 global_idx=173 (g=3130,e=2,s=11) state_time=2202.8s best_idx=54 sims=46991 N=91 K=19 eta=6426.1s
[start 130/150] thread=6 global_idx=179 (g=6164,e=7,s=6) elapsed=23696.3s
[done 119/150] thread=11 global_idx=178 (g=7117,e=6,s=12) state_time=828.0s best_idx=37 sims=20865 N=49 K=10 eta=6206.7s
[start 131/150] thread=11 global_idx=180 (g=4376,e=5,s=5) elapsed=23825.8s
[done 120/150] thread=10 global_idx=164 (g=9851,e=7,s=8) state_time=3553.1s best_idx=6 sims=88314 N=81 K=17 eta=5968.6s
[start 132/150] thread=10 global_idx=181 (g=4444,e=0,s=12) elapsed=23874.4s
[done 121/150] thread=9 global_idx=174 (g=2941,e=4,s=13) state_time=1858.4s best_idx=14 sims=27860 N=125 K=25 eta=5729.4s
[start 133/150] thread=9 global_idx=182 (g=5083,e=5,s=6) elapsed=23905.4s
[done 122/150] thread=8 global_idx=170 (g=964,e=0,s=8) state_time=3020.0s best_idx=46 sims=82642 N=63 K=13 eta=5529.2s
[start 134/150] thread=8 global_idx=183 (g=894,e=4,s=13) elapsed=24091.5s
[done 123/150] thread=5 global_idx=166 (g=9832,e=1,s=9) state_time=3620.0s best_idx=45 sims=79034 N=103 K=21 eta=5292.9s
[start 135/150] thread=5 global_idx=184 (g=8445,e=1,s=11) elapsed=24111.9s
[done 124/150] thread=2 global_idx=175 (g=6374,e=0,s=11) state_time=2017.6s best_idx=79 sims=43286 N=113 K=23 eta=5154.8s
[start 136/150] thread=2 global_idx=185 (g=7871,e=7,s=15) elapsed=24584.4s
[done 125/150] thread=2 global_idx=185 (g=7871,e=7,s=15) state_time=11.0s best_idx=35 sims=151 N=151 K=31 eta=4919.1s
[start 137/150] thread=2 global_idx=186 (g=8198,e=0,s=4) elapsed=24595.4s
[done 126/150] thread=7 global_idx=159 (g=966,e=6,s=3) state_time=5352.8s best_idx=17 sims=153906 N=55 K=11 eta=4762.8s
[start 138/150] thread=7 global_idx=187 (g=6829,e=6,s=13) elapsed=25004.5s
[done 127/150] thread=0 global_idx=168 (g=1999,e=2,s=5) state_time=4316.8s best_idx=8 sims=124637 N=53 K=11 eta=4548.1s
[start 139/150] thread=0 global_idx=188 (g=4702,e=2,s=8) elapsed=25113.3s
[done 128/150] thread=4 global_idx=162 (g=2440,e=2,s=5) state_time=4887.3s best_idx=58 sims=129412 N=71 K=15 eta=4325.9s
[start 140/150] thread=4 global_idx=189 (g=4058,e=3,s=5) elapsed=25168.7s
[done 129/150] thread=7 global_idx=187 (g=6829,e=6,s=13) state_time=212.7s best_idx=46 sims=3706 N=53 K=11 eta=4105.1s
[start 141/150] thread=7 global_idx=190 (g=7591,e=4,s=13) elapsed=25217.2s
[done 130/150] thread=10 global_idx=181 (g=4444,e=0,s=12) state_time=1397.4s best_idx=28 sims=29446 N=75 K=15 eta=3888.0s
[start 142/150] thread=10 global_idx=191 (g=1445,e=7,s=8) elapsed=25271.8s
[done 131/150] thread=8 global_idx=183 (g=894,e=4,s=13) state_time=1413.8s best_idx=60 sims=22355 N=105 K=21 eta=3699.2s
[start 143/150] thread=8 global_idx=192 (g=5373,e=5,s=13) elapsed=25505.3s
[done 132/150] thread=7 global_idx=190 (g=7591,e=4,s=13) state_time=1110.1s best_idx=6 sims=17714 N=97 K=20 eta=3590.1s
[start 144/150] thread=7 global_idx=193 (g=5423,e=3,s=9) elapsed=26327.3s
[done 133/150] thread=1 global_idx=171 (g=6357,e=7,s=5) state_time=5114.5s best_idx=11 sims=132265 N=75 K=15 eta=3366.6s
[start 145/150] thread=1 global_idx=194 (g=1644,e=5,s=15) elapsed=26338.8s
[done 134/150] thread=1 global_idx=194 (g=1644,e=5,s=15) state_time=9.5s best_idx=3 sims=135 N=135 K=27 eta=3146.1s
[start 146/150] thread=1 global_idx=195 (g=6839,e=5,s=3) elapsed=26348.4s
[done 135/150] thread=5 global_idx=184 (g=8445,e=1,s=11) state_time=2523.1s best_idx=83 sims=51553 N=103 K=21 eta=2959.4s
[start 147/150] thread=5 global_idx=196 (g=1063,e=2,s=15) elapsed=26635.0s
[done 136/150] thread=5 global_idx=196 (g=1063,e=2,s=15) state_time=3.0s best_idx=34 sims=55 N=55 K=11 eta=2742.1s
[start 148/150] thread=5 global_idx=197 (g=3774,e=5,s=6) elapsed=26638.0s
[done 137/150] thread=8 global_idx=192 (g=5373,e=5,s=13) state_time=1348.5s best_idx=44 sims=20712 N=107 K=22 eta=2548.2s
[start 149/150] thread=8 global_idx=198 (g=7844,e=2,s=5) elapsed=26853.8s
[done 138/150] thread=6 global_idx=179 (g=6164,e=7,s=6) state_time=3817.8s best_idx=34 sims=109950 N=49 K=10 eta=2392.5s
[start 150/150] thread=6 global_idx=199 (g=5770,e=5,s=13) elapsed=27514.1s
[done 139/150] thread=3 global_idx=177 (g=1570,e=1,s=4) state_time=4796.0s best_idx=45 sims=138426 N=49 K=10 eta=2198.3s
[done 140/150] thread=0 global_idx=188 (g=4702,e=2,s=8) state_time=2841.6s best_idx=7 sims=80211 N=49 K=10 eta=1996.8s
[done 141/150] thread=6 global_idx=199 (g=5770,e=5,s=13) state_time=829.5s best_idx=36 sims=12884 N=91 K=19 eta=1809.2s
[done 142/150] thread=10 global_idx=191 (g=1445,e=7,s=8) state_time=3224.3s best_idx=0 sims=84851 N=65 K=13 eta=1605.4s
[done 143/150] thread=11 global_idx=180 (g=4376,e=5,s=5) state_time=4722.6s best_idx=57 sims=128239 N=75 K=15 eta=1397.5s
[done 144/150] thread=9 global_idx=182 (g=5083,e=5,s=6) state_time=4758.0s best_idx=48 sims=119045 N=81 K=17 eta=1194.3s
[done 145/150] thread=2 global_idx=186 (g=8198,e=0,s=4) state_time=4902.3s best_idx=26 sims=140144 N=59 K=12 eta=1017.2s
[done 146/150] thread=7 global_idx=193 (g=5423,e=3,s=9) state_time=3544.3s best_idx=50 sims=77954 N=103 K=21 eta=818.4s
[done 147/150] thread=4 global_idx=189 (g=4058,e=3,s=5) state_time=4786.2s best_idx=33 sims=129954 N=71 K=15 eta=611.3s
[done 148/150] thread=5 global_idx=197 (g=3774,e=5,s=6) state_time=4069.9s best_idx=47 sims=111903 N=65 K=13 eta=415.0s
[done 149/150] thread=8 global_idx=198 (g=7844,e=2,s=5) state_time=4810.4s best_idx=11 sims=130700 N=71 K=15 eta=212.5s
[done 150/150] thread=1 global_idx=195 (g=6839,e=5,s=3) state_time=5318.9s best_idx=45 sims=152714 N=55 K=11 eta=0.0s

=== Arm done: 150 states in 31667.3s ===
  [csv] wrote 150 records to reinvest_experiment/run200/A5/seed_46/reinvest_results_idx50.csv
  [csv] wrote 2612 cluster-assign rows to reinvest_experiment/run200/A5/seed_46/cluster_table_idx50.csv

=== Summary (A5) ===
  valid cases        = 150 / 150
  avg actual_sims    = 59360  (min=43, max=168317)
  avg time           = 2354.24s
