Running Reinvestment arm...

=== Reinvestment Arm: A9P5N (ClusterValue, depth 3) ===
  method             = ClusterValue
  depth              = 3
  playouts (P)       = 400
  rollouts/visit (R) = 10
  retention_rate     = 0.2
  ucb_c              = 1.41
  epsilon            = 0.3
  risk_lambda        = 0
  noisy_tree         = true
  n_states           = 500
  num_threads        = 24
  seed               = 46
  start_index        = 0
  max_positions      = 200
  load_positions_dir = test_positions500
  output_dir         = reinvest_experiment/sweepN/P400/A9P5N/seed_46
  [loader] 1 batch files in test_positions500
  [loader] loaded 500 positions
  Sampled 500 / 500 positions (seed=46)
  Sliced to [0, 200) = 200 positions
Finding Shot...
Finding Shot...
Finding Shot...
Finding Shot...
Finding Shot...
Finding Shot...
Finding Shot...
Finding Shot...
Finding Shot...
Finding Shot...
Finding Shot...
Finding Shot...
Finding Shot...
Finding Shot...
Finding Shot...
Finding Shot...
Finding Shot...
Finding Shot...
Finding Shot...
Finding Shot...
Finding Shot...
Finding Shot...
Finding Shot...
Finding Shot...
Finding Shot...
Finding Shot...
Finding Shot...
Finding Shot...
Finding Shot...
Finding Shot...
Finding Shot...
Finding Shot...
Finding Shot...
Finding Shot...
Finding Shot...
Finding Shot...
Finding Shot...
Finding Shot...
Finding Shot...
Finding Shot...
Finding Shot...
Finding Shot...
Finding Shot...
Finding Shot...
Finding Shot...
Finding Shot...
Finding Shot...
Finding Shot...
Finding Shot...
Finding Shot...
Finding Shot...
Finding Shot...
Finding Shot...
Finding Shot...
Finding Shot...
Finding Shot...
Finding Shot...
Finding Shot...
Finding Shot...
Finding Shot...
Finding Shot...
Finding Shot...
Finding Shot...
Finding Shot...
Finding Shot...
Finding Shot...
Finding Shot...
Finding Shot...
Finding Shot...
Finding Shot...
Finding Shot...
Finding Shot...
Finding Shot...
Finding Shot...
Finding Shot...
Finding Shot...
Finding Shot...
Finding Shot...
Finding Shot...
Finding Shot...
Finding Shot...
Finding Shot...
Finding Shot...
Finding Shot...
Finding Shot...
Finding Shot...
Finding Shot...
Finding Shot...
Finding Shot...
Finding Shot...
Finding Shot...
Finding Shot...
Finding Shot...
Finding Shot...
Finding Shot...
Finding Shot...
Finding Shot...
Finding Shot...
Finding Shot...
Finding Shot...
Finding Shot...
Finding Shot...
Finding Shot...
Finding Shot...
Finding Shot...
Finding Shot...
Finding Shot...
Finding Shot...
Finding Shot...
Finding Shot...
Finding Shot...
Finding Shot...
Finding Shot...
Finding Shot...
Finding Shot...
Finding Shot...
Finding Shot...
Finding Shot...
Finding Shot...
Finding Shot...
Finding Shot...
Finding Shot...
Finding Shot...
Finding Shot...
Finding Shot...
Finding Shot...
Finding Shot...
Finding Shot...
Finding Shot...
Finding Shot...
Finding Shot...
Finding Shot...
Finding Shot...
Finding Shot...
Finding Shot...
Finding Shot...
Finding Shot...
Finding Shot...
Finding Shot...
Finding Shot...
Finding Shot...
Finding Shot...
Finding Shot...
Finding Shot...
Finding Shot...
Finding Shot...
Finding Shot...
Finding Shot...
Finding Shot...
Finding Shot...
Finding Shot...
Finding Shot...
Finding Shot...
Finding Shot...
Finding Shot...
Finding Shot...
Finding Shot...
Finding Shot...
Finding Shot...
Finding Shot...
Finding Shot...
Finding Shot...
Finding Shot...
Finding Shot...
Finding Shot...
Finding Shot...
Finding Shot...
Finding Shot...
Finding Shot...
Finding Shot...
Finding Shot...
Finding Shot...
Finding Shot...
Finding Shot...
Finding Shot...
Finding Shot...
Finding Shot...
Finding Shot...
Finding Shot...
Finding Shot...
Finding Shot...
Finding Shot...
Finding Shot...
Finding Shot...
Finding Shot...
Finding Shot...
Finding Shot...
Finding Shot...
Finding Shot...
Finding Shot...
Finding Shot...
Finding Shot...
Finding Shot...
Finding Shot...
Finding Shot...
Finding Shot...
Finding Shot...
Finding Shot...
Finding Shot...
Finding Shot...
Finding Shot...
Finding Shot...
Finding Shot...
Finding Shot...
Finding Shot...
Finding Shot...
Finding Shot...
Finding Shot...
Finding Shot...
Finding Shot...
Finding Shot...
Finding Shot...
Finding Shot...
Finding Shot...
Finding Shot...
Finding Shot...
Finding Shot...
Finding Shot...
Finding Shot...
Finding Shot...
Finding Shot...
Finding Shot...
Finding Shot...
Finding Shot...
Finding Shot...
Finding Shot...
Finding Shot...
Finding Shot...
Finding Shot...
Finding Shot...
Finding Shot...
Finding Shot...
Finding Shot...
Finding Shot...
Finding Shot...
Finding Shot...
Finding Shot...
Finding Shot...
Finding Shot...
Finding Shot...
Finding Shot...
Finding Shot...
Finding Shot...
Finding Shot...
Finding Shot...
Finding Shot...
Finding Shot...
Finding Shot...
Finding Shot...
Finding Shot...
Finding Shot...
Finding Shot...
Finding Shot...
Finding Shot...
Finding Shot...
Finding Shot...
Finding Shot...
Finding Shot...
Finding Shot...
Finding Shot...
Finding Shot...
Finding Shot...
Finding Shot...
Finding Shot...
Finding Shot...
Finding Shot...
Finding Shot...
Finding Shot...
Finding Shot...
Finding Shot...
Finding Shot...
Finding Shot...
Finding Shot...
Finding Shot...
Finding Shot...
Finding Shot...
Finding Shot...
Finding Shot...
Finding Shot...
Finding Shot...
Finding Shot...
Finding Shot...
Finding Shot...
Finding Shot...
Finding Shot...
Finding Shot...
Finding Shot...
Finding Shot...
Finding Shot...
Finding Shot...
Finding Shot...
Finding Shot...
Finding Shot...
Finding Shot...
Finding Shot...
Finding Shot...
Finding Shot...
Finding Shot...
Finding Shot...
Finding Shot...
Finding Shot...
Finding Shot...
Finding Shot...
Finding Shot...
Finding Shot...
Finding Shot...
Finding Shot...
Finding Shot...
Finding Shot...
Finding Shot...
Finding Shot...
Finding Shot...
Finding Shot...
Finding Shot...
Finding Shot...
Finding Shot...
Finding Shot...
Finding Shot...
Finding Shot...
Finding Shot...
Finding Shot...
Finding Shot...
Finding Shot...
Finding Shot...
Finding Shot...
Finding Shot...
Finding Shot...
Finding Shot...
Finding Shot...
Finding Shot...
Finding Shot...
Finding Shot...
Finding Shot...
Finding Shot...
Finding Shot...
Finding Shot...
Finding Shot...
Finding Shot...
Finding Shot...
Finding Shot...
Finding Shot...
Finding Shot...
Finding Shot...
Finding Shot...
Finding Shot...
Finding Shot...
Finding Shot...
Finding Shot...
Finding Shot...
Finding Shot...
Finding Shot...
Finding Shot...
Finding Shot...
Finding Shot...
Finding Shot...
Finding Shot...
Finding Shot...
Finding Shot...
Finding Shot...
Finding Shot...
Finding Shot...
Finding Shot...
Finding Shot...
Finding Shot...
Finding Shot...
Finding Shot...
Finding Shot...
Finding Shot...
Finding Shot...
Finding Shot...
Finding Shot...
Finding Shot...
Finding Shot...
Finding Shot...
Finding Shot...
Finding Shot...
Finding Shot...
Finding Shot...
Finding Shot...
Finding Shot...
Finding Shot...
Finding Shot...
Finding Shot...
Finding Shot...
[start 1/200] thread=13 global_idx=0 (g=7977,e=6,s=14) elapsed=1.4s
[start 2/200] thread=12 global_idx=1 (g=3926,e=6,s=11) elapsed=1.4s
[start 3/200] thread=0 global_idx=2 (g=3883,e=1,s=14) elapsed=1.4s
[start 4/200] thread=6 global_idx=3 (g=9222,e=7,s=5) elapsed=1.4s
[start 5/200] thread=22 global_idx=4 (g=7881,e=2,s=15) elapsed=1.4s
[start 6/200] thread=18 global_idx=5 (g=6406,e=1,s=10) elapsed=1.4s
[start 7/200] thread=5 global_idx=6 (g=8452,e=5,s=15) elapsed=1.4s
[start 8/200] thread=1 global_idx=7 (g=1028,e=6,s=15) elapsed=1.4s
[start 9/200] thread=9 global_idx=8 (g=2596,e=1,s=14) elapsed=1.4s
[start 10/200] thread=10 global_idx=9 (g=4748,e=1,s=3) elapsed=1.4s
[start 11/200] thread=20 global_idx=10 (g=9206,e=3,s=13) elapsed=1.4s
[start 12/200] thread=11 global_idx=11 (g=5859,e=1,s=6) elapsed=1.5s
[start 13/200] thread=23 global_idx=12 (g=6871,e=4,s=5) elapsed=1.5s
[start 14/200] thread=4 global_idx=13 (g=7163,e=3,s=13) elapsed=1.5s
[start 15/200] thread=14 global_idx=14 (g=5807,e=0,s=8) elapsed=1.5s
[start 16/200] thread=3 global_idx=15 (g=5567,e=2,s=15) elapsed=1.5s
[start 17/200] thread=7 global_idx=16 (g=2507,e=3,s=11) elapsed=1.5s
[start 18/200] thread=16 global_idx=17 (g=7006,e=3,s=15) elapsed=1.5s
[start 19/200] thread=19 global_idx=18 (g=1984,e=6,s=4) elapsed=1.5s
[start 20/200] thread=17 global_idx=19 (g=1845,e=7,s=14) elapsed=1.5s
[start 21/200] thread=2 global_idx=20 (g=5780,e=2,s=6) elapsed=1.5s
[start 22/200] thread=8 global_idx=21 (g=8645,e=7,s=5) elapsed=1.5s
[start 23/200] thread=15 global_idx=22 (g=6132,e=0,s=13) elapsed=1.5s
[start 24/200] thread=21 global_idx=23 (g=3339,e=4,s=10) elapsed=1.5s
[done 1/200] thread=22 global_idx=4 (g=7881,e=2,s=15) state_time=29.6s best_idx=84 sims=529 N=129 K=8 eta=6183.3s
[start 25/200] thread=22 global_idx=24 (g=3566,e=6,s=14) elapsed=31.1s
[done 2/200] thread=1 global_idx=7 (g=1028,e=6,s=15) state_time=33.0s best_idx=135 sims=551 N=151 K=8 eta=3411.1s
[start 26/200] thread=1 global_idx=25 (g=5523,e=3,s=9) elapsed=34.5s
[done 3/200] thread=16 global_idx=17 (g=7006,e=3,s=15) state_time=34.1s best_idx=0 sims=545 N=145 K=8 eta=2335.3s
[start 27/200] thread=16 global_idx=26 (g=7015,e=5,s=14) elapsed=35.6s
[done 4/200] thread=3 global_idx=15 (g=5567,e=2,s=15) state_time=35.8s best_idx=0 sims=529 N=129 K=8 eta=1825.3s
[start 28/200] thread=3 global_idx=27 (g=743,e=7,s=3) elapsed=37.3s
[done 5/200] thread=5 global_idx=6 (g=8452,e=5,s=15) state_time=39.2s best_idx=150 sims=553 N=153 K=8 eta=1584.7s
[start 29/200] thread=5 global_idx=28 (g=1014,e=4,s=15) elapsed=40.6s
[done 6/200] thread=5 global_idx=28 (g=1014,e=4,s=15) state_time=22.5s best_idx=10 sims=461 N=61 K=8 eta=2040.3s
[start 30/200] thread=5 global_idx=29 (g=3900,e=0,s=10) elapsed=63.1s
[done 7/200] thread=0 global_idx=2 (g=3883,e=1,s=14) state_time=119.7s best_idx=18 sims=2742 N=37 K=8 eta=3341.3s
[start 31/200] thread=0 global_idx=30 (g=4543,e=6,s=5) elapsed=121.2s
[done 8/200] thread=17 global_idx=19 (g=1845,e=7,s=14) state_time=171.7s best_idx=44 sims=3661 N=55 K=8 eta=4154.7s
[start 32/200] thread=17 global_idx=31 (g=9231,e=5,s=14) elapsed=173.1s
[done 9/200] thread=17 global_idx=31 (g=9231,e=5,s=14) state_time=327.5s best_idx=49 sims=5871 N=101 K=8 eta=10623.8s
[start 33/200] thread=17 global_idx=32 (g=1825,e=5,s=7) elapsed=500.6s
[done 10/200] thread=13 global_idx=0 (g=7977,e=6,s=14) state_time=528.9s best_idx=79 sims=7980 N=145 K=8 eta=10076.2s
[start 34/200] thread=13 global_idx=33 (g=4062,e=4,s=15) elapsed=530.3s
[done 11/200] thread=22 global_idx=24 (g=3566,e=6,s=14) state_time=505.6s best_idx=67 sims=7265 N=129 K=8 eta=9220.8s
[start 35/200] thread=22 global_idx=34 (g=9882,e=2,s=11) elapsed=536.7s
[done 12/200] thread=9 global_idx=8 (g=2596,e=1,s=14) state_time=544.3s best_idx=46 sims=8051 N=145 K=8 eta=8550.3s
[start 36/200] thread=9 global_idx=35 (g=2998,e=6,s=14) elapsed=545.8s
[done 13/200] thread=13 global_idx=33 (g=4062,e=4,s=15) state_time=28.9s best_idx=35 sims=517 N=117 K=8 eta=8044.2s
[start 37/200] thread=13 global_idx=36 (g=1555,e=2,s=3) elapsed=559.2s
[done 14/200] thread=16 global_idx=26 (g=7015,e=5,s=14) state_time=563.2s best_idx=11 sims=8250 N=145 K=8 eta=7954.3s
[start 38/200] thread=16 global_idx=37 (g=4372,e=4,s=14) elapsed=598.7s
[done 15/200] thread=20 global_idx=10 (g=9206,e=3,s=13) state_time=663.6s best_idx=34 sims=10906 N=49 K=8 eta=8202.6s
[start 39/200] thread=20 global_idx=38 (g=3732,e=7,s=7) elapsed=665.1s
[done 16/200] thread=16 global_idx=37 (g=4372,e=4,s=14) state_time=152.3s best_idx=18 sims=3381 N=49 K=8 eta=8636.9s
[start 40/200] thread=16 global_idx=39 (g=3858,e=5,s=5) elapsed=751.0s
[done 17/200] thread=4 global_idx=13 (g=7163,e=3,s=13) state_time=1045.2s best_idx=64 sims=16099 N=85 K=8 eta=11266.9s
[start 41/200] thread=4 global_idx=40 (g=1938,e=0,s=14) elapsed=1046.7s
[done 18/200] thread=9 global_idx=35 (g=2998,e=6,s=14) state_time=530.1s best_idx=66 sims=7949 N=145 K=8 eta=10878.3s
[start 42/200] thread=9 global_idx=41 (g=9112,e=3,s=9) elapsed=1075.9s
[done 19/200] thread=4 global_idx=40 (g=1938,e=0,s=14) state_time=316.9s best_idx=54 sims=5582 N=93 K=8 eta=12989.3s
[start 43/200] thread=4 global_idx=42 (g=4157,e=3,s=12) elapsed=1363.5s
[done 20/200] thread=15 global_idx=22 (g=6132,e=0,s=13) state_time=1536.5s best_idx=19 sims=21624 N=87 K=8 eta=13841.4s
[start 44/200] thread=15 global_idx=43 (g=7373,e=1,s=11) elapsed=1537.9s
[done 21/200] thread=7 global_idx=16 (g=2507,e=3,s=11) state_time=4136.6s best_idx=40 sims=81690 N=107 K=8 eta=35271.7s
[start 45/200] thread=7 global_idx=44 (g=7173,e=4,s=15) elapsed=4138.0s
[done 22/200] thread=7 global_idx=44 (g=7173,e=4,s=15) state_time=35.0s best_idx=135 sims=551 N=151 K=8 eta=33763.6s
[start 46/200] thread=7 global_idx=45 (g=196,e=4,s=4) elapsed=4173.0s
[done 23/200] thread=4 global_idx=42 (g=4157,e=3,s=12) state_time=2960.1s best_idx=36 sims=52553 N=107 K=8 eta=33273.3s
[start 47/200] thread=4 global_idx=46 (g=2630,e=2,s=14) elapsed=4323.7s
[done 24/200] thread=4 global_idx=46 (g=2630,e=2,s=14) state_time=185.6s best_idx=6 sims=3923 N=59 K=8 eta=33068.1s
[start 48/200] thread=4 global_idx=47 (g=5731,e=2,s=10) elapsed=4509.3s
[done 25/200] thread=5 global_idx=29 (g=3900,e=0,s=10) state_time=4829.6s best_idx=6 sims=105696 N=55 K=8 eta=34248.8s
[start 49/200] thread=5 global_idx=48 (g=9518,e=4,s=5) elapsed=4892.7s
[done 26/200] thread=12 global_idx=1 (g=3926,e=6,s=11) state_time=5144.9s best_idx=65 sims=89495 N=123 K=8 eta=34440.9s
[start 50/200] thread=12 global_idx=49 (g=8211,e=7,s=12) elapsed=5146.3s
[done 27/200] thread=18 global_idx=5 (g=6406,e=1,s=10) state_time=5190.3s best_idx=2 sims=106705 N=59 K=8 eta=33265.5s
[start 51/200] thread=18 global_idx=50 (g=5392,e=3,s=13) elapsed=5191.7s
[done 28/200] thread=22 global_idx=34 (g=9882,e=2,s=11) state_time=4672.6s best_idx=46 sims=86359 N=109 K=8 eta=31999.5s
[start 52/200] thread=22 global_idx=51 (g=4262,e=4,s=2) elapsed=5209.2s
[done 29/200] thread=21 global_idx=23 (g=3339,e=4,s=10) state_time=5498.6s best_idx=2 sims=111321 N=71 K=8 eta=32431.2s
[start 53/200] thread=21 global_idx=52 (g=6230,e=1,s=12) elapsed=5500.0s
[done 30/200] thread=15 global_idx=43 (g=7373,e=1,s=11) state_time=4754.8s best_idx=59 sims=88439 N=103 K=8 eta=35658.6s
[start 54/200] thread=15 global_idx=53 (g=3543,e=4,s=7) elapsed=6292.7s
[done 31/200] thread=18 global_idx=50 (g=5392,e=3,s=13) state_time=2314.7s best_idx=87 sims=29281 N=135 K=8 eta=40922.4s
[start 55/200] thread=18 global_idx=54 (g=1784,e=6,s=5) elapsed=7506.5s
[done 32/200] thread=21 global_idx=52 (g=6230,e=1,s=12) state_time=2012.3s best_idx=34 sims=41517 N=49 K=8 eta=39439.5s
[start 56/200] thread=21 global_idx=55 (g=4905,e=4,s=14) elapsed=7512.3s
[done 33/200] thread=12 global_idx=49 (g=8211,e=7,s=12) state_time=2579.7s best_idx=64 sims=48538 N=79 K=8 eta=39098.5s
[start 57/200] thread=12 global_idx=56 (g=3837,e=2,s=10) elapsed=7726.1s
[done 34/200] thread=21 global_idx=55 (g=4905,e=4,s=14) state_time=285.9s best_idx=37 sims=5607 N=101 K=8 eta=38073.4s
[start 58/200] thread=21 global_idx=57 (g=2854,e=0,s=15) elapsed=7798.2s
[done 35/200] thread=21 global_idx=57 (g=2854,e=0,s=15) state_time=23.6s best_idx=92 sims=503 N=103 K=8 eta=36874.3s
[start 59/200] thread=21 global_idx=58 (g=1221,e=1,s=10) elapsed=7821.8s
[done 36/200] thread=9 global_idx=41 (g=9112,e=3,s=9) state_time=6794.4s best_idx=37 sims=142405 N=75 K=8 eta=35853.6s
[start 60/200] thread=9 global_idx=59 (g=7301,e=6,s=14) elapsed=7870.3s
[done 37/200] thread=1 global_idx=25 (g=5523,e=3,s=9) state_time=8027.8s best_idx=55 sims=151256 N=103 K=8 eta=35517.7s
[start 61/200] thread=1 global_idx=60 (g=5248,e=0,s=3) elapsed=8062.3s
[done 38/200] thread=9 global_idx=59 (g=7301,e=6,s=14) state_time=553.0s best_idx=3 sims=8093 N=145 K=8 eta=35910.1s
[start 62/200] thread=9 global_idx=61 (g=2545,e=3,s=15) elapsed=8423.4s
[done 39/200] thread=9 global_idx=61 (g=2545,e=3,s=15) state_time=21.2s best_idx=0 sims=461 N=61 K=8 eta=34860.9s
[start 63/200] thread=9 global_idx=62 (g=6335,e=1,s=11) elapsed=8444.6s
[done 40/200] thread=14 global_idx=14 (g=5807,e=0,s=8) state_time=8948.4s best_idx=29 sims=179310 N=81 K=8 eta=35799.5s
[start 64/200] thread=14 global_idx=63 (g=8275,e=4,s=5) elapsed=8949.9s
[done 41/200] thread=4 global_idx=47 (g=5731,e=2,s=10) state_time=4647.7s best_idx=13 sims=101916 N=43 K=8 eta=35511.3s
[start 65/200] thread=4 global_idx=64 (g=963,e=5,s=13) elapsed=9157.0s
[done 42/200] thread=20 global_idx=38 (g=3732,e=7,s=7) state_time=9014.1s best_idx=8 sims=198029 N=49 K=8 eta=36412.1s
[start 66/200] thread=20 global_idx=65 (g=176,e=5,s=11) elapsed=9679.2s
[done 43/200] thread=4 global_idx=64 (g=963,e=5,s=13) state_time=1231.6s best_idx=87 sims=18475 N=89 K=8 eta=37930.4s
[start 67/200] thread=4 global_idx=66 (g=2199,e=1,s=13) elapsed=10388.6s
[done 44/200] thread=2 global_idx=20 (g=5780,e=2,s=6) state_time=10682.2s best_idx=35 sims=229860 N=49 K=8 eta=37878.5s
[start 68/200] thread=2 global_idx=67 (g=8298,e=3,s=11) elapsed=10683.7s
[done 45/200] thread=17 global_idx=32 (g=1825,e=5,s=7) state_time=10421.1s best_idx=53 sims=208890 N=77 K=8 eta=37619.3s
[start 69/200] thread=17 global_idx=68 (g=6729,e=2,s=14) elapsed=10921.7s
[done 46/200] thread=6 global_idx=3 (g=9222,e=7,s=5) state_time=11406.4s best_idx=13 sims=251386 N=37 K=8 eta=38191.6s
[start 70/200] thread=6 global_idx=69 (g=8119,e=5,s=4) elapsed=11407.9s
[done 47/200] thread=17 global_idx=68 (g=6729,e=2,s=14) state_time=508.1s best_idx=6 sims=7722 N=135 K=8 eta=37207.8s
[start 71/200] thread=17 global_idx=70 (g=8189,e=0,s=14) elapsed=11429.8s
[done 48/200] thread=11 global_idx=11 (g=5859,e=1,s=6) state_time=11554.7s best_idx=42 sims=235073 N=65 K=8 eta=36594.6s
[start 72/200] thread=11 global_idx=71 (g=9791,e=0,s=8) elapsed=11556.2s
[done 49/200] thread=17 global_idx=70 (g=8189,e=0,s=14) state_time=169.6s best_idx=34 sims=3602 N=55 K=8 eta=35745.3s
[start 73/200] thread=17 global_idx=72 (g=5487,e=5,s=5) elapsed=11599.5s
[done 50/200] thread=9 global_idx=62 (g=6335,e=1,s=11) state_time=3493.9s best_idx=34 sims=74098 N=53 K=8 eta=35815.3s
[start 74/200] thread=9 global_idx=73 (g=4950,e=0,s=15) elapsed=11938.4s
[done 51/200] thread=9 global_idx=73 (g=4950,e=0,s=15) state_time=19.5s best_idx=35 sims=471 N=71 K=8 eta=34936.0s
[start 75/200] thread=9 global_idx=74 (g=9143,e=3,s=7) elapsed=11958.0s
[done 52/200] thread=4 global_idx=66 (g=2199,e=1,s=13) state_time=2353.2s best_idx=14 sims=30061 N=119 K=8 eta=36265.1s
[start 76/200] thread=4 global_idx=75 (g=4517,e=4,s=13) elapsed=12741.8s
[done 53/200] thread=0 global_idx=30 (g=4543,e=6,s=5) state_time=12720.9s best_idx=45 sims=268143 N=71 K=8 eta=35618.6s
[start 77/200] thread=0 global_idx=76 (g=2994,e=5,s=10) elapsed=12842.1s
[done 54/200] thread=23 global_idx=12 (g=6871,e=4,s=5) state_time=13065.8s best_idx=11 sims=269246 N=71 K=8 eta=35330.1s
[start 78/200] thread=23 global_idx=77 (g=961,e=6,s=13) elapsed=13067.3s
[done 55/200] thread=8 global_idx=21 (g=8645,e=7,s=5) state_time=13120.3s best_idx=34 sims=270183 N=71 K=8 eta=34593.6s
[start 79/200] thread=8 global_idx=78 (g=1566,e=1,s=3) elapsed=13121.7s
[done 56/200] thread=12 global_idx=56 (g=3837,e=2,s=10) state_time=5642.6s best_idx=37 sims=112408 N=71 K=8 eta=34376.5s
[start 80/200] thread=12 global_idx=79 (g=1686,e=6,s=15) elapsed=13368.6s
[done 57/200] thread=12 global_idx=79 (g=1686,e=6,s=15) state_time=18.6s best_idx=0 sims=449 N=49 K=8 eta=33585.6s
[start 81/200] thread=12 global_idx=80 (g=1201,e=0,s=6) elapsed=13387.3s
[done 58/200] thread=19 global_idx=18 (g=1984,e=6,s=4) state_time=13962.2s best_idx=46 sims=294495 N=59 K=8 eta=34186.9s
[start 82/200] thread=19 global_idx=81 (g=5494,e=4,s=5) elapsed=13963.7s
[done 59/200] thread=20 global_idx=65 (g=176,e=5,s=11) state_time=4897.7s best_idx=29 sims=87970 N=97 K=8 eta=34836.2s
[start 83/200] thread=20 global_idx=82 (g=2492,e=4,s=15) elapsed=14576.8s
[done 60/200] thread=16 global_idx=39 (g=3858,e=5,s=5) state_time=13836.3s best_idx=17 sims=273012 N=75 K=8 eta=34037.1s
[start 84/200] thread=16 global_idx=83 (g=8959,e=1,s=11) elapsed=14587.3s
[done 61/200] thread=20 global_idx=82 (g=2492,e=4,s=15) state_time=23.6s best_idx=2 sims=475 N=75 K=8 eta=33269.8s
[start 85/200] thread=20 global_idx=84 (g=1671,e=0,s=15) elapsed=14600.4s
[done 62/200] thread=20 global_idx=84 (g=1671,e=0,s=15) state_time=25.9s best_idx=76 sims=517 N=117 K=8 eta=32555.3s
[start 86/200] thread=20 global_idx=85 (g=1385,e=7,s=11) elapsed=14626.3s
[done 63/200] thread=4 global_idx=75 (g=4517,e=4,s=13) state_time=2207.2s best_idx=85 sims=28045 N=123 K=8 eta=32508.2s
[start 87/200] thread=4 global_idx=86 (g=6872,e=1,s=14) elapsed=14949.0s
[done 64/200] thread=10 global_idx=9 (g=4748,e=1,s=3) state_time=14950.9s best_idx=4 sims=321565 N=49 K=8 eta=31773.8s
[start 88/200] thread=10 global_idx=87 (g=8785,e=1,s=4) elapsed=14952.4s
[done 65/200] thread=23 global_idx=77 (g=961,e=6,s=13) state_time=1989.3s best_idx=11 sims=26256 N=139 K=8 eta=31271.4s
[start 89/200] thread=23 global_idx=88 (g=1835,e=0,s=15) elapsed=15056.6s
[done 66/200] thread=23 global_idx=88 (g=1835,e=0,s=15) state_time=13.8s best_idx=56 sims=469 N=69 K=8 eta=30597.4s
[start 90/200] thread=23 global_idx=89 (g=6216,e=7,s=8) elapsed=15070.4s
[done 67/200] thread=21 global_idx=58 (g=1221,e=1,s=10) state_time=7379.9s best_idx=68 sims=127420 N=113 K=8 eta=30176.6s
[start 91/200] thread=21 global_idx=90 (g=8471,e=6,s=5) elapsed=15201.8s
[done 68/200] thread=15 global_idx=53 (g=3543,e=4,s=7) state_time=9048.1s best_idx=10 sims=199601 N=55 K=8 eta=29779.2s
[start 92/200] thread=15 global_idx=91 (g=256,e=3,s=12) elapsed=15340.8s
[done 69/200] thread=3 global_idx=27 (g=743,e=7,s=3) state_time=15428.6s best_idx=5 sims=325483 N=55 K=8 eta=29362.8s
[start 93/200] thread=3 global_idx=92 (g=5778,e=2,s=9) elapsed=15465.9s
[done 70/200] thread=4 global_idx=86 (g=6872,e=1,s=14) state_time=527.5s best_idx=84 sims=7585 N=135 K=8 eta=28742.1s
[start 94/200] thread=4 global_idx=93 (g=6320,e=4,s=15) elapsed=15476.5s
[done 71/200] thread=4 global_idx=93 (g=6320,e=4,s=15) state_time=24.3s best_idx=64 sims=503 N=103 K=8 eta=28163.4s
[start 95/200] thread=4 global_idx=94 (g=1638,e=4,s=11) elapsed=15500.8s
[done 72/200] thread=13 global_idx=36 (g=1555,e=2,s=3) state_time=15058.6s best_idx=17 sims=323587 N=55 K=8 eta=27765.1s
[start 96/200] thread=13 global_idx=95 (g=2310,e=6,s=15) elapsed=15617.9s
[done 73/200] thread=2 global_idx=67 (g=8298,e=3,s=11) state_time=4963.7s best_idx=79 sims=88274 N=119 K=8 eta=27222.2s
[start 97/200] thread=2 global_idx=96 (g=7921,e=5,s=4) elapsed=15647.4s
[done 74/200] thread=13 global_idx=95 (g=2310,e=6,s=15) state_time=30.0s best_idx=55 sims=535 N=135 K=8 eta=26643.7s
[start 98/200] thread=13 global_idx=97 (g=1361,e=1,s=12) elapsed=15647.9s
[done 75/200] thread=5 global_idx=48 (g=9518,e=4,s=5) state_time=12676.8s best_idx=39 sims=271069 N=71 K=8 eta=29282.4s
[start 99/200] thread=5 global_idx=98 (g=5041,e=1,s=8) elapsed=17569.5s
[done 76/200] thread=7 global_idx=45 (g=196,e=4,s=4) state_time=13421.7s best_idx=35 sims=289759 N=49 K=8 eta=28707.2s
[start 100/200] thread=7 global_idx=99 (g=5033,e=7,s=5) elapsed=17594.7s
[done 77/200] thread=13 global_idx=97 (g=1361,e=1,s=12) state_time=2197.2s best_idx=45 sims=44040 N=59 K=8 eta=28505.8s
[start 101/200] thread=13 global_idx=100 (g=5022,e=1,s=15) elapsed=17845.1s
[done 78/200] thread=13 global_idx=100 (g=5022,e=1,s=15) state_time=23.6s best_idx=7 sims=489 N=89 K=8 eta=27948.5s
[start 102/200] thread=13 global_idx=101 (g=9907,e=7,s=9) elapsed=17868.7s
[done 79/200] thread=15 global_idx=91 (g=256,e=3,s=12) state_time=2568.6s best_idx=48 sims=48898 N=77 K=8 eta=27430.9s
[start 103/200] thread=15 global_idx=102 (g=8627,e=2,s=12) elapsed=17909.4s
[done 80/200] thread=16 global_idx=83 (g=8959,e=1,s=11) state_time=4715.5s best_idx=44 sims=86184 N=97 K=8 eta=28954.2s
[start 104/200] thread=16 global_idx=103 (g=1641,e=6,s=10) elapsed=19302.8s
[done 81/200] thread=20 global_idx=85 (g=1385,e=7,s=11) state_time=4879.1s best_idx=83 sims=89770 N=103 K=8 eta=28656.2s
[start 105/200] thread=20 global_idx=104 (g=7249,e=2,s=15) elapsed=19505.4s
[done 82/200] thread=20 global_idx=104 (g=7249,e=2,s=15) state_time=28.6s best_idx=0 sims=539 N=139 K=8 eta=28109.9s
[start 106/200] thread=20 global_idx=105 (g=4837,e=7,s=2) elapsed=19534.0s
[done 83/200] thread=11 global_idx=71 (g=9791,e=0,s=8) state_time=7989.5s best_idx=34 sims=170119 N=55 K=8 eta=27552.3s
[start 107/200] thread=11 global_idx=106 (g=1039,e=2,s=15) elapsed=19545.7s
[done 84/200] thread=11 global_idx=106 (g=1039,e=2,s=15) state_time=13.3s best_idx=35 sims=443 N=43 K=8 eta=27009.9s
[start 108/200] thread=11 global_idx=107 (g=7846,e=3,s=10) elapsed=19558.9s
[done 85/200] thread=0 global_idx=76 (g=2994,e=5,s=10) state_time=6970.3s best_idx=0 sims=124752 N=113 K=8 eta=26804.9s
[start 109/200] thread=0 global_idx=108 (g=5246,e=2,s=5) elapsed=19812.3s
[done 86/200] thread=4 global_idx=94 (g=1638,e=4,s=11) state_time=4877.6s best_idx=66 sims=89774 N=103 K=8 eta=27013.3s
[start 110/200] thread=4 global_idx=109 (g=4166,e=2,s=12) elapsed=20378.4s
[done 87/200] thread=18 global_idx=54 (g=1784,e=6,s=5) state_time=13150.4s best_idx=38 sims=269614 N=71 K=8 eta=26830.2s
[start 111/200] thread=18 global_idx=110 (g=6533,e=4,s=6) elapsed=20656.9s
[done 88/200] thread=15 global_idx=102 (g=8627,e=2,s=12) state_time=3443.1s best_idx=83 sims=58109 N=103 K=8 eta=27176.0s
[start 112/200] thread=15 global_idx=111 (g=5721,e=0,s=12) elapsed=21352.6s
[done 89/200] thread=22 global_idx=51 (g=4262,e=4,s=2) state_time=16588.7s best_idx=34 sims=353391 N=49 K=8 eta=27186.2s
[start 113/200] thread=22 global_idx=112 (g=4463,e=7,s=9) elapsed=21798.0s
[done 90/200] thread=14 global_idx=63 (g=8275,e=4,s=5) state_time=13206.4s best_idx=45 sims=269978 N=71 K=8 eta=27079.9s
[start 114/200] thread=14 global_idx=113 (g=5606,e=2,s=14) elapsed=22156.3s
[done 91/200] thread=9 global_idx=74 (g=9143,e=3,s=7) state_time=10306.9s best_idx=0 sims=208819 N=81 K=8 eta=26669.0s
[start 115/200] thread=9 global_idx=114 (g=1123,e=4,s=3) elapsed=22264.9s
[done 92/200] thread=14 global_idx=113 (g=5606,e=2,s=14) state_time=494.9s best_idx=46 sims=7758 N=139 K=8 eta=26590.5s
[start 116/200] thread=14 global_idx=115 (g=8113,e=3,s=15) elapsed=22651.2s
[done 93/200] thread=14 global_idx=115 (g=8113,e=3,s=15) state_time=21.2s best_idx=0 sims=469 N=69 K=8 eta=26085.4s
[start 117/200] thread=14 global_idx=116 (g=716,e=6,s=7) elapsed=22672.4s
[done 94/200] thread=4 global_idx=109 (g=4166,e=2,s=12) state_time=2362.2s best_idx=52 sims=46103 N=75 K=8 eta=25643.7s
[start 118/200] thread=4 global_idx=117 (g=459,e=3,s=5) elapsed=22740.6s
[done 95/200] thread=23 global_idx=89 (g=6216,e=7,s=8) state_time=7978.7s best_idx=48 sims=168539 N=55 K=8 eta=25475.3s
[start 119/200] thread=23 global_idx=118 (g=9287,e=7,s=12) elapsed=23049.1s
[done 96/200] thread=1 global_idx=60 (g=5248,e=0,s=3) state_time=15083.2s best_idx=39 sims=322590 N=49 K=8 eta=25074.3s
[start 120/200] thread=1 global_idx=119 (g=5647,e=1,s=10) elapsed=23145.5s
[done 97/200] thread=3 global_idx=92 (g=5778,e=2,s=9) state_time=7963.3s best_idx=0 sims=152335 N=97 K=8 eta=24878.4s
[start 121/200] thread=3 global_idx=120 (g=4562,e=4,s=13) elapsed=23429.2s
[done 98/200] thread=12 global_idx=80 (g=1201,e=0,s=6) state_time=10684.0s best_idx=44 sims=230097 N=53 K=8 eta=25053.8s
[start 122/200] thread=12 global_idx=121 (g=6201,e=5,s=11) elapsed=24071.3s
[done 99/200] thread=13 global_idx=101 (g=9907,e=7,s=9) state_time=6765.6s best_idx=44 sims=140152 N=65 K=8 eta=25132.0s
[start 123/200] thread=13 global_idx=122 (g=9166,e=3,s=14) elapsed=24634.3s
[done 100/200] thread=11 global_idx=107 (g=7846,e=3,s=10) state_time=5132.5s best_idx=45 sims=106780 N=65 K=8 eta=24691.4s
[start 124/200] thread=11 global_idx=123 (g=8703,e=4,s=3) elapsed=24691.4s
[done 101/200] thread=17 global_idx=72 (g=5487,e=5,s=5) state_time=13343.7s best_idx=0 sims=269171 N=71 K=8 eta=24449.3s
[start 125/200] thread=17 global_idx=124 (g=1616,e=0,s=14) elapsed=24943.2s
[done 102/200] thread=17 global_idx=124 (g=1616,e=0,s=14) state_time=212.4s best_idx=33 sims=4302 N=69 K=8 eta=24169.1s
[start 126/200] thread=17 global_idx=125 (g=5809,e=3,s=9) elapsed=25155.6s
[done 103/200] thread=13 global_idx=122 (g=9166,e=3,s=14) state_time=530.4s best_idx=64 sims=7805 N=139 K=8 eta=23698.8s
[start 127/200] thread=13 global_idx=126 (g=4651,e=6,s=5) elapsed=25164.7s
[done 104/200] thread=5 global_idx=98 (g=5041,e=1,s=8) state_time=7826.0s best_idx=40 sims=169259 N=55 K=8 eta=23442.0s
[start 128/200] thread=5 global_idx=127 (g=8894,e=2,s=15) elapsed=25395.5s
[done 105/200] thread=5 global_idx=127 (g=8894,e=2,s=15) state_time=22.0s best_idx=2 sims=479 N=79 K=8 eta=22996.8s
[start 129/200] thread=5 global_idx=128 (g=2369,e=6,s=9) elapsed=25417.5s
[done 106/200] thread=23 global_idx=118 (g=9287,e=7,s=12) state_time=2379.1s best_idx=41 sims=46066 N=65 K=8 eta=22549.5s
[start 130/200] thread=23 global_idx=129 (g=1083,e=7,s=15) elapsed=25428.2s
[done 107/200] thread=23 global_idx=129 (g=1083,e=7,s=15) state_time=24.3s best_idx=0 sims=503 N=103 K=8 eta=22122.2s
[start 131/200] thread=23 global_idx=130 (g=366,e=3,s=11) elapsed=25452.5s
[done 108/200] thread=15 global_idx=111 (g=5721,e=0,s=12) state_time=4236.0s best_idx=97 sims=66118 N=123 K=8 eta=21797.6s
[start 132/200] thread=15 global_idx=131 (g=6354,e=2,s=15) elapsed=25588.5s
[done 109/200] thread=15 global_idx=131 (g=6354,e=2,s=15) state_time=32.7s best_idx=127 sims=551 N=151 K=8 eta=21390.2s
[start 133/200] thread=15 global_idx=132 (g=9260,e=7,s=2) elapsed=25621.2s
[done 110/200] thread=6 global_idx=69 (g=8119,e=5,s=4) state_time=14661.8s best_idx=29 sims=299492 N=65 K=8 eta=21329.8s
[start 134/200] thread=6 global_idx=133 (g=6267,e=4,s=12) elapsed=26069.7s
[done 111/200] thread=3 global_idx=120 (g=4562,e=4,s=13) state_time=2708.5s best_idx=76 sims=33088 N=129 K=8 eta=20957.2s
[start 135/200] thread=3 global_idx=134 (g=1158,e=6,s=8) elapsed=26137.6s
[done 112/200] thread=16 global_idx=103 (g=1641,e=6,s=10) state_time=7588.6s best_idx=67 sims=129158 N=113 K=8 eta=21129.0s
[start 136/200] thread=16 global_idx=135 (g=6520,e=1,s=5) elapsed=26891.4s
[done 113/200] thread=19 global_idx=81 (g=5494,e=4,s=5) state_time=13663.3s best_idx=59 sims=272050 N=75 K=8 eta=21270.3s
[start 137/200] thread=19 global_idx=136 (g=2099,e=0,s=14) elapsed=27626.9s
[done 114/200] thread=19 global_idx=136 (g=2099,e=0,s=14) state_time=287.6s best_idx=1 sims=5518 N=91 K=8 eta=21058.3s
[start 138/200] thread=19 global_idx=137 (g=4892,e=6,s=10) elapsed=27914.5s
[done 115/200] thread=6 global_idx=133 (g=6267,e=4,s=12) state_time=2202.9s best_idx=2 sims=44004 N=55 K=8 eta=20897.2s
[start 139/200] thread=6 global_idx=138 (g=7859,e=3,s=14) elapsed=28272.6s
[done 116/200] thread=21 global_idx=90 (g=8471,e=6,s=5) state_time=13401.2s best_idx=40 sims=272374 N=75 K=8 eta=20712.5s
[start 140/200] thread=21 global_idx=139 (g=2084,e=7,s=10) elapsed=28603.0s
[done 117/200] thread=6 global_idx=138 (g=7859,e=3,s=14) state_time=451.9s best_idx=33 sims=7200 N=129 K=8 eta=20377.3s
[start 141/200] thread=6 global_idx=140 (g=5335,e=1,s=14) elapsed=28724.6s
[done 118/200] thread=10 global_idx=87 (g=8785,e=1,s=4) state_time=13783.0s best_idx=47 sims=292002 N=49 K=8 eta=19968.7s
[start 142/200] thread=10 global_idx=141 (g=5272,e=2,s=4) elapsed=28735.4s
[done 119/200] thread=8 global_idx=78 (g=1566,e=1,s=3) state_time=15636.1s best_idx=48 sims=325819 N=59 K=8 eta=19574.7s
[start 143/200] thread=8 global_idx=142 (g=5472,e=3,s=13) elapsed=28757.8s
[done 120/200] thread=12 global_idx=121 (g=6201,e=5,s=11) state_time=5139.3s best_idx=43 sims=89364 N=107 K=8 eta=19473.7s
[start 144/200] thread=12 global_idx=143 (g=4526,e=5,s=9) elapsed=29210.6s
[done 121/200] thread=6 global_idx=140 (g=5335,e=1,s=14) state_time=561.2s best_idx=85 sims=7984 N=145 K=8 eta=19120.5s
[start 145/200] thread=6 global_idx=144 (g=6392,e=2,s=5) elapsed=29285.8s
[done 122/200] thread=8 global_idx=142 (g=5472,e=3,s=13) state_time=672.9s best_idx=49 sims=11383 N=69 K=8 eta=18816.4s
[start 146/200] thread=8 global_idx=145 (g=1255,e=4,s=13) elapsed=29430.8s
[done 123/200] thread=2 global_idx=96 (g=7921,e=5,s=4) state_time=13801.7s best_idx=3 sims=290875 N=49 K=8 eta=18435.6s
[start 147/200] thread=2 global_idx=146 (g=5259,e=3,s=8) elapsed=29449.1s
[done 124/200] thread=1 global_idx=119 (g=5647,e=1,s=10) state_time=6328.1s best_idx=7 sims=120071 N=91 K=8 eta=18064.4s
[start 148/200] thread=1 global_idx=147 (g=7905,e=3,s=15) elapsed=29473.5s
[done 125/200] thread=1 global_idx=147 (g=7905,e=3,s=15) state_time=22.0s best_idx=56 sims=503 N=103 K=8 eta=17697.3s
[start 149/200] thread=1 global_idx=148 (g=4159,e=5,s=11) elapsed=29495.6s
[done 126/200] thread=22 global_idx=112 (g=4463,e=7,s=9) state_time=8223.7s best_idx=3 sims=153755 N=103 K=8 eta=17631.7s
[start 150/200] thread=22 global_idx=149 (g=2788,e=5,s=13) elapsed=30021.6s
[done 127/200] thread=8 global_idx=145 (g=1255,e=4,s=13) state_time=1071.5s best_idx=69 sims=16058 N=91 K=8 eta=17532.8s
[start 151/200] thread=8 global_idx=150 (g=4360,e=7,s=4) elapsed=30502.3s
[done 128/200] thread=23 global_idx=130 (g=366,e=3,s=11) state_time=5089.0s best_idx=78 sims=91194 N=119 K=8 eta=17179.6s
[start 152/200] thread=23 global_idx=151 (g=8248,e=7,s=13) elapsed=30541.4s
[done 129/200] thread=7 global_idx=99 (g=5033,e=7,s=5) state_time=13156.4s best_idx=45 sims=269159 N=71 K=8 eta=16925.0s
[start 153/200] thread=7 global_idx=152 (g=2081,e=5,s=9) elapsed=30751.1s
[done 130/200] thread=23 global_idx=151 (g=8248,e=7,s=13) state_time=790.5s best_idx=41 sims=12463 N=59 K=8 eta=16871.1s
[start 154/200] thread=23 global_idx=153 (g=1265,e=4,s=5) elapsed=31332.0s
[done 131/200] thread=17 global_idx=125 (g=5809,e=3,s=9) state_time=6295.2s best_idx=45 sims=134939 N=53 K=8 eta=16565.7s
[start 155/200] thread=17 global_idx=154 (g=3677,e=7,s=15) elapsed=31450.8s
[done 132/200] thread=17 global_idx=154 (g=3677,e=7,s=15) state_time=22.5s best_idx=3 sims=475 N=75 K=8 eta=16213.5s
[start 156/200] thread=17 global_idx=155 (g=477,e=2,s=10) elapsed=31473.3s
[done 133/200] thread=14 global_idx=116 (g=716,e=6,s=7) state_time=9439.5s best_idx=32 sims=200333 N=55 K=8 eta=16176.6s
[start 157/200] thread=14 global_idx=156 (g=8462,e=7,s=13) elapsed=32111.8s
[done 134/200] thread=5 global_idx=128 (g=2369,e=6,s=9) state_time=6820.2s best_idx=42 sims=144246 N=79 K=8 eta=15878.3s
[start 158/200] thread=5 global_idx=157 (g=3186,e=1,s=11) elapsed=32237.7s
[done 135/200] thread=22 global_idx=149 (g=2788,e=5,s=13) state_time=2313.6s best_idx=77 sims=28990 N=139 K=8 eta=15568.8s
[start 159/200] thread=22 global_idx=158 (g=8936,e=4,s=15) elapsed=32335.2s
[done 136/200] thread=22 global_idx=158 (g=8936,e=4,s=15) state_time=31.1s best_idx=130 sims=545 N=145 K=8 eta=15231.2s
[start 160/200] thread=22 global_idx=159 (g=966,e=6,s=3) elapsed=32366.3s
[done 137/200] thread=18 global_idx=110 (g=6533,e=4,s=6) state_time=12491.4s best_idx=72 sims=243478 N=81 K=8 eta=15243.4s
[start 161/200] thread=18 global_idx=160 (g=232,e=1,s=13) elapsed=33148.2s
[done 138/200] thread=0 global_idx=108 (g=5246,e=2,s=5) state_time=13497.4s best_idx=1 sims=272298 N=75 K=8 eta=14965.2s
[start 162/200] thread=0 global_idx=161 (g=3968,e=6,s=10) elapsed=33309.7s
[done 139/200] thread=18 global_idx=160 (g=232,e=1,s=13) state_time=853.6s best_idx=43 sims=13349 N=59 K=8 eta=14921.7s
[start 163/200] thread=18 global_idx=162 (g=2440,e=2,s=5) elapsed=34001.9s
[done 140/200] thread=3 global_idx=134 (g=1158,e=6,s=8) state_time=8174.2s best_idx=28 sims=172264 N=65 K=8 eta=14705.1s
[start 164/200] thread=3 global_idx=163 (g=1624,e=6,s=15) elapsed=34311.9s
[done 141/200] thread=1 global_idx=148 (g=4159,e=5,s=11) state_time=4836.6s best_idx=48 sims=85483 N=103 K=8 eta=14366.0s
[start 165/200] thread=1 global_idx=164 (g=9851,e=7,s=8) elapsed=34332.2s
[done 142/200] thread=3 global_idx=163 (g=1624,e=6,s=15) state_time=23.2s best_idx=2 sims=491 N=91 K=8 eta=14024.2s
[start 166/200] thread=3 global_idx=165 (g=9879,e=2,s=15) elapsed=34335.0s
[done 143/200] thread=3 global_idx=165 (g=9879,e=2,s=15) state_time=26.2s best_idx=116 sims=517 N=117 K=8 eta=13696.4s
[start 167/200] thread=3 global_idx=166 (g=9832,e=1,s=9) elapsed=34361.2s
[done 144/200] thread=14 global_idx=156 (g=8462,e=7,s=13) state_time=2399.2s best_idx=77 sims=30955 N=115 K=8 eta=13421.0s
[start 168/200] thread=14 global_idx=167 (g=4221,e=2,s=14) elapsed=34511.1s
[done 145/200] thread=19 global_idx=137 (g=4892,e=6,s=10) state_time=6821.9s best_idx=46 sims=122543 N=101 K=8 eta=13175.9s
[start 169/200] thread=19 global_idx=168 (g=1999,e=2,s=5) elapsed=34736.4s
[done 146/200] thread=14 global_idx=167 (g=4221,e=2,s=14) state_time=569.0s best_idx=14 sims=8064 N=145 K=8 eta=12974.8s
[start 170/200] thread=14 global_idx=169 (g=99,e=4,s=13) elapsed=35080.1s
[done 147/200] thread=4 global_idx=117 (g=459,e=3,s=5) state_time=12665.6s best_idx=34 sims=267608 N=71 K=8 eta=12765.5s
[start 171/200] thread=4 global_idx=170 (g=964,e=0,s=8) elapsed=35406.3s
[done 148/200] thread=14 global_idx=169 (g=99,e=4,s=13) state_time=644.2s best_idx=49 sims=10834 N=57 K=8 eta=12551.8s
[start 172/200] thread=14 global_idx=171 (g=6357,e=7,s=5) elapsed=35724.3s
[done 149/200] thread=12 global_idx=143 (g=4526,e=5,s=9) state_time=6817.6s best_idx=1 sims=139478 N=65 K=8 eta=12331.8s
[start 173/200] thread=12 global_idx=172 (g=632,e=7,s=12) elapsed=36028.2s
[done 150/200] thread=21 global_idx=139 (g=2084,e=7,s=10) state_time=7669.6s best_idx=104 sims=128271 N=113 K=8 eta=12090.9s
[start 174/200] thread=21 global_idx=173 (g=3130,e=2,s=11) elapsed=36272.6s
[done 151/200] thread=20 global_idx=105 (g=4837,e=7,s=2) state_time=16779.9s best_idx=39 sims=353162 N=49 K=8 eta=11784.0s
[start 175/200] thread=20 global_idx=174 (g=2941,e=4,s=13) elapsed=36313.9s
[done 152/200] thread=5 global_idx=157 (g=3186,e=1,s=11) state_time=4484.4s best_idx=58 sims=83940 N=119 K=8 eta=11596.5s
[start 176/200] thread=5 global_idx=175 (g=6374,e=0,s=11) elapsed=36722.1s
[done 153/200] thread=7 global_idx=152 (g=2081,e=5,s=9) state_time=6281.2s best_idx=11 sims=136184 N=53 K=8 eta=11375.9s
[start 177/200] thread=7 global_idx=176 (g=156,e=7,s=14) elapsed=37032.3s
[done 154/200] thread=17 global_idx=155 (g=477,e=2,s=10) state_time=5999.1s best_idx=7 sims=115797 N=81 K=8 eta=11193.1s
[start 178/200] thread=17 global_idx=177 (g=1570,e=1,s=4) elapsed=37472.4s
[done 155/200] thread=7 global_idx=176 (g=156,e=7,s=14) state_time=538.2s best_idx=87 sims=8178 N=145 K=8 eta=10907.6s
[start 179/200] thread=7 global_idx=178 (g=7117,e=6,s=12) elapsed=37570.5s
[done 156/200] thread=9 global_idx=114 (g=1123,e=4,s=3) state_time=15395.4s best_idx=11 sims=324700 N=55 K=8 eta=10622.1s
[start 180/200] thread=9 global_idx=179 (g=6164,e=7,s=6) elapsed=37660.3s
[done 157/200] thread=0 global_idx=161 (g=3968,e=6,s=10) state_time=4856.0s best_idx=36 sims=105058 N=49 K=8 eta=10453.0s
[start 181/200] thread=0 global_idx=180 (g=4376,e=5,s=5) elapsed=38165.7s
[done 158/200] thread=20 global_idx=174 (g=2941,e=4,s=13) state_time=2083.8s best_idx=56 sims=27764 N=125 K=8 eta=10207.0s
[start 182/200] thread=20 global_idx=181 (g=4444,e=0,s=12) elapsed=38397.7s
[done 159/200] thread=13 global_idx=126 (g=4651,e=6,s=5) state_time=13266.1s best_idx=45 sims=269656 N=71 K=8 eta=9909.8s
[start 183/200] thread=13 global_idx=182 (g=5083,e=5,s=6) elapsed=38430.8s
[done 160/200] thread=12 global_idx=172 (g=632,e=7,s=12) state_time=2722.6s best_idx=7 sims=49277 N=81 K=8 eta=9687.7s
[start 184/200] thread=12 global_idx=183 (g=894,e=4,s=13) elapsed=38750.8s
[done 161/200] thread=11 global_idx=123 (g=8703,e=4,s=3) state_time=14879.1s best_idx=37 sims=322894 N=49 K=8 eta=9585.4s
[start 185/200] thread=11 global_idx=184 (g=8445,e=1,s=11) elapsed=39570.6s
[done 162/200] thread=2 global_idx=146 (g=5259,e=3,s=8) state_time=10135.8s best_idx=40 sims=187850 N=97 K=8 eta=9285.3s
[start 186/200] thread=2 global_idx=185 (g=7871,e=7,s=15) elapsed=39584.9s
[done 163/200] thread=2 global_idx=185 (g=7871,e=7,s=15) state_time=41.4s best_idx=35 sims=551 N=151 K=8 eta=8994.9s
[start 187/200] thread=2 global_idx=186 (g=8198,e=0,s=4) elapsed=39626.3s
[done 164/200] thread=7 global_idx=178 (g=7117,e=6,s=12) state_time=2107.3s best_idx=0 sims=42374 N=49 K=8 eta=8709.8s
[start 188/200] thread=7 global_idx=187 (g=6829,e=6,s=13) elapsed=39677.8s
[done 165/200] thread=7 global_idx=187 (g=6829,e=6,s=13) state_time=650.9s best_idx=2 sims=10761 N=53 K=8 eta=8554.6s
[start 189/200] thread=7 global_idx=188 (g=4702,e=2,s=8) elapsed=40328.7s
[done 166/200] thread=16 global_idx=135 (g=6520,e=1,s=5) state_time=13491.2s best_idx=6 sims=272049 N=75 K=8 eta=8271.1s
[start 190/200] thread=16 global_idx=189 (g=4058,e=3,s=5) elapsed=40382.6s
[done 167/200] thread=12 global_idx=183 (g=894,e=4,s=13) state_time=1906.1s best_idx=19 sims=26499 N=105 K=8 eta=8034.0s
[start 191/200] thread=12 global_idx=190 (g=7591,e=4,s=13) elapsed=40656.9s
[done 168/200] thread=21 global_idx=173 (g=3130,e=2,s=11) state_time=4757.7s best_idx=0 sims=86378 N=91 K=8 eta=7815.3s
[start 192/200] thread=21 global_idx=191 (g=1445,e=7,s=8) elapsed=41030.3s
[done 169/200] thread=20 global_idx=181 (g=4444,e=0,s=12) state_time=2670.0s best_idx=51 sims=49134 N=75 K=8 eta=7533.1s
[start 193/200] thread=20 global_idx=192 (g=5373,e=5,s=13) elapsed=41067.7s
[done 170/200] thread=5 global_idx=175 (g=6374,e=0,s=11) state_time=4474.3s best_idx=57 sims=87629 N=113 K=8 eta=7270.0s
[start 194/200] thread=5 global_idx=193 (g=5423,e=3,s=9) elapsed=41196.4s
[done 171/200] thread=15 global_idx=132 (g=9260,e=7,s=2) state_time=16041.7s best_idx=19 sims=352153 N=49 K=8 eta=7065.6s
[start 195/200] thread=15 global_idx=194 (g=1644,e=5,s=15) elapsed=41662.9s
[done 172/200] thread=15 global_idx=194 (g=1644,e=5,s=15) state_time=29.9s best_idx=0 sims=535 N=135 K=8 eta=6787.2s
[start 196/200] thread=15 global_idx=195 (g=6839,e=5,s=3) elapsed=41692.8s
[done 173/200] thread=12 global_idx=190 (g=7591,e=4,s=13) state_time=1372.4s best_idx=87 sims=24622 N=97 K=8 eta=6559.5s
[start 197/200] thread=12 global_idx=196 (g=1063,e=2,s=15) elapsed=42029.3s
[done 174/200] thread=12 global_idx=196 (g=1063,e=2,s=15) state_time=10.4s best_idx=34 sims=455 N=55 K=8 eta=6281.8s
[start 198/200] thread=12 global_idx=197 (g=3774,e=5,s=6) elapsed=42039.7s
[done 175/200] thread=6 global_idx=144 (g=6392,e=2,s=5) state_time=13036.2s best_idx=49 sims=271505 N=75 K=8 eta=6046.0s
[start 199/200] thread=6 global_idx=198 (g=7844,e=2,s=5) elapsed=42322.0s
[done 176/200] thread=10 global_idx=141 (g=5272,e=2,s=4) state_time=13703.8s best_idx=0 sims=292504 N=53 K=8 eta=5787.2s
[start 200/200] thread=10 global_idx=199 (g=5770,e=5,s=13) elapsed=42439.2s
[done 177/200] thread=20 global_idx=192 (g=5373,e=5,s=13) state_time=1399.0s best_idx=51 sims=25123 N=107 K=8 eta=5518.3s
[done 178/200] thread=3 global_idx=166 (g=9832,e=1,s=9) state_time=8182.1s best_idx=46 sims=154964 N=103 K=8 eta=5258.2s
[done 179/200] thread=1 global_idx=164 (g=9851,e=7,s=8) state_time=8840.6s best_idx=63 sims=179309 N=81 K=8 eta=5065.0s
[done 180/200] thread=23 global_idx=153 (g=1265,e=4,s=5) state_time=11997.6s best_idx=35 sims=269303 N=71 K=8 eta=4814.4s
[done 181/200] thread=4 global_idx=170 (g=964,e=0,s=8) state_time=7967.1s best_idx=45 sims=170468 N=63 K=8 eta=4553.0s
[done 182/200] thread=10 global_idx=199 (g=5770,e=5,s=13) state_time=1097.3s best_idx=2 sims=16974 N=91 K=8 eta=4305.8s
[done 183/200] thread=8 global_idx=150 (g=4360,e=7,s=4) state_time=13239.7s best_idx=45 sims=294836 N=59 K=8 eta=4063.5s
[done 184/200] thread=11 global_idx=184 (g=8445,e=1,s=11) state_time=4940.2s best_idx=66 sims=90875 N=103 K=8 eta=3870.5s
[done 185/200] thread=19 global_idx=168 (g=1999,e=2,s=5) state_time=10702.4s best_idx=33 sims=260364 N=53 K=8 eta=3684.2s
[done 186/200] thread=9 global_idx=179 (g=6164,e=7,s=6) state_time=8271.5s best_idx=34 sims=228308 N=49 K=8 eta=3457.2s
[done 187/200] thread=22 global_idx=159 (g=966,e=6,s=3) state_time=14043.5s best_idx=35 sims=323460 N=55 K=8 eta=3226.3s
[done 188/200] thread=18 global_idx=162 (g=2440,e=2,s=5) state_time=12456.7s best_idx=35 sims=269256 N=71 K=8 eta=2965.4s
[done 189/200] thread=7 global_idx=188 (g=4702,e=2,s=8) state_time=6554.2s best_idx=35 sims=164286 N=49 K=8 eta=2728.6s
[done 190/200] thread=14 global_idx=171 (g=6357,e=7,s=5) state_time=11464.3s best_idx=39 sims=273954 N=75 K=8 eta=2483.6s
[done 191/200] thread=21 global_idx=191 (g=1445,e=7,s=8) state_time=6233.8s best_idx=36 sims=173019 N=65 K=8 eta=2227.1s
[done 192/200] thread=5 global_idx=193 (g=5423,e=3,s=9) state_time=6221.9s best_idx=59 sims=152473 N=103 K=8 eta=1975.8s
[done 193/200] thread=17 global_idx=177 (g=1570,e=1,s=4) state_time=10945.3s best_idx=29 sims=291449 N=49 K=8 eta=1756.1s
[done 194/200] thread=13 global_idx=182 (g=5083,e=5,s=6) state_time=10462.7s best_idx=60 sims=245624 N=81 K=8 eta=1512.2s
[done 195/200] thread=0 global_idx=180 (g=4376,e=5,s=5) state_time=11099.3s best_idx=36 sims=270791 N=75 K=8 eta=1263.2s
[done 196/200] thread=16 global_idx=189 (g=4058,e=3,s=5) state_time=9231.9s best_idx=44 sims=270565 N=71 K=8 eta=1012.5s
[done 197/200] thread=12 global_idx=197 (g=3774,e=5,s=6) state_time=8082.4s best_idx=7 sims=235656 N=65 K=8 eta=763.3s
[done 198/200] thread=2 global_idx=186 (g=8198,e=0,s=4) state_time=11399.7s best_idx=6 sims=297027 N=59 K=8 eta=515.4s
[done 199/200] thread=6 global_idx=198 (g=7844,e=2,s=5) state_time=9092.3s best_idx=45 sims=269198 N=71 K=8 eta=258.4s
[done 200/200] thread=15 global_idx=195 (g=6839,e=5,s=3) state_time=11540.2s best_idx=20 sims=323406 N=55 K=8 eta=0.0s

=== Arm done: 200 states in 53233.0s ===
  [csv] wrote 200 records to reinvest_experiment/sweepN/P400/A9P5N/seed_46/reinvest_results_idx0.csv
  [csv] wrote 17194 cluster-assign rows to reinvest_experiment/sweepN/P400/A9P5N/seed_46/cluster_table_idx0.csv

=== Summary (A9P5N) ===
  valid cases        = 200 / 200
  avg actual_sims    = 117241  (min=443, max=353391)
  avg time           = 5608.09s
