Running Reinvestment arm...

=== Reinvestment Arm: A9R05 (ClusterValue, depth 3) ===
  method             = ClusterValue
  depth              = 3
  playouts (P)       = 200
  rollouts/visit (R) = 10
  retention_rate     = 0.2
  ucb_c              = 1.41
  epsilon            = 0.3
  risk_lambda        = 0.5
  n_states           = 200
  num_threads        = 12
  seed               = 44
  start_index        = 0
  max_positions      = -1
  load_positions_dir = test_positions200
  output_dir         = reinvest_experiment/run200/A9R05/seed_44
  [loader] 1 batch files in test_positions200
  [loader] loaded 200 positions
  Sampled 200 / 200 positions (seed=44)
Finding Shot...
Finding Shot...
Finding Shot...
Finding Shot...
Finding Shot...
Finding Shot...
Finding Shot...
Finding Shot...
Finding Shot...
Finding Shot...
Finding Shot...
Finding Shot...
Finding Shot...
Finding Shot...
Finding Shot...
Finding Shot...
Finding Shot...
Finding Shot...
Finding Shot...
Finding Shot...
Finding Shot...
Finding Shot...
Finding Shot...
Finding Shot...
Finding Shot...
Finding Shot...
Finding Shot...
Finding Shot...
Finding Shot...
Finding Shot...
Finding Shot...
Finding Shot...
Finding Shot...
Finding Shot...
Finding Shot...
Finding Shot...
Finding Shot...
Finding Shot...
Finding Shot...
Finding Shot...
Finding Shot...
Finding Shot...
Finding Shot...
Finding Shot...
Finding Shot...
Finding Shot...
Finding Shot...
Finding Shot...
Finding Shot...
Finding Shot...
Finding Shot...
Finding Shot...
Finding Shot...
Finding Shot...
Finding Shot...
Finding Shot...
Finding Shot...
Finding Shot...
Finding Shot...
Finding Shot...
Finding Shot...
Finding Shot...
Finding Shot...
Finding Shot...
Finding Shot...
Finding Shot...
Finding Shot...
Finding Shot...
Finding Shot...
Finding Shot...
Finding Shot...
Finding Shot...
Finding Shot...
Finding Shot...
Finding Shot...
Finding Shot...
Finding Shot...
Finding Shot...
Finding Shot...
Finding Shot...
Finding Shot...
Finding Shot...
Finding Shot...
Finding Shot...
Finding Shot...
Finding Shot...
Finding Shot...
Finding Shot...
Finding Shot...
Finding Shot...
Finding Shot...
Finding Shot...
Finding Shot...
Finding Shot...
Finding Shot...
Finding Shot...
Finding Shot...
Finding Shot...
Finding Shot...
Finding Shot...
Finding Shot...
Finding Shot...
Finding Shot...
Finding Shot...
Finding Shot...
Finding Shot...
Finding Shot...
Finding Shot...
Finding Shot...
Finding Shot...
Finding Shot...
Finding Shot...
Finding Shot...
Finding Shot...
Finding Shot...
Finding Shot...
Finding Shot...
Finding Shot...
Finding Shot...
Finding Shot...
Finding Shot...
Finding Shot...
Finding Shot...
Finding Shot...
Finding Shot...
Finding Shot...
Finding Shot...
Finding Shot...
Finding Shot...
Finding Shot...
Finding Shot...
Finding Shot...
Finding Shot...
Finding Shot...
Finding Shot...
Finding Shot...
Finding Shot...
Finding Shot...
Finding Shot...
Finding Shot...
Finding Shot...
Finding Shot...
Finding Shot...
Finding Shot...
Finding Shot...
Finding Shot...
Finding Shot...
Finding Shot...
Finding Shot...
Finding Shot...
Finding Shot...
Finding Shot...
Finding Shot...
Finding Shot...
Finding Shot...
Finding Shot...
Finding Shot...
Finding Shot...
Finding Shot...
Finding Shot...
Finding Shot...
Finding Shot...
Finding Shot...
Finding Shot...
Finding Shot...
Finding Shot...
Finding Shot...
Finding Shot...
Finding Shot...
Finding Shot...
Finding Shot...
Finding Shot...
Finding Shot...
Finding Shot...
Finding Shot...
Finding Shot...
Finding Shot...
Finding Shot...
Finding Shot...
Finding Shot...
Finding Shot...
Finding Shot...
Finding Shot...
Finding Shot...
Finding Shot...
Finding Shot...
Finding Shot...
Finding Shot...
Finding Shot...
Finding Shot...
Finding Shot...
Finding Shot...
[start 1/200] thread=2 global_idx=0 (g=7977,e=6,s=14) elapsed=1.1s
[start 2/200] thread=0 global_idx=1 (g=3926,e=6,s=11) elapsed=1.1s
[start 3/200] thread=1 global_idx=2 (g=3883,e=1,s=14) elapsed=1.1s
[start 4/200] thread=8 global_idx=3 (g=9222,e=7,s=5) elapsed=1.1s
[start 5/200] thread=5 global_idx=4 (g=7881,e=2,s=15) elapsed=1.1s
[start 6/200] thread=11 global_idx=5 (g=6406,e=1,s=10) elapsed=1.1s
[start 7/200] thread=4 global_idx=6 (g=8452,e=5,s=15) elapsed=1.1s
[start 8/200] thread=7 global_idx=7 (g=1028,e=6,s=15) elapsed=1.1s
[start 9/200] thread=10 global_idx=8 (g=2596,e=1,s=14) elapsed=1.1s
[start 10/200] thread=3 global_idx=9 (g=4748,e=1,s=3) elapsed=1.1s
[start 11/200] thread=6 global_idx=10 (g=9206,e=3,s=13) elapsed=1.1s
[start 12/200] thread=9 global_idx=11 (g=5859,e=1,s=6) elapsed=1.1s
[done 1/200] thread=5 global_idx=4 (g=7881,e=2,s=15) state_time=8.6s best_idx=84 sims=129 N=129 K=4 eta=1925.3s
[start 13/200] thread=5 global_idx=12 (g=6871,e=4,s=5) elapsed=9.7s
[done 2/200] thread=4 global_idx=6 (g=8452,e=5,s=15) state_time=11.2s best_idx=34 sims=153 N=153 K=4 eta=1214.9s
[start 14/200] thread=4 global_idx=13 (g=7163,e=3,s=13) elapsed=12.3s
[done 3/200] thread=7 global_idx=7 (g=1028,e=6,s=15) state_time=11.2s best_idx=0 sims=151 N=151 K=4 eta=809.5s
[start 15/200] thread=7 global_idx=14 (g=5807,e=0,s=8) elapsed=12.3s
[done 4/200] thread=1 global_idx=2 (g=3883,e=1,s=14) state_time=55.8s best_idx=19 sims=1569 N=37 K=4 eta=2787.4s
[start 16/200] thread=1 global_idx=15 (g=5567,e=2,s=15) elapsed=56.9s
[done 5/200] thread=1 global_idx=15 (g=5567,e=2,s=15) state_time=8.9s best_idx=0 sims=129 N=129 K=4 eta=2566.8s
[start 17/200] thread=1 global_idx=16 (g=2507,e=3,s=11) elapsed=65.8s
[done 6/200] thread=10 global_idx=8 (g=2596,e=1,s=14) state_time=270.3s best_idx=89 sims=5820 N=145 K=4 eta=8775.4s
[start 18/200] thread=10 global_idx=17 (g=7006,e=3,s=15) elapsed=271.4s
[done 7/200] thread=2 global_idx=0 (g=7977,e=6,s=14) state_time=273.7s best_idx=46 sims=6082 N=145 K=4 eta=7576.2s
[start 19/200] thread=2 global_idx=18 (g=1984,e=6,s=4) elapsed=274.8s
[done 8/200] thread=10 global_idx=17 (g=7006,e=3,s=15) state_time=10.6s best_idx=0 sims=145 N=145 K=4 eta=6766.9s
[start 20/200] thread=10 global_idx=19 (g=1845,e=7,s=14) elapsed=282.0s
[done 9/200] thread=6 global_idx=10 (g=9206,e=3,s=13) state_time=285.4s best_idx=35 sims=6561 N=49 K=4 eta=6080.6s
[start 21/200] thread=6 global_idx=20 (g=5780,e=2,s=6) elapsed=286.5s
[done 10/200] thread=10 global_idx=19 (g=1845,e=7,s=14) state_time=85.7s best_idx=44 sims=2427 N=55 K=4 eta=6984.8s
[start 22/200] thread=10 global_idx=21 (g=8645,e=7,s=5) elapsed=367.6s
[done 11/200] thread=4 global_idx=13 (g=7163,e=3,s=13) state_time=448.8s best_idx=66 sims=10127 N=85 K=4 eta=7922.2s
[start 23/200] thread=4 global_idx=22 (g=6132,e=0,s=13) elapsed=461.1s
[done 12/200] thread=4 global_idx=22 (g=6132,e=0,s=13) state_time=778.6s best_idx=15 sims=13612 N=87 K=4 eta=19422.3s
[start 24/200] thread=4 global_idx=23 (g=3339,e=4,s=10) elapsed=1239.7s
[done 13/200] thread=1 global_idx=16 (g=2507,e=3,s=11) state_time=2266.5s best_idx=43 sims=48711 N=107 K=4 eta=33549.2s
[start 25/200] thread=1 global_idx=24 (g=3566,e=6,s=14) elapsed=2332.3s
[done 14/200] thread=11 global_idx=5 (g=6406,e=1,s=10) state_time=2483.5s best_idx=50 sims=58274 N=59 K=4 eta=33009.8s
[start 26/200] thread=11 global_idx=25 (g=5523,e=3,s=9) elapsed=2484.6s
[done 15/200] thread=1 global_idx=24 (g=3566,e=6,s=14) state_time=349.0s best_idx=43 sims=5421 N=129 K=4 eta=33069.4s
[start 27/200] thread=1 global_idx=26 (g=7015,e=5,s=14) elapsed=2681.3s
[done 16/200] thread=0 global_idx=1 (g=3926,e=6,s=11) state_time=2808.9s best_idx=39 sims=55361 N=123 K=4 eta=32315.0s
[start 28/200] thread=0 global_idx=27 (g=743,e=7,s=3) elapsed=2810.0s
[done 17/200] thread=1 global_idx=26 (g=7015,e=5,s=14) state_time=383.9s best_idx=48 sims=5998 N=145 K=4 eta=32995.7s
[start 29/200] thread=1 global_idx=28 (g=1014,e=4,s=15) elapsed=3065.2s
[done 18/200] thread=1 global_idx=28 (g=1014,e=4,s=15) state_time=4.8s best_idx=10 sims=61 N=61 K=4 eta=31040.5s
[start 30/200] thread=1 global_idx=29 (g=3900,e=0,s=10) elapsed=3069.9s
[done 19/200] thread=4 global_idx=23 (g=3339,e=4,s=10) state_time=2974.9s best_idx=39 sims=61076 N=71 K=4 eta=40149.6s
[start 31/200] thread=4 global_idx=30 (g=4543,e=6,s=5) elapsed=4214.6s
[done 20/200] thread=7 global_idx=14 (g=5807,e=0,s=8) state_time=4395.1s best_idx=58 sims=97888 N=81 K=4 eta=39666.5s
[start 32/200] thread=7 global_idx=31 (g=9231,e=5,s=14) elapsed=4407.4s
[done 21/200] thread=7 global_idx=31 (g=9231,e=5,s=14) state_time=211.3s best_idx=10 sims=3997 N=101 K=4 eta=39369.2s
[start 33/200] thread=7 global_idx=32 (g=1825,e=5,s=7) elapsed=4618.7s
[done 22/200] thread=8 global_idx=3 (g=9222,e=7,s=5) state_time=5532.2s best_idx=21 sims=132328 N=37 K=4 eta=44769.7s
[start 34/200] thread=8 global_idx=33 (g=4062,e=4,s=15) elapsed=5533.3s
[done 23/200] thread=8 global_idx=33 (g=4062,e=4,s=15) state_time=9.9s best_idx=35 sims=117 N=117 K=4 eta=42658.6s
[start 35/200] thread=8 global_idx=34 (g=9882,e=2,s=11) elapsed=5543.2s
[done 24/200] thread=6 global_idx=20 (g=5780,e=2,s=6) state_time=5296.6s best_idx=36 sims=121638 N=49 K=4 eta=40942.7s
[start 36/200] thread=6 global_idx=35 (g=2998,e=6,s=14) elapsed=5583.1s
[done 25/200] thread=9 global_idx=11 (g=5859,e=1,s=6) state_time=5730.6s best_idx=45 sims=128280 N=65 K=4 eta=40121.8s
[start 37/200] thread=9 global_idx=36 (g=1555,e=2,s=3) elapsed=5731.7s
[done 26/200] thread=1 global_idx=29 (g=3900,e=0,s=10) state_time=2758.6s best_idx=2 sims=57815 N=55 K=4 eta=39006.5s
[start 38/200] thread=1 global_idx=37 (g=4372,e=4,s=14) elapsed=5828.6s
[done 27/200] thread=1 global_idx=37 (g=4372,e=4,s=14) state_time=93.4s best_idx=18 sims=2086 N=49 K=4 eta=37944.4s
[start 39/200] thread=1 global_idx=38 (g=3732,e=7,s=7) elapsed=5922.0s
[done 28/200] thread=6 global_idx=35 (g=2998,e=6,s=14) state_time=352.5s best_idx=37 sims=6049 N=145 K=4 eta=36461.3s
[start 40/200] thread=6 global_idx=39 (g=3858,e=5,s=5) elapsed=5935.6s
[done 29/200] thread=5 global_idx=12 (g=6871,e=4,s=5) state_time=6642.7s best_idx=11 sims=146984 N=71 K=4 eta=39226.0s
[start 41/200] thread=5 global_idx=40 (g=1938,e=0,s=14) elapsed=6652.4s
[done 30/200] thread=11 global_idx=25 (g=5523,e=3,s=9) state_time=4338.7s best_idx=55 sims=85479 N=103 K=4 eta=38665.7s
[start 42/200] thread=11 global_idx=41 (g=9112,e=3,s=9) elapsed=6823.4s
[done 31/200] thread=5 global_idx=40 (g=1938,e=0,s=14) state_time=217.4s best_idx=11 sims=3730 N=93 K=4 eta=37451.3s
[start 43/200] thread=5 global_idx=42 (g=4157,e=3,s=12) elapsed=6869.8s
[done 32/200] thread=10 global_idx=21 (g=8645,e=7,s=5) state_time=6625.2s best_idx=34 sims=146098 N=71 K=4 eta=36712.5s
[start 44/200] thread=10 global_idx=43 (g=7373,e=1,s=11) elapsed=6992.9s
[done 33/200] thread=2 global_idx=18 (g=1984,e=6,s=4) state_time=6994.0s best_idx=45 sims=158224 N=59 K=4 eta=36784.5s
[start 45/200] thread=2 global_idx=44 (g=7173,e=4,s=15) elapsed=7268.8s
[done 34/200] thread=2 global_idx=44 (g=7173,e=4,s=15) state_time=15.9s best_idx=0 sims=151 N=151 K=4 eta=35566.2s
[start 46/200] thread=2 global_idx=45 (g=196,e=4,s=4) elapsed=7284.6s
[done 35/200] thread=3 global_idx=9 (g=4748,e=1,s=3) state_time=7603.2s best_idx=20 sims=170164 N=49 K=4 eta=35848.7s
[start 47/200] thread=3 global_idx=46 (g=2630,e=2,s=14) elapsed=7604.3s
[done 36/200] thread=3 global_idx=46 (g=2630,e=2,s=14) state_time=121.6s best_idx=40 sims=2445 N=59 K=4 eta=35195.5s
[start 48/200] thread=3 global_idx=47 (g=5731,e=2,s=10) elapsed=7725.8s
[done 37/200] thread=5 global_idx=42 (g=4157,e=3,s=12) state_time=1719.8s best_idx=36 sims=31652 N=107 K=4 eta=37840.5s
[start 49/200] thread=5 global_idx=48 (g=9518,e=4,s=5) elapsed=8589.6s
[done 38/200] thread=8 global_idx=34 (g=9882,e=2,s=11) state_time=3068.7s best_idx=88 sims=54944 N=109 K=4 eta=36713.8s
[start 50/200] thread=8 global_idx=49 (g=8211,e=7,s=12) elapsed=8611.9s
[done 39/200] thread=10 global_idx=43 (g=7373,e=1,s=11) state_time=2682.6s best_idx=59 sims=51272 N=103 K=4 eta=39942.3s
[start 51/200] thread=10 global_idx=50 (g=5392,e=3,s=13) elapsed=9675.5s
[done 40/200] thread=8 global_idx=49 (g=8211,e=7,s=12) state_time=1396.0s best_idx=66 sims=28120 N=79 K=4 eta=40031.5s
[start 52/200] thread=8 global_idx=51 (g=4262,e=4,s=2) elapsed=10007.9s
[done 41/200] thread=7 global_idx=32 (g=1825,e=5,s=7) state_time=5400.6s best_idx=0 sims=114469 N=77 K=4 eta=38855.6s
[start 53/200] thread=7 global_idx=52 (g=6230,e=1,s=12) elapsed=10019.4s
[done 42/200] thread=3 global_idx=47 (g=5731,e=2,s=10) state_time=2418.0s best_idx=13 sims=54460 N=43 K=4 eta=38160.1s
[start 54/200] thread=3 global_idx=53 (g=3543,e=4,s=7) elapsed=10143.8s
[done 43/200] thread=11 global_idx=41 (g=9112,e=3,s=9) state_time=3626.6s best_idx=35 sims=78484 N=75 K=4 eta=38154.7s
[start 55/200] thread=11 global_idx=54 (g=1784,e=6,s=5) elapsed=10450.0s
[done 44/200] thread=0 global_idx=27 (g=743,e=7,s=3) state_time=7882.5s best_idx=17 sims=174383 N=55 K=4 eta=37909.8s
[start 56/200] thread=0 global_idx=55 (g=4905,e=4,s=14) elapsed=10692.5s
[done 45/200] thread=1 global_idx=38 (g=3732,e=7,s=7) state_time=4846.1s best_idx=17 sims=104801 N=49 K=4 eta=37090.0s
[start 57/200] thread=1 global_idx=56 (g=3837,e=2,s=10) elapsed=10768.1s
[done 46/200] thread=4 global_idx=30 (g=4543,e=6,s=5) state_time=6588.7s best_idx=49 sims=147023 N=71 K=4 eta=36167.4s
[start 58/200] thread=4 global_idx=57 (g=2854,e=0,s=15) elapsed=10803.3s
[done 47/200] thread=4 global_idx=57 (g=2854,e=0,s=15) state_time=9.2s best_idx=57 sims=103 N=103 K=4 eta=35198.1s
[start 59/200] thread=4 global_idx=58 (g=1221,e=1,s=10) elapsed=10812.5s
[done 48/200] thread=0 global_idx=55 (g=4905,e=4,s=14) state_time=218.3s best_idx=11 sims=4157 N=101 K=4 eta=34551.0s
[start 60/200] thread=0 global_idx=59 (g=7301,e=6,s=14) elapsed=10910.8s
[done 49/200] thread=7 global_idx=52 (g=6230,e=1,s=12) state_time=1098.7s best_idx=38 sims=23110 N=49 K=4 eta=34261.9s
[start 61/200] thread=7 global_idx=60 (g=5248,e=0,s=3) elapsed=11118.1s
[done 50/200] thread=10 global_idx=50 (g=5392,e=3,s=13) state_time=1459.5s best_idx=86 sims=20154 N=135 K=4 eta=33404.9s
[start 62/200] thread=10 global_idx=61 (g=2545,e=3,s=15) elapsed=11135.0s
[done 51/200] thread=10 global_idx=61 (g=2545,e=3,s=15) state_time=4.8s best_idx=0 sims=61 N=61 K=4 eta=32545.5s
[start 63/200] thread=10 global_idx=62 (g=6335,e=1,s=11) elapsed=11139.7s
[done 52/200] thread=0 global_idx=59 (g=7301,e=6,s=14) state_time=409.6s best_idx=9 sims=6118 N=145 K=4 eta=32219.6s
[start 64/200] thread=0 global_idx=63 (g=8275,e=4,s=5) elapsed=11320.4s
[done 53/200] thread=6 global_idx=39 (g=3858,e=5,s=5) state_time=7095.2s best_idx=17 sims=147535 N=75 K=4 eta=36142.0s
[start 65/200] thread=6 global_idx=64 (g=963,e=5,s=13) elapsed=13030.8s
[done 54/200] thread=10 global_idx=62 (g=6335,e=1,s=11) state_time=1897.8s best_idx=36 sims=40296 N=53 K=4 eta=35249.6s
[start 66/200] thread=10 global_idx=65 (g=176,e=5,s=11) elapsed=13037.5s
[done 55/200] thread=9 global_idx=36 (g=1555,e=2,s=3) state_time=7840.6s best_idx=25 sims=173227 N=55 K=4 eta=35781.6s
[start 67/200] thread=9 global_idx=66 (g=2199,e=1,s=13) elapsed=13572.3s
[done 56/200] thread=6 global_idx=64 (g=963,e=5,s=13) state_time=666.5s best_idx=45 sims=11426 N=89 K=4 eta=35221.6s
[start 68/200] thread=6 global_idx=67 (g=8298,e=3,s=11) elapsed=13697.3s
[done 57/200] thread=1 global_idx=56 (g=3837,e=2,s=10) state_time=3181.3s best_idx=42 sims=61233 N=71 K=4 eta=34995.8s
[start 69/200] thread=1 global_idx=68 (g=6729,e=2,s=14) elapsed=13949.4s
[done 58/200] thread=2 global_idx=45 (g=196,e=4,s=4) state_time=6926.6s best_idx=39 sims=155481 N=49 K=4 eta=34793.0s
[start 70/200] thread=2 global_idx=69 (g=8119,e=5,s=4) elapsed=14211.2s
[done 59/200] thread=1 global_idx=68 (g=6729,e=2,s=14) state_time=336.0s best_idx=0 sims=5608 N=135 K=4 eta=34139.6s
[start 71/200] thread=1 global_idx=70 (g=8189,e=0,s=14) elapsed=14285.4s
[done 60/200] thread=1 global_idx=70 (g=8189,e=0,s=14) state_time=108.3s best_idx=7 sims=2319 N=55 K=4 eta=33585.3s
[start 72/200] thread=1 global_idx=71 (g=9791,e=0,s=8) elapsed=14393.7s
[done 61/200] thread=9 global_idx=66 (g=2199,e=1,s=13) state_time=1118.1s best_idx=78 sims=16958 N=119 K=4 eta=33474.9s
[start 73/200] thread=9 global_idx=72 (g=5487,e=5,s=5) elapsed=14690.4s
[done 62/200] thread=4 global_idx=58 (g=1221,e=1,s=10) state_time=3934.5s best_idx=48 sims=73030 N=113 K=4 eta=32823.8s
[start 74/200] thread=4 global_idx=73 (g=4950,e=0,s=15) elapsed=14746.9s
[done 63/200] thread=4 global_idx=73 (g=4950,e=0,s=15) state_time=5.3s best_idx=35 sims=71 N=71 K=4 eta=32080.3s
[start 75/200] thread=4 global_idx=74 (g=9143,e=3,s=7) elapsed=14752.3s
[done 64/200] thread=3 global_idx=53 (g=3543,e=4,s=7) state_time=4978.6s best_idx=54 sims=107390 N=55 K=4 eta=32135.2s
[start 76/200] thread=3 global_idx=75 (g=4517,e=4,s=13) elapsed=15122.5s
[done 65/200] thread=5 global_idx=48 (g=9518,e=4,s=5) state_time=6769.8s best_idx=46 sims=147894 N=71 K=4 eta=31900.1s
[start 77/200] thread=5 global_idx=76 (g=2994,e=5,s=10) elapsed=15359.3s
[done 66/200] thread=10 global_idx=65 (g=176,e=5,s=11) state_time=2716.2s best_idx=58 sims=51514 N=97 K=4 eta=31984.8s
[start 78/200] thread=10 global_idx=77 (g=961,e=6,s=13) elapsed=15753.7s
[done 67/200] thread=3 global_idx=75 (g=4517,e=4,s=13) state_time=1496.5s best_idx=104 sims=19872 N=123 K=4 eta=32989.9s
[start 79/200] thread=3 global_idx=78 (g=1566,e=1,s=3) elapsed=16618.9s
[done 68/200] thread=6 global_idx=67 (g=8298,e=3,s=11) state_time=3054.8s best_idx=35 sims=55647 N=119 K=4 eta=32518.7s
[start 80/200] thread=6 global_idx=79 (g=1686,e=6,s=15) elapsed=16752.0s
[done 69/200] thread=6 global_idx=79 (g=1686,e=6,s=15) state_time=3.8s best_idx=0 sims=49 N=49 K=4 eta=31811.7s
[start 81/200] thread=6 global_idx=80 (g=1201,e=0,s=6) elapsed=16755.8s
[done 70/200] thread=10 global_idx=77 (g=961,e=6,s=13) state_time=1489.6s best_idx=87 sims=20023 N=139 K=4 eta=32023.2s
[start 82/200] thread=10 global_idx=81 (g=5494,e=4,s=5) elapsed=17243.3s
[done 71/200] thread=11 global_idx=54 (g=1784,e=6,s=5) state_time=7016.3s best_idx=11 sims=147966 N=71 K=4 eta=31734.5s
[start 83/200] thread=11 global_idx=82 (g=2492,e=4,s=15) elapsed=17466.3s
[done 72/200] thread=11 global_idx=82 (g=2492,e=4,s=15) state_time=6.1s best_idx=2 sims=75 N=75 K=4 eta=31062.0s
[start 84/200] thread=11 global_idx=83 (g=8959,e=1,s=11) elapsed=17472.4s
[done 73/200] thread=0 global_idx=63 (g=8275,e=4,s=5) state_time=6853.9s best_idx=45 sims=147534 N=71 K=4 eta=31618.2s
[start 85/200] thread=0 global_idx=84 (g=1671,e=0,s=15) elapsed=18174.2s
[done 74/200] thread=0 global_idx=84 (g=1671,e=0,s=15) state_time=10.5s best_idx=76 sims=117 N=117 K=4 eta=30963.2s
[start 86/200] thread=0 global_idx=85 (g=1385,e=7,s=11) elapsed=18184.7s
[done 75/200] thread=5 global_idx=76 (g=2994,e=5,s=10) state_time=2835.6s best_idx=77 sims=70913 N=113 K=4 eta=30324.9s
[start 87/200] thread=5 global_idx=86 (g=6872,e=1,s=14) elapsed=18195.0s
[done 76/200] thread=8 global_idx=51 (g=4262,e=4,s=2) state_time=8389.5s best_idx=36 sims=187014 N=49 K=4 eta=30016.8s
[start 88/200] thread=8 global_idx=87 (g=8785,e=1,s=4) elapsed=18397.4s
[done 77/200] thread=5 global_idx=86 (g=6872,e=1,s=14) state_time=267.9s best_idx=61 sims=5564 N=135 K=4 eta=29492.7s
[start 89/200] thread=5 global_idx=88 (g=1835,e=0,s=15) elapsed=18462.9s
[done 78/200] thread=5 global_idx=88 (g=1835,e=0,s=15) state_time=4.2s best_idx=55 sims=69 N=69 K=4 eta=28884.4s
[start 90/200] thread=5 global_idx=89 (g=6216,e=7,s=8) elapsed=18467.1s
[done 79/200] thread=1 global_idx=71 (g=9791,e=0,s=8) state_time=4380.0s best_idx=39 sims=91118 N=55 K=4 eta=28754.6s
[start 91/200] thread=1 global_idx=90 (g=8471,e=6,s=5) elapsed=18773.6s
[done 80/200] thread=7 global_idx=60 (g=5248,e=0,s=3) state_time=7866.9s best_idx=5 sims=172221 N=49 K=4 eta=28477.5s
[start 92/200] thread=7 global_idx=91 (g=256,e=3,s=12) elapsed=18985.0s
[done 81/200] thread=11 global_idx=83 (g=8959,e=1,s=11) state_time=2124.0s best_idx=48 sims=46920 N=97 K=4 eta=28789.8s
[start 93/200] thread=11 global_idx=92 (g=5778,e=2,s=9) elapsed=19596.4s
[done 82/200] thread=4 global_idx=74 (g=9143,e=3,s=7) state_time=5578.8s best_idx=55 sims=116528 N=81 K=4 eta=29256.8s
[start 94/200] thread=4 global_idx=93 (g=6320,e=4,s=15) elapsed=20331.0s
[done 83/200] thread=4 global_idx=93 (g=6320,e=4,s=15) state_time=9.0s best_idx=64 sims=103 N=103 K=4 eta=28672.1s
[start 95/200] thread=4 global_idx=94 (g=1638,e=4,s=11) elapsed=20340.0s
[done 84/200] thread=7 global_idx=91 (g=256,e=3,s=12) state_time=1489.6s best_idx=11 sims=28020 N=77 K=4 eta=28274.4s
[start 96/200] thread=7 global_idx=95 (g=2310,e=6,s=15) elapsed=20474.6s
[done 85/200] thread=7 global_idx=95 (g=2310,e=6,s=15) state_time=12.7s best_idx=55 sims=135 N=135 K=4 eta=27718.1s
[start 97/200] thread=7 global_idx=96 (g=7921,e=5,s=4) elapsed=20487.3s
[done 86/200] thread=0 global_idx=85 (g=1385,e=7,s=11) state_time=2577.2s best_idx=55 sims=50103 N=103 K=4 eta=27521.5s
[start 98/200] thread=0 global_idx=97 (g=1361,e=1,s=12) elapsed=20761.9s
[done 87/200] thread=5 global_idx=89 (g=6216,e=7,s=8) state_time=3227.9s best_idx=51 sims=91873 N=55 K=4 eta=28178.5s
[start 99/200] thread=5 global_idx=98 (g=5041,e=1,s=8) elapsed=21695.0s
[done 88/200] thread=9 global_idx=72 (g=5487,e=5,s=5) state_time=7074.2s best_idx=11 sims=147088 N=71 K=4 eta=27700.4s
[start 100/200] thread=9 global_idx=99 (g=5033,e=7,s=5) elapsed=21764.6s
[done 89/200] thread=2 global_idx=69 (g=8119,e=5,s=4) state_time=7554.6s best_idx=21 sims=160154 N=65 K=4 eta=27146.2s
[start 101/200] thread=2 global_idx=100 (g=5022,e=1,s=15) elapsed=21765.9s
[done 90/200] thread=2 global_idx=100 (g=5022,e=1,s=15) state_time=7.9s best_idx=7 sims=89 N=89 K=4 eta=26612.4s
[start 102/200] thread=2 global_idx=101 (g=9907,e=7,s=9) elapsed=21773.7s
[done 91/200] thread=0 global_idx=97 (g=1361,e=1,s=12) state_time=1133.1s best_idx=44 sims=23645 N=59 K=4 eta=26225.9s
[start 103/200] thread=0 global_idx=102 (g=8627,e=2,s=12) elapsed=21895.0s
[done 92/200] thread=6 global_idx=80 (g=1201,e=0,s=6) state_time=5594.7s best_idx=1 sims=122395 N=53 K=4 eta=26237.5s
[start 104/200] thread=6 global_idx=103 (g=1641,e=6,s=10) elapsed=22350.5s
[done 93/200] thread=11 global_idx=92 (g=5778,e=2,s=9) state_time=3318.9s best_idx=72 sims=85543 N=97 K=4 eta=26364.9s
[start 105/200] thread=11 global_idx=104 (g=7249,e=2,s=15) elapsed=22915.3s
[done 94/200] thread=11 global_idx=104 (g=7249,e=2,s=15) state_time=9.8s best_idx=0 sims=139 N=139 K=4 eta=25851.7s
[start 106/200] thread=11 global_idx=105 (g=4837,e=7,s=2) elapsed=22925.1s
[done 95/200] thread=4 global_idx=94 (g=1638,e=4,s=11) state_time=2604.1s best_idx=49 sims=49826 N=103 K=4 eta=25359.3s
[start 107/200] thread=4 global_idx=106 (g=1039,e=2,s=15) elapsed=22944.1s
[done 96/200] thread=4 global_idx=106 (g=1039,e=2,s=15) state_time=3.2s best_idx=3 sims=43 N=43 K=4 eta=24859.6s
[start 108/200] thread=4 global_idx=107 (g=7846,e=3,s=10) elapsed=22947.3s
[done 97/200] thread=0 global_idx=102 (g=8627,e=2,s=12) state_time=2106.6s best_idx=64 sims=35527 N=103 K=4 eta=25486.2s
[start 109/200] thread=0 global_idx=108 (g=5246,e=2,s=5) elapsed=24001.6s
[done 98/200] thread=10 global_idx=81 (g=5494,e=4,s=5) state_time=7381.7s best_idx=47 sims=148796 N=75 K=4 eta=25630.1s
[start 110/200] thread=10 global_idx=109 (g=4166,e=2,s=12) elapsed=24625.0s
[done 99/200] thread=5 global_idx=98 (g=5041,e=1,s=8) state_time=3229.3s best_idx=48 sims=91295 N=55 K=4 eta=25427.8s
[start 111/200] thread=5 global_idx=110 (g=6533,e=4,s=6) elapsed=24924.2s
[done 100/200] thread=3 global_idx=78 (g=1566,e=1,s=3) state_time=8339.5s best_idx=42 sims=175898 N=59 K=4 eta=24958.5s
[start 112/200] thread=3 global_idx=111 (g=5721,e=0,s=12) elapsed=24958.5s
[done 101/200] thread=2 global_idx=101 (g=9907,e=7,s=9) state_time=3525.7s best_idx=48 sims=75613 N=65 K=4 eta=24798.5s
[start 113/200] thread=2 global_idx=112 (g=4463,e=7,s=9) elapsed=25299.5s
[done 102/200] thread=8 global_idx=87 (g=8785,e=1,s=4) state_time=7079.5s best_idx=36 sims=154233 N=49 K=4 eta=24477.8s
[start 114/200] thread=8 global_idx=113 (g=5606,e=2,s=14) elapsed=25476.9s
[done 103/200] thread=4 global_idx=107 (g=7846,e=3,s=10) state_time=2824.7s best_idx=49 sims=59108 N=65 K=4 eta=24270.7s
[start 115/200] thread=4 global_idx=114 (g=1123,e=4,s=3) elapsed=25772.0s
[done 104/200] thread=8 global_idx=113 (g=5606,e=2,s=14) state_time=353.6s best_idx=76 sims=5637 N=139 K=4 eta=23843.6s
[start 116/200] thread=8 global_idx=115 (g=8113,e=3,s=15) elapsed=25830.5s
[done 105/200] thread=8 global_idx=115 (g=8113,e=3,s=15) state_time=5.8s best_idx=0 sims=69 N=69 K=4 eta=23375.7s
[start 117/200] thread=8 global_idx=116 (g=716,e=6,s=7) elapsed=25836.3s
[done 106/200] thread=10 global_idx=109 (g=4166,e=2,s=12) state_time=1441.0s best_idx=48 sims=27296 N=75 K=4 eta=23115.1s
[start 118/200] thread=10 global_idx=117 (g=459,e=3,s=5) elapsed=26066.0s
[done 107/200] thread=1 global_idx=90 (g=8471,e=6,s=5) state_time=7437.3s best_idx=36 sims=148372 N=75 K=4 eta=22781.5s
[start 119/200] thread=1 global_idx=118 (g=9287,e=7,s=12) elapsed=26211.0s
[done 108/200] thread=6 global_idx=103 (g=1641,e=6,s=10) state_time=4234.4s best_idx=34 sims=73791 N=113 K=4 eta=22646.4s
[start 120/200] thread=6 global_idx=119 (g=5647,e=1,s=10) elapsed=26584.9s
[done 109/200] thread=1 global_idx=118 (g=9287,e=7,s=12) state_time=1268.6s best_idx=40 sims=25762 N=65 K=4 eta=22941.6s
[start 121/200] thread=1 global_idx=120 (g=4562,e=4,s=13) elapsed=27479.6s
[done 110/200] thread=3 global_idx=111 (g=5721,e=0,s=12) state_time=2605.6s best_idx=120 sims=40955 N=123 K=4 eta=22552.5s
[start 122/200] thread=3 global_idx=121 (g=6201,e=5,s=11) elapsed=27564.1s
[done 111/200] thread=7 global_idx=96 (g=7921,e=5,s=4) state_time=7108.8s best_idx=0 sims=154220 N=49 K=4 eta=22126.6s
[start 123/200] thread=7 global_idx=122 (g=9166,e=3,s=14) elapsed=27596.1s
[done 112/200] thread=7 global_idx=122 (g=9166,e=3,s=14) state_time=357.0s best_idx=67 sims=5724 N=139 K=4 eta=21963.1s
[start 124/200] thread=7 global_idx=123 (g=8703,e=4,s=3) elapsed=27953.1s
[done 113/200] thread=9 global_idx=99 (g=5033,e=7,s=5) state_time=7063.3s best_idx=34 sims=147607 N=71 K=4 eta=22194.9s
[start 125/200] thread=9 global_idx=124 (g=1616,e=0,s=14) elapsed=28827.9s
[done 114/200] thread=9 global_idx=124 (g=1616,e=0,s=14) state_time=137.9s best_idx=33 sims=2749 N=69 K=4 eta=21851.4s
[start 126/200] thread=9 global_idx=125 (g=5809,e=3,s=9) elapsed=28965.8s
[done 115/200] thread=1 global_idx=120 (g=4562,e=4,s=13) state_time=1555.5s best_idx=72 sims=20713 N=129 K=4 eta=21460.7s
[start 127/200] thread=1 global_idx=126 (g=4651,e=6,s=5) elapsed=29035.0s
[done 116/200] thread=2 global_idx=112 (g=4463,e=7,s=9) state_time=4224.7s best_idx=54 sims=85918 N=103 K=4 eta=21379.5s
[start 128/200] thread=2 global_idx=127 (g=8894,e=2,s=15) elapsed=29524.1s
[done 117/200] thread=2 global_idx=127 (g=8894,e=2,s=15) state_time=6.5s best_idx=2 sims=79 N=79 K=4 eta=20949.1s
[start 129/200] thread=2 global_idx=128 (g=2369,e=6,s=9) elapsed=29530.6s
[done 118/200] thread=5 global_idx=110 (g=6533,e=4,s=6) state_time=5048.0s best_idx=64 sims=134898 N=81 K=4 eta=20828.2s
[start 130/200] thread=5 global_idx=129 (g=1083,e=7,s=15) elapsed=29972.3s
[done 119/200] thread=5 global_idx=129 (g=1083,e=7,s=15) state_time=6.8s best_idx=0 sims=103 N=103 K=4 eta=20405.9s
[start 131/200] thread=5 global_idx=130 (g=366,e=3,s=11) elapsed=29979.1s
[done 120/200] thread=6 global_idx=119 (g=5647,e=1,s=10) state_time=3421.8s best_idx=65 sims=68121 N=91 K=4 eta=20004.5s
[start 132/200] thread=6 global_idx=131 (g=6354,e=2,s=15) elapsed=30006.7s
[done 121/200] thread=6 global_idx=131 (g=6354,e=2,s=15) state_time=14.5s best_idx=4 sims=151 N=151 K=4 eta=19600.6s
[start 133/200] thread=6 global_idx=132 (g=9260,e=7,s=2) elapsed=30021.1s
[done 122/200] thread=3 global_idx=121 (g=6201,e=5,s=11) state_time=3022.3s best_idx=63 sims=52945 N=107 K=4 eta=19555.2s
[start 134/200] thread=3 global_idx=133 (g=6267,e=4,s=12) elapsed=30586.4s
[done 123/200] thread=8 global_idx=116 (g=716,e=6,s=7) state_time=4853.3s best_idx=39 sims=107830 N=55 K=4 eta=19212.2s
[start 135/200] thread=8 global_idx=134 (g=1158,e=6,s=8) elapsed=30689.7s
[done 124/200] thread=0 global_idx=108 (g=5246,e=2,s=5) state_time=6959.8s best_idx=38 sims=148149 N=75 K=4 eta=18976.3s
[start 136/200] thread=0 global_idx=135 (g=6520,e=1,s=5) elapsed=30961.4s
[done 125/200] thread=11 global_idx=105 (g=4837,e=7,s=2) state_time=8257.4s best_idx=34 sims=187415 N=49 K=4 eta=18709.5s
[start 137/200] thread=11 global_idx=136 (g=2099,e=0,s=14) elapsed=31182.5s
[done 126/200] thread=11 global_idx=136 (g=2099,e=0,s=14) state_time=190.0s best_idx=7 sims=3826 N=91 K=4 eta=18425.1s
[start 138/200] thread=11 global_idx=137 (g=4892,e=6,s=10) elapsed=31372.5s
[done 127/200] thread=3 global_idx=133 (g=6267,e=4,s=12) state_time=1180.6s best_idx=11 sims=24297 N=55 K=4 eta=18259.7s
[start 139/200] thread=3 global_idx=138 (g=7859,e=3,s=14) elapsed=31766.9s
[done 128/200] thread=3 global_idx=138 (g=7859,e=3,s=14) state_time=320.6s best_idx=89 sims=5341 N=129 K=4 eta=18049.2s
[start 140/200] thread=3 global_idx=139 (g=2084,e=7,s=10) elapsed=32087.5s
[done 129/200] thread=9 global_idx=125 (g=5809,e=3,s=9) state_time=3299.8s best_idx=42 sims=73236 N=53 K=4 eta=17758.6s
[start 141/200] thread=9 global_idx=140 (g=5335,e=1,s=14) elapsed=32265.6s
[done 130/200] thread=5 global_idx=130 (g=366,e=3,s=11) state_time=2341.6s best_idx=65 sims=55425 N=119 K=4 eta=17403.4s
[start 142/200] thread=5 global_idx=141 (g=5272,e=2,s=4) elapsed=32320.7s
[done 131/200] thread=9 global_idx=140 (g=5335,e=1,s=14) state_time=394.0s best_idx=85 sims=6058 N=145 K=4 eta=17202.4s
[start 143/200] thread=9 global_idx=142 (g=5472,e=3,s=13) elapsed=32659.6s
[done 132/200] thread=10 global_idx=117 (g=459,e=3,s=5) state_time=6721.8s best_idx=34 sims=145909 N=71 K=4 eta=16890.7s
[start 144/200] thread=10 global_idx=143 (g=4526,e=5,s=9) elapsed=32787.8s
[done 133/200] thread=9 global_idx=142 (g=5472,e=3,s=13) state_time=471.7s best_idx=10 sims=8450 N=69 K=4 eta=16690.2s
[start 145/200] thread=9 global_idx=144 (g=6392,e=2,s=5) elapsed=33131.4s
[done 134/200] thread=2 global_idx=128 (g=2369,e=6,s=9) state_time=3817.3s best_idx=65 sims=81622 N=79 K=4 eta=16425.1s
[start 146/200] thread=2 global_idx=145 (g=1255,e=4,s=13) elapsed=33347.9s
[done 135/200] thread=4 global_idx=114 (g=1123,e=4,s=3) state_time=7766.7s best_idx=11 sims=172604 N=55 K=4 eta=16148.3s
[start 147/200] thread=4 global_idx=146 (g=5259,e=3,s=8) elapsed=33538.8s
[done 136/200] thread=2 global_idx=145 (g=1255,e=4,s=13) state_time=886.7s best_idx=3 sims=13433 N=91 K=4 eta=16110.4s
[start 148/200] thread=2 global_idx=147 (g=7905,e=3,s=15) elapsed=34234.6s
[done 137/200] thread=2 global_idx=147 (g=7905,e=3,s=15) state_time=8.8s best_idx=56 sims=103 N=103 K=4 eta=15746.9s
[start 149/200] thread=2 global_idx=148 (g=4159,e=5,s=11) elapsed=34243.3s
[done 138/200] thread=11 global_idx=137 (g=4892,e=6,s=10) state_time=3298.8s best_idx=77 sims=67676 N=101 K=4 eta=15577.0s
[start 150/200] thread=11 global_idx=149 (g=2788,e=5,s=13) elapsed=34671.3s
[done 139/200] thread=8 global_idx=134 (g=1158,e=6,s=8) state_time=4293.3s best_idx=15 sims=93131 N=65 K=4 eta=15352.3s
[start 151/200] thread=8 global_idx=150 (g=4360,e=7,s=4) elapsed=34983.0s
[done 140/200] thread=7 global_idx=123 (g=8703,e=4,s=3) state_time=7749.7s best_idx=40 sims=170701 N=49 K=4 eta=15301.2s
[start 152/200] thread=7 global_idx=151 (g=8248,e=7,s=13) elapsed=35702.8s
[done 141/200] thread=7 global_idx=151 (g=8248,e=7,s=13) state_time=441.4s best_idx=1 sims=7484 N=59 K=4 eta=15124.2s
[start 153/200] thread=7 global_idx=152 (g=2081,e=5,s=9) elapsed=36144.2s
[done 142/200] thread=1 global_idx=126 (g=4651,e=6,s=5) state_time=7157.7s best_idx=46 sims=146325 N=71 K=4 eta=14782.9s
[start 154/200] thread=1 global_idx=153 (g=1265,e=4,s=5) elapsed=36192.7s
[done 143/200] thread=11 global_idx=149 (g=2788,e=5,s=13) state_time=1671.3s best_idx=55 sims=22439 N=139 K=4 eta=14486.2s
[start 155/200] thread=11 global_idx=154 (g=3677,e=7,s=15) elapsed=36342.6s
[done 144/200] thread=3 global_idx=139 (g=2084,e=7,s=10) state_time=4258.7s best_idx=110 sims=74393 N=113 K=4 eta=14134.7s
[start 156/200] thread=3 global_idx=155 (g=477,e=2,s=10) elapsed=36346.3s
[done 145/200] thread=11 global_idx=154 (g=3677,e=7,s=15) state_time=5.8s best_idx=3 sims=75 N=75 K=4 eta=13787.3s
[start 157/200] thread=11 global_idx=156 (g=8462,e=7,s=13) elapsed=36348.3s
[done 146/200] thread=10 global_idx=143 (g=4526,e=5,s=9) state_time=3679.7s best_idx=48 sims=76014 N=65 K=4 eta=13488.0s
[start 158/200] thread=10 global_idx=157 (g=3186,e=1,s=11) elapsed=36467.5s
[done 147/200] thread=2 global_idx=148 (g=4159,e=5,s=11) state_time=3108.0s best_idx=23 sims=52982 N=103 K=4 eta=13466.8s
[start 159/200] thread=2 global_idx=158 (g=8936,e=4,s=15) elapsed=37351.3s
[done 148/200] thread=2 global_idx=158 (g=8936,e=4,s=15) state_time=13.4s best_idx=1 sims=145 N=145 K=4 eta=13128.2s
[start 160/200] thread=2 global_idx=159 (g=966,e=6,s=3) elapsed=37364.8s
[done 149/200] thread=11 global_idx=156 (g=8462,e=7,s=13) state_time=1079.8s best_idx=44 sims=16384 N=115 K=4 eta=12811.0s
[start 161/200] thread=11 global_idx=160 (g=232,e=1,s=13) elapsed=37428.2s
[done 150/200] thread=5 global_idx=141 (g=5272,e=2,s=4) state_time=5493.3s best_idx=7 sims=155756 N=53 K=4 eta=12604.6s
[start 162/200] thread=5 global_idx=161 (g=3968,e=6,s=10) elapsed=37813.9s
[done 151/200] thread=11 global_idx=160 (g=232,e=1,s=13) state_time=475.1s best_idx=18 sims=8244 N=59 K=4 eta=12299.7s
[start 163/200] thread=11 global_idx=162 (g=2440,e=2,s=5) elapsed=37903.2s
[done 152/200] thread=0 global_idx=135 (g=6520,e=1,s=5) state_time=7049.4s best_idx=52 sims=148511 N=75 K=4 eta=12003.4s
[start 164/200] thread=0 global_idx=163 (g=1624,e=6,s=15) elapsed=38010.7s
[done 153/200] thread=0 global_idx=163 (g=1624,e=6,s=15) state_time=7.1s best_idx=2 sims=91 N=91 K=4 eta=11678.7s
[start 165/200] thread=0 global_idx=164 (g=9851,e=7,s=8) elapsed=38017.9s
[done 154/200] thread=6 global_idx=132 (g=9260,e=7,s=2) state_time=8404.3s best_idx=19 sims=186380 N=49 K=4 eta=11477.7s
[start 166/200] thread=6 global_idx=165 (g=9879,e=2,s=15) elapsed=38425.4s
[done 155/200] thread=6 global_idx=165 (g=9879,e=2,s=15) state_time=11.1s best_idx=0 sims=117 N=117 K=4 eta=11159.0s
[start 167/200] thread=6 global_idx=166 (g=9832,e=1,s=9) elapsed=38436.5s
[done 156/200] thread=4 global_idx=146 (g=5259,e=3,s=8) state_time=5269.5s best_idx=0 sims=104810 N=97 K=4 eta=10945.9s
[start 168/200] thread=4 global_idx=167 (g=4221,e=2,s=14) elapsed=38808.3s
[done 157/200] thread=10 global_idx=157 (g=3186,e=1,s=11) state_time=2736.5s best_idx=57 sims=51082 N=119 K=4 eta=10737.4s
[start 169/200] thread=10 global_idx=168 (g=1999,e=2,s=5) elapsed=39204.0s
[done 158/200] thread=4 global_idx=167 (g=4221,e=2,s=14) state_time=417.0s best_idx=111 sims=6126 N=145 K=4 eta=10427.0s
[start 170/200] thread=4 global_idx=169 (g=99,e=4,s=13) elapsed=39225.3s
[done 159/200] thread=7 global_idx=152 (g=2081,e=5,s=9) state_time=3264.6s best_idx=11 sims=73267 N=53 K=4 eta=10162.0s
[start 171/200] thread=7 global_idx=170 (g=964,e=0,s=8) elapsed=39408.7s
[done 160/200] thread=4 global_idx=169 (g=99,e=4,s=13) state_time=401.5s best_idx=10 sims=6964 N=57 K=4 eta=9906.7s
[start 172/200] thread=4 global_idx=171 (g=6357,e=7,s=5) elapsed=39626.8s
[done 161/200] thread=3 global_idx=155 (g=477,e=2,s=10) state_time=3306.1s best_idx=35 sims=65293 N=81 K=4 eta=9605.2s
[start 173/200] thread=3 global_idx=172 (g=632,e=7,s=12) elapsed=39652.4s
[done 162/200] thread=5 global_idx=161 (g=3968,e=6,s=10) state_time=1941.8s best_idx=38 sims=55255 N=49 K=4 eta=9325.4s
[start 174/200] thread=5 global_idx=173 (g=3130,e=2,s=11) elapsed=39755.7s
[done 163/200] thread=9 global_idx=144 (g=6392,e=2,s=5) state_time=7050.2s best_idx=48 sims=149300 N=75 K=4 eta=9121.0s
[start 175/200] thread=9 global_idx=174 (g=2941,e=4,s=13) elapsed=40181.5s
[done 164/200] thread=3 global_idx=172 (g=632,e=7,s=12) state_time=1570.0s best_idx=37 sims=29117 N=81 K=4 eta=9048.8s
[start 176/200] thread=3 global_idx=175 (g=6374,e=0,s=11) elapsed=41222.4s
[done 165/200] thread=9 global_idx=174 (g=2941,e=4,s=13) state_time=1195.6s best_idx=59 sims=17700 N=125 K=4 eta=8777.0s
[start 177/200] thread=9 global_idx=176 (g=156,e=7,s=14) elapsed=41377.1s
[done 166/200] thread=5 global_idx=173 (g=3130,e=2,s=11) state_time=1856.7s best_idx=66 sims=47830 N=91 K=4 eta=8523.0s
[start 178/200] thread=5 global_idx=177 (g=1570,e=1,s=4) elapsed=41612.4s
[done 167/200] thread=9 global_idx=176 (g=156,e=7,s=14) state_time=374.6s best_idx=55 sims=6018 N=145 K=4 eta=8250.3s
[start 179/200] thread=9 global_idx=178 (g=7117,e=6,s=12) elapsed=41751.7s
[done 168/200] thread=8 global_idx=150 (g=4360,e=7,s=4) state_time=7280.0s best_idx=15 sims=157924 N=59 K=4 eta=8050.1s
[start 180/200] thread=8 global_idx=179 (g=6164,e=7,s=6) elapsed=42263.0s
[done 169/200] thread=9 global_idx=178 (g=7117,e=6,s=12) state_time=1114.9s best_idx=36 sims=22709 N=49 K=4 eta=7863.1s
[start 181/200] thread=9 global_idx=180 (g=4376,e=5,s=5) elapsed=42866.6s
[done 170/200] thread=6 global_idx=166 (g=9832,e=1,s=9) state_time=4580.2s best_idx=37 sims=88396 N=103 K=4 eta=7591.2s
[start 182/200] thread=6 global_idx=181 (g=4444,e=0,s=12) elapsed=43016.7s
[done 171/200] thread=0 global_idx=164 (g=9851,e=7,s=8) state_time=5069.2s best_idx=35 sims=99928 N=81 K=4 eta=7307.2s
[start 183/200] thread=0 global_idx=182 (g=5083,e=5,s=6) elapsed=43087.0s
[done 172/200] thread=1 global_idx=153 (g=1265,e=4,s=5) state_time=7058.7s best_idx=35 sims=146478 N=71 K=4 eta=7040.9s
[start 184/200] thread=1 global_idx=183 (g=894,e=4,s=13) elapsed=43251.4s
[done 173/200] thread=7 global_idx=170 (g=964,e=0,s=8) state_time=4224.1s best_idx=49 sims=91498 N=63 K=4 eta=6809.7s
[start 185/200] thread=7 global_idx=184 (g=8445,e=1,s=11) elapsed=43632.8s
[done 174/200] thread=3 global_idx=175 (g=6374,e=0,s=11) state_time=2822.9s best_idx=77 sims=52221 N=113 K=4 eta=6581.5s
[start 186/200] thread=3 global_idx=185 (g=7871,e=7,s=15) elapsed=44045.2s
[done 175/200] thread=3 global_idx=185 (g=7871,e=7,s=15) state_time=15.1s best_idx=35 sims=151 N=151 K=4 eta=6294.3s
[start 187/200] thread=3 global_idx=186 (g=8198,e=0,s=4) elapsed=44060.3s
[done 176/200] thread=1 global_idx=183 (g=894,e=4,s=13) state_time=1058.3s best_idx=58 sims=16081 N=105 K=4 eta=6042.2s
[start 188/200] thread=1 global_idx=187 (g=6829,e=6,s=13) elapsed=44309.7s
[done 177/200] thread=6 global_idx=181 (g=4444,e=0,s=12) state_time=1385.9s best_idx=54 sims=27223 N=75 K=4 eta=5769.8s
[start 189/200] thread=6 global_idx=188 (g=4702,e=2,s=8) elapsed=44402.7s
[done 178/200] thread=1 global_idx=187 (g=6829,e=6,s=13) state_time=391.7s best_idx=44 sims=6829 N=53 K=4 eta=5524.9s
[start 190/200] thread=1 global_idx=189 (g=4058,e=3,s=5) elapsed=44701.4s
[done 179/200] thread=11 global_idx=162 (g=2440,e=2,s=5) state_time=6907.3s best_idx=11 sims=147443 N=71 K=4 eta=5257.1s
[start 191/200] thread=11 global_idx=190 (g=7591,e=4,s=13) elapsed=44810.5s
[done 180/200] thread=2 global_idx=159 (g=966,e=6,s=3) state_time=7769.2s best_idx=16 sims=173209 N=55 K=4 eta=5014.9s
[start 192/200] thread=2 global_idx=191 (g=1445,e=7,s=8) elapsed=45133.9s
[done 181/200] thread=10 global_idx=168 (g=1999,e=2,s=5) state_time=6298.1s best_idx=12 sims=138483 N=53 K=4 eta=4776.5s
[start 193/200] thread=10 global_idx=192 (g=5373,e=5,s=13) elapsed=45502.1s
[done 182/200] thread=11 global_idx=190 (g=7591,e=4,s=13) state_time=880.3s best_idx=50 sims=14242 N=97 K=4 eta=4518.9s
[start 194/200] thread=11 global_idx=193 (g=5423,e=3,s=9) elapsed=45690.8s
[done 183/200] thread=7 global_idx=184 (g=8445,e=1,s=11) state_time=2753.7s best_idx=91 sims=52121 N=103 K=4 eta=4309.1s
[start 195/200] thread=7 global_idx=194 (g=1644,e=5,s=15) elapsed=46386.5s
[done 184/200] thread=7 global_idx=194 (g=1644,e=5,s=15) state_time=12.4s best_idx=0 sims=135 N=135 K=4 eta=4034.7s
[start 196/200] thread=7 global_idx=195 (g=6839,e=5,s=3) elapsed=46398.9s
[done 185/200] thread=10 global_idx=192 (g=5373,e=5,s=13) state_time=1005.1s best_idx=33 sims=15163 N=107 K=4 eta=3770.9s
[start 197/200] thread=10 global_idx=196 (g=1063,e=2,s=15) elapsed=46507.2s
[done 186/200] thread=10 global_idx=196 (g=1063,e=2,s=15) state_time=4.0s best_idx=34 sims=55 N=55 K=4 eta=3500.8s
[start 198/200] thread=10 global_idx=197 (g=3774,e=5,s=6) elapsed=46511.2s
[done 187/200] thread=4 global_idx=171 (g=6357,e=7,s=5) state_time=6965.1s best_idx=39 sims=149654 N=75 K=4 eta=3239.0s
[start 199/200] thread=4 global_idx=198 (g=7844,e=2,s=5) elapsed=46591.9s
[done 188/200] thread=5 global_idx=177 (g=1570,e=1,s=4) state_time=5316.2s best_idx=41 sims=153499 N=49 K=4 eta=2995.4s
[start 200/200] thread=5 global_idx=199 (g=5770,e=5,s=13) elapsed=46928.6s
[done 189/200] thread=5 global_idx=199 (g=5770,e=5,s=13) state_time=635.7s best_idx=40 sims=11138 N=91 K=4 eta=2768.3s
[done 190/200] thread=8 global_idx=179 (g=6164,e=7,s=6) state_time=5404.1s best_idx=7 sims=121750 N=49 K=4 eta=2508.8s
[done 191/200] thread=6 global_idx=188 (g=4702,e=2,s=8) state_time=3912.2s best_idx=35 sims=88535 N=49 K=4 eta=2276.6s
[done 192/200] thread=2 global_idx=191 (g=1445,e=7,s=8) state_time=4374.1s best_idx=6 sims=94633 N=65 K=4 eta=2062.8s
[done 193/200] thread=0 global_idx=182 (g=5083,e=5,s=6) state_time=6434.1s best_idx=48 sims=134439 N=81 K=4 eta=1796.1s
[done 194/200] thread=9 global_idx=180 (g=4376,e=5,s=5) state_time=6717.2s best_idx=56 sims=148589 N=75 K=4 eta=1533.5s
[done 195/200] thread=11 global_idx=193 (g=5423,e=3,s=9) state_time=4372.5s best_idx=11 sims=88925 N=103 K=4 eta=1283.7s
[done 196/200] thread=1 global_idx=189 (g=4058,e=3,s=5) state_time=6456.1s best_idx=70 sims=146733 N=71 K=4 eta=1044.0s
[done 197/200] thread=3 global_idx=186 (g=8198,e=0,s=4) state_time=7288.8s best_idx=19 sims=158209 N=59 K=4 eta=782.0s
[done 198/200] thread=10 global_idx=197 (g=3774,e=5,s=6) state_time=4843.5s best_idx=38 sims=126737 N=65 K=4 eta=518.7s
[done 199/200] thread=4 global_idx=198 (g=7844,e=2,s=5) state_time=6138.5s best_idx=11 sims=146364 N=71 K=4 eta=265.0s
[done 200/200] thread=7 global_idx=195 (g=6839,e=5,s=3) state_time=6856.4s best_idx=8 sims=172341 N=55 K=4 eta=0.0s

=== Arm done: 200 states in 53255.3s ===
  [csv] wrote 200 records to reinvest_experiment/run200/A9R05/seed_44/reinvest_results.csv
  [csv] wrote 17194 cluster-assign rows to reinvest_experiment/run200/A9R05/seed_44/cluster_table.csv

=== Summary (A9R05) ===
  valid cases        = 200 / 200
  avg actual_sims    = 64370  (min=43, max=187415)
  avg time           = 3010.28s
