Running Reinvestment arm...

=== Reinvestment Arm: A1N (AllGrid, depth 3) ===
  method             = AllGrid
  depth              = 3
  playouts (P)       = 800
  rollouts/visit (R) = 10
  retention_rate     = 0.2
  ucb_c              = 1.41
  epsilon            = 0.3
  risk_lambda        = 0  (ClusterValue 系以外では無効)
  noisy_tree         = true
  n_states           = 500
  num_threads        = 24
  seed               = 46
  start_index        = 0
  max_positions      = 200
  load_positions_dir = test_positions500
  output_dir         = reinvest_experiment/sweepN/P800/A1N/seed_46
  [loader] 1 batch files in test_positions500
  [loader] loaded 500 positions
  Sampled 500 / 500 positions (seed=46)
  Sliced to [0, 200) = 200 positions
Finding Shot...
Finding Shot...
Finding Shot...
Finding Shot...
Finding Shot...
Finding Shot...
Finding Shot...
Finding Shot...
Finding Shot...
Finding Shot...
Finding Shot...
Finding Shot...
Finding Shot...
Finding Shot...
Finding Shot...
Finding Shot...
Finding Shot...
Finding Shot...
Finding Shot...
Finding Shot...
Finding Shot...
Finding Shot...
Finding Shot...
Finding Shot...
Finding Shot...
Finding Shot...
Finding Shot...
Finding Shot...
Finding Shot...
Finding Shot...
Finding Shot...
Finding Shot...
Finding Shot...
Finding Shot...
Finding Shot...
Finding Shot...
Finding Shot...
Finding Shot...
Finding Shot...
Finding Shot...
Finding Shot...
Finding Shot...
Finding Shot...
Finding Shot...
Finding Shot...
Finding Shot...
Finding Shot...
Finding Shot...
Finding Shot...
Finding Shot...
Finding Shot...
Finding Shot...
Finding Shot...
Finding Shot...
Finding Shot...
Finding Shot...
Finding Shot...
Finding Shot...
Finding Shot...
Finding Shot...
Finding Shot...
Finding Shot...
Finding Shot...
Finding Shot...
Finding Shot...
Finding Shot...
Finding Shot...
Finding Shot...
Finding Shot...
Finding Shot...
Finding Shot...
Finding Shot...
Finding Shot...
Finding Shot...
Finding Shot...
Finding Shot...
Finding Shot...
Finding Shot...
Finding Shot...
Finding Shot...
Finding Shot...
Finding Shot...
Finding Shot...
Finding Shot...
Finding Shot...
Finding Shot...
Finding Shot...
Finding Shot...
Finding Shot...
Finding Shot...
Finding Shot...
Finding Shot...
Finding Shot...
Finding Shot...
Finding Shot...
Finding Shot...
Finding Shot...
Finding Shot...
Finding Shot...
Finding Shot...
Finding Shot...
Finding Shot...
Finding Shot...
Finding Shot...
Finding Shot...
Finding Shot...
Finding Shot...
Finding Shot...
Finding Shot...
Finding Shot...
Finding Shot...
Finding Shot...
Finding Shot...
Finding Shot...
Finding Shot...
Finding Shot...
Finding Shot...
Finding Shot...
Finding Shot...
Finding Shot...
Finding Shot...
Finding Shot...
Finding Shot...
Finding Shot...
Finding Shot...
Finding Shot...
Finding Shot...
Finding Shot...
Finding Shot...
Finding Shot...
Finding Shot...
Finding Shot...
Finding Shot...
Finding Shot...
Finding Shot...
Finding Shot...
Finding Shot...
Finding Shot...
Finding Shot...
Finding Shot...
Finding Shot...
Finding Shot...
Finding Shot...
Finding Shot...
Finding Shot...
Finding Shot...
Finding Shot...
Finding Shot...
Finding Shot...
Finding Shot...
Finding Shot...
Finding Shot...
Finding Shot...
Finding Shot...
Finding Shot...
Finding Shot...
Finding Shot...
Finding Shot...
Finding Shot...
Finding Shot...
Finding Shot...
Finding Shot...
Finding Shot...
Finding Shot...
Finding Shot...
Finding Shot...
Finding Shot...
Finding Shot...
Finding Shot...
Finding Shot...
Finding Shot...
Finding Shot...
Finding Shot...
Finding Shot...
Finding Shot...
Finding Shot...
Finding Shot...
Finding Shot...
Finding Shot...
Finding Shot...
Finding Shot...
Finding Shot...
Finding Shot...
Finding Shot...
Finding Shot...
Finding Shot...
Finding Shot...
Finding Shot...
Finding Shot...
Finding Shot...
Finding Shot...
Finding Shot...
Finding Shot...
Finding Shot...
Finding Shot...
Finding Shot...
Finding Shot...
Finding Shot...
Finding Shot...
Finding Shot...
Finding Shot...
Finding Shot...
Finding Shot...
Finding Shot...
Finding Shot...
Finding Shot...
Finding Shot...
Finding Shot...
Finding Shot...
Finding Shot...
Finding Shot...
Finding Shot...
Finding Shot...
Finding Shot...
Finding Shot...
Finding Shot...
Finding Shot...
Finding Shot...
Finding Shot...
Finding Shot...
Finding Shot...
Finding Shot...
Finding Shot...
Finding Shot...
Finding Shot...
Finding Shot...
Finding Shot...
Finding Shot...
Finding Shot...
Finding Shot...
Finding Shot...
Finding Shot...
Finding Shot...
Finding Shot...
Finding Shot...
Finding Shot...
Finding Shot...
Finding Shot...
Finding Shot...
Finding Shot...
Finding Shot...
Finding Shot...
Finding Shot...
Finding Shot...
[start 1/200] thread=23 global_idx=0 (g=7977,e=6,s=14) elapsed=1.4s
Finding Shot...
Finding Shot...
Finding Shot...
Finding Shot...
Finding Shot...
Finding Shot...
Finding Shot...
Finding Shot...
Finding Shot...
Finding Shot...
Finding Shot...
Finding Shot...
Finding Shot...
Finding Shot...
Finding Shot...
Finding Shot...
Finding Shot...
Finding Shot...
Finding Shot...
Finding Shot...
Finding Shot...
Finding Shot...
Finding Shot...
Finding Shot...
Finding Shot...
Finding Shot...
Finding Shot...
Finding Shot...
Finding Shot...
Finding Shot...
Finding Shot...
Finding Shot...
Finding Shot...
Finding Shot...
Finding Shot...
Finding Shot...
Finding Shot...
Finding Shot...
Finding Shot...
Finding Shot...
Finding Shot...
Finding Shot...
Finding Shot...
Finding Shot...
Finding Shot...
Finding Shot...
Finding Shot...
Finding Shot...
Finding Shot...
Finding Shot...
Finding Shot...
Finding Shot...
Finding Shot...
Finding Shot...
Finding Shot...
Finding Shot...
Finding Shot...
Finding Shot...
Finding Shot...
Finding Shot...
Finding Shot...
Finding Shot...
Finding Shot...
Finding Shot...
Finding Shot...
Finding Shot...
Finding Shot...
Finding Shot...
Finding Shot...
Finding Shot...
Finding Shot...
Finding Shot...
Finding Shot...
Finding Shot...
Finding Shot...
Finding Shot...
Finding Shot...
Finding Shot...
Finding Shot...
Finding Shot...
Finding Shot...
Finding Shot...
Finding Shot...
Finding Shot...
Finding Shot...
Finding Shot...
Finding Shot...
Finding Shot...
Finding Shot...
Finding Shot...
Finding Shot...
[start 2/200] thread=19 global_idx=1 (g=3926,e=6,s=11) elapsed=1.5s
Finding Shot...
Finding Shot...
Finding Shot...
Finding Shot...
Finding Shot...
Finding Shot...
Finding Shot...
Finding Shot...
Finding Shot...
Finding Shot...
Finding Shot...
Finding Shot...
Finding Shot...
Finding Shot...
Finding Shot...
Finding Shot...
Finding Shot...
Finding Shot...
Finding Shot...
Finding Shot...
Finding Shot...
Finding Shot...
Finding Shot...
Finding Shot...
Finding Shot...
Finding Shot...
Finding Shot...
[start 3/200] thread=3 global_idx=2 (g=3883,e=1,s=14) elapsed=1.6s
[start 4/200] thread=0 global_idx=3 (g=9222,e=7,s=5) elapsed=1.6s
Finding Shot...
Finding Shot...
[start 5/200] thread=7 global_idx=4 (g=7881,e=2,s=15) elapsed=1.6s
[start 6/200] thread=11 global_idx=5 (g=6406,e=1,s=10) elapsed=1.6s
[start 7/200] thread=1 global_idx=6 (g=8452,e=5,s=15) elapsed=1.6s
[start 8/200] thread=2 global_idx=7 (g=1028,e=6,s=15) elapsed=1.6s
Finding Shot...
Finding Shot...
Finding Shot...
Finding Shot...
Finding Shot...
Finding Shot...
Finding Shot...
Finding Shot...
[start 9/200] thread=18 global_idx=8 (g=2596,e=1,s=14) elapsed=1.6s
Finding Shot...
Finding Shot...
Finding Shot...
Finding Shot...
Finding Shot...
[start 10/200] thread=15 global_idx=9 (g=4748,e=1,s=3) elapsed=1.6s
Finding Shot...
Finding Shot...
Finding Shot...
[start 11/200] thread=4 global_idx=10 (g=9206,e=3,s=13) elapsed=1.7s
[start 12/200] thread=6 global_idx=11 (g=5859,e=1,s=6) elapsed=1.7s
[start 13/200] thread=14 global_idx=12 (g=6871,e=4,s=5) elapsed=1.7s
[start 14/200] thread=10 global_idx=13 (g=7163,e=3,s=13) elapsed=1.7s
[start 15/200] thread=5 global_idx=14 (g=5807,e=0,s=8) elapsed=1.7s
Finding Shot...
[start 16/200] thread=8 global_idx=15 (g=5567,e=2,s=15) elapsed=1.7s
[start 17/200] thread=20 global_idx=16 (g=2507,e=3,s=11) elapsed=1.7s
[start 18/200] thread=13 global_idx=17 (g=7006,e=3,s=15) elapsed=1.7s
Finding Shot...
[start 19/200] thread=17 global_idx=18 (g=1984,e=6,s=4) elapsed=1.7s
[start 20/200] thread=21 global_idx=19 (g=1845,e=7,s=14) elapsed=1.7s
[start 21/200] thread=9 global_idx=20 (g=5780,e=2,s=6) elapsed=1.7s
[start 22/200] thread=16 global_idx=21 (g=8645,e=7,s=5) elapsed=1.7s
Finding Shot...
Finding Shot...
[start 23/200] thread=22 global_idx=22 (g=6132,e=0,s=13) elapsed=1.7s
[start 24/200] thread=12 global_idx=23 (g=3339,e=4,s=10) elapsed=1.7s
[done 1/200] thread=7 global_idx=4 (g=7881,e=2,s=15) state_time=49.3s best_idx=88 sims=929 N=129 K=129 eta=10129.3s
[start 25/200] thread=7 global_idx=24 (g=3566,e=6,s=14) elapsed=50.9s
[done 2/200] thread=8 global_idx=15 (g=5567,e=2,s=15) state_time=57.7s best_idx=69 sims=929 N=129 K=129 eta=5873.5s
[start 26/200] thread=8 global_idx=25 (g=5523,e=3,s=9) elapsed=59.3s
[done 3/200] thread=2 global_idx=7 (g=1028,e=6,s=15) state_time=62.6s best_idx=1 sims=951 N=151 K=151 eta=4216.7s
[start 27/200] thread=2 global_idx=26 (g=7015,e=5,s=14) elapsed=64.2s
[done 4/200] thread=1 global_idx=6 (g=8452,e=5,s=15) state_time=63.6s best_idx=89 sims=953 N=153 K=153 eta=3197.3s
[start 28/200] thread=1 global_idx=27 (g=743,e=7,s=3) elapsed=65.3s
[done 5/200] thread=13 global_idx=17 (g=7006,e=3,s=15) state_time=66.1s best_idx=0 sims=945 N=145 K=145 eta=2642.8s
[start 29/200] thread=13 global_idx=28 (g=1014,e=4,s=15) elapsed=67.8s
[done 6/200] thread=13 global_idx=28 (g=1014,e=4,s=15) state_time=42.7s best_idx=10 sims=861 N=61 K=61 eta=3571.7s
[start 30/200] thread=13 global_idx=29 (g=3900,e=0,s=10) elapsed=110.5s
[done 7/200] thread=3 global_idx=2 (g=3883,e=1,s=14) state_time=143.3s best_idx=0 sims=2614 N=37 K=37 eta=3994.5s
[start 31/200] thread=3 global_idx=30 (g=4543,e=6,s=5) elapsed=144.9s
[done 8/200] thread=21 global_idx=19 (g=1845,e=7,s=14) state_time=325.4s best_idx=45 sims=4535 N=55 K=55 eta=7848.6s
[start 32/200] thread=21 global_idx=31 (g=9231,e=5,s=14) elapsed=327.0s
[done 9/200] thread=21 global_idx=31 (g=9231,e=5,s=14) state_time=822.5s best_idx=42 sims=9337 N=101 K=101 eta=24394.8s
[start 33/200] thread=21 global_idx=32 (g=1825,e=5,s=7) elapsed=1149.5s
[done 10/200] thread=23 global_idx=0 (g=7977,e=6,s=14) state_time=1529.5s best_idx=39 sims=19186 N=145 K=145 eta=29087.7s
[start 34/200] thread=23 global_idx=33 (g=4062,e=4,s=15) elapsed=1530.9s
[done 11/200] thread=23 global_idx=33 (g=4062,e=4,s=15) state_time=35.7s best_idx=47 sims=917 N=117 K=117 eta=26917.1s
[start 35/200] thread=23 global_idx=34 (g=9882,e=2,s=11) elapsed=1566.6s
[done 12/200] thread=7 global_idx=24 (g=3566,e=6,s=14) state_time=1603.6s best_idx=67 sims=15124 N=129 K=129 eta=25920.3s
[start 36/200] thread=7 global_idx=35 (g=2998,e=6,s=14) elapsed=1654.5s
[done 13/200] thread=18 global_idx=8 (g=2596,e=1,s=14) state_time=2014.9s best_idx=78 sims=19020 N=145 K=145 eta=29007.2s
[start 37/200] thread=18 global_idx=36 (g=1555,e=2,s=3) elapsed=2016.5s
[done 14/200] thread=2 global_idx=26 (g=7015,e=5,s=14) state_time=2061.6s best_idx=11 sims=19176 N=145 K=145 eta=28243.2s
[start 38/200] thread=2 global_idx=37 (g=4372,e=4,s=14) elapsed=2125.8s
[done 15/200] thread=4 global_idx=10 (g=9206,e=3,s=13) state_time=2130.4s best_idx=11 sims=26757 N=49 K=49 eta=26295.1s
[start 39/200] thread=4 global_idx=38 (g=3732,e=7,s=7) elapsed=2132.0s
[done 16/200] thread=2 global_idx=37 (g=4372,e=4,s=14) state_time=248.5s best_idx=1 sims=3776 N=49 K=49 eta=27305.3s
[start 40/200] thread=2 global_idx=39 (g=3858,e=5,s=5) elapsed=2374.4s
[done 17/200] thread=7 global_idx=35 (g=2998,e=6,s=14) state_time=2051.6s best_idx=66 sims=18975 N=145 K=145 eta=39894.7s
[start 41/200] thread=7 global_idx=40 (g=1938,e=0,s=14) elapsed=3706.1s
[done 18/200] thread=7 global_idx=40 (g=1938,e=0,s=14) state_time=818.0s best_idx=36 sims=8996 N=93 K=93 eta=45743.4s
[start 42/200] thread=7 global_idx=41 (g=9112,e=3,s=9) elapsed=4524.1s
[done 19/200] thread=10 global_idx=13 (g=7163,e=3,s=13) state_time=4758.7s best_idx=64 sims=56020 N=85 K=85 eta=45348.8s
[start 43/200] thread=10 global_idx=42 (g=4157,e=3,s=12) elapsed=4760.4s
[done 20/200] thread=22 global_idx=22 (g=6132,e=0,s=13) state_time=6586.9s best_idx=18 sims=74710 N=87 K=87 eta=59297.5s
[start 44/200] thread=22 global_idx=43 (g=7373,e=1,s=11) elapsed=6588.6s
[done 21/200] thread=20 global_idx=16 (g=2507,e=3,s=11) state_time=12040.5s best_idx=40 sims=175556 N=107 K=107 eta=102644.9s
[start 45/200] thread=20 global_idx=44 (g=7173,e=4,s=15) elapsed=12042.1s
[done 22/200] thread=20 global_idx=44 (g=7173,e=4,s=15) state_time=70.5s best_idx=4 sims=951 N=151 K=151 eta=98002.5s
[start 46/200] thread=20 global_idx=45 (g=196,e=4,s=4) elapsed=12112.7s
[done 23/200] thread=13 global_idx=29 (g=3900,e=0,s=10) state_time=12957.5s best_idx=0 sims=221516 N=55 K=55 eta=100566.4s
[start 47/200] thread=13 global_idx=46 (g=2630,e=2,s=14) elapsed=13068.0s
[done 24/200] thread=19 global_idx=1 (g=3926,e=6,s=11) state_time=13261.4s best_idx=65 sims=205270 N=123 K=123 eta=97261.5s
[start 48/200] thread=19 global_idx=47 (g=5731,e=2,s=10) elapsed=13262.9s
[done 25/200] thread=13 global_idx=46 (g=2630,e=2,s=14) state_time=335.1s best_idx=2 sims=4789 N=59 K=59 eta=93821.1s
[start 49/200] thread=13 global_idx=48 (g=9518,e=4,s=5) elapsed=13403.0s
[done 26/200] thread=11 global_idx=5 (g=6406,e=1,s=10) state_time=13461.3s best_idx=0 sims=224039 N=59 K=59 eta=90098.1s
[start 50/200] thread=11 global_idx=49 (g=8211,e=7,s=12) elapsed=13462.9s
[done 27/200] thread=10 global_idx=42 (g=4157,e=3,s=12) state_time=9693.9s best_idx=38 sims=124101 N=107 K=107 eta=92614.7s
[start 51/200] thread=10 global_idx=50 (g=5392,e=3,s=13) elapsed=14454.3s
[done 28/200] thread=12 global_idx=23 (g=3339,e=4,s=10) state_time=14657.5s best_idx=10 sims=236700 N=71 K=71 eta=90049.5s
[start 52/200] thread=12 global_idx=51 (g=4262,e=4,s=2) elapsed=14659.2s
[done 29/200] thread=23 global_idx=34 (g=9882,e=2,s=11) state_time=13414.2s best_idx=46 sims=195601 N=109 K=109 eta=88335.0s
[start 53/200] thread=23 global_idx=52 (g=6230,e=1,s=12) elapsed=14980.8s
[done 30/200] thread=8 global_idx=25 (g=5523,e=3,s=9) state_time=20526.6s best_idx=55 sims=301767 N=103 K=103 eta=116653.7s
[start 54/200] thread=8 global_idx=53 (g=3543,e=4,s=7) elapsed=20586.0s
[done 31/200] thread=23 global_idx=52 (g=6230,e=1,s=12) state_time=5752.0s best_idx=35 sims=92913 N=49 K=49 eta=113026.9s
[start 55/200] thread=23 global_idx=54 (g=1784,e=6,s=5) elapsed=20732.7s
[done 32/200] thread=22 global_idx=43 (g=7373,e=1,s=11) state_time=14689.2s best_idx=42 sims=195990 N=103 K=103 eta=111708.5s
[start 56/200] thread=22 global_idx=55 (g=4905,e=4,s=14) elapsed=21277.8s
[done 33/200] thread=4 global_idx=38 (g=3732,e=7,s=7) state_time=19184.4s best_idx=4 sims=381041 N=49 K=49 eta=107874.3s
[start 57/200] thread=4 global_idx=56 (g=3837,e=2,s=10) elapsed=21316.5s
[done 34/200] thread=7 global_idx=41 (g=9112,e=3,s=9) state_time=17208.4s best_idx=56 sims=286656 N=75 K=75 eta=106105.6s
[start 58/200] thread=7 global_idx=57 (g=2854,e=0,s=15) elapsed=21732.5s
[done 35/200] thread=7 global_idx=57 (g=2854,e=0,s=15) state_time=48.1s best_idx=56 sims=903 N=103 K=103 eta=102679.8s
[start 59/200] thread=7 global_idx=58 (g=1221,e=1,s=10) elapsed=21780.6s
[done 36/200] thread=22 global_idx=55 (g=4905,e=4,s=14) state_time=816.7s best_idx=37 sims=9647 N=101 K=101 eta=100652.9s
[start 60/200] thread=22 global_idx=59 (g=7301,e=6,s=14) elapsed=22094.5s
[done 37/200] thread=19 global_idx=47 (g=5731,e=2,s=10) state_time=9027.9s best_idx=0 sims=203507 N=43 K=43 eta=98200.1s
[start 61/200] thread=19 global_idx=60 (g=5248,e=0,s=3) elapsed=22290.8s
[done 38/200] thread=11 global_idx=49 (g=8211,e=7,s=12) state_time=8895.4s best_idx=6 sims=120348 N=79 K=79 eta=95316.9s
[start 62/200] thread=11 global_idx=61 (g=2545,e=3,s=15) elapsed=22358.3s
[done 39/200] thread=11 global_idx=61 (g=2545,e=3,s=15) state_time=39.1s best_idx=0 sims=861 N=61 K=61 eta=92461.1s
[start 63/200] thread=11 global_idx=62 (g=6335,e=1,s=11) elapsed=22397.4s
[done 40/200] thread=5 global_idx=14 (g=5807,e=0,s=8) state_time=22773.7s best_idx=28 sims=363516 N=81 K=81 eta=91101.3s
[start 64/200] thread=5 global_idx=63 (g=8275,e=4,s=5) elapsed=22775.3s
[done 41/200] thread=9 global_idx=20 (g=5780,e=2,s=6) state_time=23936.7s best_idx=35 sims=448728 N=49 K=49 eta=92834.0s
[start 65/200] thread=9 global_idx=64 (g=963,e=5,s=13) elapsed=23938.3s
[done 42/200] thread=22 global_idx=59 (g=7301,e=6,s=14) state_time=2050.3s best_idx=1 sims=18690 N=145 K=145 eta=90830.6s
[start 66/200] thread=22 global_idx=65 (g=176,e=5,s=11) elapsed=24144.8s
[done 43/200] thread=10 global_idx=50 (g=5392,e=3,s=13) state_time=9826.9s best_idx=87 sims=95683 N=135 K=135 eta=88654.6s
[start 67/200] thread=10 global_idx=66 (g=2199,e=1,s=13) elapsed=24281.2s
[done 44/200] thread=0 global_idx=3 (g=9222,e=7,s=5) state_time=25051.7s best_idx=22 sims=490381 N=37 K=37 eta=88825.2s
[start 68/200] thread=0 global_idx=67 (g=8298,e=3,s=11) elapsed=25053.3s
[done 45/200] thread=21 global_idx=32 (g=1825,e=5,s=7) state_time=24778.4s best_idx=53 sims=412277 N=77 K=77 eta=89307.2s
[start 69/200] thread=21 global_idx=68 (g=6729,e=2,s=14) elapsed=25927.9s
[done 46/200] thread=6 global_idx=11 (g=5859,e=1,s=6) state_time=27186.1s best_idx=6 sims=462854 N=65 K=65 eta=91019.8s
[start 70/200] thread=6 global_idx=69 (g=8119,e=5,s=4) elapsed=27187.7s
[done 47/200] thread=21 global_idx=68 (g=6729,e=2,s=14) state_time=1740.5s best_idx=2 sims=16543 N=135 K=135 eta=90069.5s
[start 71/200] thread=21 global_idx=70 (g=8189,e=0,s=14) elapsed=27668.4s
[done 48/200] thread=21 global_idx=70 (g=8189,e=0,s=14) state_time=330.9s best_idx=35 sims=4738 N=55 K=55 eta=88664.5s
[start 72/200] thread=21 global_idx=71 (g=9791,e=0,s=8) elapsed=27999.3s
[done 49/200] thread=14 global_idx=12 (g=6871,e=4,s=5) state_time=29627.0s best_idx=57 sims=518778 N=71 K=71 eta=91304.6s
[start 73/200] thread=14 global_idx=72 (g=5487,e=5,s=5) elapsed=29628.7s
[done 50/200] thread=3 global_idx=30 (g=4543,e=6,s=5) state_time=29680.0s best_idx=39 sims=518534 N=71 K=71 eta=89474.7s
[start 74/200] thread=3 global_idx=73 (g=4950,e=0,s=15) elapsed=29824.9s
[done 51/200] thread=3 global_idx=73 (g=4950,e=0,s=15) state_time=30.4s best_idx=48 sims=871 N=71 K=71 eta=87224.4s
[start 75/200] thread=3 global_idx=74 (g=9143,e=3,s=7) elapsed=29855.3s
[done 52/200] thread=9 global_idx=64 (g=963,e=5,s=13) state_time=6160.9s best_idx=10 sims=68132 N=89 K=89 eta=85667.0s
[start 76/200] thread=9 global_idx=75 (g=4517,e=4,s=13) elapsed=30099.2s
[done 53/200] thread=16 global_idx=21 (g=8645,e=7,s=5) state_time=30596.8s best_idx=44 sims=523597 N=71 K=71 eta=84867.5s
[start 77/200] thread=16 global_idx=76 (g=2994,e=5,s=10) elapsed=30598.5s
[done 54/200] thread=11 global_idx=62 (g=6335,e=1,s=11) state_time=8228.2s best_idx=34 sims=145906 N=53 K=53 eta=82802.4s
[start 78/200] thread=11 global_idx=77 (g=961,e=6,s=13) elapsed=30625.6s
[done 55/200] thread=17 global_idx=18 (g=1984,e=6,s=4) state_time=31647.5s best_idx=11 sims=571729 N=59 K=59 eta=83438.8s
[start 79/200] thread=17 global_idx=78 (g=1566,e=1,s=3) elapsed=31649.2s
[done 56/200] thread=15 global_idx=9 (g=4748,e=1,s=3) state_time=32846.1s best_idx=34 sims=620896 N=49 K=49 eta=84465.6s
[start 80/200] thread=15 global_idx=79 (g=1686,e=6,s=15) elapsed=32847.7s
[done 57/200] thread=15 global_idx=79 (g=1686,e=6,s=15) state_time=35.8s best_idx=0 sims=849 N=49 K=49 eta=82497.3s
[start 81/200] thread=15 global_idx=80 (g=1201,e=0,s=6) elapsed=32883.5s
[done 58/200] thread=2 global_idx=39 (g=3858,e=5,s=5) state_time=31481.6s best_idx=1 sims=524890 N=75 K=75 eta=82888.8s
[start 82/200] thread=2 global_idx=81 (g=5494,e=4,s=5) elapsed=33856.0s
[done 59/200] thread=10 global_idx=66 (g=2199,e=1,s=13) state_time=9806.4s best_idx=25 sims=98883 N=119 K=119 eta=81463.6s
[start 83/200] thread=10 global_idx=82 (g=2492,e=4,s=15) elapsed=34087.6s
[done 60/200] thread=10 global_idx=82 (g=2492,e=4,s=15) state_time=42.6s best_idx=42 sims=875 N=75 K=75 eta=79637.1s
[start 84/200] thread=10 global_idx=83 (g=8959,e=1,s=11) elapsed=34130.2s
[done 61/200] thread=1 global_idx=27 (g=743,e=7,s=3) state_time=34075.0s best_idx=35 sims=627224 N=55 K=55 eta=77795.0s
[start 85/200] thread=1 global_idx=84 (g=1671,e=0,s=15) elapsed=34140.3s
[done 62/200] thread=1 global_idx=84 (g=1671,e=0,s=15) state_time=47.0s best_idx=79 sims=917 N=117 K=117 eta=76094.3s
[start 86/200] thread=1 global_idx=85 (g=1385,e=7,s=11) elapsed=34187.3s
[done 63/200] thread=4 global_idx=56 (g=3837,e=2,s=10) state_time=14216.7s best_idx=32 sims=231660 N=71 K=71 eta=77270.6s
[start 87/200] thread=4 global_idx=86 (g=6872,e=1,s=14) elapsed=35533.2s
[done 64/200] thread=18 global_idx=36 (g=1555,e=2,s=3) state_time=33866.6s best_idx=50 sims=626071 N=55 K=55 eta=76251.8s
[start 88/200] thread=18 global_idx=87 (g=8785,e=1,s=4) elapsed=35883.2s
[done 65/200] thread=4 global_idx=86 (g=6872,e=1,s=14) state_time=1850.4s best_idx=0 sims=17313 N=135 K=135 eta=77642.9s
[start 89/200] thread=4 global_idx=88 (g=1835,e=0,s=15) elapsed=37383.6s
[done 66/200] thread=4 global_idx=88 (g=1835,e=0,s=15) state_time=28.0s best_idx=58 sims=869 N=69 K=69 eta=75956.9s
[start 90/200] thread=4 global_idx=89 (g=6216,e=7,s=8) elapsed=37411.6s
[done 67/200] thread=22 global_idx=65 (g=176,e=5,s=11) state_time=14970.0s best_idx=10 sims=200667 N=97 K=97 eta=77645.8s
[start 91/200] thread=22 global_idx=90 (g=8471,e=6,s=5) elapsed=39114.8s
[done 68/200] thread=7 global_idx=58 (g=1221,e=1,s=10) state_time=19387.4s best_idx=49 sims=259951 N=113 K=113 eta=79914.3s
[start 92/200] thread=7 global_idx=91 (g=256,e=3,s=12) elapsed=41167.9s
[done 69/200] thread=0 global_idx=67 (g=8298,e=3,s=11) state_time=16174.4s best_idx=36 sims=204396 N=119 K=119 eta=78272.9s
[start 93/200] thread=0 global_idx=92 (g=5778,e=2,s=9) elapsed=41227.7s
[done 70/200] thread=8 global_idx=53 (g=3543,e=4,s=7) state_time=20748.8s best_idx=33 sims=382627 N=55 K=55 eta=76764.6s
[start 94/200] thread=8 global_idx=93 (g=6320,e=4,s=15) elapsed=41334.8s
[done 71/200] thread=9 global_idx=75 (g=4517,e=4,s=13) state_time=11271.8s best_idx=10 sims=105810 N=123 K=123 eta=75167.0s
[start 95/200] thread=9 global_idx=94 (g=1638,e=4,s=11) elapsed=41371.0s
[done 72/200] thread=8 global_idx=93 (g=6320,e=4,s=15) state_time=40.3s best_idx=56 sims=903 N=103 K=103 eta=73555.7s
[start 96/200] thread=8 global_idx=95 (g=2310,e=6,s=15) elapsed=41375.1s
[done 73/200] thread=8 global_idx=95 (g=2310,e=6,s=15) state_time=51.5s best_idx=76 sims=935 N=135 K=135 eta=72070.9s
[start 97/200] thread=8 global_idx=96 (g=7921,e=5,s=4) elapsed=41426.6s
[done 74/200] thread=11 global_idx=77 (g=961,e=6,s=13) state_time=11608.6s best_idx=11 sims=109680 N=139 K=139 eta=71912.2s
[start 98/200] thread=11 global_idx=97 (g=1361,e=1,s=12) elapsed=42234.2s
[done 75/200] thread=20 global_idx=45 (g=196,e=4,s=4) state_time=30289.5s best_idx=2 sims=566799 N=49 K=49 eta=70670.3s
[start 99/200] thread=20 global_idx=98 (g=5041,e=1,s=8) elapsed=42402.2s
[done 76/200] thread=13 global_idx=48 (g=9518,e=4,s=5) state_time=30248.9s best_idx=45 sims=521681 N=71 K=71 eta=71221.6s
[start 100/200] thread=13 global_idx=99 (g=5033,e=7,s=5) elapsed=43651.9s
[done 77/200] thread=21 global_idx=71 (g=9791,e=0,s=8) state_time=17732.0s best_idx=0 sims=338344 N=55 K=55 eta=73051.2s
[start 101/200] thread=21 global_idx=100 (g=5022,e=1,s=15) elapsed=45731.3s
[done 78/200] thread=21 global_idx=100 (g=5022,e=1,s=15) state_time=43.2s best_idx=1 sims=889 N=89 K=89 eta=71595.9s
[start 102/200] thread=21 global_idx=101 (g=9907,e=7,s=9) elapsed=45774.4s
[done 79/200] thread=10 global_idx=83 (g=8959,e=1,s=11) state_time=13735.3s best_idx=44 sims=190704 N=97 K=97 eta=73312.9s
[start 103/200] thread=10 global_idx=102 (g=8627,e=2,s=12) elapsed=47865.4s
[done 80/200] thread=1 global_idx=85 (g=1385,e=7,s=11) state_time=13938.5s best_idx=6 sims=192996 N=103 K=103 eta=72188.7s
[start 104/200] thread=1 global_idx=103 (g=1641,e=6,s=10) elapsed=48125.8s
[done 81/200] thread=7 global_idx=91 (g=256,e=3,s=12) state_time=7061.1s best_idx=46 sims=108623 N=77 K=77 eta=70855.0s
[start 105/200] thread=7 global_idx=104 (g=7249,e=2,s=15) elapsed=48229.0s
[done 82/200] thread=7 global_idx=104 (g=7249,e=2,s=15) state_time=54.7s best_idx=0 sims=939 N=139 K=139 eta=69481.4s
[start 106/200] thread=7 global_idx=105 (g=4837,e=7,s=2) elapsed=48283.7s
[done 83/200] thread=11 global_idx=97 (g=1361,e=1,s=12) state_time=6423.0s best_idx=45 sims=98784 N=59 K=59 eta=68589.0s
[start 107/200] thread=11 global_idx=106 (g=1039,e=2,s=15) elapsed=48657.1s
[done 84/200] thread=11 global_idx=106 (g=1039,e=2,s=15) state_time=27.3s best_idx=35 sims=843 N=43 K=43 eta=67230.9s
[start 108/200] thread=11 global_idx=107 (g=7846,e=3,s=10) elapsed=48684.4s
[done 85/200] thread=23 global_idx=54 (g=1784,e=6,s=5) state_time=28249.2s best_idx=48 sims=521593 N=71 K=71 eta=66269.7s
[start 109/200] thread=23 global_idx=108 (g=5246,e=2,s=5) elapsed=48982.0s
[done 86/200] thread=16 global_idx=76 (g=2994,e=5,s=10) state_time=19911.4s best_idx=56 sims=266132 N=113 K=113 eta=66954.9s
[start 110/200] thread=16 global_idx=109 (g=4166,e=2,s=12) elapsed=50509.9s
[done 87/200] thread=19 global_idx=60 (g=5248,e=0,s=3) state_time=29433.9s best_idx=39 sims=625971 N=49 K=49 eta=67182.7s
[start 111/200] thread=19 global_idx=110 (g=6533,e=4,s=6) elapsed=51724.7s
[done 88/200] thread=12 global_idx=51 (g=4262,e=4,s=2) state_time=37170.3s best_idx=2 sims=686517 N=49 K=49 eta=65964.9s
[start 112/200] thread=12 global_idx=111 (g=5721,e=0,s=12) elapsed=51829.5s
[done 89/200] thread=5 global_idx=63 (g=8275,e=4,s=5) state_time=29660.8s best_idx=38 sims=517463 N=71 K=71 eta=65397.9s
[start 113/200] thread=5 global_idx=112 (g=4463,e=7,s=9) elapsed=52436.1s
[done 90/200] thread=3 global_idx=74 (g=9143,e=3,s=7) state_time=24946.0s best_idx=6 sims=409517 N=81 K=81 eta=66979.4s
[start 114/200] thread=3 global_idx=113 (g=5606,e=2,s=14) elapsed=54801.3s
[done 91/200] thread=4 global_idx=89 (g=6216,e=7,s=8) state_time=17968.6s best_idx=49 sims=334242 N=55 K=55 eta=66334.5s
[start 115/200] thread=4 global_idx=114 (g=1123,e=4,s=3) elapsed=55380.2s
[done 92/200] thread=9 global_idx=94 (g=1638,e=4,s=11) state_time=14069.7s best_idx=59 sims=193613 N=103 K=103 eta=65082.6s
[start 116/200] thread=9 global_idx=115 (g=8113,e=3,s=15) elapsed=55440.7s
[done 93/200] thread=9 global_idx=115 (g=8113,e=3,s=15) state_time=40.2s best_idx=33 sims=869 N=69 K=69 eta=63832.9s
[start 117/200] thread=9 global_idx=116 (g=716,e=6,s=7) elapsed=55480.9s
[done 94/200] thread=6 global_idx=69 (g=8119,e=5,s=4) state_time=29293.1s best_idx=56 sims=577501 N=65 K=65 eta=63691.2s
[start 118/200] thread=6 global_idx=117 (g=459,e=3,s=5) elapsed=56480.9s
[done 95/200] thread=3 global_idx=113 (g=5606,e=2,s=14) state_time=1801.8s best_idx=46 sims=17364 N=139 K=139 eta=62561.3s
[start 119/200] thread=3 global_idx=118 (g=9287,e=7,s=12) elapsed=56603.1s
[done 96/200] thread=15 global_idx=80 (g=1201,e=0,s=6) state_time=24763.2s best_idx=7 sims=453549 N=53 K=53 eta=62450.6s
[start 120/200] thread=15 global_idx=119 (g=5647,e=1,s=10) elapsed=57646.7s
[done 97/200] thread=16 global_idx=109 (g=4166,e=2,s=12) state_time=7564.8s best_idx=49 sims=110088 N=75 K=75 eta=61666.9s
[start 121/200] thread=16 global_idx=120 (g=4562,e=4,s=13) elapsed=58074.6s
[done 98/200] thread=21 global_idx=101 (g=9907,e=7,s=9) state_time=12956.6s best_idx=44 sims=275169 N=65 K=65 eta=61128.2s
[start 122/200] thread=21 global_idx=121 (g=6201,e=5,s=11) elapsed=58731.0s
[done 99/200] thread=10 global_idx=102 (g=8627,e=2,s=12) state_time=11164.5s best_idx=49 sims=137828 N=103 K=103 eta=60222.5s
[start 123/200] thread=10 global_idx=122 (g=9166,e=3,s=14) elapsed=59029.9s
[done 100/200] thread=14 global_idx=72 (g=5487,e=5,s=5) state_time=30467.3s best_idx=0 sims=518722 N=71 K=71 eta=60096.0s
[start 124/200] thread=14 global_idx=123 (g=8703,e=4,s=3) elapsed=60096.0s
[done 101/200] thread=10 global_idx=122 (g=9166,e=3,s=14) state_time=1688.0s best_idx=64 sims=16023 N=139 K=139 eta=59515.6s
[start 125/200] thread=10 global_idx=124 (g=1616,e=0,s=14) elapsed=60717.9s
[done 102/200] thread=10 global_idx=124 (g=1616,e=0,s=14) state_time=376.9s best_idx=33 sims=5269 N=69 K=69 eta=58698.9s
[start 126/200] thread=10 global_idx=125 (g=5809,e=3,s=9) elapsed=61094.8s
[done 103/200] thread=0 global_idx=92 (g=5778,e=2,s=9) state_time=20415.7s best_idx=58 sims=306376 N=97 K=97 eta=58052.5s
[start 127/200] thread=0 global_idx=126 (g=4651,e=6,s=5) elapsed=61643.4s
[done 104/200] thread=20 global_idx=98 (g=5041,e=1,s=8) state_time=19285.6s best_idx=1 sims=337069 N=55 K=55 eta=56942.6s
[start 128/200] thread=20 global_idx=127 (g=8894,e=2,s=15) elapsed=61687.8s
[done 105/200] thread=20 global_idx=127 (g=8894,e=2,s=15) state_time=41.5s best_idx=2 sims=879 N=79 K=79 eta=55850.3s
[start 129/200] thread=20 global_idx=128 (g=2369,e=6,s=9) elapsed=61729.3s
[done 106/200] thread=11 global_idx=107 (g=7846,e=3,s=10) state_time=13188.8s best_idx=45 sims=220886 N=65 K=65 eta=54868.7s
[start 130/200] thread=11 global_idx=129 (g=1083,e=7,s=15) elapsed=61873.2s
[done 107/200] thread=11 global_idx=129 (g=1083,e=7,s=15) state_time=44.3s best_idx=59 sims=903 N=103 K=103 eta=53816.2s
[start 131/200] thread=11 global_idx=130 (g=366,e=3,s=11) elapsed=61917.6s
[done 108/200] thread=3 global_idx=118 (g=9287,e=7,s=12) state_time=7076.5s best_idx=38 sims=106863 N=65 K=65 eta=54245.5s
[start 132/200] thread=3 global_idx=131 (g=6354,e=2,s=15) elapsed=63679.6s
[done 109/200] thread=3 global_idx=131 (g=6354,e=2,s=15) state_time=59.7s best_idx=109 sims=951 N=151 K=151 eta=53213.5s
[start 133/200] thread=3 global_idx=132 (g=9260,e=7,s=2) elapsed=63739.3s
[done 110/200] thread=2 global_idx=81 (g=5494,e=4,s=5) state_time=31544.8s best_idx=6 sims=524731 N=75 K=75 eta=53509.7s
[start 134/200] thread=2 global_idx=133 (g=6267,e=4,s=12) elapsed=65400.8s
[done 111/200] thread=18 global_idx=87 (g=8785,e=1,s=4) state_time=30659.0s best_idx=40 sims=566399 N=49 K=49 eta=53353.7s
[start 135/200] thread=18 global_idx=134 (g=1158,e=6,s=8) elapsed=66542.2s
[done 112/200] thread=12 global_idx=111 (g=5721,e=0,s=12) state_time=14806.8s best_idx=105 sims=164876 N=123 K=123 eta=52357.1s
[start 136/200] thread=12 global_idx=135 (g=6520,e=1,s=5) elapsed=66636.4s
[done 113/200] thread=17 global_idx=78 (g=1566,e=1,s=3) state_time=35303.2s best_idx=41 sims=627777 N=59 K=59 eta=51547.4s
[start 137/200] thread=17 global_idx=136 (g=2099,e=0,s=14) elapsed=66952.4s
[done 114/200] thread=16 global_idx=120 (g=4562,e=4,s=13) state_time=8988.6s best_idx=76 sims=100446 N=129 K=129 eta=50591.5s
[start 138/200] thread=16 global_idx=137 (g=4892,e=6,s=10) elapsed=67063.2s
[done 115/200] thread=17 global_idx=136 (g=2099,e=0,s=14) state_time=726.9s best_idx=7 sims=8590 N=91 K=91 eta=50023.8s
[start 139/200] thread=17 global_idx=138 (g=7859,e=3,s=14) elapsed=67679.3s
[done 116/200] thread=17 global_idx=138 (g=7859,e=3,s=14) state_time=1559.3s best_idx=33 sims=15374 N=129 K=129 eta=50138.3s
[start 140/200] thread=17 global_idx=139 (g=2084,e=7,s=10) elapsed=69238.6s
[done 117/200] thread=1 global_idx=103 (g=1641,e=6,s=10) state_time=21373.7s best_idx=69 sims=267367 N=113 K=113 eta=49303.1s
[start 141/200] thread=1 global_idx=140 (g=5335,e=1,s=14) elapsed=69499.6s
[done 118/200] thread=22 global_idx=90 (g=8471,e=6,s=5) state_time=31088.5s best_idx=6 sims=527370 N=75 K=75 eta=48785.4s
[start 142/200] thread=22 global_idx=141 (g=5272,e=2,s=4) elapsed=70203.3s
[done 119/200] thread=1 global_idx=140 (g=5335,e=1,s=14) state_time=2214.8s best_idx=85 sims=19865 N=145 K=145 eta=48814.0s
[start 143/200] thread=1 global_idx=142 (g=5472,e=3,s=13) elapsed=71714.3s
[done 120/200] thread=2 global_idx=133 (g=6267,e=4,s=12) state_time=6728.0s best_idx=6 sims=103662 N=55 K=55 eta=48085.8s
[start 144/200] thread=2 global_idx=143 (g=4526,e=5,s=9) elapsed=72128.8s
[done 121/200] thread=8 global_idx=96 (g=7921,e=5,s=4) state_time=30829.6s best_idx=19 sims=564823 N=49 K=49 eta=47175.5s
[start 145/200] thread=8 global_idx=144 (g=6392,e=2,s=5) elapsed=72256.2s
[done 122/200] thread=13 global_idx=99 (g=5033,e=7,s=5) state_time=30218.9s best_idx=34 sims=519286 N=71 K=71 eta=47228.9s
[start 146/200] thread=13 global_idx=145 (g=1255,e=4,s=13) elapsed=73870.9s
[done 123/200] thread=5 global_idx=112 (g=4463,e=7,s=9) state_time=21479.1s best_idx=41 sims=311876 N=103 K=103 eta=46272.1s
[start 147/200] thread=5 global_idx=146 (g=5259,e=3,s=8) elapsed=73915.2s
[done 124/200] thread=15 global_idx=119 (g=5647,e=1,s=10) state_time=17022.3s best_idx=0 sims=250378 N=91 K=91 eta=45764.9s
[start 148/200] thread=15 global_idx=147 (g=7905,e=3,s=15) elapsed=74669.0s
[done 125/200] thread=15 global_idx=147 (g=7905,e=3,s=15) state_time=43.4s best_idx=58 sims=903 N=103 K=103 eta=44827.4s
[start 149/200] thread=15 global_idx=148 (g=4159,e=5,s=11) elapsed=74712.4s
[done 126/200] thread=21 global_idx=121 (g=6201,e=5,s=11) state_time=16142.7s best_idx=63 sims=204040 N=107 K=107 eta=43973.5s
[start 150/200] thread=21 global_idx=149 (g=2788,e=5,s=13) elapsed=74873.7s
[done 127/200] thread=1 global_idx=142 (g=5472,e=3,s=13) state_time=3586.7s best_idx=38 sims=40875 N=69 K=69 eta=43283.3s
[start 151/200] thread=1 global_idx=150 (g=4360,e=7,s=4) elapsed=75301.0s
[done 128/200] thread=10 global_idx=125 (g=5809,e=3,s=9) state_time=14261.4s best_idx=38 sims=268817 N=53 K=53 eta=42387.8s
[start 152/200] thread=10 global_idx=151 (g=8248,e=7,s=13) elapsed=75356.1s
[done 129/200] thread=9 global_idx=116 (g=716,e=6,s=7) state_time=21380.3s best_idx=1 sims=390222 N=55 K=55 eta=42303.5s
[start 153/200] thread=9 global_idx=152 (g=2081,e=5,s=9) elapsed=76861.2s
[done 130/200] thread=19 global_idx=110 (g=6533,e=4,s=6) state_time=25936.3s best_idx=53 sims=472486 N=81 K=81 eta=41817.5s
[start 154/200] thread=19 global_idx=153 (g=1265,e=4,s=5) elapsed=77661.0s
[done 131/200] thread=13 global_idx=145 (g=1255,e=4,s=13) state_time=4355.9s best_idx=69 sims=46616 N=91 K=91 eta=41203.4s
[start 155/200] thread=13 global_idx=154 (g=3677,e=7,s=15) elapsed=78226.8s
[done 132/200] thread=13 global_idx=154 (g=3677,e=7,s=15) state_time=33.4s best_idx=54 sims=875 N=75 K=75 eta=40315.8s
[start 156/200] thread=13 global_idx=155 (g=477,e=2,s=10) elapsed=78260.2s
[done 133/200] thread=10 global_idx=151 (g=8248,e=7,s=13) state_time=3361.4s best_idx=1 sims=40144 N=59 K=59 eta=39654.7s
[start 157/200] thread=10 global_idx=156 (g=8462,e=7,s=13) elapsed=78717.5s
[done 134/200] thread=11 global_idx=130 (g=366,e=3,s=11) state_time=17804.9s best_idx=45 sims=213481 N=119 K=119 eta=39266.3s
[start 158/200] thread=11 global_idx=157 (g=3186,e=1,s=11) elapsed=79722.5s
[done 135/200] thread=20 global_idx=128 (g=2369,e=6,s=9) state_time=18475.3s best_idx=50 sims=296758 N=79 K=79 eta=38617.1s
[start 159/200] thread=20 global_idx=158 (g=8936,e=4,s=15) elapsed=80204.7s
[done 136/200] thread=20 global_idx=158 (g=8936,e=4,s=15) state_time=61.1s best_idx=4 sims=945 N=145 K=145 eta=37772.1s
[start 160/200] thread=20 global_idx=159 (g=966,e=6,s=3) elapsed=80265.7s
[done 137/200] thread=23 global_idx=108 (g=5246,e=2,s=5) state_time=31338.0s best_idx=42 sims=528046 N=75 K=75 eta=36935.5s
[start 161/200] thread=23 global_idx=160 (g=232,e=1,s=13) elapsed=80320.0s
[done 138/200] thread=7 global_idx=105 (g=4837,e=7,s=2) state_time=33240.6s best_idx=43 sims=683190 N=49 K=49 eta=36626.8s
[start 162/200] thread=7 global_idx=161 (g=3968,e=6,s=10) elapsed=81524.2s
[done 139/200] thread=21 global_idx=149 (g=2788,e=5,s=13) state_time=8325.7s best_idx=77 sims=77046 N=139 K=139 eta=36512.0s
[start 163/200] thread=21 global_idx=162 (g=2440,e=2,s=5) elapsed=83199.5s
[done 140/200] thread=23 global_idx=160 (g=232,e=1,s=13) state_time=2921.0s best_idx=3 sims=39292 N=59 K=59 eta=35674.7s
[start 164/200] thread=23 global_idx=163 (g=1624,e=6,s=15) elapsed=83240.9s
[done 141/200] thread=23 global_idx=163 (g=1624,e=6,s=15) state_time=41.8s best_idx=48 sims=891 N=91 K=91 eta=34848.8s
[start 165/200] thread=23 global_idx=164 (g=9851,e=7,s=8) elapsed=83282.7s
[done 142/200] thread=16 global_idx=137 (g=4892,e=6,s=10) state_time=16539.6s best_idx=2 sims=252046 N=101 K=101 eta=34147.6s
[start 166/200] thread=16 global_idx=165 (g=9879,e=2,s=15) elapsed=83602.8s
[done 143/200] thread=16 global_idx=165 (g=9879,e=2,s=15) state_time=38.4s best_idx=45 sims=917 N=117 K=117 eta=33339.5s
[start 167/200] thread=16 global_idx=166 (g=9832,e=1,s=9) elapsed=83641.2s
[done 144/200] thread=18 global_idx=134 (g=1158,e=6,s=8) state_time=19730.7s best_idx=57 sims=343654 N=65 K=65 eta=33550.6s
[start 168/200] thread=18 global_idx=167 (g=4221,e=2,s=14) elapsed=86272.9s
[done 145/200] thread=6 global_idx=117 (g=459,e=3,s=5) state_time=29882.2s best_idx=44 sims=519299 N=71 K=71 eta=32758.4s
[start 169/200] thread=6 global_idx=168 (g=1999,e=2,s=5) elapsed=86363.1s
[done 146/200] thread=4 global_idx=114 (g=1123,e=4,s=3) state_time=32552.1s best_idx=9 sims=622427 N=55 K=55 eta=32522.9s
[start 170/200] thread=4 global_idx=169 (g=99,e=4,s=13) elapsed=87932.3s
[done 147/200] thread=10 global_idx=156 (g=8462,e=7,s=13) state_time=9256.5s best_idx=13 sims=93453 N=115 K=115 eta=31718.5s
[start 171/200] thread=10 global_idx=170 (g=964,e=0,s=8) elapsed=87974.0s
[done 148/200] thread=18 global_idx=167 (g=4221,e=2,s=14) state_time=2029.1s best_idx=8 sims=18234 N=145 K=145 eta=31025.0s
[start 172/200] thread=18 global_idx=171 (g=6357,e=7,s=5) elapsed=88302.0s
[done 149/200] thread=2 global_idx=143 (g=4526,e=5,s=9) state_time=17063.3s best_idx=40 sims=285366 N=65 K=65 eta=30528.8s
[start 173/200] thread=2 global_idx=172 (g=632,e=7,s=12) elapsed=89192.1s
[done 150/200] thread=4 global_idx=169 (g=99,e=4,s=13) state_time=2112.6s best_idx=48 sims=26466 N=57 K=57 eta=30015.0s
[start 174/200] thread=4 global_idx=173 (g=3130,e=2,s=11) elapsed=90044.9s
[done 151/200] thread=17 global_idx=139 (g=2084,e=7,s=10) state_time=21624.4s best_idx=110 sims=272203 N=113 K=113 eta=29485.3s
[start 175/200] thread=17 global_idx=174 (g=2941,e=4,s=13) elapsed=90863.0s
[done 152/200] thread=15 global_idx=148 (g=4159,e=5,s=11) state_time=16202.8s best_idx=46 sims=196022 N=103 K=103 eta=28710.1s
[start 176/200] thread=15 global_idx=175 (g=6374,e=0,s=11) elapsed=90915.2s
[done 153/200] thread=0 global_idx=126 (g=4651,e=6,s=5) state_time=30270.4s best_idx=2 sims=521439 N=71 K=71 eta=28235.0s
[start 177/200] thread=0 global_idx=176 (g=156,e=7,s=14) elapsed=91913.8s
[done 154/200] thread=11 global_idx=157 (g=3186,e=1,s=11) state_time=12356.4s best_idx=56 sims=166336 N=119 K=119 eta=27504.1s
[start 178/200] thread=11 global_idx=177 (g=1570,e=1,s=4) elapsed=92078.9s
[done 155/200] thread=7 global_idx=161 (g=3968,e=6,s=10) state_time=10714.9s best_idx=42 sims=204885 N=49 K=49 eta=26779.1s
[start 179/200] thread=7 global_idx=178 (g=7117,e=6,s=12) elapsed=92239.2s
[done 156/200] thread=9 global_idx=152 (g=2081,e=5,s=9) state_time=15427.3s best_idx=44 sims=277462 N=53 K=53 eta=26030.1s
[start 180/200] thread=9 global_idx=179 (g=6164,e=7,s=6) elapsed=92288.5s
[done 157/200] thread=14 global_idx=123 (g=8703,e=4,s=3) state_time=32736.4s best_idx=1 sims=623335 N=49 K=49 eta=25425.4s
[start 181/200] thread=14 global_idx=180 (g=4376,e=5,s=5) elapsed=92832.4s
[done 158/200] thread=0 global_idx=176 (g=156,e=7,s=14) state_time=2073.4s best_idx=56 sims=18999 N=145 K=145 eta=24983.9s
[start 182/200] thread=0 global_idx=181 (g=4444,e=0,s=12) elapsed=93987.2s
[done 159/200] thread=13 global_idx=155 (g=477,e=2,s=10) state_time=16164.3s best_idx=1 sims=243490 N=81 K=81 eta=24348.4s
[start 183/200] thread=13 global_idx=182 (g=5083,e=5,s=6) elapsed=94424.5s
[done 160/200] thread=7 global_idx=178 (g=7117,e=6,s=12) state_time=4387.0s best_idx=34 sims=90388 N=49 K=49 eta=24156.5s
[start 184/200] thread=7 global_idx=183 (g=894,e=4,s=13) elapsed=96626.2s
[done 161/200] thread=2 global_idx=172 (g=632,e=7,s=12) state_time=7926.9s best_idx=34 sims=110550 N=81 K=81 eta=23525.7s
[start 185/200] thread=2 global_idx=184 (g=8445,e=1,s=11) elapsed=97119.0s
[done 162/200] thread=12 global_idx=135 (g=6520,e=1,s=5) state_time=32001.4s best_idx=19 sims=523299 N=75 K=75 eta=23137.3s
[start 186/200] thread=12 global_idx=185 (g=7871,e=7,s=15) elapsed=98637.8s
[done 163/200] thread=12 global_idx=185 (g=7871,e=7,s=15) state_time=72.7s best_idx=57 sims=951 N=151 K=151 eta=22406.7s
[start 187/200] thread=12 global_idx=186 (g=8198,e=0,s=4) elapsed=98710.5s
[done 164/200] thread=3 global_idx=132 (g=9260,e=7,s=2) state_time=35617.9s best_idx=43 sims=682534 N=49 K=49 eta=21810.1s
[start 188/200] thread=3 global_idx=187 (g=6829,e=6,s=13) elapsed=99357.1s
[done 165/200] thread=5 global_idx=146 (g=5259,e=3,s=8) state_time=26088.8s best_idx=40 sims=378407 N=97 K=97 eta=21213.0s
[start 189/200] thread=5 global_idx=188 (g=4702,e=2,s=8) elapsed=100004.0s
[done 166/200] thread=3 global_idx=187 (g=6829,e=6,s=13) state_time=1788.3s best_idx=45 sims=28330 N=53 K=53 eta=20716.5s
[start 190/200] thread=3 global_idx=189 (g=4058,e=3,s=5) elapsed=101145.5s
[done 167/200] thread=22 global_idx=141 (g=5272,e=2,s=4) state_time=31000.1s best_idx=1 sims=569333 N=53 K=53 eta=19998.3s
[start 191/200] thread=22 global_idx=190 (g=7591,e=4,s=13) elapsed=101203.5s
[done 168/200] thread=17 global_idx=174 (g=2941,e=4,s=13) state_time=10589.8s best_idx=19 sims=102546 N=125 K=125 eta=19324.3s
[start 192/200] thread=17 global_idx=191 (g=1445,e=7,s=8) elapsed=101452.8s
[done 169/200] thread=0 global_idx=181 (g=4444,e=0,s=12) state_time=8601.5s best_idx=7 sims=118335 N=75 K=75 eta=18818.0s
[start 193/200] thread=0 global_idx=192 (g=5373,e=5,s=13) elapsed=102588.7s
[done 170/200] thread=19 global_idx=153 (g=1265,e=4,s=5) state_time=25311.9s best_idx=1 sims=519750 N=71 K=71 eta=18171.7s
[start 194/200] thread=19 global_idx=193 (g=5423,e=3,s=9) elapsed=102973.0s
[done 171/200] thread=15 global_idx=175 (g=6374,e=0,s=11) state_time=12309.9s best_idx=57 sims=174296 N=113 K=113 eta=17506.0s
[start 195/200] thread=15 global_idx=194 (g=1644,e=5,s=15) elapsed=103225.1s
[done 172/200] thread=15 global_idx=194 (g=1644,e=5,s=15) state_time=61.4s best_idx=76 sims=935 N=135 K=135 eta=16814.1s
[start 196/200] thread=15 global_idx=195 (g=6839,e=5,s=3) elapsed=103286.5s
[done 173/200] thread=4 global_idx=173 (g=3130,e=2,s=11) state_time=13365.3s best_idx=6 sims=187817 N=91 K=91 eta=16139.2s
[start 197/200] thread=4 global_idx=196 (g=1063,e=2,s=15) elapsed=103410.2s
[done 174/200] thread=4 global_idx=196 (g=1063,e=2,s=15) state_time=27.5s best_idx=35 sims=855 N=55 K=55 eta=15456.2s
[start 198/200] thread=4 global_idx=197 (g=3774,e=5,s=6) elapsed=103437.7s
[done 175/200] thread=8 global_idx=144 (g=6392,e=2,s=5) state_time=31424.5s best_idx=40 sims=522824 N=75 K=75 eta=14811.5s
[start 199/200] thread=8 global_idx=198 (g=7844,e=2,s=5) elapsed=103680.7s
[done 176/200] thread=16 global_idx=166 (g=9832,e=1,s=9) state_time=20786.8s best_idx=40 sims=314184 N=103 K=103 eta=14240.2s
[start 200/200] thread=16 global_idx=199 (g=5770,e=5,s=13) elapsed=104427.9s
[done 177/200] thread=7 global_idx=183 (g=894,e=4,s=13) state_time=7920.7s best_idx=62 sims=82910 N=105 K=105 eta=13585.2s
[done 178/200] thread=23 global_idx=164 (g=9851,e=7,s=8) state_time=22274.1s best_idx=53 sims=353433 N=81 K=81 eta=13046.3s
[done 179/200] thread=10 global_idx=170 (g=964,e=0,s=8) state_time=18758.4s best_idx=45 sims=340171 N=63 K=63 eta=12521.7s
[done 180/200] thread=1 global_idx=150 (g=4360,e=7,s=4) state_time=31789.1s best_idx=49 sims=572901 N=59 K=59 eta=11898.9s
[done 181/200] thread=22 global_idx=190 (g=7591,e=4,s=13) state_time=6837.1s best_idx=41 sims=74292 N=97 K=97 eta=11341.3s
[done 182/200] thread=16 global_idx=199 (g=5770,e=5,s=13) state_time=4514.5s best_idx=47 sims=62930 N=91 K=91 eta=10774.5s
[done 183/200] thread=0 global_idx=192 (g=5373,e=5,s=13) state_time=8413.9s best_idx=51 sims=87430 N=107 K=107 eta=10311.7s
[done 184/200] thread=6 global_idx=168 (g=1999,e=2,s=5) state_time=25103.2s best_idx=35 sims=501132 N=53 K=53 eta=9692.7s
[done 185/200] thread=21 global_idx=162 (g=2440,e=2,s=5) state_time=28651.0s best_idx=0 sims=519836 N=71 K=71 eta=9069.0s
[done 186/200] thread=2 global_idx=184 (g=8445,e=1,s=11) state_time=15132.5s best_idx=85 sims=204871 N=103 K=103 eta=8449.0s
[done 187/200] thread=20 global_idx=159 (g=966,e=6,s=3) state_time=32912.2s best_idx=41 sims=625288 N=55 K=55 eta=7868.0s
[done 188/200] thread=9 global_idx=179 (g=6164,e=7,s=6) state_time=21334.2s best_idx=43 sims=452510 N=49 K=49 eta=7252.5s
[done 189/200] thread=5 global_idx=188 (g=4702,e=2,s=8) state_time=15813.1s best_idx=7 sims=332007 N=49 K=49 eta=6740.7s
[done 190/200] thread=18 global_idx=171 (g=6357,e=7,s=5) state_time=28461.3s best_idx=36 sims=523948 N=75 K=75 eta=6145.4s
[done 191/200] thread=17 global_idx=191 (g=1445,e=7,s=8) state_time=16440.6s best_idx=3 sims=351197 N=65 K=65 eta=5555.2s
[done 192/200] thread=14 global_idx=180 (g=4376,e=5,s=5) state_time=25333.8s best_idx=45 sims=521686 N=75 K=75 eta=4923.6s
[done 193/200] thread=13 global_idx=182 (g=5083,e=5,s=6) state_time=24420.4s best_idx=10 sims=476194 N=81 K=81 eta=4310.4s
[done 194/200] thread=11 global_idx=177 (g=1570,e=1,s=4) state_time=27054.2s best_idx=46 sims=565149 N=49 K=49 eta=3684.5s
[done 195/200] thread=19 global_idx=193 (g=5423,e=3,s=9) state_time=17194.8s best_idx=11 sims=310190 N=103 K=103 eta=3081.2s
[done 196/200] thread=12 global_idx=186 (g=8198,e=0,s=4) state_time=23918.0s best_idx=54 sims=572835 N=59 K=59 eta=2502.6s
[done 197/200] thread=4 global_idx=197 (g=3774,e=5,s=6) state_time=19385.3s best_idx=2 sims=461921 N=65 K=65 eta=1870.4s
[done 198/200] thread=3 global_idx=189 (g=4058,e=3,s=5) state_time=21985.2s best_idx=40 sims=522656 N=71 K=71 eta=1243.7s
[done 199/200] thread=8 global_idx=198 (g=7844,e=2,s=5) state_time=22176.9s best_idx=1 sims=519203 N=71 K=71 eta=632.5s
[done 200/200] thread=15 global_idx=195 (g=6839,e=5,s=3) state_time=24059.5s best_idx=22 sims=624269 N=55 K=55 eta=0.0s

=== Arm done: 200 states in 127346.0s ===
  [csv] wrote 200 records to reinvest_experiment/sweepN/P800/A1N/seed_46/reinvest_results_idx0.csv

=== Summary (A1N) ===
  valid cases        = 200 / 200
  avg actual_sims    = 235764  (min=843, max=686517)
  avg time           = 13814.05s
