Running Reinvestment arm...

=== Reinvestment Arm: A1N (AllGrid, depth 3) ===
  method             = AllGrid
  depth              = 3
  playouts (P)       = 400
  rollouts/visit (R) = 10
  retention_rate     = 0.2
  ucb_c              = 1.41
  epsilon            = 0.3
  risk_lambda        = 0  (ClusterValue 系以外では無効)
  noisy_tree         = true
  n_states           = 500
  num_threads        = 24
  seed               = 42
  start_index        = 0
  max_positions      = 200
  load_positions_dir = test_positions500
  output_dir         = reinvest_experiment/sweepN/P400/A1N/seed_42
  [loader] 1 batch files in test_positions500
  [loader] loaded 500 positions
  Sampled 500 / 500 positions (seed=42)
  Sliced to [0, 200) = 200 positions
Finding Shot...
Finding Shot...
Finding Shot...
Finding Shot...
Finding Shot...
Finding Shot...
Finding Shot...
Finding Shot...
Finding Shot...
Finding Shot...
Finding Shot...
Finding Shot...
Finding Shot...
Finding Shot...
Finding Shot...
Finding Shot...
Finding Shot...
Finding Shot...
Finding Shot...
Finding Shot...
Finding Shot...
Finding Shot...
Finding Shot...
Finding Shot...
Finding Shot...
Finding Shot...
Finding Shot...
Finding Shot...
Finding Shot...
Finding Shot...
Finding Shot...
Finding Shot...
Finding Shot...
Finding Shot...
Finding Shot...
Finding Shot...
Finding Shot...
Finding Shot...
Finding Shot...
Finding Shot...
Finding Shot...
Finding Shot...
Finding Shot...
Finding Shot...
Finding Shot...
Finding Shot...
Finding Shot...
Finding Shot...
Finding Shot...
Finding Shot...
Finding Shot...
Finding Shot...
Finding Shot...
Finding Shot...
Finding Shot...
Finding Shot...
Finding Shot...
Finding Shot...
Finding Shot...
Finding Shot...
Finding Shot...
Finding Shot...
Finding Shot...
Finding Shot...
Finding Shot...
Finding Shot...
Finding Shot...
Finding Shot...
Finding Shot...
Finding Shot...
Finding Shot...
Finding Shot...
Finding Shot...
Finding Shot...
Finding Shot...
Finding Shot...
Finding Shot...
Finding Shot...
Finding Shot...
Finding Shot...
Finding Shot...
Finding Shot...
Finding Shot...
Finding Shot...
Finding Shot...
Finding Shot...
Finding Shot...
Finding Shot...
Finding Shot...
Finding Shot...
Finding Shot...
Finding Shot...
Finding Shot...
Finding Shot...
Finding Shot...
Finding Shot...
Finding Shot...
Finding Shot...
Finding Shot...
Finding Shot...
Finding Shot...
Finding Shot...
Finding Shot...
Finding Shot...
Finding Shot...
Finding Shot...
Finding Shot...
Finding Shot...
Finding Shot...
Finding Shot...
Finding Shot...
Finding Shot...
Finding Shot...
Finding Shot...
Finding Shot...
Finding Shot...
Finding Shot...
Finding Shot...
Finding Shot...
Finding Shot...
Finding Shot...
Finding Shot...
Finding Shot...
Finding Shot...
Finding Shot...
Finding Shot...
Finding Shot...
Finding Shot...
Finding Shot...
Finding Shot...
Finding Shot...
Finding Shot...
Finding Shot...
Finding Shot...
Finding Shot...
Finding Shot...
Finding Shot...
Finding Shot...
Finding Shot...
Finding Shot...
Finding Shot...
Finding Shot...
Finding Shot...
Finding Shot...
Finding Shot...
Finding Shot...
Finding Shot...
Finding Shot...
Finding Shot...
Finding Shot...
Finding Shot...
Finding Shot...
Finding Shot...
Finding Shot...
Finding Shot...
Finding Shot...
Finding Shot...
Finding Shot...
Finding Shot...
Finding Shot...
Finding Shot...
Finding Shot...
Finding Shot...
Finding Shot...
Finding Shot...
Finding Shot...
Finding Shot...
Finding Shot...
Finding Shot...
Finding Shot...
Finding Shot...
Finding Shot...
Finding Shot...
Finding Shot...
Finding Shot...
Finding Shot...
Finding Shot...
Finding Shot...
[start 1/200] thread=19 global_idx=0 (g=7977,e=6,s=14) elapsed=1.1s
Finding Shot...
Finding Shot...
Finding Shot...
Finding Shot...
Finding Shot...
Finding Shot...
Finding Shot...
Finding Shot...
Finding Shot...
Finding Shot...
Finding Shot...
Finding Shot...
Finding Shot...
Finding Shot...
Finding Shot...
Finding Shot...
Finding Shot...
Finding Shot...
Finding Shot...
Finding Shot...
Finding Shot...
Finding Shot...
Finding Shot...
Finding Shot...
Finding Shot...
Finding Shot...
Finding Shot...
Finding Shot...
Finding Shot...
Finding Shot...
Finding Shot...
Finding Shot...
Finding Shot...
Finding Shot...
Finding Shot...
Finding Shot...
Finding Shot...
Finding Shot...
Finding Shot...
Finding Shot...
Finding Shot...
Finding Shot...
Finding Shot...
Finding Shot...
Finding Shot...
Finding Shot...
Finding Shot...
Finding Shot...
Finding Shot...
Finding Shot...
Finding Shot...
Finding Shot...
Finding Shot...
Finding Shot...
Finding Shot...
Finding Shot...
Finding Shot...
Finding Shot...
Finding Shot...
Finding Shot...
Finding Shot...
Finding Shot...
Finding Shot...
Finding Shot...
Finding Shot...
Finding Shot...
Finding Shot...
Finding Shot...
Finding Shot...
Finding Shot...
Finding Shot...
Finding Shot...
Finding Shot...
Finding Shot...
Finding Shot...
Finding Shot...
Finding Shot...
Finding Shot...
Finding Shot...
Finding Shot...
Finding Shot...
Finding Shot...
Finding Shot...
Finding Shot...
Finding Shot...
Finding Shot...
Finding Shot...
Finding Shot...
Finding Shot...
Finding Shot...
Finding Shot...
Finding Shot...
Finding Shot...
Finding Shot...
Finding Shot...
Finding Shot...
Finding Shot...
Finding Shot...
Finding Shot...
Finding Shot...
Finding Shot...
Finding Shot...
Finding Shot...
Finding Shot...
Finding Shot...
Finding Shot...
Finding Shot...
Finding Shot...
Finding Shot...
Finding Shot...
Finding Shot...
Finding Shot...
Finding Shot...
Finding Shot...
[start 2/200] thread=22 global_idx=1 (g=3926,e=6,s=11) elapsed=1.3s
Finding Shot...
Finding Shot...
Finding Shot...
Finding Shot...
Finding Shot...
Finding Shot...
Finding Shot...
Finding Shot...
Finding Shot...
Finding Shot...
Finding Shot...
Finding Shot...
Finding Shot...
Finding Shot...
Finding Shot...
Finding Shot...
Finding Shot...
Finding Shot...
Finding Shot...
Finding Shot...
Finding Shot...
Finding Shot...
Finding Shot...
Finding Shot...
Finding Shot...
Finding Shot...
Finding Shot...
Finding Shot...
Finding Shot...
Finding Shot...
Finding Shot...
Finding Shot...
Finding Shot...
Finding Shot...
Finding Shot...
Finding Shot...
Finding Shot...
Finding Shot...
Finding Shot...
Finding Shot...
Finding Shot...
Finding Shot...
Finding Shot...
Finding Shot...
Finding Shot...
Finding Shot...
Finding Shot...
Finding Shot...
Finding Shot...
Finding Shot...
Finding Shot...
Finding Shot...
Finding Shot...
Finding Shot...
Finding Shot...
Finding Shot...
Finding Shot...
Finding Shot...
Finding Shot...
Finding Shot...
Finding Shot...
Finding Shot...
Finding Shot...
Finding Shot...
Finding Shot...
Finding Shot...
Finding Shot...
Finding Shot...
Finding Shot...
Finding Shot...
Finding Shot...
Finding Shot...
Finding Shot...
Finding Shot...
Finding Shot...
Finding Shot...
Finding Shot...
Finding Shot...
Finding Shot...
Finding Shot...
Finding Shot...
Finding Shot...
Finding Shot...
Finding Shot...
Finding Shot...
Finding Shot...
Finding Shot...
Finding Shot...
Finding Shot...
Finding Shot...
Finding Shot...
Finding Shot...
[start 3/200] thread=8 global_idx=2 (g=3883,e=1,s=14) elapsed=1.4s
[start 4/200] thread=3 global_idx=3 (g=9222,e=7,s=5) elapsed=1.4s
[start 5/200] thread=2 global_idx=4 (g=7881,e=2,s=15) elapsed=1.4s
[start 6/200] thread=7 global_idx=5 (g=6406,e=1,s=10) elapsed=1.4s
[start 7/200] thread=6 global_idx=6 (g=8452,e=5,s=15) elapsed=1.4s
[start 8/200] thread=11 global_idx=7 (g=1028,e=6,s=15) elapsed=1.4s
[start 9/200] thread=0 global_idx=8 (g=2596,e=1,s=14) elapsed=1.4s
[start 10/200] thread=4 global_idx=9 (g=4748,e=1,s=3) elapsed=1.4s
[start 11/200] thread=16 global_idx=10 (g=9206,e=3,s=13) elapsed=1.4s
[start 12/200] thread=5 global_idx=11 (g=5859,e=1,s=6) elapsed=1.4s
[start 13/200] thread=17 global_idx=12 (g=6871,e=4,s=5) elapsed=1.4s
[start 14/200] thread=21 global_idx=13 (g=7163,e=3,s=13) elapsed=1.4s
[start 15/200] thread=20 global_idx=14 (g=5807,e=0,s=8) elapsed=1.4s
[start 16/200] thread=14 global_idx=15 (g=5567,e=2,s=15) elapsed=1.4s
[start 17/200] thread=18 global_idx=16 (g=2507,e=3,s=11) elapsed=1.4s
[start 18/200] thread=13 global_idx=17 (g=7006,e=3,s=15) elapsed=1.4s
[start 19/200] thread=12 global_idx=18 (g=1984,e=6,s=4) elapsed=1.4s
[start 20/200] thread=1 global_idx=19 (g=1845,e=7,s=14) elapsed=1.4s
[start 21/200] thread=9 global_idx=20 (g=5780,e=2,s=6) elapsed=1.4s
[start 22/200] thread=15 global_idx=21 (g=8645,e=7,s=5) elapsed=1.4s
[start 23/200] thread=23 global_idx=22 (g=6132,e=0,s=13) elapsed=1.4s
[start 24/200] thread=10 global_idx=23 (g=3339,e=4,s=10) elapsed=1.4s
[done 1/200] thread=2 global_idx=4 (g=7881,e=2,s=15) state_time=28.7s best_idx=88 sims=529 N=129 K=129 eta=5998.0s
[start 25/200] thread=2 global_idx=24 (g=3566,e=6,s=14) elapsed=30.1s
[done 2/200] thread=14 global_idx=15 (g=5567,e=2,s=15) state_time=32.6s best_idx=6 sims=529 N=129 K=129 eta=3370.2s
[start 26/200] thread=14 global_idx=25 (g=5523,e=3,s=9) elapsed=34.0s
[done 3/200] thread=11 global_idx=7 (g=1028,e=6,s=15) state_time=37.2s best_idx=0 sims=551 N=151 K=151 eta=2533.1s
[start 27/200] thread=11 global_idx=26 (g=7015,e=5,s=14) elapsed=38.6s
[done 4/200] thread=6 global_idx=6 (g=8452,e=5,s=15) state_time=38.0s best_idx=89 sims=553 N=153 K=153 eta=1929.5s
[start 28/200] thread=6 global_idx=27 (g=743,e=7,s=3) elapsed=39.4s
[done 5/200] thread=13 global_idx=17 (g=7006,e=3,s=15) state_time=38.8s best_idx=0 sims=545 N=145 K=145 eta=1569.6s
[start 29/200] thread=13 global_idx=28 (g=1014,e=4,s=15) elapsed=40.2s
[done 6/200] thread=13 global_idx=28 (g=1014,e=4,s=15) state_time=21.8s best_idx=10 sims=461 N=61 K=61 eta=2007.6s
[start 30/200] thread=13 global_idx=29 (g=3900,e=0,s=10) elapsed=62.1s
[done 7/200] thread=8 global_idx=2 (g=3883,e=1,s=14) state_time=103.3s best_idx=1 sims=1814 N=37 K=37 eta=2888.2s
[start 31/200] thread=8 global_idx=30 (g=4543,e=6,s=5) elapsed=104.8s
[done 8/200] thread=1 global_idx=19 (g=1845,e=7,s=14) state_time=268.5s best_idx=43 sims=3735 N=55 K=55 eta=6478.4s
[start 32/200] thread=1 global_idx=31 (g=9231,e=5,s=14) elapsed=269.9s
[done 9/200] thread=1 global_idx=31 (g=9231,e=5,s=14) state_time=718.8s best_idx=47 sims=8537 N=101 K=101 eta=20982.6s
[start 33/200] thread=1 global_idx=32 (g=1825,e=5,s=7) elapsed=988.7s
[done 10/200] thread=16 global_idx=10 (g=9206,e=3,s=13) state_time=1202.2s best_idx=11 sims=16254 N=49 K=49 eta=22868.9s
[start 34/200] thread=16 global_idx=33 (g=4062,e=4,s=15) elapsed=1203.6s
[done 11/200] thread=16 global_idx=33 (g=4062,e=4,s=15) state_time=27.2s best_idx=47 sims=517 N=117 K=117 eta=21147.1s
[start 35/200] thread=16 global_idx=34 (g=9882,e=2,s=11) elapsed=1230.8s
[done 12/200] thread=19 global_idx=0 (g=7977,e=6,s=14) state_time=1386.0s best_idx=37 sims=18386 N=145 K=145 eta=21731.7s
[start 36/200] thread=19 global_idx=35 (g=2998,e=6,s=14) elapsed=1387.1s
[done 13/200] thread=2 global_idx=24 (g=3566,e=6,s=14) state_time=1443.5s best_idx=67 sims=14324 N=129 K=129 eta=21197.2s
[start 37/200] thread=2 global_idx=36 (g=1555,e=2,s=3) elapsed=1473.6s
[done 14/200] thread=0 global_idx=8 (g=2596,e=1,s=14) state_time=1803.7s best_idx=47 sims=18220 N=145 K=145 eta=23982.4s
[start 38/200] thread=0 global_idx=37 (g=4372,e=4,s=14) elapsed=1805.1s
[done 15/200] thread=11 global_idx=26 (g=7015,e=5,s=14) state_time=1851.4s best_idx=11 sims=18376 N=145 K=145 eta=23309.9s
[start 39/200] thread=11 global_idx=38 (g=3732,e=7,s=7) elapsed=1890.0s
[done 16/200] thread=0 global_idx=37 (g=4372,e=4,s=14) state_time=198.1s best_idx=1 sims=2976 N=49 K=49 eta=23037.4s
[start 40/200] thread=0 global_idx=39 (g=3858,e=5,s=5) elapsed=2003.3s
[done 17/200] thread=19 global_idx=35 (g=2998,e=6,s=14) state_time=1947.9s best_idx=38 sims=18052 N=145 K=145 eta=35900.2s
[start 41/200] thread=19 global_idx=40 (g=1938,e=0,s=14) elapsed=3335.0s
[done 18/200] thread=21 global_idx=13 (g=7163,e=3,s=13) state_time=3484.2s best_idx=69 sims=37364 N=85 K=85 eta=35243.1s
[start 42/200] thread=21 global_idx=41 (g=9112,e=3,s=9) elapsed=3485.6s
[done 19/200] thread=23 global_idx=22 (g=6132,e=0,s=13) state_time=4269.0s best_idx=19 sims=43252 N=87 K=87 eta=40681.2s
[start 43/200] thread=23 global_idx=42 (g=4157,e=3,s=12) elapsed=4270.4s
[done 20/200] thread=19 global_idx=40 (g=1938,e=0,s=14) state_time=1020.2s best_idx=47 sims=8196 N=93 K=93 eta=39196.6s
[start 44/200] thread=19 global_idx=43 (g=7373,e=1,s=11) elapsed=4355.2s
[done 21/200] thread=13 global_idx=29 (g=3900,e=0,s=10) state_time=6952.7s best_idx=6 sims=114254 N=55 K=55 eta=59792.9s
[start 45/200] thread=13 global_idx=44 (g=7173,e=4,s=15) elapsed=7014.8s
[done 22/200] thread=13 global_idx=44 (g=7173,e=4,s=15) state_time=40.7s best_idx=0 sims=551 N=151 K=151 eta=57085.1s
[start 46/200] thread=13 global_idx=45 (g=196,e=4,s=4) elapsed=7055.5s
[done 23/200] thread=7 global_idx=5 (g=6406,e=1,s=10) state_time=7082.4s best_idx=6 sims=114911 N=59 K=59 eta=54514.6s
[start 47/200] thread=7 global_idx=46 (g=2630,e=2,s=14) elapsed=7083.8s
[done 24/200] thread=7 global_idx=46 (g=2630,e=2,s=14) state_time=276.7s best_idx=10 sims=3989 N=59 K=59 eta=53977.0s
[start 48/200] thread=7 global_idx=47 (g=5731,e=2,s=10) elapsed=7360.5s
[done 25/200] thread=18 global_idx=16 (g=2507,e=3,s=11) state_time=7784.0s best_idx=39 sims=103552 N=107 K=107 eta=54498.1s
[start 49/200] thread=18 global_idx=48 (g=9518,e=4,s=5) elapsed=7785.4s
[done 26/200] thread=10 global_idx=23 (g=3339,e=4,s=10) state_time=7833.6s best_idx=42 sims=123716 N=71 K=71 eta=52434.7s
[start 50/200] thread=10 global_idx=49 (g=8211,e=7,s=12) elapsed=7835.1s
[done 27/200] thread=16 global_idx=34 (g=9882,e=2,s=11) state_time=8357.5s best_idx=46 sims=106890 N=109 K=109 eta=61436.3s
[start 51/200] thread=16 global_idx=50 (g=5392,e=3,s=13) elapsed=9588.3s
[done 28/200] thread=22 global_idx=1 (g=3926,e=6,s=11) state_time=9622.5s best_idx=38 sims=115043 N=123 K=123 eta=59117.4s
[start 52/200] thread=22 global_idx=51 (g=4262,e=4,s=2) elapsed=9623.8s
[done 29/200] thread=23 global_idx=42 (g=4157,e=3,s=12) state_time=6031.1s best_idx=36 sims=75510 N=107 K=107 eta=60743.2s
[start 53/200] thread=23 global_idx=52 (g=6230,e=1,s=12) elapsed=10301.5s
[done 30/200] thread=14 global_idx=25 (g=5523,e=3,s=9) state_time=11037.3s best_idx=55 sims=159640 N=103 K=103 eta=62737.8s
[start 54/200] thread=14 global_idx=53 (g=3543,e=4,s=7) elapsed=11071.4s
[done 31/200] thread=20 global_idx=14 (g=5807,e=0,s=8) state_time=11435.7s best_idx=72 sims=185496 N=81 K=81 eta=62350.9s
[start 55/200] thread=20 global_idx=54 (g=1784,e=6,s=5) elapsed=11437.1s
[done 32/200] thread=19 global_idx=43 (g=7373,e=1,s=11) state_time=7281.5s best_idx=1 sims=102306 N=103 K=103 eta=61092.5s
[start 56/200] thread=19 global_idx=55 (g=4905,e=4,s=14) elapsed=11636.7s
[done 33/200] thread=11 global_idx=38 (g=3732,e=7,s=7) state_time=9832.9s best_idx=41 sims=189168 N=49 K=49 eta=59325.0s
[start 57/200] thread=11 global_idx=56 (g=3837,e=2,s=10) elapsed=11722.9s
[done 34/200] thread=9 global_idx=20 (g=5780,e=2,s=6) state_time=11779.4s best_idx=44 sims=223900 N=49 K=49 eta=57518.3s
[start 58/200] thread=9 global_idx=57 (g=2854,e=0,s=15) elapsed=11780.9s
[done 35/200] thread=9 global_idx=57 (g=2854,e=0,s=15) state_time=26.7s best_idx=66 sims=503 N=103 K=103 eta=55664.0s
[start 59/200] thread=9 global_idx=58 (g=1221,e=1,s=10) elapsed=11807.5s
[done 36/200] thread=21 global_idx=41 (g=9112,e=3,s=9) state_time=8506.3s best_idx=34 sims=145321 N=75 K=75 eta=54629.9s
[start 60/200] thread=21 global_idx=59 (g=7301,e=6,s=14) elapsed=11991.9s
[done 37/200] thread=3 global_idx=3 (g=9222,e=7,s=5) state_time=12281.9s best_idx=15 sims=247453 N=37 K=37 eta=54113.1s
[start 61/200] thread=3 global_idx=60 (g=5248,e=0,s=3) elapsed=12283.3s
[done 38/200] thread=7 global_idx=47 (g=5731,e=2,s=10) state_time=4987.3s best_idx=1 sims=102658 N=43 K=43 eta=52640.8s
[start 62/200] thread=7 global_idx=61 (g=2545,e=3,s=15) elapsed=12347.8s
[done 39/200] thread=19 global_idx=55 (g=4905,e=4,s=14) state_time=717.2s best_idx=34 sims=8847 N=101 K=101 eta=50999.4s
[start 63/200] thread=19 global_idx=62 (g=6335,e=1,s=11) elapsed=12353.9s
[done 40/200] thread=7 global_idx=61 (g=2545,e=3,s=15) state_time=19.8s best_idx=0 sims=461 N=61 K=61 eta=49470.5s
[start 64/200] thread=7 global_idx=63 (g=8275,e=4,s=5) elapsed=12367.6s
[done 41/200] thread=10 global_idx=49 (g=8211,e=7,s=12) state_time=4539.0s best_idx=2 sims=65935 N=79 K=79 eta=47987.4s
[start 65/200] thread=10 global_idx=64 (g=963,e=5,s=13) elapsed=12374.1s
[done 42/200] thread=12 global_idx=18 (g=1984,e=6,s=4) state_time=12800.8s best_idx=51 sims=287991 N=59 K=59 eta=48160.6s
[start 66/200] thread=12 global_idx=65 (g=176,e=5,s=11) elapsed=12802.2s
[done 43/200] thread=23 global_idx=52 (g=6230,e=1,s=12) state_time=2927.2s best_idx=35 sims=50585 N=49 K=49 eta=48300.1s
[start 67/200] thread=23 global_idx=66 (g=2199,e=1,s=13) elapsed=13228.7s
[done 44/200] thread=1 global_idx=32 (g=1825,e=5,s=7) state_time=12332.0s best_idx=3 sims=208007 N=77 K=77 eta=47228.0s
[start 68/200] thread=1 global_idx=67 (g=8298,e=3,s=11) elapsed=13320.7s
[done 45/200] thread=5 global_idx=11 (g=5859,e=1,s=6) state_time=13429.6s best_idx=2 sims=234182 N=65 K=65 eta=46262.4s
[start 69/200] thread=5 global_idx=68 (g=6729,e=2,s=14) elapsed=13431.0s
[done 46/200] thread=21 global_idx=59 (g=7301,e=6,s=14) state_time=1830.1s best_idx=0 sims=17890 N=145 K=145 eta=46273.6s
[start 70/200] thread=21 global_idx=69 (g=8119,e=5,s=4) elapsed=13822.0s
[done 47/200] thread=17 global_idx=12 (g=6871,e=4,s=5) state_time=14462.3s best_idx=53 sims=262264 N=71 K=71 eta=47084.0s
[start 71/200] thread=17 global_idx=70 (g=8189,e=0,s=14) elapsed=14463.7s
[done 48/200] thread=17 global_idx=70 (g=8189,e=0,s=14) state_time=275.4s best_idx=34 sims=3938 N=55 K=55 eta=46673.8s
[start 72/200] thread=17 global_idx=71 (g=9791,e=0,s=8) elapsed=14739.1s
[done 49/200] thread=15 global_idx=21 (g=8645,e=7,s=5) state_time=14938.7s best_idx=35 sims=263797 N=71 K=71 eta=46039.9s
[start 73/200] thread=15 global_idx=72 (g=5487,e=5,s=5) elapsed=14940.1s
[done 50/200] thread=8 global_idx=30 (g=4543,e=6,s=5) state_time=14844.5s best_idx=6 sims=265125 N=71 K=71 eta=44847.9s
[start 74/200] thread=8 global_idx=73 (g=4950,e=0,s=15) elapsed=14949.3s
[done 51/200] thread=8 global_idx=73 (g=4950,e=0,s=15) state_time=17.6s best_idx=48 sims=471 N=71 K=71 eta=43726.9s
[start 75/200] thread=8 global_idx=74 (g=9143,e=3,s=7) elapsed=14966.9s
[done 52/200] thread=5 global_idx=68 (g=6729,e=2,s=14) state_time=1555.5s best_idx=6 sims=15743 N=135 K=135 eta=42653.9s
[start 76/200] thread=5 global_idx=75 (g=4517,e=4,s=13) elapsed=14986.5s
[done 53/200] thread=16 global_idx=50 (g=5392,e=3,s=13) state_time=5910.2s best_idx=36 sims=59986 N=135 K=135 eta=42986.6s
[start 77/200] thread=16 global_idx=76 (g=2994,e=5,s=10) elapsed=15498.6s
[done 54/200] thread=4 global_idx=9 (g=4748,e=1,s=3) state_time=15935.8s best_idx=7 sims=314153 N=49 K=49 eta=43089.5s
[start 78/200] thread=4 global_idx=77 (g=961,e=6,s=13) elapsed=15937.2s
[done 55/200] thread=10 global_idx=64 (g=963,e=5,s=13) state_time=3603.2s best_idx=32 sims=42786 N=89 K=89 eta=42121.9s
[start 79/200] thread=10 global_idx=78 (g=1566,e=1,s=3) elapsed=15977.3s
[done 56/200] thread=19 global_idx=62 (g=6335,e=1,s=11) state_time=3833.7s best_idx=46 sims=73851 N=53 K=53 eta=41625.3s
[start 80/200] thread=19 global_idx=79 (g=1686,e=6,s=15) elapsed=16187.6s
[done 57/200] thread=19 global_idx=79 (g=1686,e=6,s=15) state_time=17.9s best_idx=0 sims=449 N=49 K=49 eta=40656.1s
[start 81/200] thread=19 global_idx=80 (g=1201,e=0,s=6) elapsed=16205.6s
[done 58/200] thread=6 global_idx=27 (g=743,e=7,s=3) state_time=16416.4s best_idx=6 sims=312916 N=55 K=55 eta=40288.3s
[start 82/200] thread=6 global_idx=81 (g=5494,e=4,s=5) elapsed=16455.8s
[done 59/200] thread=0 global_idx=39 (g=3858,e=5,s=5) state_time=15589.5s best_idx=1 sims=266623 N=75 K=75 eta=42043.7s
[start 83/200] thread=0 global_idx=82 (g=2492,e=4,s=15) elapsed=17592.7s
[done 60/200] thread=0 global_idx=82 (g=2492,e=4,s=15) state_time=22.6s best_idx=42 sims=475 N=75 K=75 eta=41102.6s
[start 84/200] thread=0 global_idx=83 (g=8959,e=1,s=11) elapsed=17615.4s
[done 61/200] thread=2 global_idx=36 (g=1555,e=2,s=3) state_time=16491.8s best_idx=1 sims=316846 N=55 K=55 eta=40937.5s
[start 85/200] thread=2 global_idx=84 (g=1671,e=0,s=15) elapsed=17965.4s
[done 62/200] thread=2 global_idx=84 (g=1671,e=0,s=15) state_time=27.3s best_idx=47 sims=517 N=117 K=117 eta=40048.2s
[start 86/200] thread=2 global_idx=85 (g=1385,e=7,s=11) elapsed=17992.7s
[done 63/200] thread=12 global_idx=65 (g=176,e=5,s=11) state_time=5395.8s best_idx=86 sims=102549 N=97 K=97 eta=39573.3s
[start 87/200] thread=12 global_idx=86 (g=6872,e=1,s=14) elapsed=18198.0s
[done 64/200] thread=23 global_idx=66 (g=2199,e=1,s=13) state_time=5084.7s best_idx=74 sims=54230 N=119 K=119 eta=38916.0s
[start 88/200] thread=23 global_idx=87 (g=8785,e=1,s=4) elapsed=18313.4s
[done 65/200] thread=11 global_idx=56 (g=3837,e=2,s=10) state_time=7266.1s best_idx=32 sims=121985 N=71 K=71 eta=39438.6s
[start 89/200] thread=11 global_idx=88 (g=1835,e=0,s=15) elapsed=18989.0s
[done 66/200] thread=11 global_idx=88 (g=1835,e=0,s=15) state_time=16.5s best_idx=55 sims=469 N=69 K=69 eta=38586.9s
[start 90/200] thread=11 global_idx=89 (g=6216,e=7,s=8) elapsed=19005.5s
[done 67/200] thread=12 global_idx=86 (g=6872,e=1,s=14) state_time=1293.7s best_idx=84 sims=16513 N=135 K=135 eta=38692.3s
[start 91/200] thread=12 global_idx=90 (g=8471,e=6,s=5) elapsed=19491.6s
[done 68/200] thread=5 global_idx=75 (g=4517,e=4,s=13) state_time=5547.0s best_idx=12 sims=56949 N=123 K=123 eta=39859.1s
[start 92/200] thread=5 global_idx=91 (g=256,e=3,s=12) elapsed=20533.5s
[done 69/200] thread=14 global_idx=53 (g=3543,e=4,s=7) state_time=9530.2s best_idx=42 sims=192538 N=55 K=55 eta=39113.0s
[start 93/200] thread=14 global_idx=92 (g=5778,e=2,s=9) elapsed=20601.5s
[done 70/200] thread=18 global_idx=48 (g=9518,e=4,s=5) state_time=12999.5s best_idx=45 sims=263095 N=71 K=71 eta=38600.6s
[start 94/200] thread=18 global_idx=93 (g=6320,e=4,s=15) elapsed=20784.9s
[done 71/200] thread=18 global_idx=93 (g=6320,e=4,s=15) state_time=17.4s best_idx=58 sims=503 N=103 K=103 eta=37795.8s
[start 95/200] thread=18 global_idx=94 (g=1638,e=4,s=11) elapsed=20802.3s
[done 72/200] thread=13 global_idx=45 (g=196,e=4,s=4) state_time=14139.4s best_idx=43 sims=287985 N=49 K=49 eta=37679.7s
[start 96/200] thread=13 global_idx=95 (g=2310,e=6,s=15) elapsed=21194.8s
[done 73/200] thread=13 global_idx=95 (g=2310,e=6,s=15) state_time=29.3s best_idx=78 sims=535 N=135 K=135 eta=36924.3s
[start 97/200] thread=13 global_idx=96 (g=7921,e=5,s=4) elapsed=21224.2s
[done 74/200] thread=9 global_idx=58 (g=1221,e=1,s=10) state_time=9551.6s best_idx=66 sims=136504 N=113 K=113 eta=36368.2s
[start 98/200] thread=9 global_idx=97 (g=1361,e=1,s=12) elapsed=21359.1s
[done 75/200] thread=1 global_idx=67 (g=8298,e=3,s=11) state_time=8325.8s best_idx=46 sims=110006 N=119 K=119 eta=36077.5s
[start 99/200] thread=1 global_idx=98 (g=5041,e=1,s=8) elapsed=21646.5s
[done 76/200] thread=4 global_idx=77 (g=961,e=6,s=13) state_time=6346.4s best_idx=11 sims=65752 N=139 K=139 eta=36357.5s
[start 100/200] thread=4 global_idx=99 (g=5033,e=7,s=5) elapsed=22283.6s
[done 77/200] thread=17 global_idx=71 (g=9791,e=0,s=8) state_time=8958.9s best_idx=7 sims=173799 N=55 K=55 eta=37855.3s
[start 101/200] thread=17 global_idx=100 (g=5022,e=1,s=15) elapsed=23698.0s
[done 78/200] thread=17 global_idx=100 (g=5022,e=1,s=15) state_time=23.6s best_idx=37 sims=489 N=89 K=89 eta=37103.1s
[start 102/200] thread=17 global_idx=101 (g=9907,e=7,s=9) elapsed=23721.7s
[done 79/200] thread=5 global_idx=91 (g=256,e=3,s=12) state_time=4082.8s best_idx=48 sims=60793 N=77 K=77 eta=37703.4s
[start 103/200] thread=5 global_idx=102 (g=8627,e=2,s=12) elapsed=24616.3s
[done 80/200] thread=0 global_idx=83 (g=8959,e=1,s=11) state_time=7099.7s best_idx=49 sims=100697 N=97 K=97 eta=37072.7s
[start 104/200] thread=0 global_idx=103 (g=1641,e=6,s=10) elapsed=24715.1s
[done 81/200] thread=2 global_idx=85 (g=1385,e=7,s=11) state_time=6831.7s best_idx=80 sims=101865 N=103 K=103 eta=36470.4s
[start 105/200] thread=2 global_idx=104 (g=7249,e=2,s=15) elapsed=24824.4s
[done 82/200] thread=9 global_idx=97 (g=1361,e=1,s=12) state_time=3485.8s best_idx=37 sims=55970 N=59 K=59 eta=35752.4s
[start 106/200] thread=9 global_idx=105 (g=4837,e=7,s=2) elapsed=24844.9s
[done 83/200] thread=2 global_idx=104 (g=7249,e=2,s=15) state_time=32.0s best_idx=0 sims=539 N=139 K=139 eta=35038.5s
[start 107/200] thread=2 global_idx=106 (g=1039,e=2,s=15) elapsed=24856.4s
[done 84/200] thread=2 global_idx=106 (g=1039,e=2,s=15) state_time=14.6s best_idx=34 sims=443 N=43 K=43 eta=34345.5s
[start 108/200] thread=2 global_idx=107 (g=7846,e=3,s=10) elapsed=24870.9s
[done 85/200] thread=16 global_idx=76 (g=2994,e=5,s=10) state_time=9893.8s best_idx=69 sims=140706 N=113 K=113 eta=34354.3s
[start 109/200] thread=16 global_idx=108 (g=5246,e=2,s=5) elapsed=25392.3s
[done 86/200] thread=20 global_idx=54 (g=1784,e=6,s=5) state_time=13964.5s best_idx=46 sims=262629 N=71 K=71 eta=33671.9s
[start 110/200] thread=20 global_idx=109 (g=4166,e=2,s=12) elapsed=25401.6s
[done 87/200] thread=8 global_idx=74 (g=9143,e=3,s=7) state_time=10741.7s best_idx=75 sims=210241 N=81 K=81 eta=33391.7s
[start 111/200] thread=8 global_idx=110 (g=6533,e=4,s=6) elapsed=25708.6s
[done 88/200] thread=18 global_idx=94 (g=1638,e=4,s=11) state_time=5248.1s best_idx=47 sims=101250 N=103 K=103 eta=33155.1s
[start 112/200] thread=18 global_idx=111 (g=5721,e=0,s=12) elapsed=26050.4s
[done 89/200] thread=7 global_idx=63 (g=8275,e=4,s=5) state_time=13864.8s best_idx=48 sims=261301 N=71 K=71 eta=32716.9s
[start 113/200] thread=7 global_idx=112 (g=4463,e=7,s=9) elapsed=26232.4s
[done 90/200] thread=22 global_idx=51 (g=4262,e=4,s=2) state_time=17093.7s best_idx=40 sims=345638 N=49 K=49 eta=32654.7s
[start 114/200] thread=22 global_idx=113 (g=5606,e=2,s=14) elapsed=26717.5s
[done 91/200] thread=19 global_idx=80 (g=1201,e=0,s=6) state_time=11520.2s best_idx=7 sims=229987 N=53 K=53 eta=33210.0s
[start 115/200] thread=19 global_idx=114 (g=1123,e=4,s=3) elapsed=27725.8s
[done 92/200] thread=11 global_idx=89 (g=6216,e=7,s=8) state_time=8813.7s best_idx=28 sims=172736 N=55 K=55 eta=32657.3s
[start 116/200] thread=11 global_idx=115 (g=8113,e=3,s=15) elapsed=27819.2s
[done 93/200] thread=11 global_idx=115 (g=8113,e=3,s=15) state_time=20.9s best_idx=33 sims=469 N=69 K=69 eta=32031.0s
[start 117/200] thread=11 global_idx=116 (g=716,e=6,s=7) elapsed=27840.0s
[done 94/200] thread=3 global_idx=60 (g=5248,e=0,s=3) state_time=15731.2s best_idx=3 sims=318184 N=49 K=49 eta=31590.8s
[start 118/200] thread=3 global_idx=117 (g=459,e=3,s=5) elapsed=28014.5s
[done 95/200] thread=22 global_idx=113 (g=5606,e=2,s=14) state_time=1607.1s best_idx=46 sims=16564 N=139 K=139 eta=31306.1s
[start 119/200] thread=22 global_idx=118 (g=9287,e=7,s=12) elapsed=28324.5s
[done 96/200] thread=15 global_idx=72 (g=5487,e=5,s=5) state_time=14202.3s best_idx=26 sims=262406 N=71 K=71 eta=31571.0s
[start 120/200] thread=15 global_idx=119 (g=5647,e=1,s=10) elapsed=29142.4s
[done 97/200] thread=21 global_idx=69 (g=8119,e=5,s=4) state_time=15481.8s best_idx=40 sims=293676 N=65 K=65 eta=31116.4s
[start 121/200] thread=21 global_idx=120 (g=4562,e=4,s=13) elapsed=29303.8s
[done 98/200] thread=20 global_idx=109 (g=4166,e=2,s=12) state_time=4095.3s best_idx=49 sims=62636 N=75 K=75 eta=30700.9s
[start 122/200] thread=20 global_idx=121 (g=6201,e=5,s=11) elapsed=29496.9s
[done 99/200] thread=5 global_idx=102 (g=8627,e=2,s=12) state_time=5683.2s best_idx=19 sims=73085 N=103 K=103 eta=30911.6s
[start 123/200] thread=5 global_idx=122 (g=9166,e=3,s=14) elapsed=30299.5s
[done 100/200] thread=12 global_idx=90 (g=8471,e=6,s=5) state_time=11028.1s best_idx=42 sims=267720 N=75 K=75 eta=30519.7s
[start 124/200] thread=12 global_idx=123 (g=8703,e=4,s=3) elapsed=30519.7s
[done 101/200] thread=14 global_idx=92 (g=5778,e=2,s=9) state_time=9994.1s best_idx=6 sims=159604 N=97 K=97 eta=29989.8s
[start 125/200] thread=14 global_idx=124 (g=1616,e=0,s=14) elapsed=30595.6s
[done 102/200] thread=1 global_idx=98 (g=5041,e=1,s=8) state_time=9094.2s best_idx=41 sims=172040 N=55 K=55 eta=29535.2s
[start 126/200] thread=1 global_idx=125 (g=5809,e=3,s=9) elapsed=30740.8s
[done 103/200] thread=14 global_idx=124 (g=1616,e=0,s=14) state_time=320.4s best_idx=33 sims=4469 N=69 K=69 eta=29115.1s
[start 127/200] thread=14 global_idx=126 (g=4651,e=6,s=5) elapsed=30916.0s
[done 104/200] thread=17 global_idx=101 (g=9907,e=7,s=9) state_time=7437.2s best_idx=45 sims=141888 N=65 K=65 eta=28762.1s
[start 128/200] thread=17 global_idx=127 (g=8894,e=2,s=15) elapsed=31158.9s
[done 105/200] thread=17 global_idx=127 (g=8894,e=2,s=15) state_time=21.8s best_idx=2 sims=479 N=79 K=79 eta=28211.1s
[start 129/200] thread=17 global_idx=128 (g=2369,e=6,s=9) elapsed=31180.7s
[done 106/200] thread=6 global_idx=81 (g=5494,e=4,s=5) state_time=14777.2s best_idx=59 sims=267891 N=75 K=75 eta=27697.2s
[start 130/200] thread=6 global_idx=129 (g=1083,e=7,s=15) elapsed=31233.0s
[done 107/200] thread=2 global_idx=107 (g=7846,e=3,s=10) state_time=6386.9s best_idx=39 sims=114784 N=65 K=65 eta=27168.0s
[start 131/200] thread=2 global_idx=130 (g=366,e=3,s=11) elapsed=31257.8s
[done 108/200] thread=6 global_idx=129 (g=1083,e=7,s=15) state_time=25.4s best_idx=57 sims=503 N=103 K=103 eta=26627.5s
[start 132/200] thread=6 global_idx=131 (g=6354,e=2,s=15) elapsed=31258.4s
[done 109/200] thread=6 global_idx=131 (g=6354,e=2,s=15) state_time=35.1s best_idx=109 sims=551 N=151 K=151 eta=26125.7s
[start 133/200] thread=6 global_idx=132 (g=9260,e=7,s=2) elapsed=31293.5s
[done 110/200] thread=18 global_idx=111 (g=5721,e=0,s=12) state_time=5493.5s best_idx=43 sims=87933 N=123 K=123 eta=25808.6s
[start 134/200] thread=18 global_idx=133 (g=6267,e=4,s=12) elapsed=31543.9s
[done 111/200] thread=5 global_idx=122 (g=9166,e=3,s=14) state_time=1529.5s best_idx=54 sims=15223 N=139 K=139 eta=25520.6s
[start 135/200] thread=5 global_idx=134 (g=1158,e=6,s=8) elapsed=31829.0s
[done 112/200] thread=22 global_idx=118 (g=9287,e=7,s=12) state_time=3595.6s best_idx=39 sims=58032 N=65 K=65 eta=25080.1s
[start 136/200] thread=22 global_idx=135 (g=6520,e=1,s=5) elapsed=31920.1s
[done 113/200] thread=23 global_idx=87 (g=8785,e=1,s=4) state_time=14091.4s best_idx=28 sims=285123 N=49 K=49 eta=24948.8s
[start 137/200] thread=23 global_idx=136 (g=2099,e=0,s=14) elapsed=32404.8s
[done 114/200] thread=10 global_idx=78 (g=1566,e=1,s=3) state_time=16479.4s best_idx=45 sims=317737 N=59 K=59 eta=24484.9s
[start 138/200] thread=10 global_idx=137 (g=4892,e=6,s=10) elapsed=32456.7s
[done 115/200] thread=23 global_idx=136 (g=2099,e=0,s=14) state_time=627.6s best_idx=7 sims=7790 N=91 K=91 eta=24415.3s
[start 139/200] thread=23 global_idx=138 (g=7859,e=3,s=14) elapsed=33032.4s
[done 116/200] thread=18 global_idx=133 (g=6267,e=4,s=12) state_time=2548.9s best_idx=2 sims=55670 N=55 K=55 eta=24687.8s
[start 140/200] thread=18 global_idx=139 (g=2084,e=7,s=10) elapsed=34092.7s
[done 117/200] thread=23 global_idx=138 (g=7859,e=3,s=14) state_time=1377.6s best_idx=33 sims=14574 N=129 K=129 eta=24410.5s
[start 141/200] thread=23 global_idx=140 (g=5335,e=1,s=14) elapsed=34410.0s
[done 118/200] thread=21 global_idx=120 (g=4562,e=4,s=13) state_time=5816.9s best_idx=76 sims=60160 N=129 K=129 eta=24405.9s
[start 142/200] thread=21 global_idx=141 (g=5272,e=2,s=4) elapsed=35120.7s
[done 119/200] thread=0 global_idx=103 (g=1641,e=6,s=10) state_time=10627.0s best_idx=73 sims=141911 N=113 K=113 eta=24056.4s
[start 143/200] thread=0 global_idx=142 (g=5472,e=3,s=13) elapsed=35342.1s
[done 120/200] thread=13 global_idx=96 (g=7921,e=5,s=4) state_time=14288.0s best_idx=1 sims=284645 N=49 K=49 eta=23674.8s
[start 144/200] thread=13 global_idx=143 (g=4526,e=5,s=9) elapsed=35512.2s
[done 121/200] thread=23 global_idx=140 (g=5335,e=1,s=14) state_time=1979.4s best_idx=85 sims=19065 N=145 K=145 eta=23758.4s
[start 145/200] thread=23 global_idx=144 (g=6392,e=2,s=5) elapsed=36389.4s
[done 122/200] thread=4 global_idx=99 (g=5033,e=7,s=5) state_time=14135.4s best_idx=47 sims=263748 N=71 K=71 eta=23284.3s
[start 146/200] thread=4 global_idx=145 (g=1255,e=4,s=13) elapsed=36419.0s
[done 123/200] thread=7 global_idx=112 (g=4463,e=7,s=9) state_time=10324.0s best_idx=73 sims=162407 N=103 K=103 eta=22884.9s
[start 147/200] thread=7 global_idx=146 (g=5259,e=3,s=8) elapsed=36556.4s
[done 124/200] thread=15 global_idx=119 (g=5647,e=1,s=10) state_time=8029.3s best_idx=0 sims=128301 N=91 K=91 eta=22782.7s
[start 148/200] thread=15 global_idx=147 (g=7905,e=3,s=15) elapsed=37171.8s
[done 125/200] thread=15 global_idx=147 (g=7905,e=3,s=15) state_time=24.4s best_idx=58 sims=503 N=103 K=103 eta=22317.7s
[start 149/200] thread=15 global_idx=148 (g=4159,e=5,s=11) elapsed=37196.2s
[done 126/200] thread=0 global_idx=142 (g=5472,e=3,s=13) state_time=2030.2s best_idx=58 sims=25208 N=69 K=69 eta=21948.9s
[start 150/200] thread=0 global_idx=149 (g=2788,e=5,s=13) elapsed=37372.4s
[done 127/200] thread=20 global_idx=121 (g=6201,e=5,s=11) state_time=7917.1s best_idx=63 sims=107302 N=107 K=107 eta=21505.7s
[start 151/200] thread=20 global_idx=150 (g=4360,e=7,s=4) elapsed=37414.0s
[done 128/200] thread=1 global_idx=125 (g=5809,e=3,s=9) state_time=6844.8s best_idx=45 sims=136250 N=53 K=53 eta=21141.9s
[start 152/200] thread=1 global_idx=151 (g=8248,e=7,s=13) elapsed=37585.5s
[done 129/200] thread=11 global_idx=116 (g=716,e=6,s=7) state_time=9991.5s best_idx=39 sims=197741 N=55 K=55 eta=20822.0s
[start 153/200] thread=11 global_idx=152 (g=2081,e=5,s=9) elapsed=37831.5s
[done 130/200] thread=8 global_idx=110 (g=6533,e=4,s=6) state_time=12210.3s best_idx=11 sims=241265 N=81 K=81 eta=20417.9s
[start 154/200] thread=8 global_idx=153 (g=1265,e=4,s=5) elapsed=37918.9s
[done 131/200] thread=1 global_idx=151 (g=8248,e=7,s=13) state_time=1941.5s best_idx=1 sims=24562 N=59 K=59 eta=20819.6s
[start 155/200] thread=1 global_idx=154 (g=3677,e=7,s=15) elapsed=39527.1s
[done 132/200] thread=1 global_idx=154 (g=3677,e=7,s=15) state_time=20.2s best_idx=11 sims=475 N=75 K=75 eta=20372.9s
[start 156/200] thread=1 global_idx=155 (g=477,e=2,s=10) elapsed=39547.3s
[done 133/200] thread=2 global_idx=130 (g=366,e=3,s=11) state_time=8533.2s best_idx=6 sims=111580 N=119 K=119 eta=20045.1s
[start 157/200] thread=2 global_idx=156 (g=8462,e=7,s=13) elapsed=39791.0s
[done 134/200] thread=17 global_idx=128 (g=2369,e=6,s=9) state_time=8622.0s best_idx=50 sims=149998 N=79 K=79 eta=19604.3s
[start 158/200] thread=17 global_idx=157 (g=3186,e=1,s=11) elapsed=39802.6s
[done 135/200] thread=4 global_idx=145 (g=1255,e=4,s=13) state_time=3616.7s best_idx=67 sims=41756 N=91 K=91 eta=19276.4s
[start 159/200] thread=4 global_idx=158 (g=8936,e=4,s=15) elapsed=40035.7s
[done 136/200] thread=4 global_idx=158 (g=8936,e=4,s=15) state_time=35.8s best_idx=1 sims=545 N=145 K=145 eta=18857.1s
[start 160/200] thread=4 global_idx=159 (g=966,e=6,s=3) elapsed=40071.4s
[done 137/200] thread=16 global_idx=108 (g=5246,e=2,s=5) state_time=14931.8s best_idx=41 sims=268090 N=75 K=75 eta=18543.2s
[start 161/200] thread=16 global_idx=160 (g=232,e=1,s=13) elapsed=40324.1s
[done 138/200] thread=5 global_idx=134 (g=1158,e=6,s=8) state_time=9162.5s best_idx=58 sims=174900 N=65 K=65 eta=18416.5s
[start 162/200] thread=5 global_idx=161 (g=3968,e=6,s=10) elapsed=40991.6s
[done 139/200] thread=10 global_idx=137 (g=4892,e=6,s=10) state_time=8792.6s best_idx=2 sims=130916 N=101 K=101 eta=18102.2s
[start 163/200] thread=10 global_idx=162 (g=2440,e=2,s=5) elapsed=41249.3s
[done 140/200] thread=12 global_idx=123 (g=8703,e=4,s=3) state_time=11368.6s best_idx=37 sims=312947 N=49 K=49 eta=17952.1s
[start 164/200] thread=12 global_idx=163 (g=1624,e=6,s=15) elapsed=41888.3s
[done 141/200] thread=12 global_idx=163 (g=1624,e=6,s=15) state_time=17.1s best_idx=48 sims=491 N=91 K=91 eta=17534.9s
[start 165/200] thread=12 global_idx=164 (g=9851,e=7,s=8) elapsed=41905.4s
[done 142/200] thread=9 global_idx=105 (g=4837,e=7,s=2) state_time=17127.0s best_idx=17 sims=343921 N=49 K=49 eta=17143.5s
[start 166/200] thread=9 global_idx=165 (g=9879,e=2,s=15) elapsed=41971.9s
[done 143/200] thread=9 global_idx=165 (g=9879,e=2,s=15) state_time=28.4s best_idx=74 sims=517 N=117 K=117 eta=16741.4s
[start 167/200] thread=9 global_idx=166 (g=9832,e=1,s=9) elapsed=42000.3s
[done 144/200] thread=3 global_idx=117 (g=459,e=3,s=5) state_time=14052.1s best_idx=45 sims=261952 N=71 K=71 eta=16359.3s
[start 168/200] thread=3 global_idx=167 (g=4221,e=2,s=14) elapsed=42066.6s
[done 145/200] thread=18 global_idx=139 (g=2084,e=7,s=10) state_time=8032.0s best_idx=2 sims=143404 N=113 K=113 eta=15978.3s
[start 169/200] thread=18 global_idx=168 (g=1999,e=2,s=5) elapsed=42124.7s
[done 146/200] thread=16 global_idx=160 (g=232,e=1,s=13) state_time=2163.9s best_idx=1 sims=27224 N=59 K=59 eta=15714.8s
[start 170/200] thread=16 global_idx=169 (g=99,e=4,s=13) elapsed=42488.1s
[done 147/200] thread=19 global_idx=114 (g=1123,e=4,s=3) state_time=15577.7s best_idx=5 sims=312562 N=55 K=55 eta=15612.8s
[start 171/200] thread=19 global_idx=170 (g=964,e=0,s=8) elapsed=43303.5s
[done 148/200] thread=13 global_idx=143 (g=4526,e=5,s=9) state_time=7919.8s best_idx=3 sims=144491 N=65 K=65 eta=15259.9s
[start 172/200] thread=13 global_idx=171 (g=6357,e=7,s=5) elapsed=43432.0s
[done 149/200] thread=0 global_idx=149 (g=2788,e=5,s=13) state_time=6450.0s best_idx=79 sims=64179 N=139 K=139 eta=14999.6s
[start 173/200] thread=0 global_idx=172 (g=632,e=7,s=12) elapsed=43822.4s
[done 150/200] thread=3 global_idx=167 (g=4221,e=2,s=14) state_time=1816.4s best_idx=19 sims=17434 N=145 K=145 eta=14627.7s
[start 174/200] thread=3 global_idx=173 (g=3130,e=2,s=11) elapsed=43883.1s
[done 151/200] thread=16 global_idx=169 (g=99,e=4,s=13) state_time=1404.7s best_idx=49 sims=18725 N=57 K=57 eta=14243.4s
[start 175/200] thread=16 global_idx=174 (g=2941,e=4,s=13) elapsed=43892.8s
[done 152/200] thread=2 global_idx=156 (g=8462,e=7,s=13) state_time=4819.9s best_idx=91 sims=52119 N=115 K=115 eta=14087.7s
[start 176/200] thread=2 global_idx=175 (g=6374,e=0,s=11) elapsed=44611.0s
[done 153/200] thread=14 global_idx=126 (g=4651,e=6,s=5) state_time=14060.7s best_idx=52 sims=264647 N=71 K=71 eta=13816.4s
[start 177/200] thread=14 global_idx=176 (g=156,e=7,s=14) elapsed=44976.7s
[done 154/200] thread=11 global_idx=152 (g=2081,e=5,s=9) state_time=7292.5s best_idx=6 sims=142099 N=53 K=53 eta=13478.6s
[start 178/200] thread=11 global_idx=177 (g=1570,e=1,s=4) elapsed=45124.0s
[done 155/200] thread=15 global_idx=148 (g=4159,e=5,s=11) state_time=8035.9s best_idx=3 sims=104633 N=103 K=103 eta=13131.9s
[start 179/200] thread=15 global_idx=178 (g=7117,e=6,s=12) elapsed=45232.1s
[done 156/200] thread=5 global_idx=161 (g=3968,e=6,s=10) state_time=5324.3s best_idx=37 sims=105687 N=49 K=49 eta=13063.4s
[start 180/200] thread=5 global_idx=179 (g=6164,e=7,s=6) elapsed=46315.8s
[done 157/200] thread=22 global_idx=135 (g=6520,e=1,s=5) state_time=14850.4s best_idx=0 sims=266342 N=75 K=75 eta=12809.8s
[start 181/200] thread=22 global_idx=180 (g=4376,e=5,s=5) elapsed=46770.5s
[done 158/200] thread=14 global_idx=176 (g=156,e=7,s=14) state_time=1834.6s best_idx=89 sims=18199 N=145 K=145 eta=12443.5s
[start 182/200] thread=14 global_idx=181 (g=4444,e=0,s=12) elapsed=46811.3s
[done 159/200] thread=17 global_idx=157 (g=3186,e=1,s=11) state_time=7348.5s best_idx=56 sims=100547 N=119 K=119 eta=12158.5s
[start 183/200] thread=17 global_idx=182 (g=5083,e=5,s=6) elapsed=47151.2s
[done 160/200] thread=1 global_idx=155 (g=477,e=2,s=10) state_time=7790.6s best_idx=1 sims=126292 N=81 K=81 eta=11834.5s
[start 184/200] thread=1 global_idx=183 (g=894,e=4,s=13) elapsed=47337.9s
[done 161/200] thread=0 global_idx=172 (g=632,e=7,s=12) state_time=4391.4s best_idx=56 sims=64126 N=81 K=81 eta=11679.1s
[start 185/200] thread=0 global_idx=184 (g=8445,e=1,s=11) elapsed=48213.8s
[done 162/200] thread=15 global_idx=178 (g=7117,e=6,s=12) state_time=3024.2s best_idx=34 sims=52111 N=49 K=49 eta=11319.4s
[start 186/200] thread=15 global_idx=185 (g=7871,e=7,s=15) elapsed=48256.3s
[done 163/200] thread=15 global_idx=185 (g=7871,e=7,s=15) state_time=39.1s best_idx=59 sims=551 N=151 K=151 eta=10962.8s
[start 187/200] thread=15 global_idx=186 (g=8198,e=0,s=4) elapsed=48295.4s
[done 164/200] thread=6 global_idx=132 (g=9260,e=7,s=2) state_time=17117.8s best_idx=3 sims=344370 N=49 K=49 eta=10626.9s
[start 188/200] thread=6 global_idx=187 (g=6829,e=6,s=13) elapsed=48411.2s
[done 165/200] thread=7 global_idx=146 (g=5259,e=3,s=8) state_time=12235.2s best_idx=40 sims=194509 N=97 K=97 eta=10349.7s
[start 189/200] thread=7 global_idx=188 (g=4702,e=2,s=8) elapsed=48791.6s
[done 166/200] thread=21 global_idx=141 (g=5272,e=2,s=4) state_time=14329.6s best_idx=45 sims=287226 N=53 K=53 eta=10128.4s
[start 190/200] thread=21 global_idx=189 (g=4058,e=3,s=5) elapsed=49450.3s
[done 167/200] thread=16 global_idx=174 (g=2941,e=4,s=13) state_time=5565.0s best_idx=19 sims=58750 N=125 K=125 eta=9773.1s
[start 191/200] thread=16 global_idx=190 (g=7591,e=4,s=13) elapsed=49457.8s
[done 168/200] thread=6 global_idx=187 (g=6829,e=6,s=13) state_time=1571.3s best_idx=44 sims=20517 N=53 K=53 eta=9520.5s
[start 192/200] thread=6 global_idx=191 (g=1445,e=7,s=8) elapsed=49982.5s
[done 169/200] thread=12 global_idx=164 (g=9851,e=7,s=8) state_time=8162.1s best_idx=53 sims=180781 N=81 K=81 eta=9184.0s
[start 193/200] thread=12 global_idx=192 (g=5373,e=5,s=13) elapsed=50067.6s
[done 170/200] thread=3 global_idx=173 (g=3130,e=2,s=11) state_time=6638.9s best_idx=0 sims=97559 N=91 K=91 eta=8915.6s
[start 194/200] thread=3 global_idx=193 (g=5423,e=3,s=9) elapsed=50522.0s
[done 171/200] thread=23 global_idx=144 (g=6392,e=2,s=5) state_time=14606.0s best_idx=54 sims=265490 N=75 K=75 eta=8648.3s
[start 195/200] thread=23 global_idx=194 (g=1644,e=5,s=15) elapsed=50995.4s
[done 172/200] thread=23 global_idx=194 (g=1644,e=5,s=15) state_time=34.4s best_idx=37 sims=535 N=135 K=135 eta=8307.2s
[start 196/200] thread=23 global_idx=195 (g=6839,e=5,s=3) elapsed=51029.8s
[done 173/200] thread=18 global_idx=168 (g=1999,e=2,s=5) state_time=8999.0s best_idx=35 sims=250601 N=53 K=53 eta=7978.8s
[start 197/200] thread=18 global_idx=196 (g=1063,e=2,s=15) elapsed=51123.7s
[done 174/200] thread=18 global_idx=196 (g=1063,e=2,s=15) state_time=11.5s best_idx=34 sims=455 N=55 K=55 eta=7640.9s
[start 198/200] thread=18 global_idx=197 (g=3774,e=5,s=6) elapsed=51135.2s
[done 175/200] thread=1 global_idx=183 (g=894,e=4,s=13) state_time=3955.8s best_idx=41 sims=45540 N=105 K=105 eta=7327.7s
[start 199/200] thread=1 global_idx=198 (g=7844,e=2,s=5) elapsed=51293.7s
[done 176/200] thread=14 global_idx=181 (g=4444,e=0,s=12) state_time=4489.9s best_idx=3 sims=65924 N=75 K=75 eta=6995.6s
[start 200/200] thread=14 global_idx=199 (g=5770,e=5,s=13) elapsed=51301.2s
[done 177/200] thread=2 global_idx=175 (g=6374,e=0,s=11) state_time=7078.3s best_idx=46 sims=102399 N=113 K=113 eta=6716.7s
[done 178/200] thread=8 global_idx=153 (g=1265,e=4,s=5) state_time=13835.6s best_idx=43 sims=262840 N=71 K=71 eta=6396.6s
[done 179/200] thread=20 global_idx=150 (g=4360,e=7,s=4) state_time=14605.0s best_idx=49 sims=286451 N=59 K=59 eta=6102.8s
[done 180/200] thread=19 global_idx=170 (g=964,e=0,s=8) state_time=9100.1s best_idx=2 sims=173336 N=63 K=63 eta=5822.6s
[done 181/200] thread=9 global_idx=166 (g=9832,e=1,s=9) state_time=10709.9s best_idx=6 sims=160335 N=103 K=103 eta=5533.1s
[done 182/200] thread=16 global_idx=190 (g=7591,e=4,s=13) state_time=3467.1s best_idx=1 sims=41531 N=97 K=97 eta=5234.3s
[done 183/200] thread=12 global_idx=192 (g=5373,e=5,s=13) state_time=3447.1s best_idx=43 sims=49060 N=107 K=107 eta=4971.3s
[done 184/200] thread=14 global_idx=199 (g=5770,e=5,s=13) state_time=2706.8s best_idx=38 sims=37138 N=91 K=91 eta=4696.3s
[done 185/200] thread=0 global_idx=184 (g=8445,e=1,s=11) state_time=6634.5s best_idx=87 sims=108168 N=103 K=103 eta=4447.2s
[done 186/200] thread=10 global_idx=162 (g=2440,e=2,s=5) state_time=13773.8s best_idx=0 sims=265191 N=71 K=71 eta=4141.5s
[done 187/200] thread=4 global_idx=159 (g=966,e=6,s=3) state_time=15266.8s best_idx=43 sims=315210 N=55 K=55 eta=3847.0s
[done 188/200] thread=7 global_idx=188 (g=4702,e=2,s=8) state_time=7583.4s best_idx=35 sims=169885 N=49 K=49 eta=3598.4s
[done 189/200] thread=5 global_idx=179 (g=6164,e=7,s=6) state_time=10438.4s best_idx=45 sims=228240 N=49 K=49 eta=3303.2s
[done 190/200] thread=13 global_idx=171 (g=6357,e=7,s=5) state_time=13586.7s best_idx=46 sims=264921 N=75 K=75 eta=3001.0s
[done 191/200] thread=6 global_idx=191 (g=1445,e=7,s=8) state_time=7647.0s best_idx=6 sims=176668 N=65 K=65 eta=2715.5s
[done 192/200] thread=11 global_idx=177 (g=1570,e=1,s=4) state_time=12673.7s best_idx=43 sims=284938 N=49 K=49 eta=2408.2s
[done 193/200] thread=22 global_idx=180 (g=4376,e=5,s=5) state_time=12208.0s best_idx=48 sims=263742 N=75 K=75 eta=2139.1s
[done 194/200] thread=3 global_idx=193 (g=5423,e=3,s=9) state_time=8664.4s best_idx=11 sims=161896 N=103 K=103 eta=1830.5s
[done 195/200] thread=17 global_idx=182 (g=5083,e=5,s=6) state_time=12082.7s best_idx=52 sims=241509 N=81 K=81 eta=1518.8s
[done 196/200] thread=18 global_idx=197 (g=3774,e=5,s=6) state_time=9065.2s best_idx=51 sims=235236 N=65 K=65 eta=1228.6s
[done 197/200] thread=15 global_idx=186 (g=8198,e=0,s=4) state_time=11953.0s best_idx=53 sims=289499 N=59 K=59 eta=917.5s
[done 198/200] thread=21 global_idx=189 (g=4058,e=3,s=5) state_time=11330.0s best_idx=7 sims=265803 N=71 K=71 eta=613.9s
[done 199/200] thread=1 global_idx=198 (g=7844,e=2,s=5) state_time=10601.1s best_idx=5 sims=263368 N=71 K=71 eta=311.0s
[done 200/200] thread=23 global_idx=195 (g=6839,e=5,s=3) state_time=11751.4s best_idx=17 sims=314089 N=55 K=55 eta=0.0s

=== Arm done: 200 states in 62781.2s ===
  [csv] wrote 200 records to reinvest_experiment/sweepN/P400/A1N/seed_42/reinvest_results_idx0.csv

=== Summary (A1N) ===
  valid cases        = 200 / 200
  avg actual_sims    = 122099  (min=443, max=345638)
  avg time           = 6775.39s
