Running Reinvestment arm...

=== Reinvestment Arm: A1N (AllGrid, depth 3) ===
  method             = AllGrid
  depth              = 3
  playouts (P)       = 400
  rollouts/visit (R) = 10
  retention_rate     = 0.2
  ucb_c              = 1.41
  epsilon            = 0.3
  risk_lambda        = 0  (ClusterValue 系以外では無効)
  noisy_tree         = true
  n_states           = 500
  num_threads        = 24
  seed               = 45
  start_index        = 0
  max_positions      = 200
  load_positions_dir = test_positions500
  output_dir         = reinvest_experiment/sweepN/P400/A1N/seed_45
  [loader] 1 batch files in test_positions500
  [loader] loaded 500 positions
  Sampled 500 / 500 positions (seed=45)
  Sliced to [0, 200) = 200 positions
Finding Shot...
Finding Shot...
Finding Shot...
Finding Shot...
Finding Shot...
Finding Shot...
Finding Shot...
Finding Shot...
Finding Shot...
Finding Shot...
Finding Shot...
Finding Shot...
Finding Shot...
Finding Shot...
Finding Shot...
Finding Shot...
Finding Shot...
Finding Shot...
Finding Shot...
Finding Shot...
Finding Shot...
Finding Shot...
Finding Shot...
Finding Shot...
Finding Shot...
Finding Shot...
Finding Shot...
Finding Shot...
Finding Shot...
Finding Shot...
Finding Shot...
Finding Shot...
Finding Shot...
Finding Shot...
Finding Shot...
Finding Shot...
Finding Shot...
Finding Shot...
Finding Shot...
Finding Shot...
Finding Shot...
Finding Shot...
Finding Shot...
Finding Shot...
Finding Shot...
Finding Shot...
Finding Shot...
Finding Shot...
Finding Shot...
Finding Shot...
Finding Shot...
Finding Shot...
Finding Shot...
Finding Shot...
Finding Shot...
Finding Shot...
Finding Shot...
Finding Shot...
Finding Shot...
Finding Shot...
Finding Shot...
Finding Shot...
Finding Shot...
Finding Shot...
Finding Shot...
Finding Shot...
Finding Shot...
Finding Shot...
Finding Shot...
Finding Shot...
Finding Shot...
Finding Shot...
Finding Shot...
Finding Shot...
Finding Shot...
Finding Shot...
Finding Shot...
Finding Shot...
Finding Shot...
Finding Shot...
Finding Shot...
Finding Shot...
Finding Shot...
Finding Shot...
Finding Shot...
Finding Shot...
Finding Shot...
Finding Shot...
Finding Shot...
Finding Shot...
Finding Shot...
Finding Shot...
Finding Shot...
Finding Shot...
Finding Shot...
Finding Shot...
Finding Shot...
Finding Shot...
Finding Shot...
Finding Shot...
Finding Shot...
Finding Shot...
Finding Shot...
Finding Shot...
Finding Shot...
Finding Shot...
Finding Shot...
Finding Shot...
Finding Shot...
Finding Shot...
Finding Shot...
Finding Shot...
Finding Shot...
Finding Shot...
Finding Shot...
Finding Shot...
Finding Shot...
Finding Shot...
Finding Shot...
Finding Shot...
Finding Shot...
Finding Shot...
Finding Shot...
Finding Shot...
Finding Shot...
Finding Shot...
Finding Shot...
Finding Shot...
Finding Shot...
Finding Shot...
Finding Shot...
Finding Shot...
Finding Shot...
Finding Shot...
Finding Shot...
Finding Shot...
Finding Shot...
Finding Shot...
Finding Shot...
Finding Shot...
Finding Shot...
Finding Shot...
Finding Shot...
Finding Shot...
Finding Shot...
Finding Shot...
Finding Shot...
Finding Shot...
Finding Shot...
Finding Shot...
Finding Shot...
Finding Shot...
Finding Shot...
Finding Shot...
[start 1/200] thread=4 global_idx=0 (g=7977,e=6,s=14) elapsed=1.1s
Finding Shot...
Finding Shot...
Finding Shot...
Finding Shot...
Finding Shot...
Finding Shot...
Finding Shot...
Finding Shot...
Finding Shot...
Finding Shot...
Finding Shot...
Finding Shot...
Finding Shot...
Finding Shot...
Finding Shot...
Finding Shot...
Finding Shot...
Finding Shot...
Finding Shot...
Finding Shot...
Finding Shot...
Finding Shot...
Finding Shot...
Finding Shot...
Finding Shot...
Finding Shot...
Finding Shot...
Finding Shot...
Finding Shot...
Finding Shot...
Finding Shot...
Finding Shot...
Finding Shot...
Finding Shot...
Finding Shot...
Finding Shot...
Finding Shot...
Finding Shot...
Finding Shot...
Finding Shot...
Finding Shot...
Finding Shot...
Finding Shot...
Finding Shot...
Finding Shot...
Finding Shot...
Finding Shot...
Finding Shot...
Finding Shot...
Finding Shot...
Finding Shot...
Finding Shot...
Finding Shot...
Finding Shot...
Finding Shot...
Finding Shot...
Finding Shot...
Finding Shot...
Finding Shot...
Finding Shot...
Finding Shot...
Finding Shot...
Finding Shot...
Finding Shot...
Finding Shot...
Finding Shot...
Finding Shot...
Finding Shot...
Finding Shot...
Finding Shot...
Finding Shot...
Finding Shot...
Finding Shot...
Finding Shot...
Finding Shot...
Finding Shot...
Finding Shot...
Finding Shot...
Finding Shot...
Finding Shot...
Finding Shot...
Finding Shot...
Finding Shot...
Finding Shot...
Finding Shot...
Finding Shot...
Finding Shot...
Finding Shot...
Finding Shot...
Finding Shot...
Finding Shot...
Finding Shot...
Finding Shot...
Finding Shot...
Finding Shot...
Finding Shot...
Finding Shot...
Finding Shot...
Finding Shot...
Finding Shot...
Finding Shot...
Finding Shot...
Finding Shot...
Finding Shot...
Finding Shot...
Finding Shot...
Finding Shot...
Finding Shot...
Finding Shot...
Finding Shot...
Finding Shot...
Finding Shot...
Finding Shot...
Finding Shot...
Finding Shot...
Finding Shot...
Finding Shot...
Finding Shot...
Finding Shot...
Finding Shot...
Finding Shot...
Finding Shot...
Finding Shot...
Finding Shot...
Finding Shot...
Finding Shot...
Finding Shot...
Finding Shot...
Finding Shot...
Finding Shot...
Finding Shot...
Finding Shot...
Finding Shot...
Finding Shot...
Finding Shot...
Finding Shot...
Finding Shot...
Finding Shot...
Finding Shot...
Finding Shot...
Finding Shot...
Finding Shot...
Finding Shot...
Finding Shot...
Finding Shot...
Finding Shot...
Finding Shot...
Finding Shot...
Finding Shot...
Finding Shot...
Finding Shot...
Finding Shot...
Finding Shot...
Finding Shot...
Finding Shot...
Finding Shot...
Finding Shot...
Finding Shot...
Finding Shot...
Finding Shot...
Finding Shot...
Finding Shot...
Finding Shot...
Finding Shot...
Finding Shot...
Finding Shot...
Finding Shot...
Finding Shot...
Finding Shot...
Finding Shot...
Finding Shot...
Finding Shot...
Finding Shot...
Finding Shot...
Finding Shot...
Finding Shot...
Finding Shot...
Finding Shot...
Finding Shot...
Finding Shot...
Finding Shot...
Finding Shot...
Finding Shot...
Finding Shot...
Finding Shot...
Finding Shot...
Finding Shot...
Finding Shot...
Finding Shot...
Finding Shot...
Finding Shot...
Finding Shot...
Finding Shot...
Finding Shot...
Finding Shot...
Finding Shot...
Finding Shot...
Finding Shot...
Finding Shot...
Finding Shot...
Finding Shot...
Finding Shot...
Finding Shot...
Finding Shot...
Finding Shot...
Finding Shot...
Finding Shot...
Finding Shot...
Finding Shot...
Finding Shot...
Finding Shot...
Finding Shot...
Finding Shot...
Finding Shot...
Finding Shot...
Finding Shot...
Finding Shot...
Finding Shot...
Finding Shot...
Finding Shot...
Finding Shot...
Finding Shot...
Finding Shot...
Finding Shot...
Finding Shot...
Finding Shot...
Finding Shot...
Finding Shot...
Finding Shot...
Finding Shot...
[start 2/200] thread=20 global_idx=1 (g=3926,e=6,s=11) elapsed=1.5s
[start 3/200] thread=6 global_idx=2 (g=3883,e=1,s=14) elapsed=1.5s
[start 4/200] thread=23 global_idx=3 (g=9222,e=7,s=5) elapsed=1.5s
[start 5/200] thread=10 global_idx=4 (g=7881,e=2,s=15) elapsed=1.5s
[start 6/200] thread=3 global_idx=5 (g=6406,e=1,s=10) elapsed=1.5s
[start 7/200] thread=9 global_idx=6 (g=8452,e=5,s=15) elapsed=1.5s
[start 8/200] thread=8 global_idx=7 (g=1028,e=6,s=15) elapsed=1.5s
[start 9/200] thread=18 global_idx=8 (g=2596,e=1,s=14) elapsed=1.5s
[start 10/200] thread=5 global_idx=9 (g=4748,e=1,s=3) elapsed=1.5s
[start 11/200] thread=16 global_idx=10 (g=9206,e=3,s=13) elapsed=1.5s
[start 12/200] thread=12 global_idx=11 (g=5859,e=1,s=6) elapsed=1.5s
[start 13/200] thread=14 global_idx=12 (g=6871,e=4,s=5) elapsed=1.5s
[start 14/200] thread=7 global_idx=13 (g=7163,e=3,s=13) elapsed=1.5s
[start 15/200] thread=21 global_idx=14 (g=5807,e=0,s=8) elapsed=1.5s
[start 16/200] thread=15 global_idx=15 (g=5567,e=2,s=15) elapsed=1.5s
[start 17/200] thread=1 global_idx=16 (g=2507,e=3,s=11) elapsed=1.5s
[start 18/200] thread=17 global_idx=17 (g=7006,e=3,s=15) elapsed=1.5s
[start 19/200] thread=11 global_idx=18 (g=1984,e=6,s=4) elapsed=1.5s
[start 20/200] thread=19 global_idx=19 (g=1845,e=7,s=14) elapsed=1.5s
[start 21/200] thread=22 global_idx=20 (g=5780,e=2,s=6) elapsed=1.5s
[start 22/200] thread=0 global_idx=21 (g=8645,e=7,s=5) elapsed=1.5s
[start 23/200] thread=2 global_idx=22 (g=6132,e=0,s=13) elapsed=1.5s
[start 24/200] thread=13 global_idx=23 (g=3339,e=4,s=10) elapsed=1.5s
[done 1/200] thread=10 global_idx=4 (g=7881,e=2,s=15) state_time=28.9s best_idx=88 sims=529 N=129 K=129 eta=6040.8s
[start 25/200] thread=10 global_idx=24 (g=3566,e=6,s=14) elapsed=30.4s
[done 2/200] thread=15 global_idx=15 (g=5567,e=2,s=15) state_time=32.3s best_idx=34 sims=529 N=129 K=129 eta=3343.0s
[start 26/200] thread=15 global_idx=25 (g=5523,e=3,s=9) elapsed=33.8s
[done 3/200] thread=8 global_idx=7 (g=1028,e=6,s=15) state_time=36.4s best_idx=0 sims=551 N=151 K=151 eta=2484.3s
[start 27/200] thread=8 global_idx=26 (g=7015,e=5,s=14) elapsed=37.8s
[done 4/200] thread=9 global_idx=6 (g=8452,e=5,s=15) state_time=36.9s best_idx=87 sims=553 N=153 K=153 eta=1877.5s
[start 28/200] thread=9 global_idx=27 (g=743,e=7,s=3) elapsed=38.3s
[done 5/200] thread=17 global_idx=17 (g=7006,e=3,s=15) state_time=38.5s best_idx=0 sims=545 N=145 K=145 eta=1557.3s
[start 29/200] thread=17 global_idx=28 (g=1014,e=4,s=15) elapsed=39.9s
[done 6/200] thread=17 global_idx=28 (g=1014,e=4,s=15) state_time=21.7s best_idx=10 sims=461 N=61 K=61 eta=1994.4s
[start 30/200] thread=17 global_idx=29 (g=3900,e=0,s=10) elapsed=61.7s
[done 7/200] thread=6 global_idx=2 (g=3883,e=1,s=14) state_time=103.1s best_idx=1 sims=1814 N=37 K=37 eta=2882.1s
[start 31/200] thread=6 global_idx=30 (g=4543,e=6,s=5) elapsed=104.5s
[done 8/200] thread=19 global_idx=19 (g=1845,e=7,s=14) state_time=215.3s best_idx=49 sims=3735 N=55 K=55 eta=5201.4s
[start 32/200] thread=19 global_idx=31 (g=9231,e=5,s=14) elapsed=216.7s
[done 9/200] thread=19 global_idx=31 (g=9231,e=5,s=14) state_time=544.6s best_idx=44 sims=8537 N=101 K=101 eta=16156.5s
[start 33/200] thread=19 global_idx=32 (g=1825,e=5,s=7) elapsed=761.3s
[done 10/200] thread=16 global_idx=10 (g=9206,e=3,s=13) state_time=1110.9s best_idx=34 sims=15166 N=49 K=49 eta=21134.9s
[start 34/200] thread=16 global_idx=33 (g=4062,e=4,s=15) elapsed=1112.4s
[done 11/200] thread=16 global_idx=33 (g=4062,e=4,s=15) state_time=27.4s best_idx=49 sims=517 N=117 K=117 eta=19583.8s
[start 35/200] thread=16 global_idx=34 (g=9882,e=2,s=11) elapsed=1139.8s
[done 12/200] thread=4 global_idx=0 (g=7977,e=6,s=14) state_time=1370.1s best_idx=64 sims=18386 N=145 K=145 eta=21482.7s
[start 36/200] thread=4 global_idx=35 (g=2998,e=6,s=14) elapsed=1371.2s
[done 13/200] thread=10 global_idx=24 (g=3566,e=6,s=14) state_time=1442.6s best_idx=67 sims=14324 N=129 K=129 eta=21188.5s
[start 37/200] thread=10 global_idx=36 (g=1555,e=2,s=3) elapsed=1473.0s
[done 14/200] thread=18 global_idx=8 (g=2596,e=1,s=14) state_time=1799.0s best_idx=48 sims=18220 N=145 K=145 eta=23919.8s
[start 38/200] thread=18 global_idx=37 (g=4372,e=4,s=14) elapsed=1800.4s
[done 15/200] thread=8 global_idx=26 (g=7015,e=5,s=14) state_time=1843.2s best_idx=11 sims=18376 N=145 K=145 eta=23198.8s
[start 39/200] thread=8 global_idx=38 (g=3732,e=7,s=7) elapsed=1881.0s
[done 16/200] thread=18 global_idx=37 (g=4372,e=4,s=14) state_time=198.1s best_idx=1 sims=2976 N=49 K=49 eta=22983.3s
[start 40/200] thread=18 global_idx=39 (g=3858,e=5,s=5) elapsed=1998.5s
[done 17/200] thread=4 global_idx=35 (g=2998,e=6,s=14) state_time=2011.4s best_idx=68 sims=18052 N=145 K=145 eta=36413.1s
[start 41/200] thread=4 global_idx=40 (g=1938,e=0,s=14) elapsed=3382.6s
[done 18/200] thread=7 global_idx=13 (g=7163,e=3,s=13) state_time=3389.4s best_idx=65 sims=35896 N=85 K=85 eta=34285.5s
[start 42/200] thread=7 global_idx=41 (g=9112,e=3,s=9) elapsed=3390.9s
[done 19/200] thread=2 global_idx=22 (g=6132,e=0,s=13) state_time=4319.8s best_idx=82 sims=42728 N=87 K=87 eta=41165.3s
[start 43/200] thread=2 global_idx=42 (g=4157,e=3,s=12) elapsed=4321.2s
[done 20/200] thread=4 global_idx=40 (g=1938,e=0,s=14) state_time=1022.5s best_idx=59 sims=8196 N=93 K=93 eta=39646.3s
[start 44/200] thread=4 global_idx=43 (g=7373,e=1,s=11) elapsed=4405.1s
[done 21/200] thread=17 global_idx=29 (g=3900,e=0,s=10) state_time=6944.9s best_idx=40 sims=114832 N=55 K=55 eta=59722.4s
[start 45/200] thread=17 global_idx=44 (g=7173,e=4,s=15) elapsed=7006.5s
[done 22/200] thread=17 global_idx=44 (g=7173,e=4,s=15) state_time=40.7s best_idx=2 sims=551 N=151 K=151 eta=57018.3s
[start 46/200] thread=17 global_idx=45 (g=196,e=4,s=4) elapsed=7047.2s
[done 23/200] thread=1 global_idx=16 (g=2507,e=3,s=11) state_time=7075.1s best_idx=39 sims=104832 N=107 K=107 eta=54458.7s
[start 47/200] thread=1 global_idx=46 (g=2630,e=2,s=14) elapsed=7076.6s
[done 24/200] thread=3 global_idx=5 (g=6406,e=1,s=10) state_time=7124.3s best_idx=42 sims=115362 N=59 K=59 eta=52255.8s
[start 48/200] thread=3 global_idx=47 (g=5731,e=2,s=10) elapsed=7125.8s
[done 25/200] thread=1 global_idx=46 (g=2630,e=2,s=14) state_time=208.3s best_idx=2 sims=3989 N=59 K=59 eta=50994.2s
[start 49/200] thread=1 global_idx=48 (g=9518,e=4,s=5) elapsed=7284.9s
[done 26/200] thread=13 global_idx=23 (g=3339,e=4,s=10) state_time=7797.3s best_idx=6 sims=123208 N=71 K=71 eta=52191.9s
[start 50/200] thread=13 global_idx=49 (g=8211,e=7,s=12) elapsed=7798.8s
[done 27/200] thread=20 global_idx=1 (g=3926,e=6,s=11) state_time=9530.7s best_idx=66 sims=113441 N=123 K=123 eta=61076.3s
[start 51/200] thread=20 global_idx=50 (g=5392,e=3,s=13) elapsed=9532.1s
[done 28/200] thread=16 global_idx=34 (g=9882,e=2,s=11) state_time=8535.1s best_idx=48 sims=108369 N=109 K=109 eta=59431.2s
[start 52/200] thread=16 global_idx=51 (g=4262,e=4,s=2) elapsed=9674.9s
[done 29/200] thread=4 global_idx=43 (g=7373,e=1,s=11) state_time=5482.4s best_idx=33 sims=101193 N=103 K=103 eta=58302.4s
[start 53/200] thread=4 global_idx=52 (g=6230,e=1,s=12) elapsed=9887.5s
[done 30/200] thread=2 global_idx=42 (g=4157,e=3,s=12) state_time=5960.1s best_idx=59 sims=77020 N=107 K=107 eta=58261.1s
[start 54/200] thread=2 global_idx=53 (g=3543,e=4,s=7) elapsed=10281.4s
[done 31/200] thread=19 global_idx=32 (g=1825,e=5,s=7) state_time=10050.5s best_idx=52 sims=208615 N=77 K=77 eta=58942.0s
[start 55/200] thread=19 global_idx=54 (g=1784,e=6,s=5) elapsed=10811.8s
[done 32/200] thread=15 global_idx=25 (g=5523,e=3,s=9) state_time=10960.2s best_idx=54 sims=158556 N=103 K=103 eta=57718.6s
[start 56/200] thread=15 global_idx=55 (g=4905,e=4,s=14) elapsed=10994.0s
[done 33/200] thread=21 global_idx=14 (g=5807,e=0,s=8) state_time=11479.1s best_idx=28 sims=185664 N=81 K=81 eta=58098.5s
[start 57/200] thread=21 global_idx=56 (g=3837,e=2,s=10) elapsed=11480.5s
[done 34/200] thread=8 global_idx=38 (g=3732,e=7,s=7) state_time=9735.9s best_idx=20 sims=189914 N=49 K=49 eta=56717.9s
[start 58/200] thread=8 global_idx=57 (g=2854,e=0,s=15) elapsed=11616.9s
[done 35/200] thread=8 global_idx=57 (g=2854,e=0,s=15) state_time=27.0s best_idx=58 sims=503 N=103 K=103 eta=54892.8s
[start 59/200] thread=8 global_idx=58 (g=1221,e=1,s=10) elapsed=11643.9s
[done 36/200] thread=15 global_idx=55 (g=4905,e=4,s=14) state_time=716.0s best_idx=34 sims=8847 N=101 K=101 eta=53345.5s
[start 60/200] thread=15 global_idx=59 (g=7301,e=6,s=14) elapsed=11710.0s
[done 37/200] thread=7 global_idx=41 (g=9112,e=3,s=9) state_time=8353.8s best_idx=35 sims=145381 N=75 K=75 eta=51740.2s
[start 61/200] thread=7 global_idx=60 (g=5248,e=0,s=3) elapsed=11744.7s
[done 38/200] thread=22 global_idx=20 (g=5780,e=2,s=6) state_time=11796.7s best_idx=42 sims=224902 N=49 K=49 eta=50297.4s
[start 62/200] thread=22 global_idx=61 (g=2545,e=3,s=15) elapsed=11798.1s
[done 39/200] thread=22 global_idx=61 (g=2545,e=3,s=15) state_time=19.8s best_idx=6 sims=461 N=61 K=61 eta=48787.1s
[start 63/200] thread=22 global_idx=62 (g=6335,e=1,s=11) elapsed=11818.0s
[done 40/200] thread=4 global_idx=52 (g=6230,e=1,s=12) state_time=2108.3s best_idx=35 sims=48793 N=49 K=49 eta=47983.4s
[start 64/200] thread=4 global_idx=63 (g=8275,e=4,s=5) elapsed=11995.9s
[done 41/200] thread=3 global_idx=47 (g=5731,e=2,s=10) state_time=5040.4s best_idx=5 sims=102914 N=43 K=43 eta=47181.1s
[start 65/200] thread=3 global_idx=64 (g=963,e=5,s=13) elapsed=12166.2s
[done 42/200] thread=14 global_idx=12 (g=6871,e=4,s=5) state_time=12187.1s best_idx=52 sims=263790 N=71 K=71 eta=45852.2s
[start 66/200] thread=14 global_idx=65 (g=176,e=5,s=11) elapsed=12188.6s
[done 43/200] thread=23 global_idx=3 (g=9222,e=7,s=5) state_time=12253.1s best_idx=5 sims=246530 N=37 K=37 eta=44743.2s
[start 67/200] thread=23 global_idx=66 (g=2199,e=1,s=13) elapsed=12254.5s
[done 44/200] thread=13 global_idx=49 (g=8211,e=7,s=12) state_time=4478.5s best_idx=2 sims=65067 N=79 K=79 eta=43528.5s
[start 68/200] thread=13 global_idx=67 (g=8298,e=3,s=11) elapsed=12277.3s
[done 45/200] thread=12 global_idx=11 (g=5859,e=1,s=6) state_time=13394.6s best_idx=58 sims=234440 N=65 K=65 eta=46142.1s
[start 69/200] thread=12 global_idx=68 (g=6729,e=2,s=14) elapsed=13396.1s
[done 46/200] thread=15 global_idx=59 (g=7301,e=6,s=14) state_time=1854.2s best_idx=1 sims=17890 N=145 K=145 eta=45410.7s
[start 70/200] thread=15 global_idx=69 (g=8119,e=5,s=4) elapsed=13564.2s
[done 47/200] thread=6 global_idx=30 (g=4543,e=6,s=5) state_time=14685.2s best_idx=44 sims=262722 N=71 K=71 eta=48145.4s
[start 71/200] thread=6 global_idx=70 (g=8189,e=0,s=14) elapsed=14789.8s
[done 48/200] thread=12 global_idx=68 (g=6729,e=2,s=14) state_time=1568.7s best_idx=2 sims=15743 N=135 K=135 eta=47388.4s
[start 72/200] thread=12 global_idx=71 (g=9791,e=0,s=8) elapsed=14964.8s
[done 49/200] thread=0 global_idx=21 (g=8645,e=7,s=5) state_time=15029.4s best_idx=0 sims=264582 N=71 K=71 eta=46319.4s
[start 73/200] thread=0 global_idx=72 (g=5487,e=5,s=5) elapsed=15030.8s
[done 50/200] thread=6 global_idx=70 (g=8189,e=0,s=14) state_time=276.2s best_idx=34 sims=3938 N=55 K=55 eta=45197.9s
[start 74/200] thread=6 global_idx=73 (g=4950,e=0,s=15) elapsed=15066.0s
[done 51/200] thread=6 global_idx=73 (g=4950,e=0,s=15) state_time=18.8s best_idx=48 sims=471 N=71 K=71 eta=44071.2s
[start 75/200] thread=6 global_idx=74 (g=9143,e=3,s=7) elapsed=15084.8s
[done 52/200] thread=20 global_idx=50 (g=5392,e=3,s=13) state_time=5864.0s best_idx=87 sims=59484 N=135 K=135 eta=43819.8s
[start 76/200] thread=20 global_idx=75 (g=4517,e=4,s=13) elapsed=15396.1s
[done 53/200] thread=11 global_idx=18 (g=1984,e=6,s=4) state_time=15500.2s best_idx=3 sims=288500 N=59 K=59 eta=42995.2s
[start 77/200] thread=11 global_idx=76 (g=2994,e=5,s=10) elapsed=15501.7s
[done 54/200] thread=5 global_idx=9 (g=4748,e=1,s=3) state_time=15519.6s best_idx=8 sims=312486 N=49 K=49 eta=41964.4s
[start 78/200] thread=5 global_idx=77 (g=961,e=6,s=13) elapsed=15521.1s
[done 55/200] thread=3 global_idx=64 (g=963,e=5,s=13) state_time=3494.3s best_idx=40 sims=41403 N=89 K=89 eta=41286.7s
[start 79/200] thread=3 global_idx=78 (g=1566,e=1,s=3) elapsed=15660.5s
[done 56/200] thread=22 global_idx=62 (g=6335,e=1,s=11) state_time=3885.2s best_idx=0 sims=74993 N=53 K=53 eta=40379.7s
[start 80/200] thread=22 global_idx=79 (g=1686,e=6,s=15) elapsed=15703.2s
[done 57/200] thread=22 global_idx=79 (g=1686,e=6,s=15) state_time=17.9s best_idx=0 sims=449 N=49 K=49 eta=39440.6s
[start 81/200] thread=22 global_idx=80 (g=1201,e=0,s=6) elapsed=15721.1s
[done 58/200] thread=9 global_idx=27 (g=743,e=7,s=3) state_time=16516.6s best_idx=0 sims=313996 N=55 K=55 eta=40531.0s
[start 82/200] thread=9 global_idx=81 (g=5494,e=4,s=5) elapsed=16554.9s
[done 59/200] thread=18 global_idx=39 (g=3858,e=5,s=5) state_time=15388.9s best_idx=40 sims=265979 N=75 K=75 eta=41553.0s
[start 83/200] thread=18 global_idx=82 (g=2492,e=4,s=15) elapsed=17387.4s
[done 60/200] thread=18 global_idx=82 (g=2492,e=4,s=15) state_time=22.6s best_idx=42 sims=475 N=75 K=75 eta=40623.3s
[start 84/200] thread=18 global_idx=83 (g=8959,e=1,s=11) elapsed=17410.0s
[done 61/200] thread=23 global_idx=66 (g=2199,e=1,s=13) state_time=5169.6s best_idx=98 sims=54687 N=119 K=119 eta=39704.1s
[start 85/200] thread=23 global_idx=84 (g=1671,e=0,s=15) elapsed=17424.1s
[done 62/200] thread=23 global_idx=84 (g=1671,e=0,s=15) state_time=27.7s best_idx=77 sims=517 N=117 K=117 eta=38844.4s
[start 86/200] thread=23 global_idx=85 (g=1385,e=7,s=11) elapsed=17451.8s
[done 63/200] thread=14 global_idx=65 (g=176,e=5,s=11) state_time=5605.6s best_idx=90 sims=105677 N=97 K=97 eta=38695.2s
[start 87/200] thread=14 global_idx=86 (g=6872,e=1,s=14) elapsed=17794.2s
[done 64/200] thread=1 global_idx=48 (g=9518,e=4,s=5) state_time=10673.6s best_idx=33 sims=264026 N=71 K=71 eta=38161.8s
[start 88/200] thread=1 global_idx=87 (g=8785,e=1,s=4) elapsed=17958.5s
[done 65/200] thread=10 global_idx=36 (g=1555,e=2,s=3) state_time=16530.5s best_idx=14 sims=316142 N=55 K=55 eta=37391.8s
[start 89/200] thread=10 global_idx=88 (g=1835,e=0,s=15) elapsed=18003.5s
[done 66/200] thread=10 global_idx=88 (g=1835,e=0,s=15) state_time=16.8s best_idx=55 sims=469 N=69 K=69 eta=36586.6s
[start 90/200] thread=10 global_idx=89 (g=6216,e=7,s=8) elapsed=18020.3s
[done 67/200] thread=21 global_idx=56 (g=3837,e=2,s=10) state_time=7173.3s best_idx=6 sims=120586 N=71 K=71 eta=37029.2s
[start 91/200] thread=21 global_idx=90 (g=8471,e=6,s=5) elapsed=18653.8s
[done 68/200] thread=14 global_idx=86 (g=6872,e=1,s=14) state_time=1296.6s best_idx=85 sims=16513 N=135 K=135 eta=37058.5s
[start 92/200] thread=14 global_idx=91 (g=256,e=3,s=12) elapsed=19090.7s
[done 69/200] thread=2 global_idx=53 (g=3543,e=4,s=7) state_time=9268.7s best_idx=35 sims=193070 N=55 K=55 eta=37116.9s
[start 93/200] thread=2 global_idx=92 (g=5778,e=2,s=9) elapsed=19550.1s
[done 70/200] thread=13 global_idx=67 (g=8298,e=3,s=11) state_time=8438.0s best_idx=38 sims=111755 N=119 K=119 eta=38471.3s
[start 94/200] thread=13 global_idx=93 (g=6320,e=4,s=15) elapsed=20715.3s
[done 71/200] thread=13 global_idx=93 (g=6320,e=4,s=15) state_time=22.8s best_idx=58 sims=503 N=103 K=103 eta=37679.2s
[start 95/200] thread=13 global_idx=94 (g=1638,e=4,s=11) elapsed=20738.2s
[done 72/200] thread=20 global_idx=75 (g=4517,e=4,s=13) state_time=5557.8s best_idx=6 sims=56836 N=123 K=123 eta=37251.4s
[start 96/200] thread=20 global_idx=95 (g=2310,e=6,s=15) elapsed=20953.9s
[done 73/200] thread=20 global_idx=95 (g=2310,e=6,s=15) state_time=29.6s best_idx=76 sims=535 N=135 K=135 eta=36505.5s
[start 97/200] thread=20 global_idx=96 (g=7921,e=5,s=4) elapsed=20983.5s
[done 74/200] thread=17 global_idx=45 (g=196,e=4,s=4) state_time=13957.4s best_idx=39 sims=285329 N=49 K=49 eta=35764.6s
[start 98/200] thread=17 global_idx=97 (g=1361,e=1,s=12) elapsed=21004.6s
[done 75/200] thread=19 global_idx=54 (g=1784,e=6,s=5) state_time=10720.2s best_idx=53 sims=264148 N=71 K=71 eta=35886.7s
[start 99/200] thread=19 global_idx=98 (g=5041,e=1,s=8) elapsed=21532.0s
[done 76/200] thread=8 global_idx=58 (g=1221,e=1,s=10) state_time=9942.3s best_idx=65 sims=138846 N=113 K=113 eta=35219.6s
[start 100/200] thread=8 global_idx=99 (g=5033,e=7,s=5) elapsed=21586.2s
[done 77/200] thread=5 global_idx=77 (g=961,e=6,s=13) state_time=6372.6s best_idx=39 sims=66314 N=139 K=139 eta=34972.9s
[start 101/200] thread=5 global_idx=100 (g=5022,e=1,s=15) elapsed=21893.6s
[done 78/200] thread=5 global_idx=100 (g=5022,e=1,s=15) state_time=23.6s best_idx=1 sims=489 N=89 K=89 eta=34280.7s
[start 102/200] thread=5 global_idx=101 (g=9907,e=7,s=9) elapsed=21917.2s
[done 79/200] thread=14 global_idx=91 (g=256,e=3,s=12) state_time=3447.8s best_idx=46 sims=65933 N=77 K=77 eta=34521.1s
[start 103/200] thread=14 global_idx=102 (g=8627,e=2,s=12) elapsed=22538.6s
[done 80/200] thread=12 global_idx=71 (g=9791,e=0,s=8) state_time=8826.2s best_idx=3 sims=171258 N=55 K=55 eta=35686.4s
[start 104/200] thread=12 global_idx=103 (g=1641,e=6,s=10) elapsed=23790.9s
[done 81/200] thread=17 global_idx=97 (g=1361,e=1,s=12) state_time=3377.3s best_idx=37 sims=54582 N=59 K=59 eta=35820.3s
[start 105/200] thread=17 global_idx=104 (g=7249,e=2,s=15) elapsed=24381.9s
[done 82/200] thread=23 global_idx=85 (g=1385,e=7,s=11) state_time=6946.7s best_idx=98 sims=102999 N=103 K=103 eta=35110.1s
[start 106/200] thread=23 global_idx=105 (g=4837,e=7,s=2) elapsed=24398.5s
[done 83/200] thread=17 global_idx=104 (g=7249,e=2,s=15) state_time=32.0s best_idx=0 sims=539 N=139 K=139 eta=34414.7s
[start 107/200] thread=17 global_idx=106 (g=1039,e=2,s=15) elapsed=24413.9s
[done 84/200] thread=17 global_idx=106 (g=1039,e=2,s=15) state_time=14.6s best_idx=34 sims=443 N=43 K=43 eta=33734.5s
[start 108/200] thread=17 global_idx=107 (g=7846,e=3,s=10) elapsed=24428.5s
[done 85/200] thread=18 global_idx=83 (g=8959,e=1,s=11) state_time=7129.9s best_idx=63 sims=101325 N=97 K=97 eta=33201.0s
[start 109/200] thread=18 global_idx=108 (g=5246,e=2,s=5) elapsed=24539.9s
[done 86/200] thread=4 global_idx=63 (g=8275,e=4,s=5) state_time=13031.4s best_idx=38 sims=262153 N=71 K=71 eta=33175.7s
[start 110/200] thread=4 global_idx=109 (g=4166,e=2,s=12) elapsed=25027.3s
[done 87/200] thread=11 global_idx=76 (g=2994,e=5,s=10) state_time=9860.2s best_idx=40 sims=140187 N=113 K=113 eta=32941.2s
[start 111/200] thread=11 global_idx=110 (g=6533,e=4,s=6) elapsed=25361.8s
[done 88/200] thread=16 global_idx=51 (g=4262,e=4,s=2) state_time=17140.0s best_idx=46 sims=345253 N=49 K=49 eta=34127.9s
[start 112/200] thread=16 global_idx=111 (g=5721,e=0,s=12) elapsed=26814.8s
[done 89/200] thread=7 global_idx=60 (g=5248,e=0,s=3) state_time=15083.5s best_idx=39 sims=316875 N=49 K=49 eta=33459.9s
[start 113/200] thread=7 global_idx=112 (g=4463,e=7,s=9) elapsed=26828.2s
[done 90/200] thread=10 global_idx=89 (g=6216,e=7,s=8) state_time=8830.4s best_idx=48 sims=171867 N=55 K=55 eta=32817.5s
[start 114/200] thread=10 global_idx=113 (g=5606,e=2,s=14) elapsed=26850.7s
[done 91/200] thread=6 global_idx=74 (g=9143,e=3,s=7) state_time=11813.8s best_idx=76 sims=209464 N=81 K=81 eta=32219.2s
[start 115/200] thread=6 global_idx=114 (g=1123,e=4,s=3) elapsed=26898.6s
[done 92/200] thread=14 global_idx=102 (g=8627,e=2,s=12) state_time=4408.1s best_idx=83 sims=74250 N=103 K=103 eta=31633.1s
[start 116/200] thread=14 global_idx=115 (g=8113,e=3,s=15) elapsed=26946.7s
[done 93/200] thread=14 global_idx=115 (g=8113,e=3,s=15) state_time=16.1s best_idx=33 sims=469 N=69 K=69 eta=31021.7s
[start 117/200] thread=14 global_idx=116 (g=716,e=6,s=7) elapsed=26962.8s
[done 94/200] thread=22 global_idx=80 (g=1201,e=0,s=6) state_time=11441.2s best_idx=45 sims=228351 N=53 K=53 eta=30629.8s
[start 118/200] thread=22 global_idx=117 (g=459,e=3,s=5) elapsed=27162.3s
[done 95/200] thread=13 global_idx=94 (g=1638,e=4,s=11) state_time=6805.7s best_idx=59 sims=100603 N=103 K=103 eta=30443.2s
[start 119/200] thread=13 global_idx=118 (g=9287,e=7,s=12) elapsed=27543.9s
[done 96/200] thread=5 global_idx=101 (g=9907,e=7,s=9) state_time=5645.2s best_idx=44 sims=140279 N=65 K=65 eta=29859.2s
[start 120/200] thread=5 global_idx=119 (g=5647,e=1,s=10) elapsed=27562.4s
[done 97/200] thread=10 global_idx=113 (g=5606,e=2,s=14) state_time=1612.3s best_idx=48 sims=16564 N=139 K=139 eta=30223.5s
[start 121/200] thread=10 global_idx=120 (g=4562,e=4,s=13) elapsed=28462.9s
[done 98/200] thread=1 global_idx=87 (g=8785,e=1,s=4) state_time=10813.4s best_idx=40 sims=288081 N=49 K=49 eta=29946.3s
[start 122/200] thread=1 global_idx=121 (g=6201,e=5,s=11) elapsed=28771.9s
[done 99/200] thread=15 global_idx=69 (g=8119,e=5,s=4) state_time=15351.4s best_idx=3 sims=290137 N=65 K=65 eta=29499.8s
[start 123/200] thread=15 global_idx=122 (g=9166,e=3,s=14) elapsed=28915.7s
[done 100/200] thread=2 global_idx=92 (g=5778,e=2,s=9) state_time=9485.3s best_idx=6 sims=157967 N=97 K=97 eta=29035.4s
[start 124/200] thread=2 global_idx=123 (g=8703,e=4,s=3) elapsed=29035.4s
[done 101/200] thread=4 global_idx=109 (g=4166,e=2,s=12) state_time=4134.5s best_idx=52 sims=62657 N=75 K=75 eta=28584.4s
[start 125/200] thread=4 global_idx=124 (g=1616,e=0,s=14) elapsed=29161.8s
[done 102/200] thread=0 global_idx=72 (g=5487,e=5,s=5) state_time=14164.1s best_idx=48 sims=263149 N=71 K=71 eta=28050.1s
[start 126/200] thread=0 global_idx=125 (g=5809,e=3,s=9) elapsed=29195.0s
[done 103/200] thread=4 global_idx=124 (g=1616,e=0,s=14) state_time=323.0s best_idx=33 sims=4469 N=69 K=69 eta=27767.2s
[start 127/200] thread=4 global_idx=126 (g=4651,e=6,s=5) elapsed=29484.8s
[done 104/200] thread=19 global_idx=98 (g=5041,e=1,s=8) state_time=8916.4s best_idx=40 sims=173399 N=55 K=55 eta=28106.3s
[start 128/200] thread=19 global_idx=127 (g=8894,e=2,s=15) elapsed=30448.4s
[done 105/200] thread=15 global_idx=122 (g=9166,e=3,s=14) state_time=1547.7s best_idx=75 sims=15223 N=139 K=139 eta=27562.1s
[start 129/200] thread=15 global_idx=128 (g=2369,e=6,s=9) elapsed=30463.4s
[done 106/200] thread=19 global_idx=127 (g=8894,e=2,s=15) state_time=22.1s best_idx=2 sims=479 N=79 K=79 eta=27021.0s
[start 130/200] thread=19 global_idx=129 (g=1083,e=7,s=15) elapsed=30470.5s
[done 107/200] thread=19 global_idx=129 (g=1083,e=7,s=15) state_time=25.9s best_idx=57 sims=503 N=103 K=103 eta=26506.2s
[start 131/200] thread=19 global_idx=130 (g=366,e=3,s=11) elapsed=30496.4s
[done 108/200] thread=17 global_idx=107 (g=7846,e=3,s=10) state_time=6525.0s best_idx=44 sims=116948 N=65 K=65 eta=26367.8s
[start 132/200] thread=17 global_idx=131 (g=6354,e=2,s=15) elapsed=30953.5s
[done 109/200] thread=17 global_idx=131 (g=6354,e=2,s=15) state_time=35.2s best_idx=4 sims=551 N=151 K=151 eta=25871.2s
[start 133/200] thread=17 global_idx=132 (g=9260,e=7,s=2) elapsed=30988.6s
[done 110/200] thread=13 global_idx=118 (g=9287,e=7,s=12) state_time=3633.5s best_idx=38 sims=58696 N=65 K=65 eta=25508.7s
[start 134/200] thread=13 global_idx=133 (g=6267,e=4,s=12) elapsed=31177.3s
[done 111/200] thread=9 global_idx=81 (g=5494,e=4,s=5) state_time=14847.7s best_idx=6 sims=266632 N=75 K=75 eta=25178.7s
[start 135/200] thread=9 global_idx=134 (g=1158,e=6,s=8) elapsed=31402.7s
[done 112/200] thread=3 global_idx=78 (g=1566,e=1,s=3) state_time=16449.3s best_idx=0 sims=317009 N=59 K=59 eta=25229.1s
[start 136/200] thread=3 global_idx=135 (g=6520,e=1,s=5) elapsed=32109.8s
[done 113/200] thread=21 global_idx=90 (g=8471,e=6,s=5) state_time=14530.8s best_idx=45 sims=266588 N=75 K=75 eta=25549.2s
[start 137/200] thread=21 global_idx=136 (g=2099,e=0,s=14) elapsed=33184.6s
[done 114/200] thread=21 global_idx=136 (g=2099,e=0,s=14) state_time=629.2s best_idx=3 sims=7790 N=91 K=91 eta=25508.7s
[start 138/200] thread=21 global_idx=137 (g=4892,e=6,s=10) elapsed=33813.8s
[done 115/200] thread=16 global_idx=111 (g=5721,e=0,s=12) state_time=7200.1s best_idx=41 sims=87841 N=123 K=123 eta=25141.4s
[start 139/200] thread=16 global_idx=138 (g=7859,e=3,s=14) elapsed=34014.9s
[done 116/200] thread=10 global_idx=120 (g=4562,e=4,s=13) state_time=5886.6s best_idx=78 sims=60301 N=129 K=129 eta=24873.8s
[start 140/200] thread=10 global_idx=139 (g=2084,e=7,s=10) elapsed=34349.5s
[done 117/200] thread=5 global_idx=119 (g=5647,e=1,s=10) state_time=6788.1s best_idx=70 sims=128865 N=91 K=91 eta=24368.3s
[start 141/200] thread=5 global_idx=140 (g=5335,e=1,s=14) elapsed=34350.5s
[done 118/200] thread=12 global_idx=103 (g=1641,e=6,s=10) state_time=10671.3s best_idx=52 sims=141229 N=113 K=113 eta=23948.3s
[start 142/200] thread=12 global_idx=141 (g=5272,e=2,s=4) elapsed=34462.2s
[done 119/200] thread=14 global_idx=116 (g=716,e=6,s=7) state_time=7568.8s best_idx=4 sims=197534 N=55 K=55 eta=23504.7s
[start 143/200] thread=14 global_idx=142 (g=5472,e=3,s=13) elapsed=34531.6s
[done 120/200] thread=13 global_idx=133 (g=6267,e=4,s=12) state_time=3436.8s best_idx=10 sims=56635 N=55 K=55 eta=23076.1s
[start 144/200] thread=13 global_idx=143 (g=4526,e=5,s=9) elapsed=34614.2s
[done 121/200] thread=1 global_idx=121 (g=6201,e=5,s=11) state_time=6014.8s best_idx=63 sims=106408 N=107 K=107 eta=22712.0s
[start 145/200] thread=1 global_idx=144 (g=6392,e=2,s=5) elapsed=34786.7s
[done 122/200] thread=20 global_idx=96 (g=7921,e=5,s=4) state_time=14279.3s best_idx=6 sims=285334 N=49 K=49 eta=22545.0s
[start 146/200] thread=20 global_idx=145 (g=1255,e=4,s=13) elapsed=35262.8s
[done 123/200] thread=16 global_idx=138 (g=7859,e=3,s=14) state_time=1384.5s best_idx=41 sims=14574 N=129 K=129 eta=22160.6s
[start 147/200] thread=16 global_idx=146 (g=5259,e=3,s=8) elapsed=35399.4s
[done 124/200] thread=8 global_idx=99 (g=5033,e=7,s=5) state_time=14094.6s best_idx=44 sims=263468 N=71 K=71 eta=21868.9s
[start 148/200] thread=8 global_idx=147 (g=7905,e=3,s=15) elapsed=35680.8s
[done 125/200] thread=8 global_idx=147 (g=7905,e=3,s=15) state_time=25.1s best_idx=55 sims=503 N=103 K=103 eta=21423.5s
[start 149/200] thread=8 global_idx=148 (g=4159,e=5,s=11) elapsed=35705.9s
[done 126/200] thread=0 global_idx=125 (g=5809,e=3,s=9) state_time=6807.6s best_idx=36 sims=135664 N=53 K=53 eta=21144.4s
[start 150/200] thread=0 global_idx=149 (g=2788,e=5,s=13) elapsed=36002.6s
[done 127/200] thread=14 global_idx=142 (g=5472,e=3,s=13) state_time=1584.9s best_idx=38 sims=25614 N=69 K=69 eta=20759.8s
[start 151/200] thread=14 global_idx=150 (g=4360,e=7,s=4) elapsed=36116.4s
[done 128/200] thread=5 global_idx=140 (g=5335,e=1,s=14) state_time=1987.5s best_idx=85 sims=19065 N=145 K=145 eta=20440.1s
[start 152/200] thread=5 global_idx=151 (g=8248,e=7,s=13) elapsed=36338.0s
[done 129/200] thread=7 global_idx=112 (g=4463,e=7,s=9) state_time=10239.4s best_idx=73 sims=163510 N=103 K=103 eta=20401.5s
[start 153/200] thread=7 global_idx=152 (g=2081,e=5,s=9) elapsed=37067.6s
[done 130/200] thread=5 global_idx=151 (g=8248,e=7,s=13) state_time=1949.0s best_idx=7 sims=24620 N=59 K=59 eta=20616.1s
[start 154/200] thread=5 global_idx=153 (g=1265,e=4,s=5) elapsed=38287.0s
[done 131/200] thread=20 global_idx=145 (g=1255,e=4,s=13) state_time=3428.0s best_idx=69 sims=39599 N=91 K=91 eta=20379.1s
[start 155/200] thread=20 global_idx=154 (g=3677,e=7,s=15) elapsed=38690.7s
[done 132/200] thread=20 global_idx=154 (g=3677,e=7,s=15) state_time=19.2s best_idx=54 sims=475 N=75 K=75 eta=19941.5s
[start 156/200] thread=20 global_idx=155 (g=477,e=2,s=10) elapsed=38710.0s
[done 133/200] thread=19 global_idx=130 (g=366,e=3,s=11) state_time=8647.5s best_idx=48 sims=111786 N=119 K=119 eta=19719.1s
[start 157/200] thread=19 global_idx=156 (g=8462,e=7,s=13) elapsed=39143.9s
[done 134/200] thread=15 global_idx=128 (g=2369,e=6,s=9) state_time=8731.4s best_idx=50 sims=151492 N=79 K=79 eta=19304.9s
[start 158/200] thread=15 global_idx=157 (g=3186,e=1,s=11) elapsed=39194.8s
[done 135/200] thread=18 global_idx=108 (g=5246,e=2,s=5) state_time=14756.7s best_idx=49 sims=266803 N=75 K=75 eta=18920.6s
[start 159/200] thread=18 global_idx=158 (g=8936,e=4,s=15) elapsed=39296.5s
[done 136/200] thread=18 global_idx=158 (g=8936,e=4,s=15) state_time=35.6s best_idx=4 sims=545 N=145 K=145 eta=18509.2s
[start 160/200] thread=18 global_idx=159 (g=966,e=6,s=3) elapsed=39332.1s
[done 137/200] thread=11 global_idx=110 (g=6533,e=4,s=6) state_time=14188.8s best_idx=28 sims=241645 N=81 K=81 eta=18187.5s
[start 161/200] thread=11 global_idx=160 (g=232,e=1,s=13) elapsed=39550.6s
[done 138/200] thread=9 global_idx=134 (g=1158,e=6,s=8) state_time=9281.3s best_idx=56 sims=174953 N=65 K=65 eta=18278.3s
[start 162/200] thread=9 global_idx=161 (g=3968,e=6,s=10) elapsed=40684.0s
[done 139/200] thread=22 global_idx=117 (g=459,e=3,s=5) state_time=14067.5s best_idx=45 sims=263748 N=71 K=71 eta=18093.6s
[start 163/200] thread=22 global_idx=162 (g=2440,e=2,s=5) elapsed=41229.8s
[done 140/200] thread=11 global_idx=160 (g=232,e=1,s=13) state_time=2007.4s best_idx=1 sims=25278 N=59 K=59 eta=17810.6s
[start 164/200] thread=11 global_idx=163 (g=1624,e=6,s=15) elapsed=41558.0s
[done 141/200] thread=11 global_idx=163 (g=1624,e=6,s=15) state_time=23.0s best_idx=2 sims=491 N=91 K=91 eta=17399.2s
[start 165/200] thread=11 global_idx=164 (g=9851,e=7,s=8) elapsed=41581.1s
[done 142/200] thread=23 global_idx=105 (g=4837,e=7,s=2) state_time=17205.7s best_idx=45 sims=343193 N=49 K=49 eta=16993.3s
[start 166/200] thread=23 global_idx=165 (g=9879,e=2,s=15) elapsed=41604.2s
[done 143/200] thread=23 global_idx=165 (g=9879,e=2,s=15) state_time=28.9s best_idx=1 sims=517 N=117 K=117 eta=16595.0s
[start 167/200] thread=23 global_idx=166 (g=9832,e=1,s=9) elapsed=41633.1s
[done 144/200] thread=6 global_idx=114 (g=1123,e=4,s=3) state_time=15478.5s best_idx=16 sims=312846 N=55 K=55 eta=16480.0s
[start 168/200] thread=6 global_idx=167 (g=4221,e=2,s=14) elapsed=42377.1s
[done 145/200] thread=0 global_idx=149 (g=2788,e=5,s=13) state_time=6516.8s best_idx=77 sims=64508 N=139 K=139 eta=16128.0s
[start 169/200] thread=0 global_idx=168 (g=1999,e=2,s=5) elapsed=42519.4s
[done 146/200] thread=13 global_idx=143 (g=4526,e=5,s=9) state_time=7947.6s best_idx=6 sims=145180 N=65 K=65 eta=15742.0s
[start 170/200] thread=13 global_idx=169 (g=99,e=4,s=13) elapsed=42561.8s
[done 147/200] thread=21 global_idx=137 (g=4892,e=6,s=10) state_time=8829.8s best_idx=10 sims=131632 N=101 K=101 eta=15374.9s
[start 171/200] thread=21 global_idx=170 (g=964,e=0,s=8) elapsed=42643.7s
[done 148/200] thread=4 global_idx=126 (g=4651,e=6,s=5) state_time=14228.4s best_idx=7 sims=263608 N=71 K=71 eta=15358.7s
[start 172/200] thread=4 global_idx=171 (g=6357,e=7,s=5) elapsed=43713.2s
[done 149/200] thread=2 global_idx=123 (g=8703,e=4,s=3) state_time=14688.7s best_idx=39 sims=314196 N=49 K=49 eta=14966.0s
[start 173/200] thread=2 global_idx=172 (g=632,e=7,s=12) elapsed=43724.1s
[done 150/200] thread=19 global_idx=156 (g=8462,e=7,s=13) state_time=4832.3s best_idx=13 sims=52141 N=115 K=115 eta=14658.8s
[start 174/200] thread=19 global_idx=173 (g=3130,e=2,s=11) elapsed=43976.3s
[done 151/200] thread=13 global_idx=169 (g=99,e=4,s=13) state_time=1426.2s best_idx=48 sims=18989 N=57 K=57 eta=14274.3s
[start 175/200] thread=13 global_idx=174 (g=2941,e=4,s=13) elapsed=43988.1s
[done 152/200] thread=8 global_idx=148 (g=4159,e=5,s=11) state_time=8326.9s best_idx=48 sims=106282 N=103 K=103 eta=13905.1s
[start 176/200] thread=8 global_idx=175 (g=6374,e=0,s=11) elapsed=44032.7s
[done 153/200] thread=7 global_idx=152 (g=2081,e=5,s=9) state_time=6970.1s best_idx=44 sims=140879 N=53 K=53 eta=13527.9s
[start 177/200] thread=7 global_idx=176 (g=156,e=7,s=14) elapsed=44037.7s
[done 154/200] thread=6 global_idx=167 (g=4221,e=2,s=14) state_time=1816.7s best_idx=28 sims=17434 N=145 K=145 eta=13200.8s
[start 178/200] thread=6 global_idx=177 (g=1570,e=1,s=4) elapsed=44193.8s
[done 155/200] thread=10 global_idx=139 (g=2084,e=7,s=10) state_time=10434.9s best_idx=108 sims=142047 N=113 K=113 eta=13001.9s
[start 179/200] thread=10 global_idx=178 (g=7117,e=6,s=12) elapsed=44784.4s
[done 156/200] thread=7 global_idx=176 (g=156,e=7,s=14) state_time=1794.4s best_idx=67 sims=18199 N=145 K=145 eta=12927.0s
[start 180/200] thread=7 global_idx=179 (g=6164,e=7,s=6) elapsed=45832.0s
[done 157/200] thread=1 global_idx=144 (g=6392,e=2,s=5) state_time=11161.0s best_idx=41 sims=265810 N=75 K=75 eta=12584.4s
[start 181/200] thread=1 global_idx=180 (g=4376,e=5,s=5) elapsed=45947.7s
[done 158/200] thread=9 global_idx=161 (g=3968,e=6,s=10) state_time=5529.5s best_idx=43 sims=107829 N=49 K=49 eta=12284.6s
[start 182/200] thread=9 global_idx=181 (g=4444,e=0,s=12) elapsed=46213.4s
[done 159/200] thread=20 global_idx=155 (g=477,e=2,s=10) state_time=7811.0s best_idx=41 sims=126563 N=81 K=81 eta=11996.0s
[start 183/200] thread=20 global_idx=182 (g=5083,e=5,s=6) elapsed=46521.0s
[done 160/200] thread=15 global_idx=157 (g=3186,e=1,s=11) state_time=7730.1s best_idx=56 sims=103674 N=119 K=119 eta=11731.2s
[start 184/200] thread=15 global_idx=183 (g=894,e=4,s=13) elapsed=46924.8s
[done 161/200] thread=3 global_idx=135 (g=6520,e=1,s=5) state_time=15101.8s best_idx=62 sims=267964 N=75 K=75 eta=11436.3s
[start 185/200] thread=3 global_idx=184 (g=8445,e=1,s=11) elapsed=47211.5s
[done 162/200] thread=14 global_idx=150 (g=4360,e=7,s=4) state_time=11179.7s best_idx=6 sims=288780 N=59 K=59 eta=11094.2s
[start 186/200] thread=14 global_idx=185 (g=7871,e=7,s=15) elapsed=47296.2s
[done 163/200] thread=14 global_idx=185 (g=7871,e=7,s=15) state_time=30.5s best_idx=57 sims=551 N=151 K=151 eta=10742.9s
[start 187/200] thread=14 global_idx=186 (g=8198,e=0,s=4) elapsed=47326.6s
[done 164/200] thread=16 global_idx=146 (g=5259,e=3,s=8) state_time=12310.2s best_idx=62 sims=193668 N=97 K=97 eta=10472.8s
[start 188/200] thread=16 global_idx=187 (g=6829,e=6,s=13) elapsed=47709.5s
[done 165/200] thread=10 global_idx=178 (g=7117,e=6,s=12) state_time=3004.1s best_idx=35 sims=51581 N=49 K=49 eta=10136.9s
[start 189/200] thread=10 global_idx=188 (g=4702,e=2,s=8) elapsed=47788.5s
[done 166/200] thread=2 global_idx=172 (g=632,e=7,s=12) state_time=4128.5s best_idx=56 sims=62827 N=81 K=81 eta=9801.1s
[start 190/200] thread=2 global_idx=189 (g=4058,e=3,s=5) elapsed=47852.5s
[done 167/200] thread=17 global_idx=132 (g=9260,e=7,s=2) state_time=17165.9s best_idx=40 sims=343783 N=49 K=49 eta=9515.6s
[start 191/200] thread=17 global_idx=190 (g=7591,e=4,s=13) elapsed=48154.5s
[done 168/200] thread=12 global_idx=141 (g=5272,e=2,s=4) state_time=14418.6s best_idx=50 sims=286533 N=53 K=53 eta=9310.6s
[start 192/200] thread=12 global_idx=191 (g=1445,e=7,s=8) elapsed=48880.8s
[done 169/200] thread=16 global_idx=187 (g=6829,e=6,s=13) state_time=1502.2s best_idx=45 sims=19738 N=53 K=53 eta=9027.0s
[start 193/200] thread=16 global_idx=192 (g=5373,e=5,s=13) elapsed=49211.8s
[done 170/200] thread=13 global_idx=174 (g=2941,e=4,s=13) state_time=5826.8s best_idx=18 sims=61211 N=125 K=125 eta=8790.9s
[start 194/200] thread=13 global_idx=193 (g=5423,e=3,s=9) elapsed=49814.9s
[done 171/200] thread=9 global_idx=181 (g=4444,e=0,s=12) state_time=4395.5s best_idx=66 sims=64609 N=75 K=75 eta=8582.8s
[start 195/200] thread=9 global_idx=194 (g=1644,e=5,s=15) elapsed=50608.9s
[done 172/200] thread=19 global_idx=173 (g=3130,e=2,s=11) state_time=6666.2s best_idx=32 sims=97412 N=91 K=91 eta=8244.1s
[start 196/200] thread=19 global_idx=195 (g=6839,e=5,s=3) elapsed=50642.5s
[done 173/200] thread=9 global_idx=194 (g=1644,e=5,s=15) state_time=34.8s best_idx=25 sims=535 N=135 K=135 eta=7903.9s
[start 197/200] thread=9 global_idx=196 (g=1063,e=2,s=15) elapsed=50643.7s
[done 174/200] thread=9 global_idx=196 (g=1063,e=2,s=15) state_time=15.3s best_idx=34 sims=455 N=55 K=55 eta=7569.7s
[start 198/200] thread=9 global_idx=197 (g=3774,e=5,s=6) elapsed=50659.0s
[done 175/200] thread=15 global_idx=183 (g=894,e=4,s=13) state_time=3837.0s best_idx=88 sims=44213 N=105 K=105 eta=7251.7s
[start 199/200] thread=15 global_idx=198 (g=7844,e=2,s=5) elapsed=50761.8s
[done 176/200] thread=8 global_idx=175 (g=6374,e=0,s=11) state_time=7111.5s best_idx=38 sims=100941 N=113 K=113 eta=6974.2s
[start 200/200] thread=8 global_idx=199 (g=5770,e=5,s=13) elapsed=51144.3s
[done 177/200] thread=21 global_idx=170 (g=964,e=0,s=8) state_time=9105.7s best_idx=45 sims=173909 N=63 K=63 eta=6724.5s
[done 178/200] thread=17 global_idx=190 (g=7591,e=4,s=13) state_time=3750.7s best_idx=0 sims=43181 N=97 K=97 eta=6415.3s
[done 179/200] thread=11 global_idx=164 (g=9851,e=7,s=8) state_time=10601.4s best_idx=67 sims=180243 N=81 K=81 eta=6122.0s
[done 180/200] thread=5 global_idx=153 (g=1265,e=4,s=5) state_time=13962.4s best_idx=35 sims=264678 N=71 K=71 eta=5805.5s
[done 181/200] thread=23 global_idx=166 (g=9832,e=1,s=9) state_time=10940.3s best_idx=2 sims=162210 N=103 K=103 eta=5518.8s
[done 182/200] thread=16 global_idx=192 (g=5373,e=5,s=13) state_time=4269.1s best_idx=43 sims=47992 N=107 K=107 eta=5289.3s
[done 183/200] thread=0 global_idx=168 (g=1999,e=2,s=5) state_time=11374.9s best_idx=35 sims=252634 N=53 K=53 eta=5006.6s
[done 184/200] thread=8 global_idx=199 (g=5770,e=5,s=13) state_time=3213.6s best_idx=42 sims=37559 N=91 K=91 eta=4726.8s
[done 185/200] thread=18 global_idx=159 (g=966,e=6,s=3) state_time=15043.4s best_idx=21 sims=317392 N=55 K=55 eta=4408.8s
[done 186/200] thread=3 global_idx=184 (g=8445,e=1,s=11) state_time=7613.0s best_idx=97 sims=108825 N=103 K=103 eta=4126.6s
[done 187/200] thread=22 global_idx=162 (g=2440,e=2,s=5) state_time=13666.8s best_idx=1 sims=265488 N=71 K=71 eta=3816.3s
[done 188/200] thread=10 global_idx=188 (g=4702,e=2,s=8) state_time=7697.1s best_idx=1 sims=170272 N=49 K=49 eta=3541.6s
[done 189/200] thread=7 global_idx=179 (g=6164,e=7,s=6) state_time=10404.6s best_idx=44 sims=228914 N=49 K=49 eta=3273.0s
[done 190/200] thread=1 global_idx=180 (g=4376,e=5,s=5) state_time=10605.5s best_idx=36 sims=264843 N=75 K=75 eta=2976.5s
[done 191/200] thread=6 global_idx=177 (g=1570,e=1,s=4) state_time=12930.0s best_idx=17 sims=285896 N=49 K=49 eta=2691.7s
[done 192/200] thread=4 global_idx=171 (g=6357,e=7,s=5) state_time=13626.4s best_idx=18 sims=264949 N=75 K=75 eta=2389.2s
[done 193/200] thread=12 global_idx=191 (g=1445,e=7,s=8) state_time=8543.3s best_idx=37 sims=177022 N=65 K=65 eta=2082.7s
[done 194/200] thread=14 global_idx=186 (g=8198,e=0,s=4) state_time=10631.3s best_idx=56 sims=287121 N=59 K=59 eta=1792.5s
[done 195/200] thread=20 global_idx=182 (g=5083,e=5,s=6) state_time=12030.3s best_idx=52 sims=241773 N=81 K=81 eta=1501.3s
[done 196/200] thread=13 global_idx=193 (g=5423,e=3,s=9) state_time=8796.8s best_idx=59 sims=162805 N=103 K=103 eta=1196.2s
[done 197/200] thread=2 global_idx=189 (g=4058,e=3,s=5) state_time=11653.5s best_idx=53 sims=264041 N=71 K=71 eta=906.2s
[done 198/200] thread=9 global_idx=197 (g=3774,e=5,s=6) state_time=9480.0s best_idx=3 sims=234075 N=65 K=65 eta=607.5s
[done 199/200] thread=15 global_idx=198 (g=7844,e=2,s=5) state_time=10850.2s best_idx=36 sims=263914 N=71 K=71 eta=309.6s
[done 200/200] thread=19 global_idx=195 (g=6839,e=5,s=3) state_time=11564.9s best_idx=27 sims=314861 N=55 K=55 eta=0.0s

=== Arm done: 200 states in 62207.4s ===
  [csv] wrote 200 records to reinvest_experiment/sweepN/P400/A1N/seed_45/reinvest_results_idx0.csv

=== Summary (A1N) ===
  valid cases        = 200 / 200
  avg actual_sims    = 122166  (min=443, max=345253)
  avg time           = 6726.01s
