Running Reinvestment arm...

=== Reinvestment Arm: A1 (AllGrid, depth 3) ===
  method             = AllGrid
  depth              = 3
  playouts (P)       = 200
  rollouts/visit (R) = 10
  retention_rate     = 0.2
  ucb_c              = 1.41
  epsilon            = 0.3
  risk_lambda        = 0  (ClusterValue 系以外では無効)
  n_states           = 200
  num_threads        = 12
  seed               = 43
  start_index        = 50
  max_positions      = 150
  load_positions_dir = test_positions200
  output_dir         = reinvest_experiment/run200/A1/seed_43
  [loader] 1 batch files in test_positions200
  [loader] loaded 200 positions
  Sampled 200 / 200 positions (seed=43)
  Sliced to [50, 200) = 150 positions
Finding Shot...
Finding Shot...
Finding Shot...
Finding Shot...
Finding Shot...
Finding Shot...
Finding Shot...
Finding Shot...
Finding Shot...
Finding Shot...
Finding Shot...
Finding Shot...
Finding Shot...
Finding Shot...
Finding Shot...
Finding Shot...
Finding Shot...
Finding Shot...
Finding Shot...
Finding Shot...
Finding Shot...
Finding Shot...
Finding Shot...
Finding Shot...
Finding Shot...
Finding Shot...
Finding Shot...
Finding Shot...
Finding Shot...
Finding Shot...
Finding Shot...
Finding Shot...
Finding Shot...
Finding Shot...
Finding Shot...
Finding Shot...
Finding Shot...
Finding Shot...
Finding Shot...
Finding Shot...
Finding Shot...
Finding Shot...
Finding Shot...
Finding Shot...
Finding Shot...
Finding Shot...
Finding Shot...
Finding Shot...
Finding Shot...
Finding Shot...
Finding Shot...
Finding Shot...
Finding Shot...
Finding Shot...
Finding Shot...
Finding Shot...
Finding Shot...
Finding Shot...
Finding Shot...
Finding Shot...
Finding Shot...
Finding Shot...
Finding Shot...
Finding Shot...
Finding Shot...
Finding Shot...
Finding Shot...
Finding Shot...
Finding Shot...
Finding Shot...
Finding Shot...
Finding Shot...
Finding Shot...
Finding Shot...
Finding Shot...
Finding Shot...
Finding Shot...
Finding Shot...
Finding Shot...
Finding Shot...
Finding Shot...
Finding Shot...
Finding Shot...
Finding Shot...
Finding Shot...
Finding Shot...
Finding Shot...
Finding Shot...
Finding Shot...
Finding Shot...
Finding Shot...
Finding Shot...
Finding Shot...
Finding Shot...
Finding Shot...
Finding Shot...
Finding Shot...
Finding Shot...
Finding Shot...
Finding Shot...
Finding Shot...
Finding Shot...
Finding Shot...
Finding Shot...
Finding Shot...
Finding Shot...
Finding Shot...
Finding Shot...
Finding Shot...
Finding Shot...
Finding Shot...
Finding Shot...
Finding Shot...
Finding Shot...
Finding Shot...
Finding Shot...
Finding Shot...
Finding Shot...
Finding Shot...
Finding Shot...
Finding Shot...
Finding Shot...
Finding Shot...
Finding Shot...
Finding Shot...
Finding Shot...
Finding Shot...
Finding Shot...
Finding Shot...
Finding Shot...
Finding Shot...
Finding Shot...
Finding Shot...
Finding Shot...
Finding Shot...
Finding Shot...
Finding Shot...
Finding Shot...
Finding Shot...
Finding Shot...
Finding Shot...
Finding Shot...
Finding Shot...
Finding Shot...
Finding Shot...
Finding Shot...
Finding Shot...
Finding Shot...
Finding Shot...
Finding Shot...
Finding Shot...
Finding Shot...
Finding Shot...
Finding Shot...
Finding Shot...
Finding Shot...
Finding Shot...
Finding Shot...
Finding Shot...
Finding Shot...
Finding Shot...
Finding Shot...
Finding Shot...
Finding Shot...
Finding Shot...
Finding Shot...
Finding Shot...
Finding Shot...
Finding Shot...
Finding Shot...
Finding Shot...
Finding Shot...
Finding Shot...
Finding Shot...
Finding Shot...
Finding Shot...
Finding Shot...
Finding Shot...
Finding Shot...
Finding Shot...
Finding Shot...
Finding Shot...
Finding Shot...
Finding Shot...
Finding Shot...
Finding Shot...
Finding Shot...
Finding Shot...
Finding Shot...
Finding Shot...
Finding Shot...
Finding Shot...
[start 1/150] thread=1 global_idx=50 (g=5392,e=3,s=13) elapsed=1.1s
[start 2/150] thread=4 global_idx=51 (g=4262,e=4,s=2) elapsed=1.1s
[start 3/150] thread=7 global_idx=52 (g=6230,e=1,s=12) elapsed=1.1s
[start 4/150] thread=11 global_idx=53 (g=3543,e=4,s=7) elapsed=1.1s
[start 5/150] thread=10 global_idx=54 (g=1784,e=6,s=5) elapsed=1.1s
[start 6/150] thread=6 global_idx=55 (g=4905,e=4,s=14) elapsed=1.1s
[start 7/150] thread=5 global_idx=56 (g=3837,e=2,s=10) elapsed=1.1s
[start 8/150] thread=8 global_idx=57 (g=2854,e=0,s=15) elapsed=1.1s
[start 9/150] thread=2 global_idx=58 (g=1221,e=1,s=10) elapsed=1.1s
[start 10/150] thread=3 global_idx=59 (g=7301,e=6,s=14) elapsed=1.1s
[start 11/150] thread=9 global_idx=60 (g=5248,e=0,s=3) elapsed=1.1s
[start 12/150] thread=0 global_idx=61 (g=2545,e=3,s=15) elapsed=1.1s
[done 1/150] thread=0 global_idx=61 (g=2545,e=3,s=15) state_time=3.5s best_idx=0 sims=61 N=61 K=61 eta=691.4s
[start 13/150] thread=0 global_idx=62 (g=6335,e=1,s=11) elapsed=4.6s
[done 2/150] thread=8 global_idx=57 (g=2854,e=0,s=15) state_time=6.9s best_idx=57 sims=103 N=103 K=103 eta=593.9s
[start 14/150] thread=8 global_idx=63 (g=8275,e=4,s=5) elapsed=8.0s
[done 3/150] thread=6 global_idx=55 (g=4905,e=4,s=14) state_time=518.0s best_idx=11 sims=8047 N=101 K=101 eta=25437.7s
[start 15/150] thread=6 global_idx=64 (g=963,e=5,s=13) elapsed=519.1s
[done 4/150] thread=7 global_idx=52 (g=6230,e=1,s=12) state_time=1099.9s best_idx=39 sims=25202 N=49 K=49 eta=40186.7s
[start 16/150] thread=7 global_idx=65 (g=176,e=5,s=11) elapsed=1101.0s
[done 5/150] thread=3 global_idx=59 (g=7301,e=6,s=14) state_time=1313.0s best_idx=0 sims=17090 N=145 K=145 eta=38108.7s
[start 17/150] thread=3 global_idx=66 (g=2199,e=1,s=13) elapsed=1314.1s
[done 6/150] thread=0 global_idx=62 (g=6335,e=1,s=11) state_time=1477.7s best_idx=42 sims=37270 N=53 K=53 eta=35575.9s
[start 18/150] thread=0 global_idx=67 (g=8298,e=3,s=11) elapsed=1482.3s
[done 7/150] thread=6 global_idx=64 (g=963,e=5,s=13) state_time=1430.4s best_idx=45 sims=22126 N=89 K=89 eta=39825.4s
[start 19/150] thread=6 global_idx=68 (g=6729,e=2,s=14) elapsed=1949.5s
[done 8/150] thread=1 global_idx=50 (g=5392,e=3,s=13) state_time=2701.8s best_idx=86 sims=36485 N=135 K=135 eta=47977.0s
[start 20/150] thread=1 global_idx=69 (g=8119,e=5,s=4) elapsed=2702.9s
[done 9/150] thread=5 global_idx=56 (g=3837,e=2,s=10) state_time=2793.8s best_idx=42 sims=61207 N=71 K=71 eta=43787.9s
[start 21/150] thread=5 global_idx=70 (g=8189,e=0,s=14) elapsed=2795.0s
[done 10/150] thread=5 global_idx=70 (g=8189,e=0,s=14) state_time=189.9s best_idx=34 sims=3138 N=55 K=55 eta=41788.6s
[start 22/150] thread=5 global_idx=71 (g=9791,e=0,s=8) elapsed=2984.9s
[done 11/150] thread=6 global_idx=68 (g=6729,e=2,s=14) state_time=1122.2s best_idx=0 sims=14943 N=135 K=135 eta=38814.8s
[start 23/150] thread=6 global_idx=72 (g=5487,e=5,s=5) elapsed=3071.7s
[done 12/150] thread=3 global_idx=66 (g=2199,e=1,s=13) state_time=2163.4s best_idx=75 sims=30562 N=119 K=119 eta=39991.6s
[start 24/150] thread=3 global_idx=73 (g=4950,e=0,s=15) elapsed=3477.5s
[done 13/150] thread=3 global_idx=73 (g=4950,e=0,s=15) state_time=4.3s best_idx=35 sims=71 N=71 K=71 eta=36692.8s
[start 25/150] thread=3 global_idx=74 (g=9143,e=3,s=7) elapsed=3481.8s
[done 14/150] thread=11 global_idx=53 (g=3543,e=4,s=7) state_time=3647.6s best_idx=16 sims=97269 N=55 K=55 eta=35444.9s
[start 26/150] thread=11 global_idx=75 (g=4517,e=4,s=13) elapsed=3648.7s
[done 15/150] thread=2 global_idx=58 (g=1221,e=1,s=10) state_time=3955.3s best_idx=65 sims=73487 N=113 K=113 eta=35607.8s
[start 27/150] thread=2 global_idx=76 (g=2994,e=5,s=10) elapsed=3956.4s
[done 16/150] thread=7 global_idx=65 (g=176,e=5,s=11) state_time=2892.3s best_idx=43 sims=54706 N=97 K=97 eta=33443.8s
[start 28/150] thread=7 global_idx=77 (g=961,e=6,s=13) elapsed=3993.3s
[done 17/150] thread=0 global_idx=67 (g=8298,e=3,s=11) state_time=3490.0s best_idx=67 sims=60627 N=119 K=119 eta=38901.1s
[start 29/150] thread=0 global_idx=78 (g=1566,e=1,s=3) elapsed=4972.3s
[done 18/150] thread=8 global_idx=63 (g=8275,e=4,s=5) state_time=5341.0s best_idx=25 sims=132248 N=71 K=71 eta=39225.9s
[start 30/150] thread=8 global_idx=79 (g=1686,e=6,s=15) elapsed=5349.0s
[done 19/150] thread=8 global_idx=79 (g=1686,e=6,s=15) state_time=2.8s best_idx=0 sims=49 N=49 K=49 eta=36899.2s
[start 31/150] thread=8 global_idx=80 (g=1201,e=0,s=6) elapsed=5351.8s
[done 20/150] thread=10 global_idx=54 (g=1784,e=6,s=5) state_time=5370.2s best_idx=11 sims=132875 N=71 K=71 eta=34913.5s
[start 32/150] thread=10 global_idx=81 (g=5494,e=4,s=5) elapsed=5371.3s
[done 21/150] thread=9 global_idx=60 (g=5248,e=0,s=3) state_time=5901.7s best_idx=40 sims=158380 N=49 K=49 eta=36260.3s
[start 33/150] thread=9 global_idx=82 (g=2492,e=4,s=15) elapsed=5902.8s
[done 22/150] thread=9 global_idx=82 (g=2492,e=4,s=15) state_time=4.6s best_idx=2 sims=75 N=75 K=75 eta=34370.7s
[start 34/150] thread=9 global_idx=83 (g=8959,e=1,s=11) elapsed=5907.5s
[done 23/150] thread=11 global_idx=75 (g=4517,e=4,s=13) state_time=2455.3s best_idx=65 sims=33678 N=123 K=123 eta=33705.0s
[start 35/150] thread=11 global_idx=84 (g=1671,e=0,s=15) elapsed=6104.1s
[done 24/150] thread=11 global_idx=84 (g=1671,e=0,s=15) state_time=8.2s best_idx=76 sims=117 N=117 K=117 eta=32089.1s
[start 36/150] thread=11 global_idx=85 (g=1385,e=7,s=11) elapsed=6112.2s
[done 25/150] thread=5 global_idx=71 (g=9791,e=0,s=8) state_time=3430.2s best_idx=34 sims=86724 N=55 K=55 eta=32075.7s
[start 37/150] thread=5 global_idx=86 (g=6872,e=1,s=14) elapsed=6415.1s
[done 26/150] thread=4 global_idx=51 (g=4262,e=4,s=2) state_time=6482.7s best_idx=39 sims=172255 N=49 K=49 eta=30922.7s
[start 38/150] thread=4 global_idx=87 (g=8785,e=1,s=4) elapsed=6483.8s
[done 27/150] thread=7 global_idx=77 (g=961,e=6,s=13) state_time=2809.4s best_idx=11 sims=39206 N=139 K=139 eta=30989.9s
[start 39/150] thread=7 global_idx=88 (g=1835,e=0,s=15) elapsed=6802.7s
[done 28/150] thread=7 global_idx=88 (g=1835,e=0,s=15) state_time=4.3s best_idx=55 sims=69 N=69 K=69 eta=29658.7s
[start 40/150] thread=7 global_idx=89 (g=6216,e=7,s=8) elapsed=6806.9s
[done 29/150] thread=5 global_idx=86 (g=6872,e=1,s=14) state_time=1213.9s best_idx=84 sims=15713 N=135 K=135 eta=31831.3s
[start 41/150] thread=5 global_idx=90 (g=8471,e=6,s=5) elapsed=7629.0s
[done 30/150] thread=2 global_idx=76 (g=2994,e=5,s=10) state_time=3879.4s best_idx=0 sims=73269 N=113 K=113 eta=31343.4s
[start 42/150] thread=2 global_idx=91 (g=256,e=3,s=12) elapsed=7835.9s
[done 31/150] thread=3 global_idx=74 (g=9143,e=3,s=7) state_time=4481.2s best_idx=0 sims=106257 N=81 K=81 eta=30567.7s
[start 43/150] thread=3 global_idx=92 (g=5778,e=2,s=9) elapsed=7963.0s
[done 32/150] thread=6 global_idx=72 (g=5487,e=5,s=5) state_time=5412.4s best_idx=2 sims=132137 N=71 K=71 eta=31284.9s
[start 44/150] thread=6 global_idx=93 (g=6320,e=4,s=15) elapsed=8484.1s
[done 33/150] thread=6 global_idx=93 (g=6320,e=4,s=15) state_time=6.7s best_idx=64 sims=103 N=103 K=103 eta=30103.6s
[start 45/150] thread=6 global_idx=94 (g=1638,e=4,s=11) elapsed=8490.8s
[done 34/150] thread=1 global_idx=69 (g=8119,e=5,s=4) state_time=5864.1s best_idx=50 sims=147773 N=65 K=65 eta=29228.7s
[start 46/150] thread=1 global_idx=95 (g=2310,e=6,s=15) elapsed=8567.0s
[done 35/150] thread=1 global_idx=95 (g=2310,e=6,s=15) state_time=9.4s best_idx=55 sims=135 N=135 K=135 eta=28179.6s
[start 47/150] thread=1 global_idx=96 (g=7921,e=5,s=4) elapsed=8576.4s
[done 36/150] thread=9 global_idx=83 (g=8959,e=1,s=11) state_time=2741.5s best_idx=48 sims=52531 N=97 K=97 eta=27388.5s
[start 48/150] thread=9 global_idx=97 (g=1361,e=1,s=12) elapsed=8649.0s
[done 37/150] thread=11 global_idx=85 (g=1385,e=7,s=11) state_time=2790.0s best_idx=79 sims=54031 N=103 K=103 eta=27187.7s
[start 49/150] thread=11 global_idx=98 (g=5041,e=1,s=8) elapsed=8902.2s
[done 38/150] thread=2 global_idx=91 (g=256,e=3,s=12) state_time=1937.0s best_idx=59 sims=35830 N=77 K=77 eta=28804.3s
[start 50/150] thread=2 global_idx=99 (g=5033,e=7,s=5) elapsed=9772.9s
[done 39/150] thread=9 global_idx=97 (g=1361,e=1,s=12) state_time=1158.2s best_idx=46 sims=25426 N=59 K=59 eta=27912.9s
[start 51/150] thread=9 global_idx=100 (g=5022,e=1,s=15) elapsed=9807.2s
[done 40/150] thread=8 global_idx=80 (g=1201,e=0,s=6) state_time=4457.8s best_idx=7 sims=116473 N=53 K=53 eta=26976.4s
[start 52/150] thread=8 global_idx=101 (g=9907,e=7,s=9) elapsed=9809.6s
[done 41/150] thread=9 global_idx=100 (g=5022,e=1,s=15) state_time=6.0s best_idx=7 sims=89 N=89 K=89 eta=26088.7s
[start 53/150] thread=9 global_idx=102 (g=8627,e=2,s=12) elapsed=9813.2s
[done 42/150] thread=7 global_idx=89 (g=6216,e=7,s=8) state_time=3405.3s best_idx=14 sims=87319 N=55 K=55 eta=26260.1s
[start 54/150] thread=7 global_idx=103 (g=1641,e=6,s=10) elapsed=10212.3s
[done 43/150] thread=10 global_idx=81 (g=5494,e=4,s=5) state_time=5591.3s best_idx=32 sims=134852 N=75 K=75 eta=27278.9s
[start 55/150] thread=10 global_idx=104 (g=7249,e=2,s=15) elapsed=10962.6s
[done 44/150] thread=10 global_idx=104 (g=7249,e=2,s=15) state_time=10.0s best_idx=0 sims=139 N=139 K=139 eta=26433.9s
[start 56/150] thread=10 global_idx=105 (g=4837,e=7,s=2) elapsed=10972.5s
[done 45/150] thread=0 global_idx=78 (g=1566,e=1,s=3) state_time=6279.9s best_idx=46 sims=160073 N=59 K=59 eta=26255.2s
[start 57/150] thread=0 global_idx=106 (g=1039,e=2,s=15) elapsed=11252.2s
[done 46/150] thread=0 global_idx=106 (g=1039,e=2,s=15) state_time=2.5s best_idx=3 sims=43 N=43 K=43 eta=25445.4s
[start 58/150] thread=0 global_idx=107 (g=7846,e=3,s=10) elapsed=11254.7s
[done 47/150] thread=6 global_idx=94 (g=1638,e=4,s=11) state_time=2809.9s best_idx=46 sims=54121 N=103 K=103 eta=24765.2s
[start 59/150] thread=6 global_idx=108 (g=5246,e=2,s=5) elapsed=11300.6s
[done 48/150] thread=3 global_idx=92 (g=5778,e=2,s=9) state_time=3840.2s best_idx=42 sims=81989 N=97 K=97 eta=25081.8s
[start 60/150] thread=3 global_idx=109 (g=4166,e=2,s=12) elapsed=11803.2s
[done 49/150] thread=4 global_idx=87 (g=8785,e=1,s=4) state_time=5345.4s best_idx=38 sims=142822 N=49 K=49 eta=24382.7s
[start 61/150] thread=4 global_idx=110 (g=6533,e=4,s=6) elapsed=11829.2s
[done 50/150] thread=9 global_idx=102 (g=8627,e=2,s=12) state_time=2307.2s best_idx=88 sims=39265 N=103 K=103 eta=24240.8s
[start 62/150] thread=9 global_idx=111 (g=5721,e=0,s=12) elapsed=12120.4s
[done 51/150] thread=11 global_idx=98 (g=5041,e=1,s=8) state_time=3490.8s best_idx=52 sims=86702 N=55 K=55 eta=24057.0s
[start 63/150] thread=11 global_idx=112 (g=4463,e=7,s=9) elapsed=12393.0s
[done 52/150] thread=8 global_idx=101 (g=9907,e=7,s=9) state_time=2796.9s best_idx=45 sims=69984 N=65 K=65 eta=23758.4s
[start 64/150] thread=8 global_idx=113 (g=5606,e=2,s=14) elapsed=12606.5s
[done 53/150] thread=5 global_idx=90 (g=8471,e=6,s=5) state_time=5597.5s best_idx=71 sims=135974 N=75 K=75 eta=24207.1s
[start 65/150] thread=5 global_idx=114 (g=1123,e=4,s=3) elapsed=13226.5s
[done 54/150] thread=3 global_idx=109 (g=4166,e=2,s=12) state_time=1738.9s best_idx=7 sims=33744 N=75 K=75 eta=24074.9s
[start 66/150] thread=3 global_idx=115 (g=8113,e=3,s=15) elapsed=13542.1s
[done 55/150] thread=3 global_idx=115 (g=8113,e=3,s=15) state_time=4.3s best_idx=0 sims=69 N=69 K=69 eta=23398.5s
[start 67/150] thread=3 global_idx=116 (g=716,e=6,s=7) elapsed=13546.5s
[done 56/150] thread=8 global_idx=113 (g=5606,e=2,s=14) state_time=1158.6s best_idx=76 sims=15764 N=139 K=139 eta=23105.8s
[start 68/150] thread=8 global_idx=117 (g=459,e=3,s=5) elapsed=13765.1s
[done 57/150] thread=0 global_idx=107 (g=7846,e=3,s=10) state_time=2545.0s best_idx=46 sims=59505 N=65 K=65 eta=22515.2s
[start 69/150] thread=0 global_idx=118 (g=9287,e=7,s=12) elapsed=13799.6s
[done 58/150] thread=1 global_idx=96 (g=7921,e=5,s=4) state_time=5437.8s best_idx=1 sims=143339 N=49 K=49 eta=22229.4s
[start 70/150] thread=1 global_idx=119 (g=5647,e=1,s=10) elapsed=14014.2s
[done 59/150] thread=7 global_idx=103 (g=1641,e=6,s=10) state_time=4201.5s best_idx=81 sims=75213 N=113 K=113 eta=22231.4s
[start 71/150] thread=7 global_idx=120 (g=4562,e=4,s=13) elapsed=14413.8s
[done 60/150] thread=9 global_idx=111 (g=5721,e=0,s=12) state_time=3007.3s best_idx=41 sims=48749 N=123 K=123 eta=22691.5s
[start 72/150] thread=9 global_idx=121 (g=6201,e=5,s=11) elapsed=15127.7s
[done 61/150] thread=2 global_idx=99 (g=5033,e=7,s=5) state_time=5434.8s best_idx=22 sims=133440 N=71 K=71 eta=22188.2s
[start 73/150] thread=2 global_idx=122 (g=9166,e=3,s=14) elapsed=15207.6s
[done 62/150] thread=0 global_idx=118 (g=9287,e=7,s=12) state_time=1501.6s best_idx=3 sims=30696 N=65 K=65 eta=21717.9s
[start 74/150] thread=0 global_idx=123 (g=8703,e=4,s=3) elapsed=15301.2s
[done 63/150] thread=2 global_idx=122 (g=9166,e=3,s=14) state_time=1103.9s best_idx=54 sims=14423 N=139 K=139 eta=22525.4s
[start 75/150] thread=2 global_idx=124 (g=1616,e=0,s=14) elapsed=16311.5s
[done 64/150] thread=11 global_idx=112 (g=4463,e=7,s=9) state_time=4039.4s best_idx=73 sims=84004 N=103 K=103 eta=22081.0s
[start 76/150] thread=11 global_idx=125 (g=5809,e=3,s=9) elapsed=16432.4s
[done 65/150] thread=2 global_idx=124 (g=1616,e=0,s=14) state_time=222.2s best_idx=33 sims=3669 N=69 K=69 eta=21621.0s
[start 77/150] thread=2 global_idx=126 (g=4651,e=6,s=5) elapsed=16533.7s
[done 66/150] thread=7 global_idx=120 (g=4562,e=4,s=13) state_time=2450.1s best_idx=10 sims=33731 N=129 K=129 eta=21463.2s
[start 78/150] thread=7 global_idx=127 (g=8894,e=2,s=15) elapsed=16863.9s
[done 67/150] thread=7 global_idx=127 (g=8894,e=2,s=15) state_time=5.0s best_idx=2 sims=79 N=79 K=79 eta=20897.4s
[start 79/150] thread=7 global_idx=128 (g=2369,e=6,s=9) elapsed=16868.9s
[done 68/150] thread=6 global_idx=108 (g=5246,e=2,s=5) state_time=5608.2s best_idx=42 sims=134645 N=75 K=75 eta=20390.1s
[start 80/150] thread=6 global_idx=129 (g=1083,e=7,s=15) elapsed=16908.8s
[done 69/150] thread=6 global_idx=129 (g=1083,e=7,s=15) state_time=6.9s best_idx=0 sims=103 N=103 K=103 eta=19857.6s
[start 81/150] thread=6 global_idx=130 (g=366,e=3,s=11) elapsed=16915.7s
[done 70/150] thread=1 global_idx=119 (g=5647,e=1,s=10) state_time=3153.2s best_idx=6 sims=66383 N=91 K=91 eta=19619.9s
[start 82/150] thread=1 global_idx=131 (g=6354,e=2,s=15) elapsed=17167.4s
[done 71/150] thread=1 global_idx=131 (g=6354,e=2,s=15) state_time=11.1s best_idx=4 sims=151 N=151 K=151 eta=19114.0s
[start 83/150] thread=1 global_idx=132 (g=9260,e=7,s=2) elapsed=17178.4s
[done 72/150] thread=4 global_idx=110 (g=6533,e=4,s=6) state_time=5427.5s best_idx=11 sims=122786 N=81 K=81 eta=18694.8s
[start 84/150] thread=4 global_idx=133 (g=6267,e=4,s=12) elapsed=17256.7s
[done 73/150] thread=3 global_idx=116 (g=716,e=6,s=7) state_time=3740.2s best_idx=21 sims=98672 N=55 K=55 eta=18233.9s
[start 85/150] thread=3 global_idx=134 (g=1158,e=6,s=8) elapsed=17286.7s
[done 74/150] thread=10 global_idx=105 (g=4837,e=7,s=2) state_time=6506.5s best_idx=45 sims=172837 N=49 K=49 eta=17951.5s
[start 86/150] thread=10 global_idx=135 (g=6520,e=1,s=5) elapsed=17479.1s
[done 75/150] thread=9 global_idx=121 (g=6201,e=5,s=11) state_time=3115.0s best_idx=11 sims=56586 N=107 K=107 eta=18242.7s
[start 87/150] thread=9 global_idx=136 (g=2099,e=0,s=14) elapsed=18242.7s
[done 76/150] thread=4 global_idx=133 (g=6267,e=4,s=12) state_time=1399.7s best_idx=3 sims=29514 N=55 K=55 eta=18165.4s
[start 88/150] thread=4 global_idx=137 (g=4892,e=6,s=10) elapsed=18656.4s
[done 77/150] thread=9 global_idx=136 (g=2099,e=0,s=14) state_time=446.3s best_idx=1 sims=6990 N=91 K=91 eta=17718.1s
[start 89/150] thread=9 global_idx=138 (g=7859,e=3,s=14) elapsed=18689.0s
[done 78/150] thread=11 global_idx=125 (g=5809,e=3,s=9) state_time=2540.9s best_idx=44 sims=67061 N=53 K=53 eta=17513.8s
[start 90/150] thread=11 global_idx=139 (g=2084,e=7,s=10) elapsed=18973.2s
[done 79/150] thread=8 global_idx=117 (g=459,e=3,s=5) state_time=5304.3s best_idx=54 sims=132447 N=71 K=71 eta=17138.4s
[start 91/150] thread=8 global_idx=140 (g=5335,e=1,s=14) elapsed=19069.5s
[done 80/150] thread=5 global_idx=114 (g=1123,e=4,s=3) state_time=5877.1s best_idx=35 sims=157795 N=55 K=55 eta=16715.7s
[start 92/150] thread=5 global_idx=141 (g=5272,e=2,s=4) elapsed=19103.7s
[done 81/150] thread=9 global_idx=138 (g=7859,e=3,s=14) state_time=1006.0s best_idx=86 sims=13774 N=129 K=129 eta=16777.2s
[start 93/150] thread=9 global_idx=142 (g=5472,e=3,s=13) elapsed=19695.0s
[done 82/150] thread=7 global_idx=128 (g=2369,e=6,s=9) state_time=3379.0s best_idx=72 sims=76711 N=79 K=79 eta=16791.0s
[start 94/150] thread=7 global_idx=143 (g=4526,e=5,s=9) elapsed=20247.9s
[done 83/150] thread=6 global_idx=130 (g=366,e=3,s=11) state_time=3477.9s best_idx=45 sims=60397 N=119 K=119 eta=16462.3s
[start 95/150] thread=6 global_idx=144 (g=6392,e=2,s=5) elapsed=20393.6s
[done 84/150] thread=8 global_idx=140 (g=5335,e=1,s=14) state_time=1417.6s best_idx=87 sims=18265 N=145 K=145 eta=16097.0s
[start 96/150] thread=8 global_idx=145 (g=1255,e=4,s=13) elapsed=20487.0s
[done 85/150] thread=9 global_idx=142 (g=5472,e=3,s=13) state_time=867.7s best_idx=54 sims=13896 N=69 K=69 eta=15724.4s
[start 97/150] thread=9 global_idx=146 (g=5259,e=3,s=8) elapsed=20562.7s
[done 86/150] thread=3 global_idx=134 (g=1158,e=6,s=8) state_time=3559.0s best_idx=57 sims=88443 N=65 K=65 eta=15513.1s
[start 98/150] thread=3 global_idx=147 (g=7905,e=3,s=15) elapsed=20845.7s
[done 87/150] thread=3 global_idx=147 (g=7905,e=3,s=15) state_time=6.7s best_idx=56 sims=103 N=103 K=103 eta=15100.1s
[start 99/150] thread=3 global_idx=148 (g=4159,e=5,s=11) elapsed=20852.5s
[done 88/150] thread=0 global_idx=123 (g=8703,e=4,s=3) state_time=5768.3s best_idx=39 sims=156470 N=49 K=49 eta=14844.5s
[start 100/150] thread=0 global_idx=149 (g=2788,e=5,s=13) elapsed=21069.6s
[done 89/150] thread=2 global_idx=126 (g=4651,e=6,s=5) state_time=5422.7s best_idx=51 sims=133788 N=71 K=71 eta=15048.8s
[start 101/150] thread=2 global_idx=150 (g=4360,e=7,s=4) elapsed=21956.5s
[done 90/150] thread=8 global_idx=145 (g=1255,e=4,s=13) state_time=1497.4s best_idx=64 sims=22396 N=91 K=91 eta=14656.3s
[start 102/150] thread=8 global_idx=151 (g=8248,e=7,s=13) elapsed=21984.4s
[done 91/150] thread=4 global_idx=137 (g=4892,e=6,s=10) state_time=3407.1s best_idx=74 sims=67420 N=101 K=101 eta=14304.9s
[start 103/150] thread=4 global_idx=152 (g=2081,e=5,s=9) elapsed=22063.4s
[done 92/150] thread=8 global_idx=151 (g=8248,e=7,s=13) state_time=787.9s best_idx=0 sims=12843 N=59 K=59 eta=14356.4s
[start 104/150] thread=8 global_idx=153 (g=1265,e=4,s=5) elapsed=22772.3s
[done 93/150] thread=11 global_idx=139 (g=2084,e=7,s=10) state_time=4104.4s best_idx=45 sims=74747 N=113 K=113 eta=14144.3s
[start 105/150] thread=11 global_idx=154 (g=3677,e=7,s=15) elapsed=23077.6s
[done 94/150] thread=11 global_idx=154 (g=3677,e=7,s=15) state_time=4.6s best_idx=3 sims=75 N=75 K=75 eta=13751.1s
[start 106/150] thread=11 global_idx=155 (g=477,e=2,s=10) elapsed=23082.2s
[done 95/150] thread=10 global_idx=135 (g=6520,e=1,s=5) state_time=5610.0s best_idx=18 sims=134460 N=75 K=75 eta=13367.4s
[start 107/150] thread=10 global_idx=156 (g=8462,e=7,s=13) elapsed=23089.1s
[done 96/150] thread=7 global_idx=143 (g=4526,e=5,s=9) state_time=3073.7s best_idx=1 sims=73478 N=65 K=65 eta=13118.4s
[start 108/150] thread=7 global_idx=157 (g=3186,e=1,s=11) elapsed=23321.7s
[done 97/150] thread=1 global_idx=132 (g=9260,e=7,s=2) state_time=6464.3s best_idx=43 sims=172326 N=49 K=49 eta=12918.2s
[start 109/150] thread=1 global_idx=158 (g=8936,e=4,s=15) elapsed=23642.7s
[done 98/150] thread=1 global_idx=158 (g=8936,e=4,s=15) state_time=10.6s best_idx=1 sims=145 N=145 K=145 eta=12550.7s
[start 110/150] thread=1 global_idx=159 (g=966,e=6,s=3) elapsed=23653.3s
[done 99/150] thread=0 global_idx=149 (g=2788,e=5,s=13) state_time=2834.0s best_idx=55 sims=37711 N=139 K=139 eta=12314.0s
[start 111/150] thread=0 global_idx=160 (g=232,e=1,s=13) elapsed=23903.6s
[done 100/150] thread=3 global_idx=148 (g=4159,e=5,s=11) state_time=3184.1s best_idx=3 sims=55872 N=103 K=103 eta=12018.3s
[start 112/150] thread=3 global_idx=161 (g=3968,e=6,s=10) elapsed=24036.5s
[done 101/150] thread=5 global_idx=141 (g=5272,e=2,s=4) state_time=5487.2s best_idx=44 sims=143406 N=53 K=53 eta=11930.2s
[start 113/150] thread=5 global_idx=162 (g=2440,e=2,s=5) elapsed=24590.9s
[done 102/150] thread=0 global_idx=160 (g=232,e=1,s=13) state_time=840.9s best_idx=7 sims=13630 N=59 K=59 eta=11644.5s
[start 114/150] thread=0 global_idx=163 (g=1624,e=6,s=15) elapsed=24744.5s
[done 103/150] thread=0 global_idx=163 (g=1624,e=6,s=15) state_time=5.9s best_idx=2 sims=91 N=91 K=91 eta=11293.9s
[start 115/150] thread=0 global_idx=164 (g=9851,e=7,s=8) elapsed=24750.4s
[done 104/150] thread=4 global_idx=152 (g=2081,e=5,s=9) state_time=2790.8s best_idx=46 sims=71554 N=53 K=53 eta=10993.2s
[start 116/150] thread=4 global_idx=165 (g=9879,e=2,s=15) elapsed=24854.3s
[done 105/150] thread=4 global_idx=165 (g=9879,e=2,s=15) state_time=8.2s best_idx=0 sims=117 N=117 K=117 eta=10655.3s
[start 117/150] thread=4 global_idx=166 (g=9832,e=1,s=9) elapsed=24862.4s
[done 106/150] thread=10 global_idx=156 (g=8462,e=7,s=13) state_time=2092.2s best_idx=11 sims=29832 N=115 K=115 eta=10452.6s
[start 118/150] thread=10 global_idx=167 (g=4221,e=2,s=14) elapsed=25181.3s
[done 107/150] thread=9 global_idx=146 (g=5259,e=3,s=8) state_time=4743.4s best_idx=6 sims=100078 N=97 K=97 eta=10169.7s
[start 119/150] thread=9 global_idx=168 (g=1999,e=2,s=5) elapsed=25306.0s
[done 108/150] thread=6 global_idx=144 (g=6392,e=2,s=5) state_time=5588.5s best_idx=44 sims=134146 N=75 K=75 eta=10104.2s
[start 120/150] thread=6 global_idx=169 (g=99,e=4,s=13) elapsed=25982.1s
[done 109/150] thread=3 global_idx=161 (g=3968,e=6,s=10) state_time=2005.5s best_idx=37 sims=52059 N=49 K=49 eta=9795.6s
[start 121/150] thread=3 global_idx=170 (g=964,e=0,s=8) elapsed=26042.0s
[done 110/150] thread=11 global_idx=155 (g=477,e=2,s=10) state_time=3053.6s best_idx=2 sims=64667 N=81 K=81 eta=9503.9s
[start 122/150] thread=11 global_idx=171 (g=6357,e=7,s=5) elapsed=26135.8s
[done 111/150] thread=10 global_idx=167 (g=4221,e=2,s=14) state_time=1306.1s best_idx=3 sims=16634 N=145 K=145 eta=9306.4s
[start 123/150] thread=10 global_idx=172 (g=632,e=7,s=12) elapsed=26487.5s
[done 112/150] thread=6 global_idx=169 (g=99,e=4,s=13) state_time=621.1s best_idx=50 sims=10361 N=57 K=57 eta=9026.1s
[start 124/150] thread=6 global_idx=173 (g=3130,e=2,s=11) elapsed=26603.3s
[done 113/150] thread=7 global_idx=157 (g=3186,e=1,s=11) state_time=3390.7s best_idx=38 sims=58537 N=119 K=119 eta=8746.5s
[start 125/150] thread=7 global_idx=174 (g=2941,e=4,s=13) elapsed=26712.4s
[done 114/150] thread=2 global_idx=150 (g=4360,e=7,s=4) state_time=5644.4s best_idx=8 sims=145927 N=59 K=59 eta=8716.1s
[start 126/150] thread=2 global_idx=175 (g=6374,e=0,s=11) elapsed=27600.8s
[done 115/150] thread=8 global_idx=153 (g=1265,e=4,s=5) state_time=5356.2s best_idx=11 sims=133036 N=71 K=71 eta=8560.8s
[start 127/150] thread=8 global_idx=176 (g=156,e=7,s=14) elapsed=28128.5s
[done 116/150] thread=10 global_idx=172 (g=632,e=7,s=12) state_time=1819.5s best_idx=36 sims=34463 N=81 K=81 eta=8296.9s
[start 128/150] thread=10 global_idx=177 (g=1570,e=1,s=4) elapsed=28307.0s
[done 117/150] thread=0 global_idx=164 (g=9851,e=7,s=8) state_time=4113.3s best_idx=68 sims=92115 N=81 K=81 eta=8141.0s
[start 129/150] thread=0 global_idx=178 (g=7117,e=6,s=12) elapsed=28863.7s
[done 118/150] thread=4 global_idx=166 (g=9832,e=1,s=9) state_time=4155.8s best_idx=6 sims=83397 N=103 K=103 eta=7869.4s
[start 130/150] thread=4 global_idx=179 (g=6164,e=7,s=6) elapsed=29018.3s
[done 119/150] thread=7 global_idx=174 (g=2941,e=4,s=13) state_time=2469.7s best_idx=1 sims=34390 N=125 K=125 eta=7602.1s
[start 131/150] thread=7 global_idx=180 (g=4376,e=5,s=5) elapsed=29182.1s
[done 120/150] thread=6 global_idx=173 (g=3130,e=2,s=11) state_time=2604.9s best_idx=32 sims=50847 N=91 K=91 eta=7302.0s
[start 132/150] thread=6 global_idx=181 (g=4444,e=0,s=12) elapsed=29208.1s
[done 121/150] thread=8 global_idx=176 (g=156,e=7,s=14) state_time=1326.3s best_idx=55 sims=17399 N=145 K=145 eta=7059.4s
[start 133/150] thread=8 global_idx=182 (g=5083,e=5,s=6) elapsed=29454.8s
[done 122/150] thread=3 global_idx=170 (g=964,e=0,s=8) state_time=3475.7s best_idx=3 sims=87443 N=63 K=63 eta=6774.6s
[start 134/150] thread=3 global_idx=183 (g=894,e=4,s=13) elapsed=29517.8s
[done 123/150] thread=1 global_idx=159 (g=966,e=6,s=3) state_time=5947.8s best_idx=17 sims=158738 N=55 K=55 eta=6497.8s
[start 135/150] thread=1 global_idx=184 (g=8445,e=1,s=11) elapsed=29601.1s
[done 124/150] thread=9 global_idx=168 (g=1999,e=2,s=5) state_time=4511.4s best_idx=38 sims=124677 N=53 K=53 eta=6252.0s
[start 136/150] thread=9 global_idx=185 (g=7871,e=7,s=15) elapsed=29817.4s
[done 125/150] thread=9 global_idx=185 (g=7871,e=7,s=15) state_time=11.6s best_idx=35 sims=151 N=151 K=151 eta=5965.8s
[start 137/150] thread=9 global_idx=186 (g=8198,e=0,s=4) elapsed=29829.1s
[done 126/150] thread=5 global_idx=162 (g=2440,e=2,s=5) state_time=5462.1s best_idx=3 sims=132695 N=71 K=71 eta=5724.4s
[start 138/150] thread=5 global_idx=187 (g=6829,e=6,s=13) elapsed=30053.0s
[done 127/150] thread=0 global_idx=178 (g=7117,e=6,s=12) state_time=1206.5s best_idx=39 sims=26282 N=49 K=49 eta=5445.8s
[start 139/150] thread=0 global_idx=188 (g=4702,e=2,s=8) elapsed=30070.2s
[done 128/150] thread=2 global_idx=175 (g=6374,e=0,s=11) state_time=3086.6s best_idx=49 sims=56667 N=113 K=113 eta=5274.4s
[start 140/150] thread=2 global_idx=189 (g=4058,e=3,s=5) elapsed=30687.4s
[done 129/150] thread=5 global_idx=187 (g=6829,e=6,s=13) state_time=647.9s best_idx=46 sims=10868 N=53 K=53 eta=4997.8s
[start 141/150] thread=5 global_idx=190 (g=7591,e=4,s=13) elapsed=30700.9s
[done 130/150] thread=6 global_idx=181 (g=4444,e=0,s=12) state_time=1717.5s best_idx=43 sims=33108 N=75 K=75 eta=4757.8s
[start 142/150] thread=6 global_idx=191 (g=1445,e=7,s=8) elapsed=30925.6s
[done 131/150] thread=3 global_idx=183 (g=894,e=4,s=13) state_time=1601.7s best_idx=10 sims=24387 N=105 K=105 eta=4513.5s
[start 143/150] thread=3 global_idx=192 (g=5373,e=5,s=13) elapsed=31119.4s
[done 132/150] thread=11 global_idx=171 (g=6357,e=7,s=5) state_time=5547.3s best_idx=44 sims=133379 N=75 K=75 eta=4320.4s
[start 144/150] thread=11 global_idx=193 (g=5423,e=3,s=9) elapsed=31683.1s
[done 133/150] thread=5 global_idx=190 (g=7591,e=4,s=13) state_time=1531.8s best_idx=1 sims=23163 N=97 K=97 eta=4120.0s
[start 145/150] thread=5 global_idx=194 (g=1644,e=5,s=15) elapsed=32232.7s
[done 134/150] thread=5 global_idx=194 (g=1644,e=5,s=15) state_time=10.0s best_idx=0 sims=135 N=135 K=135 eta=3849.9s
[start 146/150] thread=5 global_idx=195 (g=6839,e=5,s=3) elapsed=32242.6s
[done 135/150] thread=1 global_idx=184 (g=8445,e=1,s=11) state_time=3158.0s best_idx=85 sims=58570 N=103 K=103 eta=3639.9s
[start 147/150] thread=1 global_idx=196 (g=1063,e=2,s=15) elapsed=32759.1s
[done 136/150] thread=1 global_idx=196 (g=1063,e=2,s=15) state_time=3.1s best_idx=34 sims=55 N=55 K=55 eta=3372.6s
[start 148/150] thread=1 global_idx=197 (g=3774,e=5,s=6) elapsed=32762.3s
[done 137/150] thread=3 global_idx=192 (g=5373,e=5,s=13) state_time=1793.7s best_idx=11 sims=26558 N=107 K=107 eta=3123.1s
[start 149/150] thread=3 global_idx=198 (g=7844,e=2,s=5) elapsed=32913.1s
[done 138/150] thread=4 global_idx=179 (g=6164,e=7,s=6) state_time=4348.4s best_idx=34 sims=114585 N=49 K=49 eta=2901.5s
[start 150/150] thread=4 global_idx=199 (g=5770,e=5,s=13) elapsed=33366.7s
[done 139/150] thread=0 global_idx=188 (g=4702,e=2,s=8) state_time=3399.8s best_idx=3 sims=86190 N=49 K=49 eta=2648.7s
[done 140/150] thread=10 global_idx=177 (g=1570,e=1,s=4) state_time=5463.1s best_idx=46 sims=144292 N=49 K=49 eta=2412.1s
[done 141/150] thread=6 global_idx=191 (g=1445,e=7,s=8) state_time=3754.0s best_idx=37 sims=90551 N=65 K=65 eta=2213.6s
[done 142/150] thread=7 global_idx=180 (g=4376,e=5,s=5) state_time=5511.9s best_idx=52 sims=133278 N=75 K=75 eta=1954.6s
[done 143/150] thread=4 global_idx=199 (g=5770,e=5,s=13) state_time=1392.5s best_idx=40 sims=20753 N=91 K=91 eta=1701.5s
[done 144/150] thread=8 global_idx=182 (g=5083,e=5,s=6) state_time=5342.2s best_idx=62 sims=122300 N=81 K=81 eta=1449.9s
[done 145/150] thread=9 global_idx=186 (g=8198,e=0,s=4) state_time=5518.2s best_idx=55 sims=144402 N=59 K=59 eta=1218.9s
[done 146/150] thread=11 global_idx=193 (g=5423,e=3,s=9) state_time=4132.6s best_idx=41 sims=84033 N=103 K=103 eta=981.2s
[done 147/150] thread=2 global_idx=189 (g=4058,e=3,s=5) state_time=5385.4s best_idx=3 sims=133763 N=71 K=71 eta=736.2s
[done 148/150] thread=1 global_idx=197 (g=3774,e=5,s=6) state_time=4751.6s best_idx=54 sims=117640 N=65 K=65 eta=506.9s
[done 149/150] thread=5 global_idx=195 (g=6839,e=5,s=3) state_time=5846.3s best_idx=25 sims=157543 N=55 K=55 eta=255.6s
[done 150/150] thread=3 global_idx=198 (g=7844,e=2,s=5) state_time=5209.9s best_idx=0 sims=132294 N=71 K=71 eta=0.0s

=== Arm done: 150 states in 38123.0s ===
  [csv] wrote 150 records to reinvest_experiment/run200/A1/seed_43/reinvest_results_idx50.csv

=== Summary (A1) ===
  valid cases        = 150 / 150
  avg actual_sims    = 64346  (min=43, max=172837)
  avg time           = 2847.45s
