Running Reinvestment arm...

=== Reinvestment Arm: A9P5N (ClusterValue, depth 3) ===
  method             = ClusterValue
  depth              = 3
  playouts (P)       = 100
  rollouts/visit (R) = 10
  retention_rate     = 0.2
  ucb_c              = 1.41
  epsilon            = 0.3
  risk_lambda        = 0
  noisy_tree         = true
  n_states           = 500
  num_threads        = 18
  seed               = 45
  start_index        = 0
  max_positions      = 200
  load_positions_dir = test_positions500
  output_dir         = reinvest_experiment/sweepN/P100/A9P5N/seed_45
  [loader] 1 batch files in test_positions500
  [loader] loaded 500 positions
  Sampled 500 / 500 positions (seed=45)
  Sliced to [0, 200) = 200 positions
Finding Shot...
Finding Shot...
Finding Shot...
Finding Shot...
Finding Shot...
Finding Shot...
Finding Shot...
Finding Shot...
Finding Shot...
Finding Shot...
Finding Shot...
Finding Shot...
Finding Shot...
Finding Shot...
Finding Shot...
Finding Shot...
Finding Shot...
Finding Shot...
Finding Shot...
Finding Shot...
Finding Shot...
Finding Shot...
Finding Shot...
Finding Shot...
Finding Shot...
Finding Shot...
Finding Shot...
Finding Shot...
Finding Shot...
Finding Shot...
Finding Shot...
Finding Shot...
Finding Shot...
Finding Shot...
Finding Shot...
Finding Shot...
Finding Shot...
Finding Shot...
Finding Shot...
Finding Shot...
Finding Shot...
Finding Shot...
Finding Shot...
Finding Shot...
Finding Shot...
Finding Shot...
Finding Shot...
Finding Shot...
Finding Shot...
Finding Shot...
Finding Shot...
Finding Shot...
Finding Shot...
Finding Shot...
Finding Shot...
Finding Shot...
Finding Shot...
Finding Shot...
Finding Shot...
Finding Shot...
Finding Shot...
Finding Shot...
Finding Shot...
Finding Shot...
Finding Shot...
Finding Shot...
Finding Shot...
Finding Shot...
Finding Shot...
Finding Shot...
Finding Shot...
Finding Shot...
Finding Shot...
Finding Shot...
Finding Shot...
Finding Shot...
Finding Shot...
Finding Shot...
Finding Shot...
Finding Shot...
Finding Shot...
Finding Shot...
Finding Shot...
Finding Shot...
Finding Shot...
Finding Shot...
Finding Shot...
Finding Shot...
Finding Shot...
Finding Shot...
Finding Shot...
Finding Shot...
Finding Shot...
Finding Shot...
Finding Shot...
Finding Shot...
Finding Shot...
Finding Shot...
Finding Shot...
Finding Shot...
Finding Shot...
Finding Shot...
Finding Shot...
Finding Shot...
Finding Shot...
Finding Shot...
Finding Shot...
Finding Shot...
Finding Shot...
Finding Shot...
Finding Shot...
Finding Shot...
Finding Shot...
Finding Shot...
Finding Shot...
Finding Shot...
Finding Shot...
Finding Shot...
Finding Shot...
Finding Shot...
Finding Shot...
Finding Shot...
Finding Shot...
Finding Shot...
Finding Shot...
Finding Shot...
Finding Shot...
Finding Shot...
Finding Shot...
Finding Shot...
Finding Shot...
[start 1/200] thread=4 global_idx=0 (g=7977,e=6,s=14) elapsed=1.4s
Finding Shot...
Finding Shot...
Finding Shot...
Finding Shot...
Finding Shot...
Finding Shot...
Finding Shot...
Finding Shot...
Finding Shot...
Finding Shot...
Finding Shot...
[start 2/200] thread=11 global_idx=1 (g=3926,e=6,s=11) elapsed=1.4s
Finding Shot...
Finding Shot...
Finding Shot...
Finding Shot...
Finding Shot...
Finding Shot...
Finding Shot...
Finding Shot...
Finding Shot...
Finding Shot...
Finding Shot...
Finding Shot...
Finding Shot...
Finding Shot...
Finding Shot...
Finding Shot...
Finding Shot...
Finding Shot...
Finding Shot...
Finding Shot...
Finding Shot...
Finding Shot...
Finding Shot...
Finding Shot...
Finding Shot...
Finding Shot...
Finding Shot...
Finding Shot...
Finding Shot...
Finding Shot...
Finding Shot...
Finding Shot...
Finding Shot...
Finding Shot...
Finding Shot...
Finding Shot...
Finding Shot...
Finding Shot...
Finding Shot...
Finding Shot...
Finding Shot...
Finding Shot...
Finding Shot...
Finding Shot...
Finding Shot...
Finding Shot...
Finding Shot...
Finding Shot...
Finding Shot...
Finding Shot...
Finding Shot...
Finding Shot...
Finding Shot...
Finding Shot...
Finding Shot...
Finding Shot...
Finding Shot...
Finding Shot...
Finding Shot...
Finding Shot...
Finding Shot...
Finding Shot...
Finding Shot...
Finding Shot...
Finding Shot...
Finding Shot...
Finding Shot...
Finding Shot...
Finding Shot...
Finding Shot...
Finding Shot...
Finding Shot...
Finding Shot...
Finding Shot...
Finding Shot...
Finding Shot...
Finding Shot...
Finding Shot...
Finding Shot...
Finding Shot...
Finding Shot...
Finding Shot...
Finding Shot...
Finding Shot...
Finding Shot...
Finding Shot...
Finding Shot...
Finding Shot...
Finding Shot...
Finding Shot...
Finding Shot...
Finding Shot...
Finding Shot...
Finding Shot...
Finding Shot...
Finding Shot...
Finding Shot...
Finding Shot...
Finding Shot...
Finding Shot...
Finding Shot...
Finding Shot...
Finding Shot...
Finding Shot...
Finding Shot...
Finding Shot...
[start 3/200] thread=13 global_idx=2 (g=3883,e=1,s=14) elapsed=1.7s
Finding Shot...
Finding Shot...
Finding Shot...
Finding Shot...
Finding Shot...
Finding Shot...
Finding Shot...
Finding Shot...
Finding Shot...
Finding Shot...
Finding Shot...
Finding Shot...
Finding Shot...
Finding Shot...
Finding Shot...
Finding Shot...
Finding Shot...
Finding Shot...
Finding Shot...
Finding Shot...
Finding Shot...
Finding Shot...
[start 4/200] thread=17 global_idx=3 (g=9222,e=7,s=5) elapsed=1.8s
Finding Shot...
Finding Shot...
Finding Shot...
Finding Shot...
Finding Shot...
Finding Shot...
Finding Shot...
Finding Shot...
Finding Shot...
Finding Shot...
Finding Shot...
Finding Shot...
Finding Shot...
Finding Shot...
Finding Shot...
[start 5/200] thread=9 global_idx=4 (g=7881,e=2,s=15) elapsed=1.8s
Finding Shot...
[start 6/200] thread=16 global_idx=5 (g=6406,e=1,s=10) elapsed=1.8s
[start 7/200] thread=10 global_idx=6 (g=8452,e=5,s=15) elapsed=1.9s
[start 8/200] thread=6 global_idx=7 (g=1028,e=6,s=15) elapsed=1.9s
[start 9/200] thread=15 global_idx=8 (g=2596,e=1,s=14) elapsed=1.9s
[start 10/200] thread=0 global_idx=9 (g=4748,e=1,s=3) elapsed=1.9s
Finding Shot...
[start 11/200] thread=3 global_idx=10 (g=9206,e=3,s=13) elapsed=1.9s
[start 12/200] thread=5 global_idx=11 (g=5859,e=1,s=6) elapsed=1.9s
[start 13/200] thread=1 global_idx=12 (g=6871,e=4,s=5) elapsed=1.9s
Finding Shot...
[start 14/200] thread=8 global_idx=13 (g=7163,e=3,s=13) elapsed=1.9s
[start 15/200] thread=14 global_idx=14 (g=5807,e=0,s=8) elapsed=1.9s
[start 16/200] thread=7 global_idx=15 (g=5567,e=2,s=15) elapsed=1.9s
[start 17/200] thread=12 global_idx=16 (g=2507,e=3,s=11) elapsed=1.9s
[start 18/200] thread=2 global_idx=17 (g=7006,e=3,s=15) elapsed=1.9s
[done 1/200] thread=9 global_idx=4 (g=7881,e=2,s=15) state_time=20.9s best_idx=84 sims=229 N=129 K=2 eta=4522.7s
[start 19/200] thread=9 global_idx=18 (g=1984,e=6,s=4) elapsed=22.7s
[done 2/200] thread=7 global_idx=15 (g=5567,e=2,s=15) state_time=28.3s best_idx=0 sims=229 N=129 K=2 eta=2985.1s
[start 20/200] thread=7 global_idx=19 (g=1845,e=7,s=14) elapsed=30.2s
[done 3/200] thread=6 global_idx=7 (g=1028,e=6,s=15) state_time=32.8s best_idx=135 sims=251 N=151 K=2 eta=2276.8s
[start 21/200] thread=6 global_idx=20 (g=5780,e=2,s=6) elapsed=34.7s
[done 4/200] thread=2 global_idx=17 (g=7006,e=3,s=15) state_time=32.9s best_idx=0 sims=245 N=145 K=2 eta=1705.7s
[start 22/200] thread=2 global_idx=21 (g=8645,e=7,s=5) elapsed=34.8s
[done 5/200] thread=10 global_idx=6 (g=8452,e=5,s=15) state_time=34.6s best_idx=34 sims=253 N=153 K=2 eta=1419.7s
[start 23/200] thread=10 global_idx=22 (g=6132,e=0,s=13) elapsed=36.4s
[done 6/200] thread=13 global_idx=2 (g=3883,e=1,s=14) state_time=104.4s best_idx=1 sims=1960 N=37 K=2 eta=3432.2s
[start 24/200] thread=13 global_idx=23 (g=3339,e=4,s=10) elapsed=106.1s
[done 7/200] thread=7 global_idx=19 (g=1845,e=7,s=14) state_time=150.1s best_idx=18 sims=2630 N=55 K=2 eta=4970.2s
[start 25/200] thread=7 global_idx=24 (g=3566,e=6,s=14) elapsed=180.3s
[done 8/200] thread=3 global_idx=10 (g=9206,e=3,s=13) state_time=329.0s best_idx=11 sims=5855 N=49 K=2 eta=7941.2s
[start 26/200] thread=3 global_idx=25 (g=5523,e=3,s=9) elapsed=330.9s
[done 9/200] thread=4 global_idx=0 (g=7977,e=6,s=14) state_time=552.9s best_idx=37 sims=6417 N=145 K=2 eta=11764.0s
[start 27/200] thread=4 global_idx=26 (g=7015,e=5,s=14) elapsed=554.3s
[done 10/200] thread=15 global_idx=8 (g=2596,e=1,s=14) state_time=568.8s best_idx=78 sims=6632 N=145 K=2 eta=10842.6s
[start 28/200] thread=15 global_idx=27 (g=743,e=7,s=3) elapsed=570.7s
[done 11/200] thread=7 global_idx=24 (g=3566,e=6,s=14) state_time=529.4s best_idx=77 sims=5728 N=129 K=2 eta=12192.5s
[start 29/200] thread=7 global_idx=28 (g=1014,e=4,s=15) elapsed=709.6s
[done 12/200] thread=10 global_idx=22 (g=6132,e=0,s=13) state_time=682.6s best_idx=54 sims=9179 N=87 K=2 eta=11264.4s
[start 30/200] thread=10 global_idx=29 (g=3900,e=0,s=10) elapsed=719.0s
[done 13/200] thread=7 global_idx=28 (g=1014,e=4,s=15) state_time=12.0s best_idx=10 sims=161 N=61 K=2 eta=10380.4s
[start 31/200] thread=7 global_idx=30 (g=4543,e=6,s=5) elapsed=721.6s
[done 14/200] thread=8 global_idx=13 (g=7163,e=3,s=13) state_time=769.6s best_idx=3 sims=10458 N=85 K=2 eta=10249.8s
[start 32/200] thread=8 global_idx=31 (g=9231,e=5,s=14) elapsed=771.5s
[done 15/200] thread=8 global_idx=31 (g=9231,e=5,s=14) state_time=301.7s best_idx=49 sims=4561 N=101 K=2 eta=13236.1s
[start 33/200] thread=8 global_idx=32 (g=1825,e=5,s=7) elapsed=1073.2s
[done 16/200] thread=4 global_idx=26 (g=7015,e=5,s=14) state_time=558.3s best_idx=57 sims=6589 N=145 K=2 eta=12795.4s
[start 34/200] thread=4 global_idx=33 (g=4062,e=4,s=15) elapsed=1112.6s
[done 17/200] thread=4 global_idx=33 (g=4062,e=4,s=15) state_time=19.9s best_idx=35 sims=217 N=117 K=2 eta=12191.6s
[start 35/200] thread=4 global_idx=34 (g=9882,e=2,s=11) elapsed=1132.6s
[done 18/200] thread=16 global_idx=5 (g=6406,e=1,s=10) state_time=2165.9s best_idx=0 sims=35319 N=59 K=2 eta=21918.0s
[start 36/200] thread=16 global_idx=35 (g=2998,e=6,s=14) elapsed=2167.7s
[done 19/200] thread=12 global_idx=16 (g=2507,e=3,s=11) state_time=2496.4s best_idx=59 sims=34814 N=107 K=2 eta=23800.0s
[start 37/200] thread=12 global_idx=36 (g=1555,e=2,s=3) elapsed=2498.3s
[done 20/200] thread=13 global_idx=23 (g=3339,e=4,s=10) state_time=2441.7s best_idx=50 sims=38216 N=71 K=2 eta=22930.6s
[start 38/200] thread=13 global_idx=37 (g=4372,e=4,s=14) elapsed=2547.8s
[done 21/200] thread=13 global_idx=37 (g=4372,e=4,s=14) state_time=129.2s best_idx=29 sims=2338 N=49 K=2 eta=22818.3s
[start 39/200] thread=13 global_idx=38 (g=3732,e=7,s=7) elapsed=2677.0s
[done 22/200] thread=16 global_idx=35 (g=2998,e=6,s=14) state_time=567.7s best_idx=65 sims=6725 N=145 K=2 eta=22131.9s
[start 40/200] thread=16 global_idx=39 (g=3858,e=5,s=5) elapsed=2735.4s
[done 23/200] thread=10 global_idx=29 (g=3900,e=0,s=10) state_time=2151.8s best_idx=11 sims=34488 N=55 K=2 eta=22092.7s
[start 41/200] thread=10 global_idx=40 (g=1938,e=0,s=14) elapsed=2870.8s
[done 24/200] thread=10 global_idx=40 (g=1938,e=0,s=14) state_time=260.8s best_idx=54 sims=4258 N=93 K=2 eta=22965.1s
[start 42/200] thread=10 global_idx=41 (g=9112,e=3,s=9) elapsed=3131.6s
[done 25/200] thread=11 global_idx=1 (g=3926,e=6,s=11) state_time=3188.8s best_idx=75 sims=39261 N=123 K=2 eta=22331.3s
[start 43/200] thread=11 global_idx=42 (g=4157,e=3,s=12) elapsed=3190.2s
[done 26/200] thread=4 global_idx=34 (g=9882,e=2,s=11) state_time=2801.0s best_idx=1 sims=36424 N=109 K=2 eta=26324.5s
[start 44/200] thread=4 global_idx=43 (g=7373,e=1,s=11) elapsed=3933.5s
[done 27/200] thread=14 global_idx=14 (g=5807,e=0,s=8) state_time=3967.4s best_idx=70 sims=61079 N=81 K=2 eta=25433.0s
[start 45/200] thread=14 global_idx=44 (g=7173,e=4,s=15) elapsed=3969.3s
[done 28/200] thread=14 global_idx=44 (g=7173,e=4,s=15) state_time=30.5s best_idx=135 sims=251 N=151 K=2 eta=24570.4s
[start 46/200] thread=14 global_idx=45 (g=196,e=4,s=4) elapsed=3999.8s
[done 29/200] thread=3 global_idx=25 (g=5523,e=3,s=9) state_time=3900.3s best_idx=59 sims=55304 N=103 K=2 eta=24949.1s
[start 47/200] thread=3 global_idx=46 (g=2630,e=2,s=14) elapsed=4231.1s
[done 30/200] thread=6 global_idx=20 (g=5780,e=2,s=6) state_time=4234.7s best_idx=10 sims=69194 N=49 K=2 eta=24193.4s
[start 48/200] thread=6 global_idx=47 (g=5731,e=2,s=10) elapsed=4269.4s
[done 31/200] thread=17 global_idx=3 (g=9222,e=7,s=5) state_time=4362.3s best_idx=12 sims=73397 N=37 K=2 eta=23791.3s
[start 49/200] thread=17 global_idx=48 (g=9518,e=4,s=5) elapsed=4364.1s
[done 32/200] thread=3 global_idx=46 (g=2630,e=2,s=14) state_time=167.1s best_idx=48 sims=2815 N=59 K=2 eta=23091.0s
[start 50/200] thread=3 global_idx=49 (g=8211,e=7,s=12) elapsed=4398.3s
[done 33/200] thread=5 global_idx=11 (g=5859,e=1,s=6) state_time=4765.7s best_idx=10 sims=74915 N=65 K=2 eta=24126.9s
[start 51/200] thread=5 global_idx=50 (g=5392,e=3,s=13) elapsed=4767.6s
[done 34/200] thread=11 global_idx=42 (g=4157,e=3,s=12) state_time=1656.1s best_idx=34 sims=22636 N=107 K=2 eta=23661.2s
[start 52/200] thread=11 global_idx=51 (g=4262,e=4,s=2) elapsed=4846.3s
[done 35/200] thread=1 global_idx=12 (g=6871,e=4,s=5) state_time=5349.6s best_idx=45 sims=86931 N=71 K=2 eta=25228.5s
[start 53/200] thread=1 global_idx=52 (g=6230,e=1,s=12) elapsed=5351.5s
[done 36/200] thread=9 global_idx=18 (g=1984,e=6,s=4) state_time=5474.7s best_idx=1 sims=91868 N=59 K=2 eta=25043.7s
[start 54/200] thread=9 global_idx=53 (g=3543,e=4,s=7) elapsed=5497.4s
[done 37/200] thread=2 global_idx=21 (g=8645,e=7,s=5) state_time=5527.2s best_idx=1 sims=86775 N=71 K=2 eta=24502.9s
[start 55/200] thread=2 global_idx=54 (g=1784,e=6,s=5) elapsed=5562.0s
[done 38/200] thread=8 global_idx=32 (g=1825,e=5,s=7) state_time=4505.9s best_idx=10 sims=69315 N=77 K=2 eta=23784.6s
[start 56/200] thread=8 global_idx=55 (g=4905,e=4,s=14) elapsed=5579.1s
[done 39/200] thread=3 global_idx=49 (g=8211,e=7,s=12) state_time=1358.5s best_idx=52 sims=19777 N=79 K=2 eta=23765.2s
[start 57/200] thread=3 global_idx=56 (g=3837,e=2,s=10) elapsed=5756.8s
[done 40/200] thread=0 global_idx=9 (g=4748,e=1,s=3) state_time=5867.0s best_idx=9 sims=95858 N=49 K=2 eta=23475.5s
[start 58/200] thread=0 global_idx=57 (g=2854,e=0,s=15) elapsed=5868.9s
[done 41/200] thread=0 global_idx=57 (g=2854,e=0,s=15) state_time=17.7s best_idx=92 sims=203 N=103 K=2 eta=22828.5s
[start 59/200] thread=0 global_idx=58 (g=1221,e=1,s=10) elapsed=5886.6s
[done 42/200] thread=8 global_idx=55 (g=4905,e=4,s=14) state_time=309.9s best_idx=34 sims=4728 N=101 K=2 eta=22153.8s
[start 60/200] thread=8 global_idx=59 (g=7301,e=6,s=14) elapsed=5889.0s
[done 43/200] thread=10 global_idx=41 (g=9112,e=3,s=9) state_time=2881.4s best_idx=39 sims=47346 N=75 K=2 eta=21954.4s
[start 61/200] thread=10 global_idx=60 (g=5248,e=0,s=3) elapsed=6013.0s
[done 44/200] thread=5 global_idx=50 (g=5392,e=3,s=13) state_time=1386.4s best_idx=54 sims=15159 N=135 K=2 eta=21818.5s
[start 62/200] thread=5 global_idx=61 (g=2545,e=3,s=15) elapsed=6153.9s
[done 45/200] thread=6 global_idx=47 (g=5731,e=2,s=10) state_time=1891.7s best_idx=4 sims=31429 N=43 K=2 eta=21221.6s
[start 63/200] thread=6 global_idx=62 (g=6335,e=1,s=11) elapsed=6161.1s
[done 46/200] thread=5 global_idx=61 (g=2545,e=3,s=15) state_time=11.7s best_idx=0 sims=161 N=61 K=2 eta=20641.4s
[start 64/200] thread=5 global_idx=63 (g=8275,e=4,s=5) elapsed=6165.6s
[done 47/200] thread=13 global_idx=38 (g=3732,e=7,s=7) state_time=3580.2s best_idx=15 sims=60635 N=49 K=2 eta=20369.3s
[start 65/200] thread=13 global_idx=64 (g=963,e=5,s=13) elapsed=6257.2s
[done 48/200] thread=1 global_idx=52 (g=6230,e=1,s=12) state_time=925.7s best_idx=41 sims=14870 N=49 K=2 eta=19878.0s
[start 66/200] thread=1 global_idx=65 (g=176,e=5,s=11) elapsed=6277.3s
[done 49/200] thread=7 global_idx=30 (g=4543,e=6,s=5) state_time=5589.6s best_idx=11 sims=87600 N=71 K=2 eta=19448.8s
[start 67/200] thread=7 global_idx=66 (g=2199,e=1,s=13) elapsed=6311.2s
[done 50/200] thread=4 global_idx=43 (g=7373,e=1,s=11) state_time=2433.1s best_idx=11 sims=33287 N=103 K=2 eta=19100.0s
[start 68/200] thread=4 global_idx=67 (g=8298,e=3,s=11) elapsed=6366.7s
[done 51/200] thread=8 global_idx=59 (g=7301,e=6,s=14) state_time=601.1s best_idx=1 sims=6604 N=145 K=2 eta=18961.2s
[start 69/200] thread=8 global_idx=68 (g=6729,e=2,s=14) elapsed=6490.1s
[done 52/200] thread=15 global_idx=27 (g=743,e=7,s=3) state_time=6051.0s best_idx=10 sims=98961 N=55 K=2 eta=18846.4s
[start 70/200] thread=15 global_idx=69 (g=8119,e=5,s=4) elapsed=6621.7s
[done 53/200] thread=8 global_idx=68 (g=6729,e=2,s=14) state_time=523.2s best_idx=2 sims=6188 N=135 K=2 eta=19452.1s
[start 71/200] thread=8 global_idx=70 (g=8189,e=0,s=14) elapsed=7013.3s
[done 54/200] thread=13 global_idx=64 (g=963,e=5,s=13) state_time=881.6s best_idx=86 sims=11157 N=89 K=2 eta=19301.3s
[start 72/200] thread=13 global_idx=71 (g=9791,e=0,s=8) elapsed=7138.8s
[done 55/200] thread=8 global_idx=70 (g=8189,e=0,s=14) state_time=160.2s best_idx=34 sims=2730 N=55 K=2 eta=18911.9s
[start 73/200] thread=8 global_idx=72 (g=5487,e=5,s=5) elapsed=7173.5s
[done 56/200] thread=7 global_idx=66 (g=2199,e=1,s=13) state_time=1186.7s best_idx=35 sims=13854 N=119 K=2 eta=19280.3s
[start 74/200] thread=7 global_idx=73 (g=4950,e=0,s=15) elapsed=7497.9s
[done 57/200] thread=7 global_idx=73 (g=4950,e=0,s=15) state_time=11.9s best_idx=35 sims=171 N=71 K=2 eta=18840.3s
[start 75/200] thread=7 global_idx=74 (g=9143,e=3,s=7) elapsed=7509.8s
[done 58/200] thread=6 global_idx=62 (g=6335,e=1,s=11) state_time=1431.6s best_idx=35 sims=24931 N=53 K=2 eta=18589.0s
[start 76/200] thread=6 global_idx=75 (g=4517,e=4,s=13) elapsed=7592.7s
[done 59/200] thread=3 global_idx=56 (g=3837,e=2,s=10) state_time=2322.8s best_idx=37 sims=36967 N=71 K=2 eta=19308.9s
[start 77/200] thread=3 global_idx=76 (g=2994,e=5,s=10) elapsed=8079.6s
[done 60/200] thread=12 global_idx=36 (g=1555,e=2,s=3) state_time=6052.6s best_idx=6 sims=98478 N=55 K=2 eta=19952.3s
[start 78/200] thread=12 global_idx=77 (g=961,e=6,s=13) elapsed=8551.0s
[done 61/200] thread=16 global_idx=39 (g=3858,e=5,s=5) state_time=5974.5s best_idx=19 sims=89188 N=75 K=2 eta=19847.2s
[start 79/200] thread=16 global_idx=78 (g=1566,e=1,s=3) elapsed=8709.9s
[done 62/200] thread=1 global_idx=65 (g=176,e=5,s=11) state_time=2477.6s best_idx=13 sims=34307 N=97 K=2 eta=19486.6s
[start 80/200] thread=1 global_idx=79 (g=1686,e=6,s=15) elapsed=8754.8s
[done 63/200] thread=1 global_idx=79 (g=1686,e=6,s=15) state_time=9.2s best_idx=0 sims=149 N=49 K=2 eta=19058.2s
[start 81/200] thread=1 global_idx=80 (g=1201,e=0,s=6) elapsed=8764.0s
[done 64/200] thread=6 global_idx=75 (g=4517,e=4,s=13) state_time=1284.4s best_idx=85 sims=14606 N=123 K=2 eta=18863.9s
[start 82/200] thread=6 global_idx=81 (g=5494,e=4,s=5) elapsed=8877.1s
[done 65/200] thread=4 global_idx=67 (g=8298,e=3,s=11) state_time=2745.2s best_idx=35 sims=35863 N=119 K=2 eta=18924.7s
[start 83/200] thread=4 global_idx=82 (g=2492,e=4,s=15) elapsed=9111.9s
[done 66/200] thread=4 global_idx=82 (g=2492,e=4,s=15) state_time=14.2s best_idx=2 sims=175 N=75 K=2 eta=18528.8s
[start 84/200] thread=4 global_idx=83 (g=8959,e=1,s=11) elapsed=9126.1s
[done 67/200] thread=9 global_idx=53 (g=3543,e=4,s=7) state_time=3748.9s best_idx=20 sims=62117 N=55 K=2 eta=18354.6s
[start 85/200] thread=9 global_idx=84 (g=1671,e=0,s=15) elapsed=9246.3s
[done 68/200] thread=14 global_idx=45 (g=196,e=4,s=4) state_time=5254.0s best_idx=34 sims=86958 N=49 K=2 eta=17963.3s
[start 86/200] thread=14 global_idx=85 (g=1385,e=7,s=11) elapsed=9253.8s
[done 69/200] thread=9 global_idx=84 (g=1671,e=0,s=15) state_time=20.0s best_idx=76 sims=217 N=117 K=2 eta=17592.5s
[start 87/200] thread=9 global_idx=86 (g=6872,e=1,s=14) elapsed=9266.3s
[done 70/200] thread=0 global_idx=58 (g=1221,e=1,s=10) state_time=3731.5s best_idx=32 sims=48416 N=113 K=2 eta=17862.3s
[start 88/200] thread=0 global_idx=87 (g=8785,e=1,s=4) elapsed=9618.1s
[done 71/200] thread=12 global_idx=77 (g=961,e=6,s=13) state_time=1214.8s best_idx=66 sims=14120 N=139 K=2 eta=17743.5s
[start 89/200] thread=12 global_idx=88 (g=1835,e=0,s=15) elapsed=9765.8s
[done 72/200] thread=12 global_idx=88 (g=1835,e=0,s=15) state_time=11.0s best_idx=55 sims=169 N=69 K=2 eta=17381.0s
[start 90/200] thread=12 global_idx=89 (g=6216,e=7,s=8) elapsed=9776.8s
[done 73/200] thread=9 global_idx=86 (g=6872,e=1,s=14) state_time=550.7s best_idx=84 sims=6217 N=135 K=2 eta=17078.8s
[start 91/200] thread=9 global_idx=90 (g=8471,e=6,s=5) elapsed=9816.9s
[done 74/200] thread=17 global_idx=48 (g=9518,e=4,s=5) state_time=5738.6s best_idx=50 sims=87872 N=71 K=2 eta=17201.9s
[start 92/200] thread=17 global_idx=91 (g=256,e=3,s=12) elapsed=10102.7s
[done 75/200] thread=13 global_idx=71 (g=9791,e=0,s=8) state_time=3224.0s best_idx=3 sims=52741 N=55 K=2 eta=17271.3s
[start 93/200] thread=13 global_idx=92 (g=5778,e=2,s=9) elapsed=10362.8s
[done 76/200] thread=2 global_idx=54 (g=1784,e=6,s=5) state_time=5537.3s best_idx=7 sims=87555 N=71 K=2 eta=18109.5s
[start 94/200] thread=2 global_idx=93 (g=6320,e=4,s=15) elapsed=11099.3s
[done 77/200] thread=2 global_idx=93 (g=6320,e=4,s=15) state_time=17.1s best_idx=64 sims=203 N=103 K=2 eta=17757.4s
[start 95/200] thread=2 global_idx=94 (g=1638,e=4,s=11) elapsed=11116.4s
[done 78/200] thread=14 global_idx=85 (g=1385,e=7,s=11) state_time=2081.2s best_idx=66 sims=32614 N=103 K=2 eta=17729.2s
[start 96/200] thread=14 global_idx=95 (g=2310,e=6,s=15) elapsed=11335.1s
[done 79/200] thread=14 global_idx=95 (g=2310,e=6,s=15) state_time=22.7s best_idx=55 sims=235 N=135 K=2 eta=17396.0s
[start 97/200] thread=14 global_idx=96 (g=7921,e=5,s=4) elapsed=11357.7s
[done 80/200] thread=17 global_idx=91 (g=256,e=3,s=12) state_time=1291.2s best_idx=41 sims=18886 N=77 K=2 eta=17090.9s
[start 98/200] thread=17 global_idx=97 (g=1361,e=1,s=12) elapsed=11393.9s
[done 81/200] thread=11 global_idx=51 (g=4262,e=4,s=2) state_time=6581.4s best_idx=15 sims=105364 N=49 K=2 eta=16788.8s
[start 99/200] thread=11 global_idx=98 (g=5041,e=1,s=8) elapsed=11427.7s
[done 82/200] thread=3 global_idx=76 (g=2994,e=5,s=10) state_time=3483.7s best_idx=32 sims=48044 N=113 K=2 eta=16639.9s
[start 100/200] thread=3 global_idx=99 (g=5033,e=7,s=5) elapsed=11563.3s
[done 83/200] thread=4 global_idx=83 (g=8959,e=1,s=11) state_time=2621.8s best_idx=6 sims=34284 N=97 K=2 eta=16560.3s
[start 101/200] thread=4 global_idx=100 (g=5022,e=1,s=15) elapsed=11747.9s
[done 84/200] thread=4 global_idx=100 (g=5022,e=1,s=15) state_time=16.4s best_idx=7 sims=189 N=89 K=2 eta=16245.9s
[start 102/200] thread=4 global_idx=101 (g=9907,e=7,s=9) elapsed=11764.3s
[done 85/200] thread=5 global_idx=63 (g=8275,e=4,s=5) state_time=5609.8s best_idx=45 sims=87749 N=71 K=2 eta=15931.4s
[start 103/200] thread=5 global_idx=102 (g=8627,e=2,s=12) elapsed=11775.4s
[done 86/200] thread=10 global_idx=60 (g=5248,e=0,s=3) state_time=5849.0s best_idx=34 sims=96865 N=49 K=2 eta=15724.1s
[start 104/200] thread=10 global_idx=103 (g=1641,e=6,s=10) elapsed=11862.0s
[done 87/200] thread=7 global_idx=74 (g=9143,e=3,s=7) state_time=4606.9s best_idx=35 sims=70397 N=81 K=2 eta=15737.8s
[start 105/200] thread=7 global_idx=104 (g=7249,e=2,s=15) elapsed=12116.7s
[done 88/200] thread=7 global_idx=104 (g=7249,e=2,s=15) state_time=23.3s best_idx=0 sims=239 N=139 K=2 eta=15450.9s
[start 106/200] thread=7 global_idx=105 (g=4837,e=7,s=2) elapsed=12140.0s
[done 89/200] thread=17 global_idx=97 (g=1361,e=1,s=12) state_time=1051.9s best_idx=1 sims=16410 N=59 K=2 eta=15522.4s
[start 107/200] thread=17 global_idx=106 (g=1039,e=2,s=15) elapsed=12445.9s
[done 90/200] thread=17 global_idx=106 (g=1039,e=2,s=15) state_time=8.1s best_idx=35 sims=143 N=43 K=2 eta=15221.5s
[start 108/200] thread=17 global_idx=107 (g=7846,e=3,s=10) elapsed=12453.9s
[done 91/200] thread=15 global_idx=69 (g=8119,e=5,s=4) state_time=5962.9s best_idx=2 sims=94428 N=65 K=2 eta=15073.8s
[start 109/200] thread=15 global_idx=108 (g=5246,e=2,s=5) elapsed=12584.6s
[done 92/200] thread=8 global_idx=72 (g=5487,e=5,s=5) state_time=5676.2s best_idx=1 sims=87182 N=71 K=2 eta=15084.4s
[start 110/200] thread=8 global_idx=109 (g=4166,e=2,s=12) elapsed=12849.6s
[done 93/200] thread=1 global_idx=80 (g=1201,e=0,s=6) state_time=4226.0s best_idx=1 sims=70478 N=53 K=2 eta=14945.5s
[start 111/200] thread=1 global_idx=110 (g=6533,e=4,s=6) elapsed=12990.0s
[done 94/200] thread=12 global_idx=89 (g=6216,e=7,s=8) state_time=3266.7s best_idx=48 sims=53274 N=55 K=2 eta=14708.6s
[start 112/200] thread=12 global_idx=111 (g=5721,e=0,s=12) elapsed=13043.5s
[done 95/200] thread=2 global_idx=94 (g=1638,e=4,s=11) state_time=2333.8s best_idx=2 sims=33307 N=103 K=2 eta=14866.0s
[start 113/200] thread=2 global_idx=112 (g=4463,e=7,s=9) elapsed=13450.2s
[done 96/200] thread=5 global_idx=102 (g=8627,e=2,s=12) state_time=1961.0s best_idx=82 sims=24479 N=103 K=2 eta=14881.1s
[start 114/200] thread=5 global_idx=113 (g=5606,e=2,s=14) elapsed=13736.4s
[done 97/200] thread=13 global_idx=92 (g=5778,e=2,s=9) state_time=3753.5s best_idx=78 sims=54641 N=97 K=2 eta=14989.4s
[start 115/200] thread=13 global_idx=114 (g=1123,e=4,s=3) elapsed=14116.3s
[done 98/200] thread=8 global_idx=109 (g=4166,e=2,s=12) state_time=1345.3s best_idx=23 sims=19128 N=75 K=2 eta=14774.3s
[start 116/200] thread=8 global_idx=115 (g=8113,e=3,s=15) elapsed=14194.9s
[done 99/200] thread=8 global_idx=115 (g=8113,e=3,s=15) state_time=12.8s best_idx=0 sims=169 N=69 K=2 eta=14494.7s
[start 117/200] thread=8 global_idx=116 (g=716,e=6,s=7) elapsed=14207.6s
[done 100/200] thread=5 global_idx=113 (g=5606,e=2,s=14) state_time=530.6s best_idx=48 sims=6367 N=139 K=2 eta=14267.0s
[start 118/200] thread=5 global_idx=117 (g=459,e=3,s=5) elapsed=14267.0s
[done 101/200] thread=6 global_idx=81 (g=5494,e=4,s=5) state_time=5635.8s best_idx=6 sims=89394 N=75 K=2 eta=14225.6s
[start 119/200] thread=6 global_idx=118 (g=9287,e=7,s=12) elapsed=14513.0s
[done 102/200] thread=4 global_idx=101 (g=9907,e=7,s=9) state_time=2910.4s best_idx=1 sims=46427 N=65 K=2 eta=14099.2s
[start 120/200] thread=4 global_idx=119 (g=5647,e=1,s=10) elapsed=14674.7s
[done 103/200] thread=17 global_idx=107 (g=7846,e=3,s=10) state_time=2234.6s best_idx=34 sims=35917 N=65 K=2 eta=13832.9s
[start 121/200] thread=17 global_idx=120 (g=4562,e=4,s=13) elapsed=14688.6s
[done 104/200] thread=11 global_idx=98 (g=5041,e=1,s=8) state_time=3395.9s best_idx=49 sims=53951 N=55 K=2 eta=13683.3s
[start 122/200] thread=11 global_idx=121 (g=6201,e=5,s=11) elapsed=14823.5s
[done 105/200] thread=12 global_idx=111 (g=5721,e=0,s=12) state_time=2083.8s best_idx=3 sims=27106 N=123 K=2 eta=13686.5s
[start 123/200] thread=12 global_idx=122 (g=9166,e=3,s=14) elapsed=15127.2s
[done 106/200] thread=0 global_idx=87 (g=8785,e=1,s=4) state_time=5601.4s best_idx=47 sims=89180 N=49 K=2 eta=13496.6s
[start 124/200] thread=0 global_idx=123 (g=8703,e=4,s=3) elapsed=15219.5s
[done 107/200] thread=16 global_idx=78 (g=1566,e=1,s=3) state_time=6510.1s best_idx=7 sims=101238 N=59 K=2 eta=13228.6s
[start 125/200] thread=16 global_idx=124 (g=1616,e=0,s=14) elapsed=15220.0s
[done 108/200] thread=9 global_idx=90 (g=8471,e=6,s=5) state_time=5496.8s best_idx=57 sims=88613 N=75 K=2 eta=13045.0s
[start 126/200] thread=9 global_idx=125 (g=5809,e=3,s=9) elapsed=15313.7s
[done 109/200] thread=16 global_idx=124 (g=1616,e=0,s=14) state_time=206.4s best_idx=33 sims=3303 N=69 K=2 eta=12879.0s
[start 127/200] thread=16 global_idx=126 (g=4651,e=6,s=5) elapsed=15426.4s
[done 110/200] thread=10 global_idx=103 (g=1641,e=6,s=10) state_time=3701.5s best_idx=46 sims=48802 N=113 K=2 eta=12733.8s
[start 128/200] thread=10 global_idx=127 (g=8894,e=2,s=15) elapsed=15563.5s
[done 111/200] thread=6 global_idx=118 (g=9287,e=7,s=12) state_time=1062.9s best_idx=37 sims=16719 N=65 K=2 eta=12488.7s
[start 129/200] thread=6 global_idx=128 (g=2369,e=6,s=9) elapsed=15575.8s
[done 112/200] thread=10 global_idx=127 (g=8894,e=2,s=15) state_time=13.7s best_idx=2 sims=179 N=79 K=2 eta=12239.2s
[start 130/200] thread=10 global_idx=129 (g=1083,e=7,s=15) elapsed=15577.1s
[done 113/200] thread=10 global_idx=129 (g=1083,e=7,s=15) state_time=16.8s best_idx=0 sims=203 N=103 K=2 eta=12006.0s
[start 131/200] thread=10 global_idx=130 (g=366,e=3,s=11) elapsed=15593.9s
[done 114/200] thread=12 global_idx=122 (g=9166,e=3,s=14) state_time=567.3s best_idx=74 sims=6559 N=139 K=2 eta=11839.7s
[start 132/200] thread=12 global_idx=131 (g=6354,e=2,s=15) elapsed=15694.5s
[done 115/200] thread=12 global_idx=131 (g=6354,e=2,s=15) state_time=26.8s best_idx=4 sims=251 N=151 K=2 eta=11620.1s
[start 133/200] thread=12 global_idx=132 (g=9260,e=7,s=2) elapsed=15721.3s
[done 116/200] thread=17 global_idx=120 (g=4562,e=4,s=13) state_time=1476.1s best_idx=74 sims=15786 N=129 K=2 eta=11705.4s
[start 134/200] thread=17 global_idx=133 (g=6267,e=4,s=12) elapsed=16164.7s
[done 117/200] thread=14 global_idx=96 (g=7921,e=5,s=4) state_time=5421.3s best_idx=35 sims=88530 N=49 K=2 eta=11903.0s
[start 135/200] thread=14 global_idx=134 (g=1158,e=6,s=8) elapsed=16779.0s
[done 118/200] thread=17 global_idx=133 (g=6267,e=4,s=12) state_time=974.5s best_idx=34 sims=15536 N=55 K=2 eta=11910.3s
[start 136/200] thread=17 global_idx=135 (g=6520,e=1,s=5) elapsed=17139.2s
[done 119/200] thread=3 global_idx=99 (g=5033,e=7,s=5) state_time=5653.3s best_idx=45 sims=87312 N=71 K=2 eta=11718.9s
[start 137/200] thread=3 global_idx=136 (g=2099,e=0,s=14) elapsed=17216.6s
[done 120/200] thread=2 global_idx=112 (g=4463,e=7,s=9) state_time=3836.8s best_idx=7 sims=55692 N=103 K=2 eta=11524.6s
[start 138/200] thread=2 global_idx=137 (g=4892,e=6,s=10) elapsed=17287.0s
[done 121/200] thread=11 global_idx=121 (g=6201,e=5,s=11) state_time=2528.9s best_idx=43 sims=33737 N=107 K=2 eta=11329.3s
[start 139/200] thread=11 global_idx=138 (g=7859,e=3,s=14) elapsed=17352.4s
[done 122/200] thread=3 global_idx=136 (g=2099,e=0,s=14) state_time=278.8s best_idx=7 sims=4184 N=91 K=2 eta=11185.6s
[start 140/200] thread=3 global_idx=139 (g=2084,e=7,s=10) elapsed=17495.5s
[done 123/200] thread=4 global_idx=119 (g=5647,e=1,s=10) state_time=2821.8s best_idx=80 sims=42390 N=91 K=2 eta=10953.1s
[start 141/200] thread=4 global_idx=140 (g=5335,e=1,s=14) elapsed=17496.5s
[done 124/200] thread=11 global_idx=138 (g=7859,e=3,s=14) state_time=445.3s best_idx=33 sims=5870 N=129 K=2 eta=10908.3s
[start 142/200] thread=11 global_idx=141 (g=5272,e=2,s=4) elapsed=17797.8s
[done 125/200] thread=9 global_idx=125 (g=5809,e=3,s=9) state_time=2613.5s best_idx=38 sims=42812 N=53 K=2 eta=10756.3s
[start 143/200] thread=9 global_idx=142 (g=5472,e=3,s=13) elapsed=17927.2s
[done 126/200] thread=8 global_idx=116 (g=716,e=6,s=7) state_time=3778.2s best_idx=2 sims=62314 N=55 K=2 eta=10563.1s
[start 144/200] thread=8 global_idx=143 (g=4526,e=5,s=9) elapsed=17985.8s
[done 127/200] thread=4 global_idx=140 (g=5335,e=1,s=14) state_time=578.0s best_idx=85 sims=6653 N=145 K=2 eta=10389.3s
[start 145/200] thread=4 global_idx=144 (g=6392,e=2,s=5) elapsed=18074.5s
[done 128/200] thread=15 global_idx=108 (g=5246,e=2,s=5) state_time=5674.4s best_idx=54 sims=88902 N=75 K=2 eta=10270.7s
[start 146/200] thread=15 global_idx=145 (g=1255,e=4,s=13) elapsed=18259.0s
[done 129/200] thread=9 global_idx=142 (g=5472,e=3,s=13) state_time=443.8s best_idx=34 sims=6877 N=69 K=2 eta=10111.2s
[start 147/200] thread=9 global_idx=146 (g=5259,e=3,s=8) elapsed=18371.0s
[done 130/200] thread=1 global_idx=110 (g=6533,e=4,s=6) state_time=5427.5s best_idx=40 sims=81092 N=81 K=2 eta=9917.1s
[start 148/200] thread=1 global_idx=147 (g=7905,e=3,s=15) elapsed=18417.5s
[done 131/200] thread=1 global_idx=147 (g=7905,e=3,s=15) state_time=13.7s best_idx=56 sims=203 N=103 K=2 eta=9708.0s
[start 149/200] thread=1 global_idx=148 (g=4159,e=5,s=11) elapsed=18431.2s
[done 132/200] thread=10 global_idx=130 (g=366,e=3,s=11) state_time=2932.4s best_idx=45 sims=37887 N=119 K=2 eta=9543.9s
[start 150/200] thread=10 global_idx=149 (g=2788,e=5,s=13) elapsed=18526.3s
[done 133/200] thread=7 global_idx=105 (g=4837,e=7,s=2) state_time=6501.0s best_idx=25 sims=105463 N=49 K=2 eta=9390.6s
[start 151/200] thread=7 global_idx=150 (g=4360,e=7,s=4) elapsed=18641.1s
[done 134/200] thread=6 global_idx=128 (g=2369,e=6,s=9) state_time=3226.0s best_idx=42 sims=50245 N=79 K=2 eta=9260.6s
[start 152/200] thread=6 global_idx=151 (g=8248,e=7,s=13) elapsed=18801.8s
[done 135/200] thread=15 global_idx=145 (g=1255,e=4,s=13) state_time=807.8s best_idx=3 sims=10195 N=91 K=2 eta=9180.3s
[start 153/200] thread=15 global_idx=152 (g=2081,e=5,s=9) elapsed=19066.8s
[done 136/200] thread=6 global_idx=151 (g=8248,e=7,s=13) state_time=442.9s best_idx=45 sims=6477 N=59 K=2 eta=9056.3s
[start 154/200] thread=6 global_idx=153 (g=1265,e=4,s=5) elapsed=19244.7s
[done 137/200] thread=5 global_idx=117 (g=459,e=3,s=5) state_time=5456.1s best_idx=35 sims=86969 N=71 K=2 eta=9069.7s
[start 155/200] thread=5 global_idx=154 (g=3677,e=7,s=15) elapsed=19723.1s
[done 138/200] thread=5 global_idx=154 (g=3677,e=7,s=15) state_time=13.4s best_idx=3 sims=175 N=75 K=2 eta=8867.1s
[start 156/200] thread=5 global_idx=155 (g=477,e=2,s=10) elapsed=19736.4s
[done 139/200] thread=10 global_idx=149 (g=2788,e=5,s=13) state_time=1428.3s best_idx=54 sims=15401 N=139 K=2 eta=8757.1s
[start 157/200] thread=10 global_idx=156 (g=8462,e=7,s=13) elapsed=19954.6s
[done 140/200] thread=13 global_idx=114 (g=1123,e=4,s=3) state_time=6080.4s best_idx=51 sims=99448 N=55 K=2 eta=8655.7s
[start 158/200] thread=13 global_idx=157 (g=3186,e=1,s=11) elapsed=20196.7s
[done 141/200] thread=14 global_idx=134 (g=1158,e=6,s=8) state_time=3426.7s best_idx=59 sims=55149 N=65 K=2 eta=8454.9s
[start 159/200] thread=14 global_idx=158 (g=8936,e=4,s=15) elapsed=20205.7s
[done 142/200] thread=14 global_idx=158 (g=8936,e=4,s=15) state_time=26.2s best_idx=130 sims=245 N=145 K=2 eta=8263.7s
[start 160/200] thread=14 global_idx=159 (g=966,e=6,s=3) elapsed=20231.8s
[done 143/200] thread=2 global_idx=137 (g=4892,e=6,s=10) state_time=3423.8s best_idx=4 sims=45625 N=101 K=2 eta=8255.3s
[start 161/200] thread=2 global_idx=160 (g=232,e=1,s=13) elapsed=20710.8s
[done 144/200] thread=16 global_idx=126 (g=4651,e=6,s=5) state_time=5469.3s best_idx=45 sims=86550 N=71 K=2 eta=8126.1s
[start 162/200] thread=16 global_idx=161 (g=3968,e=6,s=10) elapsed=20895.7s
[done 145/200] thread=8 global_idx=143 (g=4526,e=5,s=9) state_time=2913.5s best_idx=33 sims=46333 N=65 K=2 eta=7927.3s
[start 163/200] thread=8 global_idx=162 (g=2440,e=2,s=5) elapsed=20899.3s
[done 146/200] thread=2 global_idx=160 (g=232,e=1,s=13) state_time=408.7s best_idx=3 sims=6189 N=59 K=2 eta=7811.3s
[start 164/200] thread=2 global_idx=163 (g=1624,e=6,s=15) elapsed=21119.5s
[done 147/200] thread=2 global_idx=163 (g=1624,e=6,s=15) state_time=15.9s best_idx=2 sims=191 N=91 K=2 eta=7620.2s
[start 165/200] thread=2 global_idx=164 (g=9851,e=7,s=8) elapsed=21135.3s
[done 148/200] thread=0 global_idx=123 (g=8703,e=4,s=3) state_time=5931.3s best_idx=35 sims=97021 N=49 K=2 eta=7431.4s
[start 166/200] thread=0 global_idx=165 (g=9879,e=2,s=15) elapsed=21150.8s
[done 149/200] thread=0 global_idx=165 (g=9879,e=2,s=15) state_time=21.2s best_idx=105 sims=217 N=117 K=2 eta=7246.8s
[start 167/200] thread=0 global_idx=166 (g=9832,e=1,s=9) elapsed=21172.0s
[done 150/200] thread=1 global_idx=148 (g=4159,e=5,s=11) state_time=2745.5s best_idx=25 sims=35376 N=103 K=2 eta=7058.9s
[start 168/200] thread=1 global_idx=167 (g=4221,e=2,s=14) elapsed=21176.7s
[done 151/200] thread=10 global_idx=156 (g=8462,e=7,s=13) state_time=1222.4s best_idx=56 sims=14245 N=115 K=2 eta=6872.0s
[start 169/200] thread=10 global_idx=168 (g=1999,e=2,s=5) elapsed=21177.1s
[done 152/200] thread=3 global_idx=139 (g=2084,e=7,s=10) state_time=3817.1s best_idx=6 sims=48959 N=113 K=2 eta=6730.3s
[start 170/200] thread=3 global_idx=169 (g=99,e=4,s=13) elapsed=21312.6s
[done 153/200] thread=15 global_idx=152 (g=2081,e=5,s=9) state_time=2589.1s best_idx=24 sims=42426 N=53 K=2 eta=6652.5s
[start 171/200] thread=15 global_idx=170 (g=964,e=0,s=8) elapsed=21655.9s
[done 154/200] thread=3 global_idx=169 (g=99,e=4,s=13) state_time=409.7s best_idx=10 sims=6431 N=57 K=2 eta=6488.5s
[start 172/200] thread=3 global_idx=171 (g=6357,e=7,s=5) elapsed=21722.2s
[done 155/200] thread=1 global_idx=167 (g=4221,e=2,s=14) state_time=596.7s best_idx=114 sims=6616 N=145 K=2 eta=6321.3s
[start 173/200] thread=1 global_idx=172 (g=632,e=7,s=12) elapsed=21773.3s
[done 156/200] thread=12 global_idx=132 (g=9260,e=7,s=2) state_time=6549.2s best_idx=6 sims=105833 N=49 K=2 eta=6281.4s
[start 174/200] thread=12 global_idx=173 (g=3130,e=2,s=11) elapsed=22270.5s
[done 157/200] thread=5 global_idx=155 (g=477,e=2,s=10) state_time=2812.4s best_idx=68 sims=40943 N=81 K=2 eta=6175.8s
[start 175/200] thread=5 global_idx=174 (g=2941,e=4,s=13) elapsed=22548.8s
[done 158/200] thread=16 global_idx=161 (g=3968,e=6,s=10) state_time=1999.7s best_idx=19 sims=33345 N=49 K=2 eta=6086.1s
[start 176/200] thread=16 global_idx=175 (g=6374,e=0,s=11) elapsed=22895.4s
[done 159/200] thread=13 global_idx=157 (g=3186,e=1,s=11) state_time=2728.1s best_idx=58 sims=35532 N=119 K=2 eta=5911.4s
[start 177/200] thread=13 global_idx=176 (g=156,e=7,s=14) elapsed=22924.8s
[done 160/200] thread=9 global_idx=146 (g=5259,e=3,s=8) state_time=4603.7s best_idx=40 sims=66201 N=97 K=2 eta=5743.7s
[start 178/200] thread=9 global_idx=177 (g=1570,e=1,s=4) elapsed=22974.7s
[done 161/200] thread=1 global_idx=172 (g=632,e=7,s=12) state_time=1265.7s best_idx=56 sims=18760 N=81 K=2 eta=5580.9s
[start 179/200] thread=1 global_idx=178 (g=7117,e=6,s=12) elapsed=23039.1s
[done 162/200] thread=17 global_idx=135 (g=6520,e=1,s=5) state_time=5943.4s best_idx=67 sims=89017 N=75 K=2 eta=5414.4s
[start 180/200] thread=17 global_idx=179 (g=6164,e=7,s=6) elapsed=23082.5s
[done 163/200] thread=11 global_idx=141 (g=5272,e=2,s=4) state_time=5476.1s best_idx=3 sims=88084 N=53 K=2 eta=5283.0s
[start 181/200] thread=11 global_idx=180 (g=4376,e=5,s=5) elapsed=23273.8s
[done 164/200] thread=13 global_idx=176 (g=156,e=7,s=14) state_time=547.3s best_idx=77 sims=6564 N=145 K=2 eta=5152.4s
[start 182/200] thread=13 global_idx=181 (g=4444,e=0,s=12) elapsed=23472.1s
[done 165/200] thread=4 global_idx=144 (g=6392,e=2,s=5) state_time=5677.9s best_idx=54 sims=88834 N=75 K=2 eta=5038.4s
[start 183/200] thread=4 global_idx=182 (g=5083,e=5,s=6) elapsed=23752.4s
[done 166/200] thread=1 global_idx=178 (g=7117,e=6,s=12) state_time=944.4s best_idx=36 sims=15113 N=49 K=2 eta=4912.3s
[start 184/200] thread=1 global_idx=183 (g=894,e=4,s=13) elapsed=23983.4s
[done 167/200] thread=5 global_idx=174 (g=2941,e=4,s=13) state_time=1489.0s best_idx=96 sims=16629 N=125 K=2 eta=4750.0s
[start 185/200] thread=5 global_idx=184 (g=8445,e=1,s=11) elapsed=24037.8s
[done 168/200] thread=12 global_idx=173 (g=3130,e=2,s=11) state_time=2043.0s best_idx=64 sims=29830 N=91 K=2 eta=4631.2s
[start 186/200] thread=12 global_idx=185 (g=7871,e=7,s=15) elapsed=24313.6s
[done 169/200] thread=12 global_idx=185 (g=7871,e=7,s=15) state_time=28.5s best_idx=35 sims=251 N=151 K=2 eta=4465.1s
[start 187/200] thread=12 global_idx=186 (g=8198,e=0,s=4) elapsed=24342.0s
[done 170/200] thread=7 global_idx=150 (g=4360,e=7,s=4) state_time=5774.5s best_idx=6 sims=91873 N=59 K=2 eta=4308.6s
[start 188/200] thread=7 global_idx=187 (g=6829,e=6,s=13) elapsed=24415.6s
[done 171/200] thread=13 global_idx=181 (g=4444,e=0,s=12) state_time=1297.4s best_idx=55 sims=18822 N=75 K=2 eta=4200.7s
[start 189/200] thread=13 global_idx=188 (g=4702,e=2,s=8) elapsed=24769.5s
[done 172/200] thread=7 global_idx=187 (g=6829,e=6,s=13) state_time=387.9s best_idx=48 sims=5707 N=53 K=2 eta=4037.8s
[start 190/200] thread=7 global_idx=189 (g=4058,e=3,s=5) elapsed=24803.5s
[done 173/200] thread=6 global_idx=153 (g=1265,e=4,s=5) state_time=5596.3s best_idx=34 sims=87741 N=71 K=2 eta=3876.9s
[start 191/200] thread=6 global_idx=190 (g=7591,e=4,s=13) elapsed=24841.1s
[done 174/200] thread=0 global_idx=166 (g=9832,e=1,s=9) state_time=3849.9s best_idx=49 sims=55095 N=103 K=2 eta=3738.9s
[start 192/200] thread=0 global_idx=191 (g=1445,e=7,s=8) elapsed=25021.9s
[done 175/200] thread=15 global_idx=170 (g=964,e=0,s=8) state_time=3384.6s best_idx=45 sims=54676 N=63 K=2 eta=3577.2s
[start 193/200] thread=15 global_idx=192 (g=5373,e=5,s=13) elapsed=25040.5s
[done 176/200] thread=1 global_idx=183 (g=894,e=4,s=13) state_time=1060.0s best_idx=29 sims=13035 N=105 K=2 eta=3415.0s
[start 194/200] thread=1 global_idx=193 (g=5423,e=3,s=9) elapsed=25043.5s
[done 177/200] thread=2 global_idx=164 (g=9851,e=7,s=8) state_time=4013.8s best_idx=31 sims=60742 N=81 K=2 eta=3268.0s
[start 195/200] thread=2 global_idx=194 (g=1644,e=5,s=15) elapsed=25149.1s
[done 178/200] thread=2 global_idx=194 (g=1644,e=5,s=15) state_time=24.7s best_idx=0 sims=235 N=135 K=2 eta=3111.4s
[start 196/200] thread=2 global_idx=195 (g=6839,e=5,s=3) elapsed=25173.8s
[done 179/200] thread=16 global_idx=175 (g=6374,e=0,s=11) state_time=2299.2s best_idx=57 sims=33862 N=113 K=2 eta=2955.8s
[start 197/200] thread=16 global_idx=196 (g=1063,e=2,s=15) elapsed=25194.6s
[done 180/200] thread=16 global_idx=196 (g=1063,e=2,s=15) state_time=8.9s best_idx=34 sims=155 N=55 K=2 eta=2800.4s
[start 198/200] thread=16 global_idx=197 (g=3774,e=5,s=6) elapsed=25203.4s
[done 181/200] thread=6 global_idx=190 (g=7591,e=4,s=13) state_time=961.1s best_idx=86 sims=12038 N=97 K=2 eta=2708.5s
[start 199/200] thread=6 global_idx=198 (g=7844,e=2,s=5) elapsed=25802.2s
[done 182/200] thread=15 global_idx=192 (g=5373,e=5,s=13) state_time=1003.7s best_idx=46 sims=12620 N=107 K=2 eta=2575.8s
[start 200/200] thread=15 global_idx=199 (g=5770,e=5,s=13) elapsed=26044.3s
[done 183/200] thread=10 global_idx=168 (g=1999,e=2,s=5) state_time=4886.0s best_idx=12 sims=80513 N=53 K=2 eta=2421.2s
[done 184/200] thread=14 global_idx=159 (g=966,e=6,s=3) state_time=5991.9s best_idx=54 sims=100387 N=55 K=2 eta=2280.3s
[done 185/200] thread=5 global_idx=184 (g=8445,e=1,s=11) state_time=2343.3s best_idx=68 sims=33539 N=103 K=2 eta=2139.0s
[done 186/200] thread=8 global_idx=162 (g=2440,e=2,s=5) state_time=5494.5s best_idx=44 sims=87622 N=71 K=2 eta=1986.6s
[done 187/200] thread=15 global_idx=199 (g=5770,e=5,s=13) state_time=700.9s best_idx=45 sims=9858 N=91 K=2 eta=1859.3s
[done 188/200] thread=17 global_idx=179 (g=6164,e=7,s=6) state_time=3871.1s best_idx=46 sims=69425 N=49 K=2 eta=1720.4s
[done 189/200] thread=3 global_idx=171 (g=6357,e=7,s=5) state_time=5523.4s best_idx=46 sims=88337 N=75 K=2 eta=1585.7s
[done 190/200] thread=13 global_idx=188 (g=4702,e=2,s=8) state_time=2758.3s best_idx=3 sims=50937 N=49 K=2 eta=1448.8s
[done 191/200] thread=9 global_idx=177 (g=1570,e=1,s=4) state_time=4944.8s best_idx=21 sims=88108 N=49 K=2 eta=1315.6s
[done 192/200] thread=0 global_idx=191 (g=1445,e=7,s=8) state_time=3055.6s best_idx=37 sims=56236 N=65 K=2 eta=1169.9s
[done 193/200] thread=11 global_idx=180 (g=4376,e=5,s=5) state_time=4984.9s best_idx=46 sims=88832 N=75 K=2 eta=1024.9s
[done 194/200] thread=4 global_idx=182 (g=5083,e=5,s=6) state_time=4550.1s best_idx=39 sims=80917 N=81 K=2 eta=875.3s
[done 195/200] thread=1 global_idx=193 (g=5423,e=3,s=9) state_time=3272.2s best_idx=57 sims=55559 N=103 K=2 eta=726.0s
[done 196/200] thread=12 global_idx=186 (g=8198,e=0,s=4) state_time=4671.5s best_idx=17 sims=91317 N=59 K=2 eta=592.1s
[done 197/200] thread=16 global_idx=197 (g=3774,e=5,s=6) state_time=3819.9s best_idx=11 sims=75566 N=65 K=2 eta=442.0s
[done 198/200] thread=7 global_idx=189 (g=4058,e=3,s=5) state_time=4315.9s best_idx=21 sims=86165 N=71 K=2 eta=294.1s
[done 199/200] thread=6 global_idx=198 (g=7844,e=2,s=5) state_time=4065.6s best_idx=40 sims=87192 N=71 K=2 eta=150.1s
[done 200/200] thread=2 global_idx=195 (g=6839,e=5,s=3) state_time=4762.8s best_idx=9 sims=99494 N=55 K=2 eta=0.0s

=== Arm done: 200 states in 29936.6s ===
  [csv] wrote 200 records to reinvest_experiment/sweepN/P100/A9P5N/seed_45/reinvest_results_idx0.csv
  [csv] wrote 17194 cluster-assign rows to reinvest_experiment/sweepN/P100/A9P5N/seed_45/cluster_table_idx0.csv

=== Summary (A9P5N) ===
  valid cases        = 200 / 200
  avg actual_sims    = 39179  (min=143, max=105833)
  avg time           = 2506.68s
